12-17 20:43:10.995  3382  3399 D QcrilMsgTunnelSocket: To broadcast an Intent via the notifier to external apps
12-17 20:43:11.019  2852  2852 D HwCustMobileSignalControllerImpl: isCurrentBySim()=false
12-17 20:43:11.276 24266 24266 D VideoPlayerImpl: org.iqiyi.video.player.cv.ag()<-1> : current progress: progress= 1655035
12-17 20:43:19.134  3858  4126 I amsnl   : t:false, fl: false, p: 2147483647000, ce: true, we: false
12-17 20:43:23.293 24266 24266 D VideoPlayerImpl: org.iqiyi.video.player.cv.ag()<-1> : current progress: progress= 1667064
12-17 20:43:25.226   818  1086 E iMonitor: error writing to /sys/kernel/debug/tracing/trace_marker: Bad file descriptor (9)
12-17 20:43:26.272  1795  3110 W ActivityManager: getTasks: caller 10140 does not hold REAL_GET_TASKS; limiting output
12-17 20:43:33.357 24266 24266 D seekbar : org.iqiyi.video.ui.ci.onProgressChanged()<-1> : 当前进度：1677209 缓冲大小:1091063 缓冲进度：2768272
12-17 20:43:49.863  2852  3556 I NetworkController.MobileSignalController(0): onDataActivity: direction=0
12-17 20:43:55.720  1795  2748 D HwAmbientLuxFilterAlgo: t=124589416,BT=124590416,DT=124593416,BT1=124593416,DT1=124597416,Bn=false,Dn=false,lx=[9.0/124587912, 9.0/124588213, 9.0/124588514, 9.0/124588814, 9.0/124589115, 9.0/124589416],mLx=5.0,s=5.0,ss=0.015873017,AuIntervened=false,mProximityState=false,bLux=15.0,dLux=0.0,bLux1=15.0,dLux1=0.0
12-17 20:43:59.913  2852  2852 D HwCustMobileSignalControllerImpl: isCurrentBySim()=false
12-17 20:44:00.420   818  1086 E iMonitor: dropped event (cpu0) 
12-17 20:44:01.144  2852  2914 I HwMobileSignalController: subId:0 phoneType:1 networktype:13 targetClass:3 masterLevel:5 slaveLevel:-1
12-17 20:44:02.286  1795 11746 W ActivityManager: getTasks: caller 10140 does not hold REAL_GET_TASKS; limiting output
12-17 20:44:13.780 24266 24266 V chaunce : org.iqiyi.video.vote.b.aux.a()<-1> : checkVoteShowTime--hideVoteView
12-17 20:44:17.819 24266 24266 V chaunce : org.iqiyi.video.vote.b.aux.a()<-1> : checkVoteShowTime--hideVoteView
12-17 20:44:33.969 24266 24266 D VideoPlayerImpl: org.iqiyi.video.player.cv.ag()<-1> : current progress: progress= 1737787
12-17 20:44:42.699  3858  4126 I amsnl   : m1: false
12-17 20:44:49.248  3218  3517 I QImsService: ImsSenderRxr : [UNSL]< UNSOL_SSAC_CHANGED org.codeaurora.ims.ImsQmiIF$SsacInfo@159abd4[SUB0]
12-17 20:44:49.306  1795  2396 W ActivityManager: getTasks: caller 10140 does not hold REAL_GET_TASKS; limiting output
12-17 20:44:49.347  2852  2852 I HwSignalClusterView: getOrInflateState subId:0
12-17 20:44:59.287  3858  4126 I amsnl   : csr
12-17 20:45:00.025  2852  2852 W ResourceType: Failure getting entry for 0xffffffff (t=254 e=65535) (error -2147483647)
12-17 20:45:06.007  2852  2852 D NetWorkUtils: mVSimCurCardType is -1
12-17 20:45:07.230  1795  3121 I HwActivityManagerService: Split enqueueing broadcast [callerApp]:ProcessRecord{24cdca7 3218:com.android.phone/1001}
12-17 20:45:11.071  3218  3517 I QImsService: ImsSenderRxr : Response data: [12, 13, -1, -1, -1, -1, 16, 3, 24, -37, 1, 32, 0, 13, 100, 0, 0, 0, 21, 10, 0, 0, 0, 29, 100, 0, 0, 0, 37, 0, 0, 0, 0, 45, -1, 0, 0, 0, 53, -1, -1, 0, 0, 61, -1, 0, 0, 0, 69, -1, -1, 0, 0][SUB0]
12-17 20:45:13.081   802   802 E Thermal-daemon: [Thermal_Hw] temperature_filter: get invalid temperature, use old temp
12-17 20:45:25.318  1795  3111 W ActivityManager: getTasks: caller 10140 does not hold REAL_GET_TASKS; limiting output
12-17 20:45:26.253  1795  1795 I MQoS    : onSignal: mSubId=0,currDataSubID=0
12-17 20:45:44.072 24266 24266 I qiyippsplay: org.iqiyi.video.ui.bf.h()<-1> : 当前时间1807851
12-17 20:45:53.076 24266 24266 D VideoPlayerImpl: org.iqiyi.video.player.cv.ag()<-1> : current progress: progress= 1816769
12-17 20:46:04.929  2852  2852 D HwCustMobileSignalControllerImpl: isCurrentBySim()=false
12-17 20:46:04.945  1795  2737 D WifiProJNI: Received kernel message payload: event 0
12-17 20:46:05.751 31949 31967 I PushService: main{1} PushService.onStartCommand(PushService.java:87) Push Service Start by  alarmCheck
12-17 20:46:06.140   633 31868 I SDK     : <2016-12-17 20:46:06> [NOTICE] SDK: UE-SeC 2016-12-17 20:46:6:139 Level[NOTICE] magic[3365677344 1674]:Process DNS reponse msg!
12-17 20:46:08.857  1795  1795 I MQoS    : onSignal: mSubId=0,currDataSubID=0
12-17 20:46:13.146   802   802 E Thermal-daemon: [Thermal_Hw] temperature_valid, battery : temperature is invalid, invalid temperatrue is 26
12-17 20:46:18.735  3858  4126 I amsnl   : c: true, w: false, t: false, l: false
12-17 20:46:52.154 24266 24266 I qiyippsplay: org.iqiyi.video.ui.bf.h()<-1> : 当前时间1875833
12-17 20:46:53.502  1795  2778 D PowerManagerService: ready=true,policy=3,wakefulness=1,wksummary=0x23,uasummary=0x4,bootcompleted=true,boostinprogress=false,waitmodeenable=false,mode=true,manual=33,auto=-1,adj=0.0userId=0
12-17 20:46:55.843  1795  1795 I MQoS    : onSignal: mSubId=0,currDataSubID=0
12-17 20:46:57.545  1795  2665 D NetdConnector: RCV <- {613 IfaceClass idle 0 447353906212150}
12-17 20:47:06.321  2852  2852 D HwCustMobileSignalControllerImpl: isCurrentBySim()=false
12-17 20:47:06.327  2852  2852 I HwSignalClusterView: setMobileDataIndicatorsHuawei subId:0 visible:true strengthIcon:2130839311 typeIcon:2130839195 contentDescription:手机信号满格。 typeContentDescription:4G isTypeIconWide:true showActivity:true activityIn:false activityOut:false isRoaming:false
12-17 20:47:07.330  2852  2852 I HwSignalClusterView: getOrInflateState subId:0
12-17 20:47:11.173 24266 24266 V chaunce : org.iqiyi.video.vote.b.aux.a()<-1> : checkVoteShowTime--hideVoteView
12-17 20:47:18.180 24266 24266 V chaunce : org.iqiyi.video.vote.b.aux.a()<-1> : checkVoteShowTime-->1901978
12-17 20:47:25.014  1795  1795 D HuaweiWifiWatchdogStateMachine:  not in link monitoring mode, ignore TCP result .
12-17 20:47:49.728  1795  1819 D NetworkManagement: notifyInterfaceClassActivity: client is com.android.server.net.NetworkPolicyManagerService$13@4df0feb
12-17 20:47:49.809  1795 16499 W ActivityManager: Sending non-protected broadcast org.codeaurora.VOIP_VOPS_SSAC_STATUS from system 3218:com.android.phone/1001 pkg com.android.phone
12-17 20:48:04.038  2852  2852 D HwCustMobileSignalControllerImpl: isCurrentBySim()=false
12-17 20:48:05.037  2852  3556 I NetworkController.MobileSignalController(0): Change in state from: connected=true,enabled=true,level=4,inetCondition=1,iconGroup=IconGroup(4G),activityIn=true,activityOut=true,rssi=0,lastModified=12-17 08:48:04,isRoaming=false,dataSim=true,networkName=中国移动,networkNameData=中国移动,dataConnected=true,isDefault=true,isEmergency=false,airplaneMode=false,carrierNetworkChangeMode=false,userSetup=true
12-17 20:48:08.056  2852  3556 I NetworkController.MobileSignalController(0): onDataActivity: direction=0
12-17 20:48:08.070  2852  2852 I HwSignalClusterView: setMobileDataIndicatorsHuawei subId:0 visible:true strengthIcon:2130839311 typeIcon:2130839195 contentDescription:手机信号满格。 typeContentDescription:4G isTypeIconWide:true showActivity:true activityIn:false activityOut:false isRoaming:false
12-17 20:48:18.976  1795  1819 I InputDispatcher: InputDispatcher::monitor frozen check!
12-17 20:48:29.287 24266 24266 V chaunce : org.iqiyi.video.vote.b.aux.a()<-1> : checkVoteShowTime--hideVoteView
12-17 20:48:32.018  2852  2852 I HwSignalClusterView: setMobileDataIndicatorsHuawei subId:0 visible:true strengthIcon:2130839311 typeIcon:2130839195 contentDescription:手机信号满格。 typeContentDescription:4G isTypeIconWide:true showActivity:true activityIn:false activityOut:false isRoaming:false
12-17 20:48:34.035  2852  2852 D NetWorkUtils: mVSimCurCardType is -1
12-17 20:48:45.127 24802 24802 I nativeProcess: iqiyi message: create--runOnSubprocess isProcessExist true
12-17 20:49:00.096  2852  2852 W ExpandableNotificationRow: setActionsBackground,null == view,mPublicLayout
12-17 20:49:02.893  1795 15982 I SendBroadcastPermission: action:android.intent.action.SIG_STR, mPermissionType:0
12-17 20:49:05.332 24266 24266 D VideoPlayerImpl: org.iqiyi.video.player.cv.ag()<-1> : current progress: progress= 2009217
12-17 20:49:06.308  3218  3517 I QImsService: ImsSenderRxr :  Tag -1 3 219 0[SUB0]
12-17 20:49:06.411  2852  2852 D HwCustMobileSignalControllerImpl: sub =0,strMccMnc =null,hashMccMnc =[],strPlmn =hw_show_4g
12-17 20:49:06.433   633 31870 I SDK     : <2016-12-17 20:49:06> [WARN] SDK: UE-SeC 2016-12-17 20:49:6:433 Level[WARN] magic[3362781472 684]:PubEvt_Close Getting a socket[85] from the Socket-table Failed!
12-17 20:49:06.433   633 31870 I SDK     : <2016-12-17 20:49:06> [WARN] SDK: UE-SeC 2016-12-17 20:49:6:433 Level[WARN] magic[3362781472 684]:PubEvt_Close Getting a socket[89] from the Socket-table Failed!
12-17 20:49:06.435   633 31870 I SDK     : <2016-12-17 20:49:06> [WARN] SDK: UE-SeC 2016-12-17 20:49:6:435 Level[WARN] magic[3362781472 684]:PubEvt_Close Getting a socket[99] from the Socket-table Failed!
12-17 20:49:06.450   633 31870 I SDK     : <2016-12-17 20:49:06> [WARN] SDK: UE-SeC 2016-12-17 20:49:6:450 Level[WARN] magic[3362781472 684]:PubEvt_Close Getting a socket[219] from the Socket-table Failed!
12-17 20:49:06.452   633 31870 I SDK     : 
12-17 20:49:08.417  1795  3884 W ActivityManager: getTasks: caller 10140 does not hold REAL_GET_TASKS; limiting output
12-17 20:49:08.430  2852  2852 I HwSignalClusterView: setMobileDataIndicatorsHuawei subId:0 visible:true strengthIcon:2130839311 typeIcon:2130839195 contentDescription:手机信号满格。 typeContentDescription:4G isTypeIconWide:true showActivity:true activityIn:false activityOut:false isRoaming:false
12-17 20:49:10.318   633 26882 I SDK     : 
12-17 20:49:15.463  2852  2852 D HwCustMobileSignalControllerImpl: sub =0,strMccMnc =null,hashMccMnc =[],strPlmn =hw_customized_networkType_entry
12-17 20:49:20.420  1795  6985 W ActivityManager: getTasks: caller 10140 does not hold REAL_GET_TASKS; limiting output
12-17 20:49:40.449   633   692 I eSpaceService: Watch Thread{4481} LoginC.doWatch(LoginC.java:1459) Login_By_Step-> watch count =  0
12-17 20:49:42.912  1795  3111 D PowerManagerService: ready=true,policy=3,wakefulness=1,wksummary=0x23,uasummary=0x4,bootcompleted=true,boostinprogress=false,waitmodeenable=false,mode=true,manual=33,auto=-1,adj=0.0userId=0
12-17 20:49:45.143  1795  2737 I QosMonitor: postEventFromNative: msg=100,arg1=0,arg2=9
12-17 20:49:50.886  2852  2852 D HwCustMobileSignalControllerImpl: sub =0,strMccMnc =null,hashMccMnc =[],strPlmn =hw_mcc_mnc
12-17 20:49:55.152  1795  1795 D WifiProJNI: send_cmd_kernel: cmd=1
12-17 20:50:00.001  1795  2376 D PowerManagerService: ready=true,policy=3,wakefulness=1,wksummary=0x23,uasummary=0x4,bootcompleted=true,boostinprogress=false,waitmodeenable=false,mode=true,manual=33,auto=-1,adj=0.0userId=0
12-17 20:50:05.138 24802 24802 I nativeProcess: iqiyi message: ==== isProcesssExist: stat=0, errno=13
12-17 20:50:07.794  1795  3225 I SendBroadcastPermission: action:android.intent.action.SIG_STR, mPermissionType:0
12-17 20:50:23.886  1795  2748 D lux trace:: [5.0/124972856, 6.0/124973212, 5.0/124977473]
12-17 20:50:23.906 24266 24266 I qiyippsplay: org.iqiyi.video.ui.bf.h()<-1> : 当前时间2087680
12-17 20:50:24.916 24266 24266 I qiyippsplay: org.iqiyi.video.ui.bf.h()<-1> : 当前时间2088717
12-17 20:50:34.006 24266 24266 V chaunce : org.iqiyi.video.vote.b.aux.a()<-1> : checkVoteShowTime--hideVoteView
12-17 20:50:35.024 24266 24266 I qiyippsplay: org.iqiyi.video.ui.bf.h()<-1> : 当前时间2098865
12-17 20:50:38.022 24266 24266 D VideoPlayerImpl: org.iqiyi.video.player.cv.ag()<-1> : current progress: progress= 2101780
12-17 20:51:05.204  1795  1795 I MQoS    : rtt=360,tcp_tx_pkts=1485554,tcp_rx_pkts=1771325
12-17 20:51:05.603   633 31868 I SDK     : 
12-17 20:51:06.228  3879  4071 I HwLauncher: AllIdleAppsList  updatePackage  isCloneApp =  false
12-17 20:51:09.601  7194  7208 I PushLog2824: [ReceiverDispatcher-336]no limit to connect pushsvr(android/null:-1)
12-17 20:51:10.007  7194  7208 I PushLog2824: [ReceiverDispatcher-336]no more client need register and unregister(android/null:-1)
12-17 20:51:13.239  3858  4126 I amsnl   : m1: false
12-17 20:51:19.456  1795  3110 W ActivityManager: getRunningAppProcesses: caller 10102 does not hold REAL_GET_TASKS; limiting output
12-17 20:51:28.090 24266 24266 V chaunce : org.iqiyi.video.vote.b.aux.a()<-1> : checkVoteShowTime--hideVoteView
12-17 20:51:39.597  3218  3218 I SendBroadcastPermission: action:org.codeaurora.VOIP_VOPS_SSAC_STATUS, mPermissionType:0
12-17 20:51:41.687  2852  2852 I HwSignalClusterView: getOrInflateState subId:0
12-17 20:51:44.854  2852  2852 D HwCustMobileSignalControllerImpl: isCurrentBySim()=false
12-17 20:51:46.864  2852  2852 D HwCustMobileSignalControllerImpl: isCurrentBySim()=false
12-17 20:51:47.560  2852  2852 W KeyguardUpdateMonitor: ChargingSpeed  Wattage: -1 ST: 5000000 --> 7500000
12-17 20:52:00.012  2852  2852 I HwDateUtils: formatChinaDateTime, change to China normalTime:晚上8:52
12-17 20:52:03.009  1795  1819 D NetworkManagement: notifyInterfaceClassActivity: client is android.net.INetworkManagementEventObserver$Stub$Proxy@af226
12-17 20:52:05.132 24266 24266 D VideoPlayerImpl: org.iqiyi.video.player.cv.ag()<-1> : current progress: progress= 2188864
12-17 20:52:16.146 24266 24266 D VideoPlayerImpl: org.iqiyi.video.player.cv.ag()<-1> : current progress: progress= 2199859
12-17 20:52:23.592  1795  2396 D PowerManagerService: acquire lock=86415410, flags=0x1, tag="RILJ_ACK_WL", name=com.android.phone, ws=null, uid=1001, pid=3218
12-17 20:52:23.610  2852  2852 D HwCustMobileSignalControllerImpl: isCurrentBySim()=false
12-17 20:52:23.610  2852  2852 D HwCustMobileSignalControllerImpl: sub =0,strMccMnc =null,hashMccMnc =[],strPlmn =hw_show_4_5G_for_mcc
12-17 20:52:23.666   633   692 I eSpaceService: Watch Thread{4481} WatchThread.onLoop(WatchThread.java:94) watch thread onLoop... 
12-17 20:52:26.161 24266 24266 D VideoPlayerImpl: org.iqiyi.video.player.cv.ag()<-1> : current progress: progress= 2210008
12-17 20:52:28.560   802   802 E Thermal-daemon: [Thermal_Hw] temperature_filter: get invalid temperature, use old temp
12-17 20:52:54.196 24266 24266 D VideoPlayerImpl: org.iqiyi.video.player.cv.ag()<-1> : current progress: progress= 2238043
12-17 20:52:54.259  3858  4126 I amsnl   : m1: false
12-17 20:52:55.306  1795  5350 I MQoS    : QOS_level:4(4),use RTTLvl:4;RATLvl:5
12-17 20:53:00.052  2852  2852 I HwSignalClusterView: apply hwPhoneState.mSubId:0 anyMobileVisible:false mIsAirplaneMode:false, mobileGroupVisible=true
12-17 20:53:07.216 24266 24266 V chaunce : org.iqiyi.video.vote.b.aux.a()<-1> : checkVoteShowTime-->2250926
12-17 20:53:07.261   633 31870 I SDK     : <2016-12-17 20:53:07> [WARN] SDK: UE-SeC 2016-12-17 20:53:7:261 Level[WARN] magic[3362781472 684]:PubEvt_Close Getting a socket[24] from the Socket-table Failed!
12-17 20:53:07.275   633 31870 I SDK     : <2016-12-17 20:53:07> [WARN] SDK: UE-SeC 2016-12-17 20:53:7:275 Level[WARN] magic[3362781472 684]:PubEvt_Close Getting a socket[120] from the Socket-table Failed!
12-17 20:53:07.283 24766 24766 D GlobalPush: [PushService] handleCommand() pid:24766 tid:24766 action = iQiyiPushService.CONNECTIONLOST
12-17 20:53:07.288   633 31870 I SDK     : <2016-12-17 20:53:07> [WARN] SDK: UE-SeC 2016-12-17 20:53:7:288 Level[WARN] magic[3362781472 684]:PubEvt_Close Getting a socket[225] from the Socket-table Failed!
12-17 20:53:07.288   633 31870 I SDK     : <2016-12-17 20:53:07> [WARN] SDK: UE-SeC 2016-12-17 20:53:7:288 Level[WARN] magic[3362781472 684]:PubEvt_Close Getting a socket[228] from the Socket-table Failed!
12-17 20:53:07.289   633 31870 I SDK     : <2016-12-17 20:53:07> [WARN] SDK: UE-SeC 2016-12-17 20:53:7:289 Level[WARN] magic[3362781472 684]:PubEvt_Close Getting a socket[233] from the Socket-table Failed!
12-17 20:53:09.262  2852  2852 D HwCustMobileSignalControllerImpl: sub =0,strMccMnc =null,hashMccMnc =[],strPlmn =hw_hspap_show_4g
12-17 20:53:10.260  2852  3556 I NetworkController.MobileSignalController(0): onDataActivity: direction=3
12-17 20:53:10.263   633   692 I eSpaceService: Watch Thread{4481} LoginC.doReconnect(LoginC.java:957) Login_By_Step->--> setStep(LoginStep.BeginConnect);
12-17 20:53:11.366  1795 11745 I AlarmManager: set(PendingIntent{1291c53: PendingIntentRecord{3c38496 android broadcastIntent}}) : type=0 triggerAtTime=1481979675025 win=0 tElapsed=448211388 maxElapsed=448211388 interval=0 flags=0x9
12-17 20:53:11.417 31949 31967 I PushService: tcp.conn{4787} ServiceC.connectedNotify(ServiceC.java:289) 45.249.213.63
12-17 20:53:11.546   633   692 I Hw_Fluent: RecentLogic{4456} RecentLogic.addConversationEntity(RecentLogic.java:906) add chat recent!
12-17 20:53:35.150  2852  3556 I NetworkController.MobileSignalController(0): Change in state from: connected=true,enabled=true,level=4,inetCondition=1,iconGroup=IconGroup(4G),activityIn=false,activityOut=false,rssi=0,lastModified=12-17 08:53:34,isRoaming=false,dataSim=true,networkName=中国移动,networkNameData=中国移动,dataConnected=true,isDefault=true,isEmergency=false,airplaneMode=false,carrierNetworkChangeMode=false,userSetup=true
12-17 20:53:44.273 24266 24266 V chaunce : org.iqiyi.video.vote.b.aux.a()<-1> : checkVoteShowTime--hideVoteView
12-17 20:54:01.291 24266 24266 V chaunce : org.iqiyi.video.vote.b.aux.a()<-1> : checkVoteShowTime-->2305102
12-17 20:54:03.103  1795  1819 D NetworkManagement: notifyInterfaceClassActivity: client is com.android.server.net.NetworkPolicyManagerService$13@4df0feb
12-17 20:54:05.167 24802 24802 I nativeProcess: iqiyi message: ==== isProcesssExist: stat=0, errno=13
12-17 20:54:09.865  1795  2778 I SendBroadcastPermission: action:android.intent.action.SIG_STR, mPermissionType:0
12-17 20:54:17.239 24266 25030 D JOBS    : didn't allow me to die, re-running Thread-94
12-17 20:54:29.471  3626  3729 D NCCHR_LogDatabaseNc: File is moved successful!
12-17 20:54:35.326 24266 24266 V chaunce : org.iqiyi.video.vote.b.aux.a()<-1> : checkVoteShowTime-->2339117
12-17 20:54:43.137  1795  1795 I MQoS    : received cell-signal:1
12-17 20:54:46.903  3858  4126 I amsnl   : c: true, w: false, t: false, l: false
12-17 20:54:50.389  2852  2852 D HwCustMobileSignalControllerImpl: sub =0,strMccMnc =null,hashMccMnc =[],strPlmn =hw_mcc_mnc
12-17 20:55:06.342  1795 17831 D PowerManagerService: ready=true,policy=3,wakefulness=1,wksummary=0x23,uasummary=0x4,bootcompleted=true,boostinprogress=false,waitmodeenable=false,mode=true,manual=33,auto=-1,adj=0.0userId=0
12-17 20:55:06.343   633 31870 I SDK     : 
12-17 20:55:06.371   633 31870 I SDK     : <2016-12-17 20:55:06> [WARN] SDK: UE-SeC 2016-12-17 20:55:6:371 Level[WARN] magic[3362781472 684]:PubEvt_Close Getting a socket[134] from the Socket-table Failed!
12-17 20:55:07.339  2852  2852 D HwCustMobileSignalControllerImpl: isCurrentBySim()=false
12-17 20:55:18.744   802   802 E Thermal-daemon: [Thermal_Hw] temperature_filter: get invalid temperature, use old temp
12-17 20:55:24.564  1795 15982 W ActivityManager: getTasks: caller 10140 does not hold REAL_GET_TASKS; limiting output
12-17 20:55:35.416 24266 24266 D seekbar : org.iqiyi.video.ui.ci.onProgressChanged()<-1> : 当前进度：2399296 缓冲大小:368976 缓冲进度：2768272
12-17 20:55:46.575  1795  3121 W ActivityManager: getTasks: caller 10140 does not hold REAL_GET_TASKS; limiting output
12-17 20:56:03.222  1795  1819 D NetworkManagement: notifyInterfaceClassActivity: client is android.net.ip.IpManager$2@4c99c84
12-17 20:56:03.298  3218  3517 I QImsService: ImsSenderRxr : [UNSL]< UNSOL_SSAC_CHANGED org.codeaurora.ims.ImsQmiIF$SsacInfo@d9cdfb7[SUB0]
12-17 20:56:06.086   633 31868 I SDK     : <2016-12-17 20:56:06> [NOTICE] SDK: UE-SeC 2016-12-17 20:56:6:85 Level[NOTICE] magic[3365677344 11020]:Total 1 callback!
12-17 20:56:37.054 24266 24266 I qiyippsplay: org.iqiyi.video.ui.bf.h()<-1> : 当前时间2460774
12-17 20:56:41.065 24266 24266 D VideoPlayerImpl: org.iqiyi.video.player.cv.ag()<-1> : current progress: progress= 2464929
12-17 20:56:43.071 24266 24266 D seekbar : org.iqiyi.video.ui.ci.onProgressChanged()<-1> : 当前进度：2466804 缓冲大小:301468 缓冲进度：2768272
12-17 20:56:45.431  2852  2852 D NetWorkUtils: is3GCalling is false,mCdmaSlot is -1
12-17 20:56:57.086 24266 24266 D seekbar : org.iqiyi.video.ui.ci.onProgressChanged()<-1> : 当前进度：2480910 缓冲大小:287362 缓冲进度：2768272
12-17 20:57:10.256 31949 31967 E TCP     : tcp.recv{4790} TcpClientThread.readSocket(TcpClientThread.java:464) <<< ERROR(6) >>> length too large 842150400
12-17 20:57:11.511  2852  2852 D NetWorkUtils: mVSimCurCardType is -1
12-17 20:57:20.183  1795  6988 D PowerManagerService: ready=true,policy=3,wakefulness=1,wksummary=0x23,uasummary=0x4,bootcompleted=true,boostinprogress=false,waitmodeenable=false,mode=true,manual=33,auto=-1,adj=0.0userId=0
12-17 20:57:56.343  1795  1795 I MQoS    : received cell-signal:5
12-17 20:58:03.495  2852  2852 D NetWorkUtils: mVSimCurCardType is -1
12-17 20:58:08.761  2852  2852 D HwCustMobileSignalControllerImpl: sub =0,strMccMnc =null,hashMccMnc =[],strPlmn =hw_show_4_5G_for_mcc
12-17 20:58:09.639  1795  2778 W ActivityManager: getTasks: caller 10140 does not hold REAL_GET_TASKS; limiting output
12-17 20:58:13.565  2852  2852 D HwCustMobileSignalControllerImpl: sub =0,strMccMnc =null,hashMccMnc =[],strPlmn =hw_show_4_5G_for_mcc
12-17 20:58:17.571  2852  3556 D NetworkController.MobileSignalController(0): mSimSubId:0 onDataActivity: direction=3
12-17 20:58:17.578  2852  2852 D HwCustMobileSignalControllerImpl: isCurrentBySim()=false
12-17 20:58:23.623  2852  2852 D HwCustMobileSignalControllerImpl: isCurrentBySim()=false
12-17 20:58:29.876  1795  3247 I SendBroadcastPermission: action:android.intent.action.SIG_STR, mPermissionType:0
12-17 20:58:39.068  1795  3121 D PowerManagerService: release:lock=184359004, flg=0x0, tag="RILJ_ACK_WL", name=com.android.phone", ws=null, uid=1001, pid=3218
12-17 20:59:02.241 24266 24266 D seekbar : org.iqiyi.video.ui.ci.onProgressChanged()<-1> : 当前进度：2606002 缓冲大小:162270 缓冲进度：2768272
12-17 20:59:06.664  1795  6985 W ActivityManager: getTasks: caller 10140 does not hold REAL_GET_TASKS; limiting output
12-17 20:59:11.421  2852  2852 D NetWorkUtils: mVSimCurCardType is -1
12-17 20:59:11.503  3782  3862 W QCNEJ   : |CORE| CNE received unexpected action: android.intent.action.BATTERY_CHANGED
12-17 20:59:11.504  3626  3626 E PTM.FileNodeInfo: getTempInfo error: null, 0
12-17 20:59:12.252 24266 24266 D seekbar : org.iqiyi.video.ui.ci.onProgressChanged()<-1> : 当前进度：2615947 缓冲大小:152325 缓冲进度：2768272
12-17 20:59:16.738  3218  3218 I QImsService: ImsServiceSubHandler : Message received: what = 27
12-17 20:59:20.684  2852  2914 I HwMobileSignalController: subId:0 phoneType:1 networktype:13 targetClass:3 masterLevel:4 slaveLevel:-1
12-17 20:59:21.896  2852  2852 I HwSignalClusterView: apply hwPhoneState.mSubId:0 anyMobileVisible:false mIsAirplaneMode:false, mobileGroupVisible=true
12-17 20:59:23.373  3858  4126 I amsnl   : t:false, fl: false, p: 2147483647000, ce: true, we: false
12-17 20:59:28.276 24266 24266 I qiyippsplay: org.iqiyi.video.ui.bf.h()<-1> : 当前时间2632098
12-17 20:59:36.286 24266 24266 I qiyippsplay: org.iqiyi.video.ui.bf.h()<-1> : 当前时间2640000
12-17 20:59:38.248 24266 24266 D kunboy  : org.iqiyi.video.view.FrameImageView.a()<-1> : 更新水印padding top->0
12-17 20:59:43.388  3858  4126 I amsnl   : c: true, w: false, t: false, l: false
12-17 20:59:45.321 24266 24266 D seekbar : org.iqiyi.video.ui.ci.onProgressChanged()<-1> : 当前进度：2649120 缓冲大小:119152 缓冲进度：2768272
12-17 20:59:47.313  1795  1819 D NetdConnector: RCV unsolicited event from native daemon, event = 613 IfaceClass active 0 448123671848940 10140
12-17 20:59:47.314  1795  1819 D NetworkManagement: notifyInterfaceClassActivity: client is android.net.INetworkManagementEventObserver$Stub$Proxy@af226
12-17 20:59:48.588 24266 24266 I DEVICE_MD5_QYID: org.qiyi.android.corejar.utils.DeviceUtils.getImeiV2()<-1> : getImeiV2 memory:868404020067521
12-17 20:59:48.595 24266 24266 I QiYiData: QiYiStatistics | q = 2
12-17 20:59:48.875 24266 24266 D qiyippsplay: org.iqiyi.video.w.prn.a()<-1> : 开始播放正片的 入口级方法
12-17 20:59:48.966 24266 24418 I CLog    : 2016-12-17 20:59:48.966 T:24418   DEBUG: [CUPID]Send(): send rtn:1, loader:0xdb7e5110
12-17 20:59:49.163 24266 25032 D cqx1225 : org.iqiyi.video.z.com3.onSuccess()<-1> : CardViewRequestV3>> 正常返回
12-17 20:59:50.364 24266 24266 I DEVICE_MD5_QYID: org.qiyi.android.corejar.utils.DeviceUtils.getAndroidIdV2()<-1> : getAndroidIdV2 memory:db72ce0a35db8d3b
12-17 20:59:50.799  1795 20747 I HwActivityManagerService: thirdAppBroadcastQueueForIntent intent Intent { act=com.qiyi.video.traffic.download flg=0x10 (has extras) } on bgthirdapp queue
12-17 20:59:51.007 24266 24419 I CLog    : 2016-12-17 20:59:51.007 T:24419   DEBUG: [CUPID]void CUPID::AdsManager::TriggerJsonSlotsCallback(InternalCode, uint32, SlotType, const std::vector<CUPID::Slot*>&)(): code: 2, size: 0
12-17 20:59:51.009 24266 24419 I CLog    : 2016-12-17 20:59:51.009 T:24419   DEBUG: [CUPID]void SqlTask<T>::DoQuery() [with T = CUPID::ServiceResItem](): rec: 1, row count: 0
12-17 20:59:51.017 24266 24266 I MainApplication: com.qiyi.video.c.lpt9.a()<-1> : attachQimoServiceListener # java.lang.ref.WeakReference@aced9b6 -> org.iqiyi.video.player.i@92c56b7, total=1
12-17 20:59:51.060 24266 24266 I qiyippsplay: org.iqiyi.video.ui.bf.am()<-1> : PanelNewLandController checkPlayStyle ,live type = null live_msgType =  PlayerStyle = DEFAULT
12-17 20:59:51.855  2852  2914 I HwMobileSignalController: updateSignalStrength: signalStrength=SignalStrength: -1 0 -1 255 -1 255 -1 255 255 19 -103 -9 108 2147483647 2147483647 false gw|lte
12-17 20:59:53.006 24266 24312 I Utility : [qiyi_LOG_INFO Utility] isQiyiPackage PackageName:com.qiyi.video
12-17 20:59:53.915  1795  2381 D libfingersense_wrapper: Calling fingersense_touch_up()
12-17 20:59:53.931 24266 24312 I DBAdapter: [qiyi_LOG_INFO DBAdapter] getPingbacks: []
12-17 20:59:53.934 24266 24312 I DEVICE_MD5_QYID: org.qiyi.android.corejar.utils.DeviceUtils.getAndroidIdV2()<-1> : getAndroidIdV2 memory:db72ce0a35db8d3b
12-17 20:59:57.356  3466  3532 W ResourceType: For resource 0x7f020cf1, entry index(3313) is beyond type entryCount(567)
12-17 21:00:00.149  3626  3770 I LSC_903001000: process buffer and get message
12-17 21:00:00.461  3626  3753 I LogCollectService: msg = 103 received
12-17 21:00:00.515  2852  3556 I NetworkController.MobileSignalController(0): Change in state from: connected=true,enabled=true,level=4,inetCondition=1,iconGroup=IconGroup(4G),activityIn=true,activityOut=true,rssi=0,lastModified=12-17 08:59:48,isRoaming=false,dataSim=true,networkName=中国移动,networkNameData=中国移动,dataConnected=true,isDefault=true,isEmergency=false,airplaneMode=false,carrierNetworkChangeMode=false,userSetup=true
12-17 21:00:06.719  2852  3556 D NetworkController.MobileSignalController(0): mSimSubId:0 onDataActivity: direction=4
12-17 21:00:10.300   633   692 I eSpaceService: Watch Thread{4481} LoginC.doWatch(LoginC.java:1459) Login_By_Step-> watch count =  0
12-17 21:00:10.756  2852  2852 D HwCustMobileSignalControllerImpl: sub =0,strMccMnc =null,hashMccMnc =[],strPlmn =hw_mcc_mnc
12-17 21:00:10.766  2852  2852 I HwSignalClusterView: apply hwPhoneState.mSubId:0 anyMobileVisible:false mIsAirplaneMode:false, mobileGroupVisible=true
12-17 21:00:10.833  3466  3532 W ResourceType: Failure getting entry for 0x7f020cf0 (t=1 e=3312) (error -75)
12-17 21:00:15.722  2852  2852 D HwCustMobileSignalControllerImpl: sub =0,strMccMnc =null,hashMccMnc =[],strPlmn =hw_mcc_mnc
12-17 21:00:19.686  2852  2914 I HwMobileSignalController: updateSignalStrength: signalStrength=SignalStrength: -1 0 -1 255 -1 255 -1 255 255 21 -103 -12 20 2147483647 2147483647 false gw|lte
12-17 21:00:26.405  3858  4126 I amsnl   : csr
12-17 21:00:30.990  3858  4126 I amsnl   : c: true, w: false, t: false, l: false
12-17 21:00:35.220 24802 24802 I nativeProcess: iqiyi message: ==== do something  executeCmd isProcessExist true =====
12-17 21:00:37.005  2852  2852 D HwCustMobileSignalControllerImpl: sub =0,strMccMnc =null,hashMccMnc =[],strPlmn =hw_show_4_5G_for_mcc
12-17 21:00:54.427  2852  2852 I HwSignalClusterView: getOrInflateState subId:0
12-17 21:01:03.996  2852  2852 I HwSignalClusterView: setMobileDataIndicatorsHuawei subId:0 visible:true strengthIcon:2130839311 typeIcon:2130839195 contentDescription:手机信号满格。 typeContentDescription:4G isTypeIconWide:true showActivity:true activityIn:false activityOut:false isRoaming:false
12-17 21:01:05.451  2852  3556 I NetworkController.MobileSignalController(0): onSignalStrengthsChanged signalStrength=SignalStrength: -1 0 -1 255 -1 255 -1 255 255 19 -103 -8 118 2147483647 2147483647 false gw|lte level=4 isSuspend=false levelOld=4,mSignalStrength level=4
12-17 21:01:05.989   633 28054 I SDK     : <2016-12-17 21:01:05> [NOTICE] SDK: UE-SeC 2016-12-17 21:1:5:989 Level[NOTICE] magic[2457770272 910]:svn_gethostbyname_withtimeout: parse <login.huawei.com> in <20> seconds use l4vpn<1>
12-17 21:01:06.194 24266 24266 I qiyippsplay: org.iqiyi.video.ui.bf.h()<-1> : 当前时间230175
12-17 21:01:06.196   633 31868 I SDK     : 
12-17 21:01:07.007  2852  3556 I NetworkController.MobileSignalController(0): 	to: connected=true,enabled=true,level=4,inetCondition=1,iconGroup=IconGroup(4G),activityIn=true,activityOut=true,rssi=0,lastModified=12-17 09:01:05,isRoaming=false,dataSim=true,networkName=中国移动,networkNameData=中国移动,dataConnected=true,isDefault=true,isEmergency=false,airplaneMode=false,carrierNetworkChangeMode=false,userSetup=true
12-17 21:01:09.031  2852  2852 I HwMobileSignalController: notifyListenerHuawei::origin typeIcon:2130839195 icons.mName:4G isSuspend:false, showDataIcon=true, dataConnected=true, isRoaming=false
12-17 21:01:09.164   633 31868 I SDK     : <2016-12-17 21:01:09> [NOTICE] SDK: UE-SeC 2016-12-17 21:1:9:164 Level[NOTICE] magic[3365677344 1216]:Udp key exchange update ok!
12-17 21:01:26.627  3858  4126 I amsnl   : t:false, fl: false, p: 2147483647000, ce: true, we: false
12-17 21:01:27.133  2852  3556 I HwMobileSignalController: mExtDataOld:ExtData [mMasterNetWorkType=3, mSlaveNetWorkType=0, mMasterNetWorkLevel=4, mSlaveNetWorkLevel=-1, mDataState=2, mDataActivity=0, mDataNetType=13] mExtData:ExtData [mMasterNetWorkType=3, mSlaveNetWorkType=0, mMasterNetWorkLevel=4, mSlaveNetWorkLevel=-1, mDataState=2, mDataActivity=3, mDataNetType=13]
12-17 21:01:35.132  2852  2852 D HwCustMobileSignalControllerImpl: sub =0,strMccMnc =null,hashMccMnc =[],strPlmn =hw_mcc_mnc
12-17 21:01:36.440  1795 16232 W ActivityManager: Sending non-protected broadcast org.codeaurora.VOIP_VOPS_SSAC_STATUS from system 3218:com.android.phone/1001 pkg com.android.phone
12-17 21:01:38.552  2852  2852 I HwSignalClusterView: apply hwPhoneState.mSubId:0 anyMobileVisible:false mIsAirplaneMode:false, mobileGroupVisible=true
12-17 21:01:48.618  2852  2852 D HwCustMobileSignalControllerImpl: sub =0,strMccMnc =null,hashMccMnc =[],strPlmn =hw_customized_networkType_entry
12-17 21:01:49.389   816 28126 D DnsProxyListener: GetAddrInfoHandler addr: pdata.video.qiyi.com {307, 917811, 10140} 221.179.183.218
12-17 21:01:55.652  2852  2852 D NetWorkUtils: mVSimCurCardType is -1
12-17 21:01:58.949  2852  2852 I HwSignalClusterView: getOrInflateState subId:0
12-17 21:01:58.949  2852  2852 D NetWorkUtils: is3GCalling is false,mCdmaSlot is -1
12-17 21:02:00.091  2852  2852 W ExpandableNotificationRow: setActionsBackground,null == view,mPrivateLayout
12-17 21:02:07.127  2852  2852 I HwSignalClusterView: apply hwPhoneState.mSubId:0 anyMobileVisible:false mIsAirplaneMode:false, mobileGroupVisible=true
12-17 21:02:17.179  2852  3556 D NetworkController.MobileSignalController(0): mSimSubId:0 onDataActivity: direction=4
12-17 21:02:19.213   802   802 E Thermal-daemon: [Thermal_Hw] temperature_valid, battery : temperature is invalid, invalid temperatrue is 26
12-17 21:02:19.763  1795  1805 W ActivityManager: getRunningAppProcesses: caller 10102 does not hold REAL_GET_TASKS; limiting output
12-17 21:02:31.537  1795  1795 I MQoS    : received cell-signal:5
12-17 21:02:33.291 24266 24266 D VideoPlayerImpl: org.iqiyi.video.player.cv.ag()<-1> : current progress: progress= 317181
12-17 21:02:34.767  1795  3247 W ActivityManager: getTasks: caller 10140 does not hold REAL_GET_TASKS; limiting output
12-17 21:02:35.608  2852  2852 D HwCustMobileSignalControllerImpl: isCurrentBySim()=false
12-17 21:02:37.619  2852  2852 I HwMobileSignalController: notifyListenerHuawei::origin typeIcon:2130839195 icons.mName:4G isSuspend:false, showDataIcon=true, dataConnected=true, isRoaming=false
12-17 21:02:40.311 24266 24266 I qiyippsplay: org.iqiyi.video.ui.bf.h()<-1> : 当前时间324216
12-17 21:02:40.659  1795  3139 I AlarmManager: remove(PendingIntent{bb3fa09: PendingIntentRecord{7b913f0 com.android.phone broadcastIntent}}) changed bounds; rebatching
12-17 21:02:40.681  2852  2852 I HwSignalClusterView: apply hwPhoneState.mSubId:0 anyMobileVisible:false mIsAirplaneMode:false, mobileGroupVisible=true
12-17 21:02:45.235 24802 24802 I nativeProcess: iqiyi message: create--runOnSubprocess isProcessExist true
12-17 21:02:47.314 24266 24266 V chaunce : org.iqiyi.video.vote.b.aux.a()<-1> : checkVoteShowTime-->331255
12-17 21:02:55.738   633   692 I eSpaceService: Watch Thread{4481} LoginC.doWatch(LoginC.java:1459) Login_By_Step-> watch count =  0
12-17 21:03:10.530  3218  3218 I SendBroadcastPermission: action:org.codeaurora.VOIP_VOPS_SSAC_STATUS, mPermissionType:0
12-17 21:03:35.544  2852  2852 D HwCustMobileSignalControllerImpl: isCurrentBySim()=false
12-17 21:03:37.680  1795  2665 D NetdConnector: RCV <- {200 11748 Firewall command succeeded}
12-17 21:03:38.677  1795 15987 D ActivityManager: ActivityManagerService,attachApplication,callingPid = 28289
12-17 21:03:45.580  2852  2852 D HwCustMobileSignalControllerImpl: sub =0,strMccMnc =null,hashMccMnc =[],strPlmn =hw_mcc_mnc
12-17 21:03:45.587  2852  2852 D NetWorkUtils: is3GCalling is false,mCdmaSlot is -1
12-17 21:03:50.243 24802 24802 I nativeProcess: iqiyi message: ==== isProcesssExist: stat=0, errno=13
12-17 21:03:54.402 24266 24266 V chaunce : org.iqiyi.video.vote.b.aux.a()<-1> : checkVoteShowTime--hideVoteView
12-17 21:03:59.240  2883  7070 I HwSystemManager: HoldService:checkBeforeShowDialogWithPid, current value:1, type:33554432, pkg:com.tencent.mm
12-17 21:04:00.075  1795  1805 W ActivityManager: Sending non-protected broadcast org.codeaurora.VOIP_VOPS_SSAC_STATUS from system 3218:com.android.phone/1001 pkg com.android.phone
12-17 21:04:04.333   802   802 E Thermal-daemon: [Thermal_Hw] temperature_valid, battery : temperature is invalid, invalid temperatrue is 26
12-17 21:04:13.034  2852  2852 I HwSignalClusterView: setMobileDataIndicatorsHuawei subId:0 visible:true strengthIcon:2130839311 typeIcon:2130839195 contentDescription:手机信号满格。 typeContentDescription:4G isTypeIconWide:true showActivity:true activityIn:false activityOut:false isRoaming:false
12-17 21:04:15.530  2852  2852 I HwSignalClusterView: setMobileDataIndicatorsHuawei subId:0 visible:true strengthIcon:2130839311 typeIcon:2130839195 contentDescription:手机信号满格。 typeContentDescription:4G isTypeIconWide:true showActivity:true activityIn:false activityOut:false isRoaming:false
12-17 21:04:15.874  1795  1795 D HuaweiWifiWatchdogStateMachine:  not in link monitoring mode, ignore TCP result .
12-17 21:04:24.955   818  1086 E iMonitor: dropped event (cpu0) 
12-17 21:04:31.860  2852  3556 I NetworkController.MobileSignalController(0): onSignalStrengthsChanged signalStrength=SignalStrength: -1 0 -1 255 -1 255 -1 255 255 20 -102 -10 56 2147483647 2147483647 false gw|lte level=4 isSuspend=false levelOld=4,mSignalStrength level=4
12-17 21:04:35.452 24266 24266 V chaunce : org.iqiyi.video.vote.b.aux.a()<-1> : checkVoteShowTime-->439340
12-17 21:04:41.808  1795 15988 W ActivityManager: getTasks: caller 10140 does not hold REAL_GET_TASKS; limiting output
12-17 21:04:53.046  3858  4126 I amsnl   : c: true, w: false, t: false, l: false
12-17 21:04:53.783  2852  2852 I HwSignalClusterView: apply hwPhoneState.mSubId:0 anyMobileVisible:false mIsAirplaneMode:false, mobileGroupVisible=true
12-17 21:04:56.171  1795 17831 I SendBroadcastPermission: action:android.intent.action.SIG_STR, mPermissionType:0
12-17 21:05:00.009  2852  2852 I TimeManager: chinaDateTime:晚上9:05
12-17 21:05:00.090  2852  2852 W ExpandableNotificationRow: setActionsBackground,null == view,mPublicLayout
12-17 21:05:01.015  2883  2996 E HwSystemManager: SimCardMethod:/getSimCardInfo: imsi is null
12-17 21:05:01.101 28412 28412 E HW-JPEG-DEC: [HME_JPEG_DEC_Delete](3298): HME_JPEG_DEC_Delete: decoder_ctx=null
12-17 21:05:01.153 28412 28412 I HwIntelligent3_OverseasStateManager: checkRoamingStateChanged : last coutry is CN
12-17 21:05:01.164 28412 28434 E HW-JPEG-DEC: [HME_JPEG_DEC_Delete](3298): HME_JPEG_DEC_Delete: decoder_ctx=null
12-17 21:05:03.655  1795  1795 I MQoS    : onSignal: mSubId=1,currDataSubID=0
12-17 21:05:08.823  1795  3110 W ActivityManager: getTasks: caller 10140 does not hold REAL_GET_TASKS; limiting output
12-17 21:05:10.509  2852  2852 D HwCustMobileSignalControllerImpl: sub =0,strMccMnc =null,hashMccMnc =[],strPlmn =hw_show_4_5G_for_mcc
12-17 21:05:12.520  2852  2852 D HwCustMobileSignalControllerImpl: isCurrentBySim()=false
12-17 21:05:15.496  2852  2852 D NetWorkUtils: mVSimCurCardType is -1
12-17 21:05:32.524 24266 24266 I qiyippsplay: org.iqiyi.video.ui.bf.h()<-1> : 当前时间496583
12-17 21:05:38.528 24266 24266 I qiyippsplay: org.iqiyi.video.ui.bf.h()<-1> : 当前时间502404
12-17 21:05:48.994  1795  1819 I EventHub: EventHub monitor: no key events in the past 2006s, no motion events in the past 351s
12-17 21:05:58.553 24266 24266 I qiyippsplay: org.iqiyi.video.ui.bf.h()<-1> : 当前时间522524
12-17 21:06:12.498  2852  2852 D HwCustMobileSignalControllerImpl: isCurrentBySim()=false
12-17 21:06:14.852  1795  3247 W ActivityManager: getTasks: caller 10140 does not hold REAL_GET_TASKS; limiting output
12-17 21:06:17.691 24266 25028 D JOBS    : didn't allow me to die, re-running Thread-92
12-17 21:06:18.995  1795  1819 I EventHub: EventHub monitor: no key events in the past 2036s, no motion events in the past 381s
12-17 21:06:29.247  1795  2376 W ActivityManager: Sending non-protected broadcast com.huawei.bd.action.heartbeat from system uid 1000 pkg com.huawei.bd
12-17 21:06:32.859  1795 20747 W ActivityManager: getTasks: caller 10140 does not hold REAL_GET_TASKS; limiting output
12-17 21:06:43.203  1795 28570 D ActivityManager: cleanUpApplicationRecord -- 28412
12-17 21:06:46.003  1795  1795 D WifiProJNI: send_cmd_kernel: cmd=1
12-17 21:06:54.870  1795 16232 W ActivityManager: getTasks: caller 10140 does not hold REAL_GET_TASKS; limiting output
12-17 21:07:00.091  2852  2852 W ExpandableNotificationRow: setActionsBackground,null == view,mPublicLayout
12-17 21:07:20.464  2852  2852 D HwCustMobileSignalControllerImpl: isCurrentBySim()=false
12-17 21:07:20.468  2852  2852 D NetWorkUtils: mVSimCurCardType is -1
12-17 21:07:24.590  3180  3578 I AppManager: check dependency pid: 4690 is depended by pid: 1795
12-17 21:07:37.934  2852  2852 I HwSignalClusterView: getOrInflateState subId:0
12-17 21:07:40.956  2852  2852 I HwSignalClusterView: getOrInflateState subId:0
12-17 21:07:43.783  3858  4126 I amsnl   : csr
12-17 21:07:52.841  1795  1807 I AwareLog: 3642,10117,2,0,100;3782,1000,1,0,-800;3787,1000,1,0,-800;3808,1000,1,0,-800;3858,10009,2,0,100;4139,10004,2,0,0;7741,10034,2,0,100;24266,10140,2,0,0;24593,10140,2,0,100;24608,10140,2,0,100
12-17 21:08:23.813  1795 16232 D PowerManagerService: ready=true,policy=3,wakefulness=1,wksummary=0x23,uasummary=0x4,bootcompleted=true,boostinprogress=false,waitmodeenable=false,mode=true,manual=33,auto=-1,adj=0.0userId=0
12-17 21:08:59.667   802   802 E Thermal-daemon: [Thermal_Hw] temperature_filter: get invalid temperature, use old temp
12-17 21:09:06.932  1795 16232 W ActivityManager: getTasks: caller 10140 does not hold REAL_GET_TASKS; limiting output
12-17 21:09:08.791 24266 24266 I qiyippsplay: org.iqiyi.video.ui.bf.h()<-1> : 当前时间712768
12-17 21:09:10.046   633   692 I eSpaceService: Watch Thread{4481} WatchThread.onLoop(WatchThread.java:94) watch thread onLoop... 
12-17 21:09:10.511  2852  2852 D NetWorkUtils: is3GCalling is false,mCdmaSlot is -1
12-17 21:09:11.501  2852  3556 D NetworkController.MobileSignalController(0): mSimSubId:0 onDataActivity: direction=3
12-17 21:09:20.393  2852  3556 D NetworkController.MobileSignalController(0): mSimSubId:0 onDataActivity: direction=0
12-17 21:09:20.411  2852  2852 I HwSignalClusterView: apply hwPhoneState.mSubId:0 anyMobileVisible:false mIsAirplaneMode:false, mobileGroupVisible=true
12-17 21:09:24.809 24266 24266 V chaunce : org.iqiyi.video.vote.b.aux.a()<-1> : checkVoteShowTime-->728718
12-17 21:09:25.425  2852  2852 I HwSignalClusterView: apply hwPhoneState.mSubId:0 anyMobileVisible:false mIsAirplaneMode:false, mobileGroupVisible=true
12-17 21:09:25.811 24266 24266 V chaunce : org.iqiyi.video.vote.b.aux.a()<-1> : checkVoteShowTime--hideVoteView
12-17 21:09:39.986 28790 28790 W ContextImpl: Calling a method in the system process without a qualified user: android.app.ContextImpl.startService:1527 android.content.ContextWrapper.startService:613 com.huawei.systemmanager.SystemManagerApplication.startStarupService:236 com.huawei.systemmanager.SystemManagerApplication.startServices:130 com.huawei.systemmanager.SystemManagerApplication.onCreate:100 
12-17 21:09:41.833 24266 24266 V chaunce : org.iqiyi.video.vote.b.aux.a()<-1> : checkVoteShowTime-->745887
12-17 21:09:58.852 24266 24266 V chaunce : org.iqiyi.video.vote.b.aux.a()<-1> : checkVoteShowTime-->762890
12-17 21:10:13.876 24266 24266 D seekbar : org.iqiyi.video.ui.ci.onProgressChanged()<-1> : 当前进度：777813 缓冲大小:1906193 缓冲进度：2684006
12-17 21:10:16.178  1795  5350 I MQoS    : QOS_level:4(4),use RTTLvl:4;RATLvl:5
12-17 21:10:25.888 24266 24266 D VideoPlayerImpl: org.iqiyi.video.player.cv.ag()<-1> : current progress: progress= 789817
12-17 21:10:30.967  1795 11747 W ActivityManager: getTasks: caller 10140 does not hold REAL_GET_TASKS; limiting output
12-17 21:10:42.916 24266 24266 I qiyippsplay: org.iqiyi.video.ui.bf.h()<-1> : 当前时间806852
12-17 21:10:45.618  3858  4126 I amsnl   : m1: false
12-17 21:10:52.925 24266 24266 D VideoPlayerImpl: org.iqiyi.video.player.cv.ag()<-1> : current progress: progress= 816805
12-17 21:11:03.771   816  1562 W SocketListener: sending broadcast to Pid = 1795, Uid = 1000 
12-17 21:11:11.955 24266 24266 I qiyippsplay: org.iqiyi.video.ui.bf.h()<-1> : 当前时间835874
12-17 21:11:16.740  2852  2852 I HwMobileSignalController: notifyListenerHuawei::origin typeIcon:2130839195 icons.mName:4G isSuspend:false, showDataIcon=true, dataConnected=true, isRoaming=false
12-17 21:11:16.983  1795  6985 W ActivityManager: getTasks: caller 10140 does not hold REAL_GET_TASKS; limiting output
12-17 21:11:32.980 24266 24266 D seekbar : org.iqiyi.video.ui.ci.onProgressChanged()<-1> : 当前进度：857013 缓冲大小:1826993 缓冲进度：2684006
12-17 21:11:33.523  1795  2748 D HwAmbientLuxFilterAlgo: t=126247220,BT=126248220,DT=126251220,BT1=126251220,DT1=126255220,Bn=false,Dn=false,lx=[6.0/126245716, 6.0/126246017, 6.0/126246317, 6.0/126246618, 6.0/126246919, 6.0/126247220],mLx=5.0,s=5.0,ss=0.011235953,AuIntervened=false,mProximityState=false,bLux=15.0,dLux=0.0,bLux1=15.0,dLux1=0.0
12-17 21:11:49.182 24266 25032 D JOBS    : Thread-96: load factor check. true = (7 < 8)|| (7 * 3 < 0 + 0). consumer thread: true
12-17 21:11:49.520   633 29002 I SDK     : 
12-17 21:11:49.530  1795  1795 I MQoS    : onSignal: mSubId=0,currDataSubID=0
12-17 21:11:53.380  1795  2748 D lux trace:: [6.0/126262955, 5.0/126264731, 6.0/126265088, 5.0/126266866]
12-17 21:12:00.474  2852  2852 D HwCustMobileSignalControllerImpl: isCurrentBySim()=false
12-17 21:12:06.283  1795  5350 I MQoS    : QOS_level:4(4),use RTTLvl:4;RATLvl:5
12-17 21:12:08.024 24266 24266 V chaunce : org.iqiyi.video.vote.b.aux.a()<-1> : checkVoteShowTime-->892002
12-17 21:12:12.530  2852  2852 D HwCustMobileSignalControllerImpl: sub =0,strMccMnc =null,hashMccMnc =[],strPlmn =hw_show_lte
12-17 21:12:15.525  3218  3218 I SendBroadcastPermission: action:org.codeaurora.VOIP_VOPS_SSAC_STATUS, mPermissionType:0
12-17 21:12:22.905  1795 11745 I SendBroadcastPermission: action:android.intent.action.SIG_STR, mPermissionType:0
12-17 21:12:36.058 24266 24266 D VideoPlayerImpl: org.iqiyi.video.player.cv.ag()<-1> : current progress: progress= 920001
12-17 21:12:38.251  3858  4126 I amsnl   : t:false, fl: false, p: 2147483647000, ce: true, we: false
12-17 21:12:39.505  1795  2665 D NetdConnector: RCV <- {613 IfaceClass idle 0 448895866251458}
12-17 21:12:45.321 24802 24802 I nativeProcess: iqiyi message: ==== do something  executeCmd isProcessExist true =====
12-17 21:13:04.037  3858  4126 I amsnl   : csr
12-17 21:13:08.104 24266 24266 I qiyippsplay: org.iqiyi.video.ui.bf.h()<-1> : 当前时间951981
12-17 21:13:11.464  2852  2852 D HwCustMobileSignalControllerImpl: sub =0,strMccMnc =null,hashMccMnc =[],strPlmn =hw_mcc_mnc
12-17 21:13:11.574   633 31870 I SDK     : 
12-17 21:13:11.576   633 31870 I SDK     : 
12-17 21:13:11.851   633 31870 I SDK     : 
12-17 21:13:11.857   633 31870 I SDK     : 
12-17 21:13:11.861   633 31870 I SDK     : 
12-17 21:13:11.862   633 31870 I SDK     : <2016-12-17 21:13:11> [WARN] SDK: UE-SeC 2016-12-17 21:13:11:861 Level[WARN] magic[3362781472 684]:PubEvt_Close Getting a socket[87] from the Socket-table Failed!
12-17 21:13:11.883   633 31870 I SDK     : <2016-12-17 21:13:11> [WARN] SDK: UE-SeC 2016-12-17 21:13:11:883 Level[WARN] magic[3362781472 684]:PubEvt_Close Getting a socket[190] from the Socket-table Failed!
12-17 21:13:11.885   633 31870 I SDK     : 
12-17 21:13:12.463  2852  2852 D HwCustMobileSignalControllerImpl: sub =0,strMccMnc =null,hashMccMnc =[],strPlmn =hw_hspap_show_4g
12-17 21:13:12.512   633   692 I ECS     : tcp.recv{4488} SimpleThread.close(SimpleThread.java:88) stopped Heartbeat timer.timers{6265}
12-17 21:13:13.626   633 31868 I SDK     : <2016-12-17 21:13:13> [NOTICE] SDK: UE-SeC 2016-12-17 21:13:13:626 Level[NOTICE] magic[3365677344 686]:Register response vip 0x[a314344];mask 0x[ffffe000];sip port [5060];keep alive time [300];udp server port [443];tcp over udp [1];crypto id [427];keylen ;Ivlen [16];Bypass flag [0];MMTP version 0x[9];svnDevice version [2.5.0501.0136]!
12-17 21:13:15.429   633   692 I eSpaceService: msg.recv{4490} LoginResp.printNonSensitiveComponentParams(LoginResp.java:65) {heartBeatTime=2, sipDSCP=0, mobileAnr=3, myBonusChineseName=整点一问, myBonusURL=http://eapp.huawei.com/emall/, feedbackUrl=http://3ms.huawei.com/hi/group/2028001/threads.html#category=1136267, dataDSCP=0, maxcontact=5000, regExpires=300, gatewaySVNAddr=byod-web.huawei.com, voiceDSCP=46, cloudUserId=espace_client, kindlyTips=MsgType:9;Tips:;MsgType:10;Tips: 未知消息类型，您当前的版本不支持 / Unknown message type, your current version is not supported;, myBonusDisplay=0, cpuCheckCircle=0.5, audiocodecMobile=112,98,18,8,109,110,0,97, anyContactUserId=espace_client, cloudServerURL=http://app-inter.huawei.com/AnyContacts/api/v1/userauth/getserverconf, timeEnable=0, wrMDMFile=1, myBonusEnglishDis=Treasure-hunt for bonus points!, noPushStart=00:00, cloudUploadURL=http://app-inter.huawei.com/AnyContacts/api/v1/user_call_log/call, anyContactToken=865906b4f8d93484707e8565b38b97a375637cd2, anyContactUploadURL=http://spes.huawei.com/AnyContacts/api/v1/user_call_log/call, mosValue=3.0, pushType=2, anyContactServerURL=http://spes.huawei.com/AnyContacts/api/v1/userauth/getserverconf, audioCodec=112,98,18,8,109,110,0,97, audioDSCP=4, totalsize=60, portraitpixelw=320, noPushEnd=00:00, VoIPRegister=1, isEnableAnyOfficeBrowser=YES, gatewaySVNPort=443, clientsBothOnline=1, maaDSCP=0, sipTLSPort=5061, limittext=30000, performanceIMReport=200, rejectResponse=486, callsessiontimeout=180, imageEncry=1, priorityRtp=2, limitimagebytes=100, JailbreakingDetect=1, performancedataReport=200, myBonusEnglishName=Fight for Points, pushflag=1, videoDSCP=0, enableSRTP=1, maxConfMember=10, revokeMsg=1, enableSipTLS=1, portraitpixelh=320}
12-17 21:13:15.766  7194 29130 I PushLog2824: [SocketRead_21:13:15-13433]broadcast(),and mReceivers  4(android/null:-1)
12-17 21:13:23.525  2852  2852 D HwCustMobileSignalControllerImpl: sub =0,strMccMnc =null,hashMccMnc =[],strPlmn =hw_mcc_mnc
12-17 21:13:24.046  1795 16499 D PowerManagerService: ready=true,policy=3,wakefulness=1,wksummary=0x23,uasummary=0x4,bootcompleted=true,boostinprogress=false,waitmodeenable=false,mode=true,manual=33,auto=-1,adj=0.0userId=0
12-17 21:13:24.668  3858  4126 I amsnl   : t:false, fl: false, p: 2147483647000, ce: true, we: false
12-17 21:13:28.127 24266 24266 V chaunce : org.iqiyi.video.vote.b.aux.a()<-1> : checkVoteShowTime-->972081
12-17 21:13:33.046  1795  3237 W ActivityManager: getTasks: caller 10140 does not hold REAL_GET_TASKS; limiting output
12-17 21:13:36.304  2852  2852 D NetWorkUtils: mVSimCurCardType is -1
12-17 21:13:36.808  1795  1795 I MQoS    : received cell-signal:5
12-17 21:13:37.137 24266 24266 D VideoPlayerImpl: org.iqiyi.video.player.cv.ag()<-1> : current progress: progress= 981007
12-17 21:13:52.490  1795  1795 I MQoS    : received cell-signal:5
12-17 21:13:56.165 24266 24266 D VideoPlayerImpl: org.iqiyi.video.player.cv.ag()<-1> : current progress: progress= 1000070
12-17 21:14:00.035  2852  2852 W ResourceType: Failure getting entry for 0xffffffff (t=254 e=65535) (error -2147483647)
12-17 21:14:09.274   633 31867 I SDK     : 
12-17 21:14:40.108   633 31870 I SDK     : 
12-17 21:14:40.533   633 31875 I SDK     : <2016-12-17 21:14:40> [NOTICE] SDK: UE-SeC 2016-12-17 21:14:40:533 Level[NOTICE] magic[3359111456 6458]:FSM_Tool_TreatFolderEncEx => [START]: pcFileName [20161217_195902.log] 
12-17 21:14:44.066  2852  2852 D NetWorkUtils: is3GCalling is false,mCdmaSlot is -1
12-17 21:14:55.340 24802 24802 I nativeProcess: iqiyi message: ==== do something  executeCmd isProcessExist true =====
12-17 21:14:58.242 24266 24266 V chaunce : org.iqiyi.video.vote.b.aux.a()<-1> : checkVoteShowTime-->1062271
