12-17 19:57:21.801  2852  2852 I NetworkSpeedManagerEx: mIsNetworkSpeedEnabled = false, mIsAirplaneMode = false, mIsWifiConnected = false, mIsHasIccCard = true, mIsNetworkValid = false, mIsDataSwitchEnabled = false, mIsVsimEnable = false
12-17 19:57:26.094  2852  2852 D StepCounterView: onStepCounterChange stepsNum:4288
12-17 19:57:27.947  5224  5224 I Step_LSC: 20002302|compensate received
12-17 19:57:30.077  2852  2852 W HwLockScreenPanel: Handle message: 4
12-17 19:57:32.851  5215  5215 D wpa_supplicant: WPS: attr type=0x1044 len=1
12-17 19:57:32.864  5224  5283 I Step_ExtendStepDataManager: 20002302|compensate 24699597 32
12-17 19:57:32.902  1795  2671 D WifiNative-wlan0: disprint SET_NETWORK log
12-17 19:57:32.921  5215  5215 D wpa_supplicant: CTRL-DEBUG: global_ctrl_sock-sendto: sock=16 sndbuf=229376 outq=0 send_len=5
12-17 19:57:32.923  5215  5215 D wpa_supplicant: wlan0: Control interface command 'GET_NETWORK 0 proto'
12-17 19:57:32.997  1795  1795 I iMonitor: send: 909002014
12-17 19:57:33.003  5215  5215 D wpa_supplicant: nl80211: Register frame type=0xd0 (WLAN_FC_STYPE_ACTION) nl_handle=0x7fb504d600 match=1101
12-17 19:57:33.016  3626  3753 I LogCollectService: msg = 103 received
12-17 19:57:33.021  1795  1795 D WifiService: onReceive, action:android.net.wifi.STATE_CHANGE
12-17 19:57:44.509  5215  5215 D wpa_supplicant: CTRL-DEBUG: global_ctrl_sock-sendto: sock=16 sndbuf=229376 outq=0 send_len=5
12-17 19:57:44.515  5215  5215 D wpa_supplicant: wlan0: Control interface command 'GET_NETWORK 0 wapi_key_type'
12-17 19:57:44.519  1795  2671 D WifiNative-wlan0: disprint SET_NETWORK log
12-17 19:57:44.521  5215  5215 D wpa_supplicant: wlan0: Control interface command 'SET_NETWORK [REMOVED]'
12-17 19:57:44.568  1795  2709 I ActivityManager_service: retrieveServiceLocked, callerApp: ProcessRecord{34bf34f 0:system/1000}, flags: 10000400
12-17 19:57:44.569  1795  1795 D HwKeyguardManagerImpl: isLockScreenDisabled HwKeyguardManagerImpl result = false
12-17 19:58:05.931  1795  5219 D WifiMonitor: Dispatching event to interface: wlan0
12-17 19:58:05.933  5215  5215 D wpa_supplicant: CTRL-DEBUG: ctrl_sock-sendmsg: sock=16 sndbuf=229376 outq=0 send_len=29
12-17 19:58:05.940  1795  2671 D WifiStateMachine:  hasEverConnected: true
12-17 19:58:05.940  1795  2671 D WifiStateMachine: domain_suffix_match NULL
12-17 19:58:06.331  2852  2852 I StatusBarIconView: updateTint: tint=0
12-17 19:58:06.340  2852  2852 I PhoneStatusBar: updateNotificationShade
12-17 19:58:33.288  5215  5215 D wpa_supplicant: CTRL-DEBUG: global_ctrl_sock-sendto: sock=16 sndbuf=229376 outq=0 send_len=3
12-17 19:58:33.298  5215  5215 D wpa_supplicant: CTRL_IFACE: value - hexdump(len=10): [REMOVED]
12-17 19:58:33.339  5215  5215 D wpa_supplicant: Configuration file '/data/misc/wifi/wpa_supplicant.conf' written successfully
12-17 19:58:33.459  5224  5283 I Step_ExtendStepDataManager: 20002302|before compensate: cache step_4329
12-17 19:58:33.610  2852  3556 I HwWifiSignalController: wifi handleBroadcast action:android.net.wifi.RSSI_CHANGEDwifi state: mCurrentState.inetCondition:0 mCurrentState.level:3 mCurrentState.rssi:-75 mCurrentState.ssid:null mCurrentState.time:1481975835454 mCurrentState.activityIn:false mCurrentState.activityOut:false mCurrentState.connected:false mCurrentState.enabled:true mIsWifiCharged:false mIsWifiNoInternet:false
12-17 19:58:35.609  1795  2323 E UsbDeviceManager: 	at java.io.FileInputStream.<init>(FileInputStream.java:146)
12-17 19:58:35.902  1795  2323 E UsbDeviceManager: 	at java.io.FileInputStream.open(Native Method)
12-17 19:58:38.804  5215  5215 D wpa_supplicant: OpenSSL: Message - hexdump(len=4): [REMOVED]
12-17 19:58:38.933  5215  5215 D wpa_supplicant: EAP: EAP entering state SEND_RESPONSE
12-17 19:58:39.078  5215  5215 D wpa_supplicant:   key_mic - hexdump(len=16): 00 00 00 00 00 00 00 00 00 00 00 00 00 00 00 00
12-17 19:58:39.079  5215  5215 D wpa_supplicant: P2P: Update channel list
12-17 19:58:39.099  5215  5215 D wpa_supplicant: P2P: Channels - hexdump(len=13): 01 02 03 04 05 06 07 08 09 0a 0b 0c 0d
12-17 19:58:39.102  1795  1808 V HwBroadcastQueue: trim and enqueue foreground Parallel:(2) Ordered:(1)(BroadcastRecord{b489b4 u-1 android.net.wifi.STATE_CHANGE})
12-17 19:58:39.154  5215  5215 D wpa_supplicant: wlan0: Event SCHED_SCAN_STOPPED (36) received
12-17 19:58:39.170  2852  2914 I NetworkSpeedManagerEx: receive:android.net.wifi.STATE_CHANGE
12-17 19:58:39.188  1795  2671 D wifi    : Maximum APF program size: 0
12-17 19:58:39.328  2852  2852 I HwPowerUI: processLowerBatteryLevel plugged:false batteryLevel:78 intent:act:android.intent.action.BATTERY_CHANGED  flag:1610612752 technology=Li-ion icon-small=17303220 max_charging_voltage=0 health=2 max_charging_current=0 status=3 plugged=0 present=true charge_counter=0 level=78 scale=100 temperature=285 voltage=4072 invalid_charger=0 
12-17 19:58:40.598  1795  2323 E UsbDeviceManager: 	at com.android.server.usb.UsbDeviceManager$2.onUEvent(UsbDeviceManager.java:328)
12-17 19:58:43.146  5215  5215 D wpa_supplicant: CTRL-DEBUG: ctrl_sock-sendmsg: sock=16 sndbuf=229376 outq=0 send_len=56
12-17 19:58:43.148  1795  5219 E ReportTools: This is not beta user build
12-17 19:58:43.160  1795  2665 D NetdConnector: RCV <- {600 Iface linkstate wlan0 down}
12-17 19:58:43.173  1795  2671 D HwWifiStateMachine: isWifiProEvaluatingAP, isTempCreated = false, evaluating = false, wifiConnectedBackgroundReason = 0
12-17 19:58:43.186  5215  5215 D wpa_supplicant: P2P: Update channel list
12-17 19:58:43.328  1795  2665 D NetdConnector: RCV <- {614 Address removed fe80::cebb:aaff:fe2a:3413/64 wlan0 128 253}
12-17 19:58:45.329  1795  2323 E UsbDeviceManager: Error reading charge file
12-17 19:58:45.354  5215  5215 D wpa_supplicant: CTRL_IFACE: GET_NETWORK id=0 name='altsubject_match'
12-17 19:58:45.391  5215  5215 D wpa_supplicant: wlan0:    selected BSS 80:38:bc:0b:1e:41 ssid='Huawei-Employee'
12-17 19:58:45.392  5215  5215 D wpa_supplicant: wlan0: WPA: Selected mgmt group cipher 32
12-17 19:58:56.658  5215  5215 D wpa_supplicant: Sorted scan results
12-17 19:58:56.713  5215  5215 D wpa_supplicant: CTRL_IFACE: SET_NETWORK id=0 name='phase2'
12-17 19:58:56.730  5215  5215 D wpa_supplicant: CTRL-DEBUG: global_ctrl_sock-sendto: sock=16 sndbuf=229376 outq=0 send_len=2
12-17 19:58:56.739  1795  2671 E WifiConfigManager: WifiConfigManager: saveNetwork got config back netId=0 uid=10101
12-17 19:58:56.977  5215  5215 D wpa_supplicant: nl80211: Associated with 80:38:bc:0b:22:41
12-17 19:58:57.100  1795  3247 D PowerManagerService: Acquiring suspend blocker "PowerManagerService.WakeLocks".
12-17 19:58:57.298  5215  5215 D wpa_supplicant:   key_id (reserved) - hexdump(len=8): 00 00 00 00 00 00 00 00
12-17 19:58:57.323  5215  5215 D wpa_supplicant: CTRL-DEBUG: ctrl_sock-sendmsg: sock=16 sndbuf=229376 outq=0 send_len=73
12-17 19:58:57.332  5215  5215 D wpa_supplicant: l2_packet_receive: src=80:38:bc:0b:22:41 len=131
12-17 19:58:57.375  2852  2914 I NetworkSpeedManagerEx: receive:android.net.wifi.STATE_CHANGE
12-17 19:58:57.398  1795  2671 I ActivityManager_broadcast: Enqueueing ordered broadcast[background] BroadcastRecord{8462ffd u-1 android.net.wifi.supplicant.STATE_CHANGE}: prev had 0
12-17 19:58:57.407  5215  5215 D wpa_supplicant: wlan0: Control interface command 'DRIVER RXFILTER-START'
12-17 19:58:57.560  2852  3556 D HwInnerWifiManagerImpl: SupplicantState = COMPLETED
12-17 19:58:57.678  1795  2671 D HwWifiStateMachine: isWifiProEvaluatingAP, isTempCreated = false, evaluating = false, wifiConnectedBackgroundReason = 0
12-17 19:58:57.709  1795  2739 D HuaweiWifiWatchdogStateMachine:  RTT[-48]=0, volume=0
12-17 19:59:02.223  1795  1819 I SendBroadcastPermission: action:android.net.conn.DATA_ACTIVITY_CHANGE, mPermissionType:0
12-17 19:59:02.272  2852  2852 D DateTimeView: Change to single clock mode!
12-17 19:59:02.527  1795 21516 I HwActivityManagerService: Split enqueueing broadcast [callerApp]:ProcessRecord{34bf34f 0:system/1000}
12-17 19:59:02.565  5215  5215 D wpa_supplicant: CTRL-DEBUG: global_ctrl_sock-sendto: sock=16 sndbuf=229376 outq=0 send_len=33
12-17 19:59:02.590   633   692 I ECS     : Thread-1512{6144} LoginC.connectToServerThread(LoginC.java:451) Connect to MAA , ip = uc.huawei.com
12-17 19:59:02.849  1795  1805 D PowerManagerService: acquire lock=28552043, flags=0x1, tag="eventloop", name=android, ws=null, uid=1000, pid=7194
12-17 19:59:02.973   633   633 I SDK     : 
12-17 19:59:03.344   633 31868 I SDK     : 
12-17 19:59:03.544  1795  3249 W ActivityManager: getTasks: caller 10105 does not hold REAL_GET_TASKS; limiting output
12-17 19:59:07.137  3782 21331 V AudioManager: isMusicActive...
12-17 19:59:18.568  1795  2323 E UsbDeviceManager: java.io.FileNotFoundException: sys/class/hw_power/charger/charge_data/water_intrused (No such file or directory)
12-17 19:59:34.973  1795  2323 E UsbDeviceManager: 	at android.os.FileUtils.readTextFile(FileUtils.java:267)
12-17 19:59:35.625  1795  2323 E UsbDeviceManager: 	at java.io.FileInputStream.<init>(FileInputStream.java:146)
12-17 19:59:38.009  5215  5215 D wpa_supplicant: wlan0: RSN: PMKID from assoc IE found from PMKSA cache
12-17 19:59:38.087  1795  5214 I WifiHAL : Unknown EAPOL message type 
12-17 19:59:38.226  1795  5214 I WifiHAL : Unknown EAPOL message type 
12-17 19:59:38.245  1795  2739 D HuaweiWifiWatchdogStateMachine:  loss[-79]=0%, volume=0
12-17 19:59:38.322  5215  5215 D wpa_supplicant: WPA: Nonce2 - hexdump(len=32): e1 b1 74 12 4a 5a da f0 e2 a3 97 15 27 2f de 3d 7d 83 45 1f 3d 78 39 df 6e 95 d4 9c 19 33 9b c1
12-17 19:59:38.343  5215  5215 D wpa_supplicant: wlan0: WPA: Installing GTK to the driver (keyidx=1 tx=0 len=16)
12-17 19:59:38.358  5215  5215 D wpa_supplicant: P2P: Add operating class 81
12-17 19:59:40.316 16914 16914 E AppLogApi: CONNECTIVITY_ACTION checkTimeOver or checkPolicyOver false!
12-17 20:00:18.046  1795  2323 E UsbDeviceManager: Error reading charge file
12-17 20:00:18.677  1795  2323 E UsbDeviceManager: Error reading charge file
12-17 20:00:19.019  5215  5215 I wpa_supplicant: wlan0: CTRL-EVENT-EAP-METHOD EAP vendor 0 method 13 (TLS) selected
12-17 20:00:19.034  1795  2739 D HuaweiWifiWatchdogStateMachine:  RTT[-45]=0, volume=0
12-17 20:00:19.045  1795  2739 D HuaweiWifiWatchdogStateMachine:  loss[-61]=0%, volume=0
12-17 20:00:19.157  5215  5215 D wpa_supplicant: EAP: EAP entering state RECEIVED
12-17 20:00:19.348  5215  5215 D wpa_supplicant: wlan0: WPA: Installing PTK to the driver
12-17 20:00:19.363  5215  5215 D wpa_supplicant: l2_packet_receive: src=10:51:72:1f:f0:01 len=131
12-17 20:00:19.369  5215  5215 D wpa_supplicant: P2P: Channels - hexdump(len=13): 01 02 03 04 05 06 07 08 09 0a 0b 0c 0d
12-17 20:00:20.381  1795  2323 E UsbDeviceManager: 	at android.os.UEventObserver$UEventThread.sendEvent(UEventObserver.java:210)
12-17 20:01:32.298  1795  2740 D WifiProHistoryRecordManager: UPDATE_AP_INFO_CMD rcv.
12-17 20:01:32.298  1795  2740 D WifiProHistoryRecordManager: afterDisconnectProcess enter ssid:"Huawei-Employee", bssid:10:51:72:1f:f0:01, is enterprise AP.
12-17 20:01:32.310   816  1563 W SocketListener: sending broadcast to Pid = 1795, Uid = 1000 
12-17 20:01:32.313  3626  3626 E PTM.FileNodeInfo: getTempInfo error: null, 0
12-17 20:01:32.336  3218  3218 D HuaweiTelephonyConfigs: fddn EVENT_GET_AD_DONE FDN_PS_CHECK:false ,FDN_PRELOAD_CACHE:true
12-17 20:01:32.361   633 31870 I SDK     : <2016-12-17 20:01:32> [WARN] SDK: UE-SeC 2016-12-17 20:1:32:361 Level[WARN] magic[3362781472 684]:PubEvt_Close Getting a socket[20] from the Socket-table Failed!
12-17 20:01:32.416   633 31870 I SDK     : <2016-12-17 20:01:32> [WARN] SDK: UE-SeC 2016-12-17 20:1:32:416 Level[WARN] magic[3362781472 684]:PubEvt_Close Getting a socket[149] from the Socket-table Failed!
12-17 20:01:32.419   633 31870 I SDK     : 
12-17 20:01:32.425   633 31870 I SDK     : <2016-12-17 20:01:32> [WARN] SDK: UE-SeC 2016-12-17 20:1:32:425 Level[WARN] magic[3362781472 684]:PubEvt_Close Getting a socket[211] from the Socket-table Failed!
12-17 20:01:32.430   633 31870 I SDK     : 
12-17 20:01:32.500   633   692 I eSpaceService: Watch Thread{4481} WatchThread.onLoop(WatchThread.java:90) watch delay to start
12-17 20:01:32.572  2883  2996 I HwSystemManager: TafficState:default sub id = 0slotIndex = 0 subscriptionId = 0
12-17 20:01:33.325  5215  5215 D wpa_supplicant: nl80211: Received scan results (1 BSSes)
12-17 20:01:33.327  5215  5215 D wpa_supplicant: wlan0: Control interface command 'BSS RANGE=0- MASK=0x3029d87'
12-17 20:01:33.346  7194  7194 I PushLog2824: [main-1]action is com.huawei.action.CONNECT_PUSHSRV(android/null:-1)
12-17 20:01:33.398  2883  2883 I HwSystemManager: ScheduleRecordPowerConsumeReceiver:onReceive: Action = com.huawei.hwsystemmanager.power.SCHEDULE_RECORD_POWER_CONSUME
12-17 20:01:33.592  3626 21834 I iMonitor: send: 903001007
12-17 20:01:36.053  5224  5283 I Step_DataCache: 20002302|getTodayTotalSteps 4596
12-17 20:01:36.195  2852  2852 I TrafficPanelManager: hideTraffic
12-17 20:01:37.162  2852  2852 I StatusBar: onNotificationPosted: StatusBarNotification(pkg=com.huawei.health user=UserHandle{0} id=10010 tag=null key=0|com.huawei.health|10010|null|10099: Notification(pri=0 contentView=null vibrate=null sound=null defaults=0x0 flags=0x62 color=0x00000000 vis=PRIVATE)) important=2, post=1481976097153, when=1481531589202, vis=0, userid=0
12-17 20:01:38.187  2852  2852 W PanelView: set notification panel padding = 1675
12-17 20:01:40.089  1795  6988 I HwActivityManagerService: Split enqueueing broadcast [callerApp]:ProcessRecord{580cfb2 5224:com.huawei.health:DaemonService/u0a99}
12-17 20:01:41.134  2852  2852 I NotificationContentView: transferRemoteInputFocus: 0
12-17 20:01:43.974  3858  4126 I amsnl   : csr
12-17 20:01:46.982  2852  2852 D StatusBar: No peeking: not in use: 0|com.huawei.health|10010|null|10099
12-17 20:01:48.945  2852  2852 D StatusBar: reusing notification for key: 0|com.huawei.health|10010|null|10099
12-17 20:02:17.807  1795  2668 D WifiP2pService: P2pEnabledState when=123379406 what=147461 arg1=0 arg2=0
12-17 20:02:50.017  1795  2670 D WifiController: wifiSleepPolicy:1
12-17 20:02:50.332  5224  5283 I Step_LSC: 20002302|REPORT : 4743 100231 3342 0
12-17 20:03:32.640  3626  3770 I LSC_903001011: process buffer and get message
12-17 20:03:54.510  2852  2852 D StatusBar: No peeking: not in use: 0|com.huawei.health|10010|null|10099
12-17 20:05:15.573 16354 16354 W System.err: 	at com.android.internal.os.ZygoteInit$MethodAndArgsCaller.run(ZygoteInit.java:941)
12-17 20:05:15.598  3626  3626 E PTM.FileNodeInfo: getTempInfo error: null, 0
12-17 20:05:21.333  1795  2323 E UsbDeviceManager: 	at java.io.FileInputStream.open(Native Method)
12-17 20:05:53.069  1795  2323 E UsbDeviceManager: java.io.FileNotFoundException: sys/class/hw_power/charger/charge_data/water_intrused (No such file or directory)
12-17 20:05:53.119  1795  2778 D Sensors : batch called handle:2 sample_ns:20000000 latency_ns:0
12-17 20:05:53.349  2852  2852 I PhoneStatusBar: notifyUiVisibilityChanged:vis=0x8008, SystemUiVisibility=0x8008
12-17 20:05:54.492  1795  2748 D HwAmbientLuxFilterAlgo: earliestValidTime + POWER_ON_BRIGHTENING_LIGHT_DEBOUNCE
12-17 20:05:55.256  2852  2852 D StatusBar: updateNotification(StatusBarNotification(pkg=com.huawei.health user=UserHandle{0} id=10010 tag=null key=0|com.huawei.health|10010|null|10099: Notification(pri=0 contentView=null vibrate=null sound=null defaults=0x0 flags=0x62 color=0x00000000 vis=PRIVATE)))
12-17 20:05:55.257  2852  2852 D HwCust  : Create obj success use class android.app.HwCustNotificationImpl
12-17 20:06:00.654  5224  5283 I Step_LSC: 20002302|MSG_RECORD_DATA_TO_FILE datas.size()=8406
12-17 20:06:00.828  5224  5283 I Step_DataCache: 20002302|getTodayTotalSteps 5076
12-17 20:06:00.881  2852  2852 I NotificationContentView: transferRemoteInputFocus: 0
12-17 20:06:02.644  5224  5283 I Step_DataCache: 20002302|getTodayTotalSteps 5080
12-17 20:06:05.696  2852  2852 I StatusBarIconView: updateTint: tint=0
12-17 20:07:07.570  3218  3218 E QtiImsExtUtils: getConfigForPhoneId phoneId is invalid
12-17 20:10:19.531  1795  2323 E UsbDeviceManager: 	at android.os.UEventObserver$UEventThread.run(UEventObserver.java:187)
12-17 20:10:19.569  2852  2852 D KeyguardUpdateMonitor: received broadcast android.intent.action.BATTERY_CHANGED
12-17 20:11:29.409 16354 21961 I HwSystemManager: HandlePowerStatistic:notificationShowJudger highWakeUpPkg = false
12-17 20:11:40.760  3382  3399 I SendBroadcastPermission: action:qualcomm.intent.action.ACTION_RAC_CHANGED, mPermissionType:0
12-17 20:11:40.966  2852  2852 I PanelBar: panelExpansionChanged 0.0, false
12-17 20:11:41.106  1795  1795 E qti_sensors_hal: read from oem info: x_offset=0.160831, y_offset=0.184366, z_offset=0.985027
12-17 20:11:41.241  1795  1808 V HwBroadcastQueue: trim and enqueue background Parallel:(7) Ordered:(2)(BroadcastRecord{bcc2f1e u-1 android.net.wifi.supplicant.STATE_CHANGE})
12-17 20:11:41.354  5224  5283 I Step_SharedPerferenceUtils: 20002302|setTodayTotalDetailSteps to Prefence todaySendorSteps=1481976600000##5640##173250##0##0##445237718
12-17 20:11:41.362  1795  1809 I WindowManager: updateRotationUnchecked(alwaysSendConfiguration=false)
12-17 20:11:41.413  1795 11746 W ActivityManager: getRunningAppProcesses: caller 10105 does not hold REAL_GET_TASKS; limiting output
12-17 20:11:41.416  1795  1806 W ActivityManager: getRunningAppProcesses: caller 10102 does not hold REAL_GET_TASKS; limiting output
12-17 20:11:41.589  5215  5215 D wpa_supplicant: WPS: attr type=0x103c len=1
12-17 20:11:41.590  5215  5215 D wpa_supplicant: WPS: attr type=0x103c len=1
12-17 20:11:41.590  5215  5215 D wpa_supplicant: WPS: attr type=0x1024 len=3
12-17 20:11:41.592  5215  5215 D wpa_supplicant: wlan0: Control interface command 'BSS RANGE=0- MASK=0x3029d87'
12-17 20:11:41.594  5215  5215 D wpa_supplicant: WPS: attr type=0x1044 len=1
12-17 20:11:41.596  5215  5215 D wpa_supplicant: WPS: attr type=0x1047 len=16
12-17 20:11:41.646  1795  2671 I ActivityManager_broadcast: Enqueueing ordered broadcast[background] BroadcastRecord{9db7c94 u-1 android.net.wifi.supplicant.STATE_CHANGE}: prev had 0
12-17 20:11:41.675  1795  2733 D WiFi_PRO_WifiProStateMachine: transition to mwifiSemiAutoEvaluateState, to evaluate ap
12-17 20:11:42.260  5215  5215 D wpa_supplicant: WPS: attr type=0x1054 len=8
12-17 20:11:42.263  5215  5215 E wpa_supplicant: bssid=b8:08:d7:e9:ab:88;freq=2412;level=-59;flags=11;ssid=HUAWEI-4CPQZB;
12-17 20:11:43.214  2852  2852 I PanelView: onTouchEvent::0, x=403.0, y=30.0
12-17 20:11:43.610  1795  6985 I HwActivityManagerService: Split enqueueing broadcast [callerApp]:ProcessRecord{506ad58 2852:com.android.systemui/u0a33}
12-17 20:11:43.716  1795  2670 D WifiService:  KeyMgmt: NONE Protocols:
12-17 20:11:43.720  5215  5215 D wpa_supplicant: CTRL-DEBUG: global_ctrl_sock-sendto: sock=16 sndbuf=229376 outq=0 send_len=3
12-17 20:11:43.727  5215  5215 D wpa_supplicant: wlan0: Control interface command 'GET_NETWORK 2 password'
12-17 20:11:43.753  1795  2671 D HwWifiStateMachine: isWifiProEvaluatingAP = true, mSelectedConfig isTempCreated = true
12-17 20:11:44.148  1795  2671 D HwPFWLogger: AutoStartupDataMgr:isUnderControll third party not in whitelist: com.huawei.gamebox
12-17 20:11:44.332  5215  5215 D wpa_supplicant: RSN: Flush PMKSA cache entry for 80:38:bc:0b:29:61
12-17 20:11:44.332  5215  5215 D wpa_supplicant: nl80211: Delete PMKID for 80:38:bc:0b:2b:e1
12-17 20:11:44.412  5215  5215 D wpa_supplicant: CTRL_IFACE monitor sent successfully to /data/misc/wifi/sockets/wpa_ctrl_1795-194\x00
12-17 20:11:44.525  5215  5215 D wpa_supplicant: p2p0: Shared frequencies (len=0): completed iteration
12-17 20:11:44.525  5215  5215 D wpa_supplicant: P2P: Update channel list
12-17 20:11:44.538  2852  2852 I QSPanel : onTileClick::state=BooleanState[,icon=ResourceIcon[resId=0x7f0201f5],label=移动数据,labelTint=0,textChangedDelay=0,contentDescription=移动数据,dualLabelContentDescription=null,minimalContentDescription=null,minimalAccessibilityClassName=android.widget.Switch,expandedAccessibilityClassName=android.widget.Switch,autoMirrorDrawable=false,disabledByPolicy=false,enforcedAdmin=null,value=false]
12-17 20:11:44.609  3218 13125 D PhoneInterfaceManager: [PhoneIntfMgr] getDataEnabled: subId=0 retVal=true
12-17 20:11:44.612  3218  3422 D PhoneInterfaceManager: [PhoneIntfMgr] getDataEnabled: subId=0 phoneId=0
12-17 20:11:44.774 22062 22062 I HwVPlayer: EMUIVerStartup: EmuiUtils.VERSION.EMUI_SDK_INT: 11
12-17 20:11:44.956  2883  2996 E HwSystemManager: SimCardMethod:/getSimCardInfo: imsi is null
12-17 20:11:45.187  7741  7741 I Mms_TXM_SVC: onStartCommand send EVENT_NEW_INTENT. service-id 1
12-17 20:11:45.345  2852  2852 D NetWorkUtils: is3GCalling is false,mCdmaSlot is -1
12-17 20:11:45.362  2852  2852 I HwSignalClusterView: getOrInflateState subId:0
12-17 20:11:45.384  2852  2852 D KeyEvent: obtain, mHwFlags=94
12-17 20:11:45.393   633   692 I eSpaceService: Thread-1521{6154} TcpCirChannel.connect(TcpCirChannel.java:219) Connect to server  address = [45.249.213.63,]  port = 7801
12-17 20:11:45.664  2852  2852 I PanelBar: collapsePanel:false
12-17 20:11:45.819  1795  1819 D Tethering: interfaceRemoved p2p0
12-17 20:11:45.855  2852  2852 I HwPhoneStatusBar: updateNotificationShade
12-17 20:11:45.928 22206 22206 I OUC_COTA: [main-1]SilentDownload onReceive, action is:huawei.android.intent.action.SILENTDOWNLOAD_ALARM(/SilentDownloadReceiver.java:25)
12-17 20:11:45.947 22206 22206 I OUC_COTA: [main-1]SilentDownloadService-- wifi start(/SilentDownloadService.java:75)
12-17 20:11:46.089 16354 22097 I HwSystemManager: PowerStatsHelper: adjustBackupgroundResult after origin uid: 10126, power: 0.09295833333333334, in sipper: 0.09295833333333334, cpuPowerMah: 0.15707850970026402, bgcpuPowerMah: 0.09295833333333334, cpuTime: 2910, fgCpuTime: 0
12-17 20:11:46.196   633   692 I eSpaceService: msg.recv{4490} TupHelper.configSip(TupHelper.java:975) getLocalIp = 10.6.111.33
12-17 20:11:46.237 16914 16914 E AppLogApi: checkPolicyOver true
12-17 20:11:46.342   633   692 I TCP     : msg.recv{4490} TcpClientThread.onRecv(TcpClientThread.java:515) TCP Msg 92TCP_OK
12-17 20:11:46.354 18407 22244 E AppLogApi: begin creatEventlogzip!
12-17 20:11:46.379 31949 31967 I ECS     : tcp.conn{4787} XmlMsg.encodeBuf(XmlMsg.java:215) SEND 100 bytes [16]_00_00_00_60_00_03_01_05_01_04_81_C9_00_00_00_00 cmdCode(CC_PCheckVersion.0x0501)msgType(MT_ARG.1)msgClass(MC_Push.5)sender(ST_Mobile.0)crypted(false)zipped(false)nobase64(true)length(96)version(3)sno(81C9)
12-17 20:11:46.446   633 31870 I SDK     : 
12-17 20:11:46.464   633 31870 I SDK     : <2016-12-17 20:11:46> [WARN] SDK: UE-SeC 2016-12-17 20:11:46:464 Level[WARN] magic[3362781472 684]:PubEvt_Close Getting a socket[193] from the Socket-table Failed!
12-17 20:11:46.477  1795  1806 D PowerManagerService: ready=true,policy=3,wakefulness=1,wksummary=0x1,uasummary=0x1,bootcompleted=true,boostinprogress=false,waitmodeenable=false,mode=true,manual=33,auto=-1,adj=0.0userId=0
12-17 20:11:46.717   633 31870 I SDK     : <2016-12-17 20:11:46> [WARN] SDK: UE-SeC 2016-12-17 20:11:46:717 Level[WARN] magic[3362781472 684]:PubEvt_Close Getting a socket[31] from the Socket-table Failed!
12-17 20:11:46.719   633 31870 I SDK     : <2016-12-17 20:11:46> [WARN] SDK: UE-SeC 2016-12-17 20:11:46:719 Level[WARN] magic[3362781472 684]:PubEvt_Close Getting a socket[48] from the Socket-table Failed!
12-17 20:11:46.729   633 31870 I SDK     : 
12-17 20:11:46.732  5224  5283 I Step_ExtendStepDataManager: 20002302|compensate 24699611 122
12-17 20:11:46.735   633 31870 I SDK     : <2016-12-17 20:11:46> [WARN] SDK: UE-SeC 2016-12-17 20:11:46:735 Level[WARN] magic[3362781472 684]:PubEvt_Close Getting a socket[162] from the Socket-table Failed!
12-17 20:11:46.741   633 31870 I SDK     : 
12-17 20:11:46.881  2852  2852 D HwCustMobileSignalControllerImpl: sub =0,strMccMnc =null,hashMccMnc =[],strPlmn =hw_mcc_mnc
12-17 20:11:47.842  2852  2852 I StatusBarIconView: updateTint: tint=0
12-17 20:11:48.559   633 31868 I SDK     : 
12-17 20:11:48.568   633 31869 I SDK     : <2016-12-17 20:11:48> [NOTICE] SDK: UE-SeC 2016-12-17 20:11:48:568 Level[NOTICE] magic[3367250208 2623]:FileSec: write app bundle id  = &5ߢ[@ñ?z]I= to file tail.
12-17 20:11:48.569   633 31869 I SDK     : 
12-17 20:11:49.844  2852  2852 I StatusBarIconView: updateTint: tint=0
12-17 20:11:49.922  1795  1806 I ActivityManager_activity: resumeTopActivityLocked: Skip resume: need to start pausing
12-17 20:11:49.926  3879  3879 I HwLauncher: Launcher onclick end
12-17 20:11:49.960  1795  1795 I NotificationManager: cancelNotification,index:-1
12-17 20:11:50.052  1795  6985 I MediaProcessHandler: playingUids: 
12-17 20:11:50.896  2852  2852 D HwCustMobileSignalControllerImpl: sub =0,strMccMnc =null,hashMccMnc =[],strPlmn =hw_show_4_5G_for_mcc
12-17 20:11:51.710  5224  5283 I Step_ExtendStepDataManager: 20002302|before compensate: cache step_5659
12-17 20:11:51.839  2852  2852 I NotificationContentView: transferRemoteInputFocus: 0
12-17 20:11:52.758 22280 22280 I MMDB    : Initialize JNI module (0/9) CursorWindow...
12-17 20:11:52.910  2852  2852 I HwSignalClusterView: getOrInflateState subId:0
12-17 20:11:53.808 22280 22280 I Adreno  : OpenGL ES Shader Compiler Version: XE031.09.00.03
12-17 20:11:53.907  1795  2750 D HW_DISPLAY_EFFECT: presently, hw_update_color_temp_for_rg_led interface not achieved.
12-17 20:11:54.829  5224  5283 I Step_DataCache: 20002302|getTodayTotalSteps 5665
12-17 20:11:55.967  1795  3225 E libteec : begin
12-17 20:11:56.044  1795  2750 D HW_DISPLAY_EFFECT: presently, hw_update_color_temp_for_rg_led interface not achieved.
12-17 20:11:56.815  3218 13036 I PhoneInterfaceManager: shouldBlockLocation  ret:false
12-17 20:11:59.773  1795  1795 I NotificationManager: enqueueNotificationInternal: n.getKey = 0|com.huawei.health|10010|null|10099
12-17 20:12:02.765  2852  2852 D HwCust  : Create obj success use class android.app.HwCustNotificationImpl
12-17 20:12:02.959  1795  3237 I ActivityManager_broadcast: collectReceiverComponents, callerApp: ProcessRecord{50e1a88 22280:com.tencent.mm:tools/u0a105}, intent:com.tencent.mm.plugin.report.service.KVCommCrossProcessReceiver, receiver size:1, flags: 10000400
12-17 20:12:03.555  3218  3536 E SharedPreferencesImpl: Couldn't create directory for SharedPreferences file /data/user_de/0/com.android.settings/shared_prefs/caStatePreferences.xml
12-17 20:12:03.560  2852  2852 I HwSystemIcons: onLayout:left=662, top=0, right=1056, bottom=72, offset=0
12-17 20:12:08.748  2852  2852 I StatusBarIconView: updateTint: tint=0
12-17 20:12:08.763  2852  2852 I StackScrollAlgorithm: updateDimmedActivatedHideSensitive overlap:false
12-17 20:12:09.753  2852  2852 I NotificationContentView: transferRemoteInputFocus: 0
12-17 20:12:10.321  2852  2852 I BadgedIconHelper: isCloneProcess = false
12-17 20:12:13.663  1795  3253 I HwActivityManagerService: Split enqueueing broadcast [callerApp]:ProcessRecord{580cfb2 5224:com.huawei.health:DaemonService/u0a99}
12-17 20:12:15.655  5224  5283 I Step_ExtendStepDataManager: 20002302|after compensate: cache step_5700
12-17 20:12:16.101  2852  2852 I StackScroller: generateAddAnimation:null, false
12-17 20:12:17.388  1795 16232 I NotificationManager: cancelNotificationWithTag pid 4492,uid = 10105,tag = null,pkg =com.tencent.mm,id =4097
12-17 20:12:18.531  5224  5224 I Step_LSC: 20002302|compensate received
12-17 20:12:19.627  2852  2852 I EventCenter: EventCenter Get :android.com.huawei.bone.NOTIFY_SPORT_DATA
12-17 20:12:21.537  1795  1825 I PowerManager_screenOn: DisplayPowerController updatePowerState mPendingRequestLocked=policy=BRIGHT, useProximitySensor=false, useProximitySensorbyPhone=true, screenBrightness=33, screenAutoBrightnessAdjustment=0.0, brightnessSetByUser=true, useAutoBrightness=true, blockScreenOn=false, lowPowerMode=false, boostScreenBrightness=false, dozeScreenBrightness=-1, dozeScreenState=UNKNOWN, useTwilight=false, useSmartBacklight=true, brightnessWaitMode=false, brightnessWaitRet=true, screenAutoBrightness=-1, userId=0
12-17 20:12:21.959  2852  2852 I ToggleSlider:  mSeekListener onProgressChanged progress:2453 fromUser:false
12-17 20:12:22.037  1795  2750 D HW_DISPLAY_EFFECT: presently, hw_update_color_temp_for_rg_led interface not achieved.
12-17 20:12:24.057  1795  2750 I HwLightsService: back light level before map = 375
12-17 20:12:24.276  2852  2852 I HwBrightnessController: onChange selfChange:false uri.toString():content://settings/system/screen_auto_brightness mIsObserveAutoBrightnessChange:true
12-17 20:12:25.019  1795  6985 V InputMethodManagerService: Client requesting input be hidden, pid=4492
12-17 20:12:27.513  1795  3884 V InputMethodManagerService: Client requesting input be hidden, pid=4492
12-17 20:12:29.405  1795  2750 D HW_DISPLAY_EFFECT: presently, hw_update_color_temp_for_rg_led interface not achieved.
12-17 20:12:31.466  5224  5283 I Step_ExtendStepDataManager: 20002302|before compensate: cache step_5726
12-17 20:12:33.165  2852  2852 I HwBrightnessController: onChange selfChange:false uri.toString():content://settings/system/screen_auto_brightness mIsObserveAutoBrightnessChange:true
12-17 20:12:33.219  2852  2852 I HwBrightnessUtils:  getSeekBarProgress isAutoMode:true current brightness:38 percentage:0.329359
12-17 20:12:35.544  2852  2852 D StepCounterView: onStepCounterChange stepsNum:5734
12-17 20:12:36.543  2852  2852 I NotificationGroupManager: onEntryAdded:0|com.huawei.health|10010|null|10099, group=0|com.huawei.health|10010|null|10099
12-17 20:12:37.587  2852  2852 I HwNotificationIconAreaController: showNotificationAll
12-17 20:12:37.589  2852  2852 I StackScrollAlgorithm: updateClipping isOverlap:false
12-17 20:12:38.415  5224  5283 I Step_DataCache: 20002302|getTodayTotalSteps 5737
12-17 20:12:38.537  2852  2852 I StatusBarIconView: updateTint: tint=0
12-17 20:12:44.554  1795 11747 V InputMethodManagerService: Client requesting input be hidden, pid=4492
12-17 20:12:44.559  1795  2381 D libfingersense_wrapper: fingersense_touch_up() finished
12-17 20:12:45.200 16354 16354 W System.err: 	at com.huawei.systemmanager.rainbow.comm.request.AbsRequest.processRequest(AbsRequest.java:13)
12-17 20:12:47.492  2852  2852 D HwCust  : Create obj success use class android.app.HwCustNotificationImpl
12-17 20:12:50.507  2852  2852 I HwNotificationIconAreaController: showNotificationAll
12-17 20:12:51.927  1795  2748 D lux trace:: [2.0/123479899, 6.0/123481024, 2.0/123481399, 7.0/123481752, 8.0/123482129, 7.0/123482860, 15.0/123483214, 17.0/123483946]
12-17 20:12:54.486  2852  2852 I HwNotificationIconAreaController: showNotificationAll
12-17 20:12:57.325  5224  5283 I Step_DataCache: 20002302|getTodayTotalSteps 5769
12-17 20:12:57.453  2852  2852 I StatusBarIconView: updateTint: tint=0
12-17 20:12:58.306  5224  5224 I Step_LSC: 20002302|compensate received
12-17 20:13:02.326  1795  3111 D PowerManagerService: Releasing suspend blocker "PowerManagerService.WakeLocks".
12-17 20:13:02.414  2852  2852 D StatusBar: updateNotification(StatusBarNotification(pkg=com.huawei.health user=UserHandle{0} id=10010 tag=null key=0|com.huawei.health|10010|null|10099: Notification(pri=0 contentView=null vibrate=null sound=null defaults=0x0 flags=0x62 color=0x00000000 vis=PRIVATE)))
12-17 20:13:03.067  1795  2748 D HwAmbientLuxFilterAlgo: t=123495326,BT=123496326,DT=123495111,BT1=123499326,DT1=123499111,Bn=false,Dn=true,lx=[5.0/123493819, 4.0/123494121, 5.0/123494423, 7.0/123494723, 6.0/123495024, 6.0/123495326],mLx=29.0,s=5.0,ss=0.6105393,AuIntervened=false,mProximityState=false,bLux=284.0,dLux=9.5,bLux1=284.0,dLux1=9.5
12-17 20:13:03.334  3218  3218 D QC_RIL_OEM_HOOK: Received Broadcast Intent ACTION_UNSOL_RESPONSE_OEM_HOOK_RAW
12-17 20:13:04.384  1795  1795 V NotificationService: disableEffects=null canInterrupt=false once update: false
12-17 20:13:05.066  1795  2750 D HW_DISPLAY_EFFECT: presently, hw_update_color_temp_for_rg_led interface not achieved.
12-17 20:13:08.211  1795  2750 D HW_DISPLAY_EFFECT: presently, hw_update_color_temp_for_rg_led interface not achieved.
12-17 20:13:08.385  2852  2852 I NotificationGroupManager: onEntryUpdated:0|com.huawei.health|10010|null|10099
12-17 20:13:10.387  2852  2852 D StatusBar: No peeking: unimportant notification: 0|com.huawei.health|10010|null|10099
12-17 20:13:13.393  2852  2852 I NotificationContentView: transferRemoteInputFocus: 0
12-17 20:13:15.024  1795  2380 I TransactionSponsor: Transact:getHwAdminCachedValue to device policy manager service.
12-17 20:13:15.218  5224  5283 I Step_ExtendStepDataManager: 20002302|compensate 24699613 27
12-17 20:13:15.441  1795  3139 I DisplayManagerService: stopWifiDisplayScanLocked mWifiDisplayScanRequestCount=0
12-17 20:13:15.885 16628 16638 I art     : Background sticky concurrent mark sweep GC freed 42119(1956KB) AllocSpace objects, 31(1168KB) LOS objects, 49% free, 3MB/7MB, paused 15.202ms total 45.277ms
12-17 20:13:17.076  1795  2381 I WindowManager: takeScreenshot cancelPendingScreenshotChordAction
12-17 20:13:17.314  1795  1825 W LightSensor: LightSensor, enable, 284: flags=0
12-17 20:13:17.854  2852  2852 W PanelView: set notification panel padding = 1675
12-17 20:13:17.931  1795  3253 I PGManagerService: proxyWakeLockByPidUid, pid: 17357, uid: 10029, proxy: false
12-17 20:13:18.215  2852  2925 I WeatherUtils: getCurrentWeatherInfo currentTemperature is :17.0 mWeatherIcon Id is: 33
12-17 20:13:18.238  2852  2852 W PanelView: set notification panel padding = 1675
12-17 20:13:31.702  2852  2852 I PhoneStatusBar: updateNotificationShade
12-17 20:13:32.823  1795  1808 I ActivityManager_broadcast: dispatch ordered broadcast [background] BroadcastRecord{b27390 u0 android.intent.action.LTE_CA_STATE}, has 1 receivers
12-17 20:13:32.832  3382  3399 I SendBroadcastPermission: action:qualcomm.intent.action.ACTION_RAC_CHANGED, mPermissionType:0
12-17 20:13:36.601  3382  3399 D QcrilMsgTunnelSocket: readRilMessage: Buffer = [B@204bb9f HexData = [010000000404000012000000514f454d484f4f4b1d04080002000000ffff]
12-17 20:14:31.789   633 31870 I SDK     : <2016-12-17 20:14:31> [WARN] SDK: UE-SeC 2016-12-17 20:14:31:789 Level[WARN] magic[3362781472 684]:PubEvt_Close Getting a socket[99] from the Socket-table Failed!
12-17 20:14:31.796   633 31870 I SDK     : <2016-12-17 20:14:31> [WARN] SDK: UE-SeC 2016-12-17 20:14:31:796 Level[WARN] magic[3362781472 684]:PubEvt_Close Getting a socket[139] from the Socket-table Failed!
12-17 20:14:32.061   633 31868 I SDK     : 
12-17 20:14:32.123  2852  2852 D HwCust  : Create obj success use class android.app.HwCustNotificationImpl
12-17 20:14:32.473  1795 20747 I NotificationManager: enqueueNotificationInternal: pkg=com.huawei.health id=10010 notification=Notification(pri=0 contentView=null vibrate=null sound=null defaults=0x0 flags=0x2 color=0x00000000 vis=PRIVATE)
12-17 20:14:33.340  5224  5224 I Step_LSC: 20002302|onStandStepChanged 67322
12-17 20:14:34.446  2852  2852 I StatusBar: onNotificationPosted: StatusBarNotification(pkg=com.huawei.health user=UserHandle{0} id=10010 tag=null key=0|com.huawei.health|10010|null|10099: Notification(pri=0 contentView=null vibrate=null sound=null defaults=0x0 flags=0x62 color=0x00000000 vis=PRIVATE)) important=2, post=1481976874442, when=1481531589202, vis=0, userid=0
12-17 20:14:35.857   633   692 I eSpaceService: msg.recv{4490} TupHelper.configSip(TupHelper.java:975) getLocalIp = 10.6.111.33
12-17 20:14:35.926  2852  2852 I HwDateUtils:  formatChinaDateTime equals.
12-17 20:14:35.944  2852  2852 I StackScrollAlgorithm: updateClipping isOverlap:false
12-17 20:14:35.990   633   692 I eSpaceService: pool-1-thread-1{4483} BaseBroadcast.sendBroadcast(BaseBroadcast.java:131) no receiver for action#com.huawei.espace.service.setstatus
12-17 20:14:37.977   633   692 I ECS     : msg.recv{4490} XmlMsg.decodeBuf(XmlMsg.java:237) RECV 112 bytes [12]_00_03_02_06_0E_05_87_76_4D_69_10_D4 cmdCode(CC_ReqCircleState.0x060E)msgType(MT_ACK.2)msgClass(MC_FriendsCircle.6)sender(ST_Mobile.0)crypted(true)zipped(false)nobase64(true)length(108)version(3)sno(8776)
12-17 20:14:40.380  2852  2852 I NotificationContentView: transferRemoteInputFocus: 0
12-17 20:15:42.752   633 31870 I SDK     : 
12-17 20:15:42.791   633 31870 I SDK     : <2016-12-17 20:15:42> [WARN] SDK: UE-SeC 2016-12-17 20:15:42:791 Level[WARN] magic[3362781472 684]:PubEvt_Close Getting a socket[220] from the Socket-table Failed!
12-17 20:15:43.058   633 31875 I SDK     : 
12-17 20:15:43.114  2852  2852 D StatusBar: updateNotification(StatusBarNotification(pkg=com.huawei.health user=UserHandle{0} id=10010 tag=null key=0|com.huawei.health|10010|null|10099: Notification(pri=0 contentView=null vibrate=null sound=null defaults=0x0 flags=0x62 color=0x00000000 vis=PRIVATE)))
12-17 20:15:45.133  5224  5283 I Step_HSNH: 20002302|upDateHealthNotification()|130|4.32|6063
12-17 20:15:45.747   633   692 I eSpaceService: LoginThread{6171} LoginThread.doinLoop(LoginC.java:867) Login_By_Step-> Thread is begin   6171
12-17 20:15:45.750   816 22782 D DnsProxyListener: GetAddrInfoHandler addr: uc.huawei.com {307, 917811, 10102} 45.249.213.63
12-17 20:15:46.006  5224  5283 I Step_DataCache: 20002302|getTodayTotalSteps 6063
12-17 20:15:46.915   633   692 I eSpaceService: pool-1-thread-1{4483} BaseBroadcast.sendBroadcast(BaseBroadcast.java:131) no receiver for action#com.huawei.espace.service.setstatus
12-17 20:15:46.929  1795  2665 D NetdConnector: RCV <- {200 11717 Firewall command succeeded}
12-17 20:15:47.000   633   692 I Hw_Fluent: RecentLogic{4456} RecentLogic.addConversationEntity(RecentLogic.java:906) add chat recent!
12-17 20:15:49.120  5224  5283 I Step_DataCache: 20002302|getTodayTotalSteps 6070
12-17 20:15:51.069  2852  2852 I StackScrollAlgorithm: updateDimmedActivatedHideSensitive overlap:false
12-17 20:15:58.160  1795  2323 E UsbDeviceManager: 	at com.android.server.usb.UsbDeviceManager$2.onUEvent(UsbDeviceManager.java:328)
12-17 20:16:52.613  7194 22797 I PushLog2824: [SocketRead_20:15:46-13228]total connect Time:65534 process quit, so close socket(android/null:-1)
12-17 20:16:52.626   633 31870 I SDK     : 
12-17 20:16:52.637   633 31870 I SDK     : <2016-12-17 20:16:52> [WARN] SDK: UE-SeC 2016-12-17 20:16:52:637 Level[WARN] magic[3362781472 684]:PubEvt_Close Getting a socket[42] from the Socket-table Failed!
12-17 20:16:52.642   633 31870 I SDK     : 
12-17 20:16:52.658   633 31870 I SDK     : <2016-12-17 20:16:52> [WARN] SDK: UE-SeC 2016-12-17 20:16:52:658 Level[WARN] magic[3362781472 684]:PubEvt_Close Getting a socket[155] from the Socket-table Failed!
12-17 20:16:52.948   633 31868 I SDK     : <2016-12-17 20:16:52> [NOTICE] SDK: UE-SeC 2016-12-17 20:16:52:948 Level[NOTICE] magic[3365677344 2549]:Send switch tunnel msg ok,mode is [3],now mode is[1]!
12-17 20:16:52.949  2852  2852 W AppHandler: sendMessage 4
12-17 20:17:57.852  1795  2323 E UsbDeviceManager: 	at android.os.UEventObserver$UEventThread.run(UEventObserver.java:187)
12-17 20:17:57.932   633 31870 I SDK     : <2016-12-17 20:17:57> [WARN] SDK: UE-SeC 2016-12-17 20:17:57:932 Level[WARN] magic[3362781472 684]:PubEvt_Close Getting a socket[156] from the Socket-table Failed!
12-17 20:17:58.207   633 31868 I SDK     : 
12-17 20:17:58.452  2852  2852 I NotificationContentView: transferRemoteInputFocus: 0
12-17 20:18:52.573  1795  1809 I PowerManager_screenOn: waitForAllWindowsDrawn  cover is open or null
12-17 20:18:52.788   835  2385 E libteec : begin
12-17 20:18:52.800  2852  2852 I NotificationGroupManager: collapseAllGroups:
12-17 20:18:52.818   835  2385 E libteec : receive data len = 128
12-17 20:18:52.934  2852  2852 I StackScrollAlgorithm: state.clipTopAmount:299, i:0
12-17 20:18:52.949  3879  3879 I HwLauncher: Launcher  Launcher hot start cost 52 ms
12-17 20:18:53.014  2852  2852 I BarTransitions.HwNavigationBarView: transitionTo: mode=MODE_TRANSLUCENT, animate=false
12-17 20:18:53.029  2852  2852 D HwCustMobileSignalControllerImpl: isCurrentBySim()=false
12-17 20:18:53.275 16628 16649 I TotemWeather: ThirdLocation:Third locaiton is enable
12-17 20:18:53.400  1795  2376 I HwActivityManagerService: keyAppBroadcastQueueForIntent intent Intent { act=ALARM_ACTION(4634) flg=0x14 (has extras) } on bgkeyapp queue
12-17 20:18:54.276  2852  2852 I StackScrollAlgorithm: updateClipping isOverlap:true
12-17 20:18:54.540   606  2379 E libteec : QSEECom_send_cmd return!
12-17 20:18:54.560   835  2385 E libteec : receive data len = 192
12-17 20:18:54.603   835  2385 E libteec : receive data len = 192
12-17 20:18:54.918   835  2385 E libteec : begin
12-17 20:18:54.972   835  2385 E libteec : begin
12-17 20:18:55.038   606  2379 E libteec : qsc_send_cmd finish
12-17 20:18:55.068   835  2385 E libteec : begin
12-17 20:18:55.608  3879  4071 D HwLauncher: Launcher.LauncherProvider  launcher-restore query - uri:content://com.huawei.android.launcher.settings/badge
12-17 20:18:56.576  5224  5283 I Step_DataCache: 20002302|getTodayTotalSteps 6238
12-17 20:18:56.691  2852  2852 D StatusBar: applyInPlace=true shouldPeek=false alertAgain=true
12-17 20:19:04.239  2852  2852 I HeadsUpManager: removeHeadsUpEntry: 0|com.tencent.mm|4097|null|10105
12-17 20:19:04.275  2852  2852 I StackScrollAlgorithm: state.clipTopAmount:299, i:0
12-17 20:19:04.612  1795  3110 I HwActivityManagerService: Split enqueueing broadcast [callerApp]:ProcessRecord{5299443 4690:com.baidu.input_huawei/u0a74}
12-17 20:19:06.802  2852  2852 D NetWorkUtils: mVSimCurCardType is -1
12-17 20:19:07.564  2852  2852 D HwCustMobileSignalControllerImpl: isCurrentBySim()=false
12-17 20:19:08.464  3879  4071 I HwLauncher: Launcher.Utilities  unread scaledHeight = 55;sBigIconSize = 175
12-17 20:19:10.601  2852  2852 I HwSignalClusterView: getOrInflateState subId:0
12-17 20:19:29.393  5224  5283 I Step_DataCache: 20002302|getTodayTotalSteps 6245
12-17 20:19:29.514  1795  1795 I NotificationManager: enqueueNotificationInternal: n.getKey = 0|com.huawei.health|10010|null|10099
12-17 20:19:29.952  2852  2852 D HwCustMobileSignalControllerImpl: isCurrentBySim()=false
12-17 20:19:30.490  5224  5283 I Step_HSNH: 20002302|rebuild notification
12-17 20:19:32.376  5224  5283 I Step_DataCache: 20002302|getTodayTotalSteps 6249
12-17 20:19:32.950  2852  3556 D NetworkController.MobileSignalController(0): mSimSubId:0 onDataActivity: direction=3
12-17 20:19:32.965  2852  2852 I HwSignalClusterView: getOrInflateState subId:0
12-17 20:19:34.350  4492  4492 W CfgFilePolicy: CFG_DIRS length : 9
12-17 20:19:39.568  1795  2323 E UsbDeviceManager: 	at android.os.FileUtils.readTextFile(FileUtils.java:267)
12-17 20:19:39.610  2852  2852 V KeyguardUpdateMonitor: *** register callback for com.android.keyguard.KeyguardMessageArea$2@a2fd52b
12-17 20:19:39.763  2852  2852 D TintTextView: #B3FFFFFF com.android.systemui.tint.TintTextView{88b1de7 V.ED..... ......I. 0,11-144,60 #7f14004e app:id/msim_status_bar_operators_card_one_id}
12-17 20:19:55.720  2852  2852 W AppHandler: sendMessage 4
12-17 20:19:56.283  2852  2852 I StackScrollAlgorithm: updateDimmedActivatedHideSensitive overlap:false
12-17 20:20:00.675  2852  2852 V KeyguardUpdateMonitor: RefreshBatteryInfo isBatteryLow: 77
12-17 20:20:11.423  2852  2852 I PhoneStatusBar: updateNotificationShade
12-17 20:20:11.754  1795  2778 I SendBroadcastPermission: action:android.intent.action.SIG_STR, mPermissionType:0
12-17 20:20:21.155  1795  2323 E UsbDeviceManager: java.io.FileNotFoundException: sys/class/hw_power/charger/charge_data/water_intrused (No such file or directory)
12-17 20:20:47.682  1795  3247 I HwActivityManagerService: keyAppBroadcastQueueForIntent intent Intent { act=com.tencent.mm.ACTION.note_tracemsg_lock flg=0x10 (has extras) } on bgkeyapp queue
12-17 20:20:48.219  2852  2852 I StatusBarIconView: updateTint: tint=1
12-17 20:20:51.006  3879  4071 I HwResourcesImpl: load icon id : 7f020360, pkgName : com.tencent.mm
12-17 20:20:56.454  7194  7208 I PushLog2824: [ReceiverDispatcher-336]resetBastet(android/null:-1)
12-17 20:22:06.932  1795  2665 D NetdConnector: RCV <- {613 IfaceClass idle 0 445863293158314}
12-17 20:22:09.872  1795 16499 D HWPowerManger_JNI: Surport 3 dimension color temperature.
12-17 20:22:09.882  1795  1825 I PowerManager_screenOn: KeyguardServiceDelegate  onScreenTurnedOn(showListener = com.android.server.policy.PhoneWindowManager$3@bf53b21)
12-17 20:22:10.032   606  2379 E libteec : send data return = 128
12-17 20:22:10.144  2852  2852 D TimeKeeper: getTimeTickInfo:[mMillisUntilFinished:0, mHour:0, mMinute:0, mSecond:0]
12-17 20:22:10.173   835  2385 E libteec : begin
12-17 20:22:10.218  1795 16499 D PowerManagerService: Releasing suspend blocker "PowerManagerService.WakeLocks".
12-17 20:22:10.380  1795 15988 I HwActivityManagerService: Split enqueueing broadcast [callerApp]:ProcessRecord{34bf34f 0:system/1000}
12-17 20:22:10.430  1795  3975 E LocSvc_libulp: I/===> int ulp_dr_stop_engine() line 235 
12-17 20:22:10.450   633 31868 I SDK     : 
12-17 20:22:10.482   633 31870 I SDK     : 
12-17 20:22:10.501   633 31870 I SDK     : 
12-17 20:22:10.504   633 31870 I SDK     : <2016-12-17 20:22:10> [WARN] SDK: UE-SeC 2016-12-17 20:22:10:504 Level[WARN] magic[3362781472 684]:PubEvt_Close Getting a socket[96] from the Socket-table Failed!
12-17 20:22:10.561   633 31870 I SDK     : <2016-12-17 20:22:10> [WARN] SDK: UE-SeC 2016-12-17 20:22:10:561 Level[WARN] magic[3362781472 684]:PubEvt_Close Getting a socket[172] from the Socket-table Failed!
12-17 20:22:10.700  2852  2852 I HwSignalClusterView: getOrInflateState subId:0
12-17 20:22:10.716  2852  2852 D HwCustMobileSignalControllerImpl: sub =0,strMccMnc =null,hashMccMnc =[],strPlmn =hw_hspap_show_4g
12-17 20:22:10.727  3858  4126 I amsnl   : m1: false
12-17 20:22:10.779   633   692 I TCP     : tcp.conn{4485} TcpClientThread.connectSocket(TcpClientThread.java:349) connecting max 30000ms to 45.249.213.63:7801
12-17 20:22:10.925   633 23218 I SDK     : 
12-17 20:22:10.925   633 23218 I SDK     : <2016-12-17 20:22:10> [NOTICE] SDK: UE-SeC 2016-12-17 20:22:10:925 Level[NOTICE] magic[2484013344 1146]:KeySpace : Begin to get user info
12-17 20:22:10.933   633 23218 I SDK     : <2016-12-17 20:22:10> [NOTICE] SDK: UE-SeC 2016-12-17 20:22:10:933 Level[NOTICE] magic[2484013344 1541]:FSM_Tool_Tree_Enc_Path =>Access [/mnt/sdcard/sandbox/AnyOfficeSDK/sdk/QDJ7lEGuRlJb2r2mqrSExBTDjN4QhUgEPVptBL0HnX4=] real path  ok 
12-17 20:22:14.316  1795  2377 I AwareLog: AwareMem_EventTracker: [POLLING_TIMEOUT_123619264] is abandoned for memory 847020
12-17 20:22:17.477  1795  2381 D libfingersense_wrapper: Calling fingersense_classify_touch()
12-17 20:22:19.719  1795  1795 I MQoS    : received cell-signal:5
12-17 20:22:21.471  2852  2852 I HwSignalClusterView: apply hwPhoneState.mSubId:0 anyMobileVisible:false mIsAirplaneMode:false, mobileGroupVisible=true
12-17 20:22:24.834  5224  5224 I Step_LSC: 20002302|onStandStepChanged 67694
12-17 20:22:25.745  2852  2852 D HwCustMobileSignalControllerImpl: isCurrentBySim()=false
12-17 20:22:25.749  2852  2852 I HwSignalClusterView: setMobileDataIndicatorsHuawei subId:0 visible:true strengthIcon:2130839311 typeIcon:2130839197 contentDescription:手机信号满格。 typeContentDescription:LTE isTypeIconWide:true showActivity:true activityIn:false activityOut:false isRoaming:false
12-17 20:22:28.211  1795  2380 I PowerManager_screenOn: PowerManagerNotifier onUserActivity: event=2, uid=1000
12-17 20:22:31.521  3858  4126 I amsnl   : t:false, fl: false, p: 2147483647000, ce: true, we: false
12-17 20:22:32.495  2852  2914 I SimCardMethod: isCardAbsent slot:0 slotState:5
12-17 20:22:32.501  2852  2852 D HwCustMobileSignalControllerImpl: sub =0,strMccMnc =null,hashMccMnc =[],strPlmn =hw_show_4_5G_for_mcc
12-17 20:22:32.502  2852  2852 D HwCustMobileSignalControllerImpl: isCurrentBySim()=false
12-17 20:22:32.504  2852  2852 I HwSignalClusterView: getOrInflateState subId:0
12-17 20:22:33.700  2852  3556 I HwNetworkControllerImpl: onReceive: action = android.intent.action.LTE_CA_STATE
12-17 20:22:44.597  2852  2852 I HwMobileSignalController: notifyListenerHuawei::origin typeIcon:2130839197 icons.mName:4GPLUS isSuspend:false, showDataIcon=true, dataConnected=true, isRoaming=false
12-17 20:22:45.092   802   802 E Thermal-daemon: [Thermal_Hw] temperature_valid, battery : temperature is invalid, invalid temperatrue is 27
12-17 20:22:53.273  2852  2852 I HwBrightnessUtils:  getSeekBarProgress isAutoMode:true current brightness:99 percentage:0.5828855
12-17 20:22:53.603  2852  2852 I HwBrightnessController: updateSlider2 seekBarProgress:5656
12-17 20:22:54.508  1795  2750 D HW_DISPLAY_EFFECT: presently, hw_update_color_temp_for_rg_led interface not achieved.
12-17 20:22:54.912  2852  2852 I ToggleSlider:  mSeekListener onProgressChanged progress:4919 fromUser:false
12-17 20:22:55.136  1795  2750 D HW_DISPLAY_EFFECT: presently, hw_update_color_temp_for_rg_led interface not achieved.
12-17 20:22:55.625  2852  2852 I ToggleSlider:  mSeekListener onProgressChanged progress:4474 fromUser:false
12-17 20:22:56.154  2852  2852 I ToggleSlider:  mSeekListener onProgressChanged progress:4126 fromUser:false
12-17 20:23:02.549  3879  4071 I HwLauncher: BadgeContentObserver  getBadgeNumber: 0 mComponentName :ComponentInfo{com.tencent.mm/com.tencent.mm.ui.LauncherUI}
12-17 20:23:03.187  2852  2852 D HwCustMobileSignalControllerImpl: sub =0,strMccMnc =null,hashMccMnc =[],strPlmn =hw_customized_networkType_entry
12-17 20:23:06.340  2852  2852 D NetWorkUtils: mVSimCurCardType is -1
12-17 20:23:06.717  1795  1795 I NotificationManager: enqueueNotificationInternal: n.getKey = 0|com.huawei.health|10010|null|10099
12-17 20:23:17.574  3858  4126 I amsnl   : t:false, fl: false, p: 2147483647000, ce: true, we: false
12-17 20:23:18.554  5224  5283 I Step_DataCache: 20002302|getTodayTotalSteps 6340
