12-17 23:23:58.905  1046  2703 V APM_AudioPolicyManager: getOutput() device 2, stream 5, samplingRate 0, format 0, channelMask 3, flags 0
12-17 23:23:58.924  1046  1125 V msm8916_platform: platform_get_output_snd_device: enter: output devices(0x2)
12-17 23:23:59.866  3879  4071 D HwLauncher: Launcher.LauncherProvider  launcher-restore query - uri:content://com.huawei.android.launcher.settings/badge
12-17 23:24:02.530   835  2385 D fpc_fingerprint_hal: wait_finger_down, took 103648 ms
12-17 23:24:02.547  1795 11745 D PowerManagerService: acquire lock=209574572, flags=0x1, tag="wake-and-unlock wakelock", name=com.android.systemui, ws=null, uid=10033, pid=2852
12-17 23:24:03.271  1795  1825 I WindowManager: waitForKeyguardDismissDone there is no keyguard.
12-17 23:24:03.289  1046  2704 I APM_AudioPolicyManager: getOutput() device 2, stream 1, samplingRate 0, format 0, channelMask 3, flags 0
12-17 23:24:03.291  1046  1046 I APM_AudioPolicyManager: getNewOutputDevice() selected device 2
12-17 23:24:03.313  1046  1125 D ACDB-LOADER: ACDB -> send_asm_topology
12-17 23:24:03.313  1046  1125 D ACDB-LOADER: ACDB -> ACDB_CMD_GET_AUDPROC_STREAM_TOPOLOGY_ID
12-17 23:24:03.489  1795  2734 D WifiProStatisticsManager: msg Loop is running.
12-17 23:24:03.572  3626  3626 E PTM.FileNodeInfo: getTempInfo error: null, 0
12-17 23:24:03.588  5224  5283 I Step_LSC: 20002302|calculateCaloriesWithCache totalCalories=217671
12-17 23:24:04.417   633 11279 I SDK     : <2016-12-17 23:24:04> [NOTICE] SDK: UE-SeC 2016-12-17 23:24:4:417 Level[NOTICE] magic[2330904864 1896]:AnyOffice_IsTunnelAvailable: TLS Tunnel is available!
12-17 23:24:04.700  1795  3111 I ActivityManager_broadcast: collectReceiverComponents, callerApp: ProcessRecord{5ab4fa6 25103:com.tencent.mm:push/u0a105}, intent:null, receiver size:1, flags: 10000400
12-17 23:24:05.648  3879  3894 I HwLauncher: ProviderCallUtils callBadge isCloned = false
12-17 23:24:06.076  1795 11306 D PowerManagerService: ready=true,policy=3,wakefulness=1,wksummary=0x0,uasummary=0x1,bootcompleted=true,boostinprogress=false,waitmodeenable=false,mode=true,manual=33,auto=-1,adj=0.0userId=0
12-17 23:24:13.170  3626  4889 E PTM.FileNodeInfo: getTempInfo error: null, 0
12-17 23:24:14.566  4690  4690 I HwPointEventFilter: do not support AFT because of no config
12-17 23:24:15.507  2852  2914 I HwMobileSignalController: subId:0 phoneType:1 networktype:13 targetClass:3 masterLevel:4 slaveLevel:-1
12-17 23:24:19.212   802   802 E Thermal-daemon: [Thermal_Hw] temperature_filter: get invalid temperature, use old temp
12-17 23:24:19.554  4492  4492 I 2DSDR   : APS: 2DSDR: AbsListView.FlingRunnable.endFling, we will clear SDR ratio
12-17 23:24:21.505  3858  4126 I amsnl   : c: true, w: false, t: false, l: false
12-17 23:24:21.905   633   692 I eSpaceService: Watch Thread{4481} LoginC.doWatch(LoginC.java:1459) Login_By_Step-> watch count =  0
12-17 23:24:22.167  1795  2380 D PowerManagerService: userActivityNoUpdateLocked: eventTime=131350468, event=2, flags=0x0, uid=1000
12-17 23:24:28.176  4690  4690 V InputMethodService: Showing window: showInput=true mShowInputRequested=true mWindowAdded=true mWindowCreated=true mWindowVisible=true mInputStarted=true mShowInputFlags=1
12-17 23:24:28.997  3626  3626 E PTM.FileNodeInfo: getTempInfo error: null, 0
12-17 23:24:29.801  1795  2380 I PowerManager_screenOn: PowerManagerNotifier onUserActivity: event=2, uid=1000
12-17 23:24:36.818  2852  3556 D NetworkController.MobileSignalController(0): mSimSubId:0 onDataActivity: direction=4
12-17 23:24:44.243   802   802 E Thermal-daemon: [ap] temp_new :30  temp_old :29
12-17 23:24:48.875  2852  2852 D NetWorkUtils: mVSimCurCardType is -1
12-17 23:25:03.406   633 31870 I SDK     : <2016-12-17 23:25:03> [WARN] SDK: UE-SeC 2016-12-17 23:25:3:406 Level[WARN] magic[3362781472 684]:PubEvt_Close Getting a socket[19] from the Socket-table Failed!
12-17 23:25:03.408  2852  2852 D HwCustMobileSignalControllerImpl: isCurrentBySim()=false
12-17 23:25:03.409   633 31870 I SDK     : 
12-17 23:25:03.413   633 31870 I SDK     : 
12-17 23:25:03.437   633 31870 I SDK     : <2016-12-17 23:25:03> [WARN] SDK: UE-SeC 2016-12-17 23:25:3:437 Level[WARN] magic[3362781472 684]:PubEvt_Close Getting a socket[206] from the Socket-table Failed!
12-17 23:25:06.406   633 11410 I SDK     : 
12-17 23:25:07.472  1795 16501 I AlarmManager: remove(PendingIntent{d5ed577: PendingIntentRecord{7f86237 com.huawei.espacev2 broadcastIntent}}) changed bounds; rebatching
12-17 23:25:07.493   633   692 W eSpaceService: msg.recv{4490} LightAppCache.reloadLappFromDB(LightAppCache.java:126) <<< WARN(5) >>> Have data in light app cache!
12-17 23:25:09.033  1795  2750 D HW_DISPLAY_EFFECT: presently, hw_update_color_temp_for_rg_led interface not achieved.
12-17 23:25:13.308  2852  2852 D KGWallpaper_Magazine: getNextIndex: 1; from 26 to 27; size: 44
12-17 23:25:13.308  2852  2852 W KGWallpaper_Magazine: loadPic: 1
12-17 23:25:13.321   606  2379 E libteec : receive data len = 128
12-17 23:25:13.356   835  2385 E libteec : qsc_decode end
12-17 23:25:13.747  2852  2852 V MagazineUtils: Is User Assigned Wallpaper? : 0  false
12-17 23:25:13.781  1795  1795 I NotificationManager: updateLightsLocked,mInCall =false,mScreenOn = false,ledNotification == null?true
12-17 23:25:13.850  1795  3237 D PowerManagerService: Releasing suspend blocker "PowerManagerService.WakeLocks".
12-17 23:25:13.979  1795  3225 D PowerManagerService: Releasing suspend blocker "PowerManagerService.WakeLocks".
12-17 23:25:16.839  1795  5350 I TrafficMonitor: getStatic,count:0,work status:false
12-17 23:25:18.483  2852  2852 I TrafficPanelViewContent: onShowStatusChange show:false
12-17 23:25:19.474  3782 11433 V AudioManager: isMusicActive...
12-17 23:25:19.893   633 31867 I SDK     : 
12-17 23:25:34.331  3180  3332 I SensorState: addSensor,mHandles:{20=1}
12-17 23:25:34.583  2852  2852 V KeyguardUpdateMonitor: *** unregister callback for com.android.keyguard.EmergencyButton$1@164506e
12-17 23:25:34.678  1795  6988 I NotificationManager: Marking notification as seen 0|com.huawei.health|10010|null|10099
12-17 23:25:34.724  2883  3125 I HwSystemManager: StartupResidentService:InnerHandler Message:7
12-17 23:25:34.827   835  2385 E libteec : receive data len = 128
12-17 23:25:34.883  1795  2396 D PowerManagerService: ready=true,policy=3,wakefulness=1,wksummary=0x1,uasummary=0x1,bootcompleted=true,boostinprogress=false,waitmodeenable=false,mode=true,manual=33,auto=-1,adj=0.0userId=0
12-17 23:25:34.956   835  2385 D fpc_fingerprint_hal: workerFunction STATE_NAVIGATION
12-17 23:25:35.916   633 11471 E SDK     : <2016-12-17 23:25:35> [ERR] SDK: UE-SeC 2016-12-17 23:25:35:916 Level[ERR] magic[2317154592 10969]:FSM_Tool_LibcAccess ==> call access err path:</mnt/sdcard/sandbox/AnyOfficeSDK/sdk/cffb628ad277b3e98d6e9ae9dceca2a7_AnyOfficeSDKMDMResult>, errno:<2>
12-17 23:25:36.251  2852  2852 I TintImageView: onTouchEvent: code=4, action=1, event=MotionEvent { action=ACTION_UP, actionButton=0, id[0]=0, x[0]=26.0, y[0]=119.0, toolType[0]=TOOL_TYPE_FINGER, buttonState=0, metaState=0, flags=0x0, edgeFlags=0x0, pointerCount=1, historySize=0, eventTime=131424559, downTime=131424435, deviceId=10, source=0x1002 }
12-17 23:25:36.731  1795  2377 I AwareLog: AwareMem_EventTracker: [POLLING_TIMEOUT_131425040] is abandoned for memory 837776
12-17 23:25:41.051  1795  3121 V HwWindowManagerService: setFocusedApp update app ops, mTaskChanged set to:false
12-17 23:25:41.125  4492  4492 D HwCust  : Create obj success use class android.app.HwCustActivityImpl
12-17 23:25:41.515  1795  6986 D WindowManager: ACTIVITY check resid: com.tencent.mm, size=0
12-17 23:25:43.749  4492  4492 I 2DSDR   : APS: 2DSDR: AbsListView.FlingRunnable.run(), SDR ratio = 1.0, layer height = 1920, scroll view height = 1590
12-17 23:25:45.916  2852  2852 I HwSignalClusterView: apply hwPhoneState.mSubId:0 anyMobileVisible:false mIsAirplaneMode:false, mobileGroupVisible=true
12-17 23:25:46.911  2852  2852 I HwSignalClusterView: apply hwPhoneState.mSubId:0 anyMobileVisible:false mIsAirplaneMode:false, mobileGroupVisible=true
12-17 23:25:52.943  2852  2852 D NetWorkUtils: is3GCalling is false,mCdmaSlot is -1
12-17 23:25:52.945  1795 11746 I PowerManager_screenOn: HwPhoneWindowManager has intercept Key : 4, isdown : false, flags : 72
12-17 23:25:58.646  2883  3936 I HwSystemManager: RemainingTimeSceneHelper:updateTimeSceneData ,deltaRmCapacity= 0.0 deltaTimeStamp=820191 timestamp_temp= 1481987538455
12-17 23:25:58.797  3168 11517 D HwRepairHelper: update()   updated:  00
12-17 23:25:58.799  3168  3369 E CHR_CenumENCSubEventId: set ordinal Value failed! name is not in the enum map, name = ChrVolteStatisticInfo
12-17 23:25:58.820  3168 11522 D HwRepairHelper: update()   updated:  00
12-17 23:25:58.849  3168  3370 I CHR_ChrUtil: is Beta User, userType = 3
12-17 23:26:00.132  2852  2852 D DateTimeView: Change to single clock mode!
12-17 23:26:01.262  3858  4126 I amsnl   : csr
12-17 23:26:01.815  2852  2914 I SimCardMethod: isCardAbsent slot:0 slotState:5
12-17 23:26:21.484  1795  2750 D HW_DISPLAY_EFFECT: presently, hw_update_color_temp_for_rg_led interface not achieved.
12-17 23:26:21.616  1795  1825 D DisplayPowerController: Animating brightness: target=6, rate=40
12-17 23:26:24.668  1795  2396 I HwActivityManagerService: keyAppBroadcastQueueForIntent intent Intent { act=com.tencent.mm.ui.ACTION_DEACTIVE flg=0x10 (has extras) } on bgkeyapp queue
12-17 23:26:24.795  2852  2852 I BitmapUtils: 	at com.huawei.keyguard.support.magazine.MagazineWallpaper$3.onMagazinePicLoaded(MagazineWallpaper.java:733)
12-17 23:26:24.827  1795  1825 I WindowManger_keyguard: Screen turned off...
12-17 23:26:25.186  3168  3168 I CHR_TelStatusListenr1: [Timer serviceState:1 simReady:false] suspend
12-17 23:26:25.246  3180  4303 I AwareLog: MemoryRecoveryDMEPlugin: reportScene typeId = 2002
12-17 23:26:25.568  1795  2665 D NetdConnector: RCV <- {613 IfaceClass active 0 456921927196551 10105}
12-17 23:26:26.260  1046  1125 V msm8916_platform: platform_set_parameters: exit with code(0)
12-17 23:26:26.264  1046  1125 I msm8916_platform: platform_check_codec_backend_cfg:becf: afe: Codec selected backend: 0 current bit width: 16 sample rate: 48000 channels: 2
12-17 23:26:26.327  1046  1125 D soundtrigger: audio_extn_sound_trigger_update_stream_status: uc_id 1 of type 0 for Event 3, with Raise=0
12-17 23:26:26.328  1046  1125 D ACDB-LOADER: ACDB -> AUDIO_SET_AFE_CAL
12-17 23:26:27.087  3879  4071 D HwLauncher: Launcher.LauncherProvider  launcher-restore query - uri:content://com.huawei.android.launcher.settings/badge
12-17 23:26:27.489  1046  1125 V audio_hw_primary: out_get_latency: Latency 8
12-17 23:26:29.840  2852  2852 W HwKeyguardPolicy: KGSvcCall updateKeyguardState 1->1; false false
12-17 23:26:29.919  1795 20747 W ActivityManager: Sending non-protected broadcast com.android.systemui.statusbar.visible.change from system 2852:com.android.systemui/u0a33 pkg com.android.systemui
12-17 23:26:31.671  1795  3121 D PowerManagerService: ready=true,policy=0,wakefulness=0,wksummary=0x1,uasummary=0x0,bootcompleted=true,boostinprogress=false,waitmodeenable=false,mode=true,manual=33,auto=-1,adj=0.0userId=0
12-17 23:26:31.674  1795 16498 I AlarmManager: remove(PendingIntent{c066940: PendingIntentRecord{54fae3d android broadcastIntent}}) changed bounds; rebatching
12-17 23:26:40.379  2852  2852 W StatusBarWindowManager: Apply window without WALLPAPER
12-17 23:26:40.455  1795  2778 D HwPFWLogger: AutoStartupDataMgr:retrieveStartupSettings type 0 of com.ss.android.article.news is 0
12-17 23:26:40.461  1046  1125 I Huawei_audio_cust: huawei_common_get_output_device_FM: huawei_audio select fm(0) device(0x2)exit
12-17 23:26:40.461  1046  1125 V msm8916_platform: platform_get_native_support:napb: ui Prop enabled(0) version(0)
12-17 23:26:40.479  1046  1125 D ACDB-LOADER: ACDB -> GET_AFE_TOPOLOGY_ID for adcd_id 231, Topology Id 10001060
12-17 23:26:40.548  2852  2852 W HwLockScreenPanel: Handle message: 14
12-17 23:26:40.571  1795  1795 D         : Lib:oem_qmi_cmd:Build socket connection success. And retry:0
12-17 23:26:40.614  1795 11746 D PowerManagerService: ready=true,policy=3,wakefulness=1,wksummary=0x1,uasummary=0x1,bootcompleted=true,boostinprogress=false,waitmodeenable=false,mode=true,manual=33,auto=-1,adj=0.0userId=0
12-17 23:26:40.625   606  2379 E libteec : qsc_send_cmd finish
12-17 23:26:40.781  2852  2852 I StatusBar: onNotificationPosted: StatusBarNotification(pkg=com.huawei.health user=UserHandle{0} id=10010 tag=null key=0|com.huawei.health|10010|null|10099: Notification(pri=0 contentView=null vibrate=null sound=null defaults=0x0 flags=0x62 color=0x00000000 vis=PRIVATE)) important=2, post=1481988400761, when=1481531589202, vis=0, userid=0
12-17 23:26:41.796  1795  1795 I Sensor  : updateLightsLocked --> level:97-- Solid green
12-17 23:26:41.801  1046  1125 D ACDB-LOADER: ACDB -> ACDB_CMD_GET_AUDPROC_GAIN_DEP_STEP_TABLE, vol index 0
12-17 23:26:42.628  3879  4071 E HW-JPEG-DEC: [HME_JPEG_DEC_Delete](3298): HME_JPEG_DEC_Delete: decoder_ctx=null
12-17 23:26:42.650  3879  4071 I HwLauncher: Launcher.LauncherProvider  queried count: 1
12-17 23:26:44.104  2852  2852 I QSContainer: updateQsState:false
12-17 23:26:45.685  1795  2748 D HwAmbientLuxFilterAlgo: earliestValidTime + POWER_ON_BRIGHTENING_LIGHT_DEBOUNCE
12-17 23:26:51.517  2852  2852 D HwCustMobileSignalControllerImpl: sub =0,strMccMnc =null,hashMccMnc =[],strPlmn =hw_show_4g
12-17 23:26:59.397  1795  2381 D libfingersense_wrapper: Calling fingersense_classify_touch()
12-17 23:27:00.489  1795  2381 D libfingersense_wrapper: Calling fingersense_classify_touch()
12-17 23:27:01.288  1795  1795 I MQoS    : received cell-signal:5
12-17 23:27:02.494  2852  2852 I HwSignalClusterView: getOrInflateState subId:0
12-17 23:27:06.934  1795  1795 I MQoS    : rtt=360,tcp_tx_pkts=1485554,tcp_rx_pkts=1771325
12-17 23:27:07.616  1795  2381 D libfingersense_wrapper: fingersense_classify_touch() finished
12-17 23:27:08.696  1795  2381 D libfingersense_wrapper: fingersense_classify_touch() finished
12-17 23:27:25.629  2852  3556 I NetworkController.MobileSignalController(0): 	to: connected=true,enabled=true,level=4,inetCondition=1,iconGroup=IconGroup(4G),activityIn=true,activityOut=true,rssi=0,lastModified=12-17 11:27:21,isRoaming=false,dataSim=true,networkName=中国移动,networkNameData=中国移动,dataConnected=true,isDefault=true,isEmergency=false,airplaneMode=false,carrierNetworkChangeMode=false,userSetup=true
12-17 23:27:27.654  2852  2852 D HwCustMobileSignalControllerImpl: isCurrentBySim()=false
12-17 23:27:33.693  2852  2914 I SimCardMethod: isCardAbsent slot:0 slotState:5
12-17 23:27:36.533  1795  3121 W ActivityManager: getRunningAppProcesses: caller 10105 does not hold REAL_GET_TASKS; limiting output
12-17 23:27:39.935  1795  2396 D PowerManagerService: acquire lock=60751204, flags=0x1, tag="RILJ_ACK_WL", name=com.android.phone, ws=null, uid=1001, pid=3218
12-17 23:27:39.967  2852  2852 D HwCustMobileSignalControllerImpl: sub =0,strMccMnc =null,hashMccMnc =[],strPlmn =hw_mcc_mnc
12-17 23:27:51.812  1795  2750 I HwLightsService: back light level before map = 1071
12-17 23:27:51.879  1795  2748 D HwAmbientLuxFilterAlgo: t=131560189,BT=131561189,DT=131564189,BT1=131564189,DT1=131568189,Bn=false,Dn=false,lx=[18.0/131558686, 18.0/131558986, 18.0/131559286, 18.0/131559587, 18.0/131559888, 18.0/131560189],mLx=16.0,s=5.0,ss=0.0,AuIntervened=false,mProximityState=false,bLux=155.0,dLux=3.0,bLux1=155.0,dLux1=3.0
12-17 23:27:54.443   802   802 E Thermal-daemon: [Thermal_Hw] temperature_valid, battery : temperature is invalid, invalid temperatrue is 29
12-17 23:28:00.034  2852  2852 E DateLunarView: mDateString is: 12月17日星期六
12-17 23:28:08.508  1795 11746 I ActivityManager_broadcast: collectReceiverComponents, callerApp: ProcessRecord{5ab4fa6 25103:com.tencent.mm:push/u0a105}, intent:null, receiver size:1, flags: 10000400
12-17 23:28:16.427  1795  2381 D libfingersense_wrapper: fingersense_touch_up() finished
12-17 23:28:17.898  2852  2852 I HwMobileSignalController: notifyListenerHuawei::origin typeIcon:2130839195 icons.mName:4G isSuspend:false, showDataIcon=true, dataConnected=true, isRoaming=false
12-17 23:28:19.163  1795  3975 E LocSvc_libulp: I/int ulp_msg_process_system_update(const UlpSystemEvent): systemEvent:5 
12-17 23:28:22.749  4690  4690 E HW-JPEG-DEC: [HME_JPEG_DEC_Delete](3298): HME_JPEG_DEC_Delete: decoder_ctx=null
12-17 23:28:34.643  1795  1819 D NetworkManagement: notifyInterfaceClassActivity: client is android.net.INetworkManagementEventObserver$Stub$Proxy@c0acf8b
12-17 23:28:34.662   633 31870 I SDK     : <2016-12-17 23:28:34> [WARN] SDK: UE-SeC 2016-12-17 23:28:34:662 Level[WARN] magic[3362781472 684]:PubEvt_Close Getting a socket[75] from the Socket-table Failed!
12-17 23:28:34.667  2852  2852 D NetWorkUtils: mVSimCurCardType is -1
12-17 23:28:35.203  3879  4071 I HwLauncher: NewEspaceMessageContentObserver  getNewEspaceMessageCount: 0
12-17 23:28:38.668 31949 31967 I eSpaceService: WatchThread{4786} TcpCirChannel.shutdown(TcpCirChannel.java:257) Login_By_Step-> shut down now connect
12-17 23:28:38.706 31949 31985 I PushService: connect :true
12-17 23:28:38.883   633   692 I TCP     : tcp.recv{4488} TcpClientThread.onReceiverWork(TcpClientThread.java:307) get tcp message 732
12-17 23:28:40.748  3858  4126 I amsnl   : c: true, w: false, t: false, l: false
12-17 23:28:45.824  1795  2381 D libfingersense_wrapper: Calling fingersense_classify_touch()
12-17 23:28:49.640  2852  2852 I HwSignalClusterView: apply hwPhoneState.mSubId:0 anyMobileVisible:false mIsAirplaneMode:false, mobileGroupVisible=true
12-17 23:28:49.715  1795  2381 D libfingersense_wrapper: Calling fingersense_classify_touch()
12-17 23:28:51.704  1795  2380 D PowerManagerService: userActivityNoUpdateLocked: eventTime=131620002, event=2, flags=0x0, uid=1000
12-17 23:28:54.174  3858  4126 I amsnl   : csr
12-17 23:28:57.028  1795  1795 I WifiProJNI: ######### CMD_QUERY_PKTS ########
12-17 23:28:58.479  3626  3626 E PTM.FileNodeInfo: getTempInfo error: null, 0
12-17 23:29:04.403  2852  2852 D HwCustMobileSignalControllerImpl: isCurrentBySim()=false
12-17 23:29:06.700  5224  5283 I Step_HSNH: 20002302|rebuild notification
12-17 23:29:07.254  1795  2323 E UsbDeviceManager: 	at java.io.FileInputStream.open(Native Method)
12-17 23:29:19.163  1795  3975 E LocSvc_libulp: I/int ulp_msg_process_start_req(), at ulp state = 1
12-17 23:29:25.626  3858  4126 I amsnl   : csr
12-17 23:29:28.198  1795  2750 D HW_DISPLAY_EFFECT: presently, hw_update_color_temp_for_rg_led interface not achieved.
12-17 23:29:30.038  1795  2750 D HW_DISPLAY_EFFECT: presently, hw_update_color_temp_for_rg_led interface not achieved.
12-17 23:29:33.123  2852  2852 I KeyguardUpdateMonitor: authenticate by 0 mode!
12-17 23:29:33.125  2852  2925 V KGWallpaper_Magazine: load magazine wallpaper start
12-17 23:29:33.156   606  2379 E libteec : qsc_send_cmd finish
12-17 23:29:33.165  1795  1825 I PowerManager_screenOn: DisplayPowerStatesetColorFadeLevel: level=0.7590136
12-17 23:29:33.238  3626  4889 E PTM.FileNodeInfo: getTempInfo error: null, 0
12-17 23:29:33.286  1795  6988 D PowerManagerService: Releasing suspend blocker "PowerManagerService.WakeLocks".
12-17 23:29:38.318  2852  2852 E HiddenSpace: update HiddenSpaceData!
12-17 23:29:43.779   633 31870 I SDK     : <2016-12-17 23:29:43> [WARN] SDK: UE-SeC 2016-12-17 23:29:43:779 Level[WARN] magic[3362781472 684]:PubEvt_Close Getting a socket[75] from the Socket-table Failed!
12-17 23:29:43.812   633 31870 I SDK     : <2016-12-17 23:29:43> [WARN] SDK: UE-SeC 2016-12-17 23:29:43:812 Level[WARN] magic[3362781472 684]:PubEvt_Close Getting a socket[157] from the Socket-table Failed!
12-17 23:29:43.815   633 31870 I SDK     : 
12-17 23:29:44.117   633 31868 I SDK     : <2016-12-17 23:29:44> [NOTICE] SDK: UE-SeC 2016-12-17 23:29:44:117 Level[NOTICE] magic[3365677344 2421]:FileSec: have right to open file due to cur app sec level = 0 is higher than file app(&5ߢ[@ñ?z]) sec level = 0.
12-17 23:29:46.643  1795  1825 D Sensors : activate called handle:2 enable:1
12-17 23:29:46.801   835  2385 E libteec : qsc_decode end
12-17 23:29:47.105   606  2379 E libteec : receive data len = 128
12-17 23:29:47.123   835  2385 E libteec : begin
12-17 23:29:49.155  1795  2326 W FingerprintService: onAcquired 2
12-17 23:29:49.246  1795  2326 D PowerManagerService: ready=true,policy=3,wakefulness=1,wksummary=0x1,uasummary=0x1,bootcompleted=true,boostinprogress=false,waitmodeenable=true,mode=true,manual=33,auto=-1,adj=0.0userId=0
12-17 23:29:49.279   606  2379 E libteec : qsc_send_cmd finish
12-17 23:29:49.342  1795 16498 D PowerManagerService: ready=false,policy=3,wakefulness=1,wksummary=0x0,uasummary=0x1,bootcompleted=true,boostinprogress=false,waitmodeenable=false,mode=true,manual=33,auto=-1,adj=0.0userId=0
12-17 23:29:49.418  1795 11747 I AlarmManager: remove(PendingIntent{1b8269b: PendingIntentRecord{7f86237 com.huawei.espacev2 broadcastIntent}}) changed bounds; rebatching
12-17 23:29:49.601  1795  3225 I HwActivityManagerService: keyAppBroadcastQueueForIntent intent Intent { act=com.tencent.mm.ui.ACTION_ACTIVE flg=0x10 (has extras) } on bgkeyapp queue
12-17 23:29:49.783 31949 31967 I PushService: tcp.conn{4787} ServiceC.connectedNotify(ServiceC.java:289) 45.249.213.63
12-17 23:29:49.901 10682 10682 D MagicLink: MagicLink2-BroadcastReceiver:====>ACTION_SCREEN_ON
12-17 23:29:50.503   633 11964 E SDK     : 
12-17 23:29:50.507   633 11964 E SDK     : 
12-17 23:29:57.074  1795  1795 I MQoS    : rtt=360,tcp_tx_pkts=1485554,tcp_rx_pkts=1771325
12-17 23:29:58.362  4492  4492 D MediaPlayer: Action:start, CurrentState:MEDIA_PLAYER_STARTED
12-17 23:29:58.390  3180  3332 I PGServer: report state:2 event type:1 pid:4492 uid:10105 pkg:null to pid: 1795
12-17 23:29:58.626  2852  3556 I SystemUIIdleHandler: enter addToIdleMessage(type:1001), mainloop is busy, add to idleMessage
12-17 23:29:59.029  2852  2852 I HwSignalClusterView: setMobileDataIndicatorsHuawei subId:0 visible:true strengthIcon:2130839311 typeIcon:2130839195 contentDescription:手机信号满格。 typeContentDescription:4G isTypeIconWide:true showActivity:true activityIn:true activityOut:true isRoaming:false
12-17 23:30:00.266  1795  2376 I ActivityManager_broadcast: Enqueueing ordered broadcast[background] BroadcastRecord{ec55a36 u0 com.huawei.bd.action.heartbeat_hour}: prev had 2
12-17 23:30:00.357  1795  1795 I ActivityManager_broadcast: dispatch ordered broadcast [background] BroadcastRecord{ec55a36 u0 com.huawei.bd.action.heartbeat_hour}, has 1 receivers
12-17 23:30:01.748  2852  2852 I PhoneStatusBar: removeNotificationChildren
12-17 23:30:02.130  3879  3892 I HwLauncher: Launcher.LauncherProvider  launcher call - method:setAppBadgeCount arg:null extras:[app_shortcut_custom_id=null][app_shortcut_class_name=com.tencent.mm.ui.LauncherUI][app_badge_count=0] uid =10105 pid =4492
12-17 23:30:02.665  3879  4071 I HwLauncher: BadgeContentObserver  getBadgeNumber: 0 mComponentName :ComponentInfo{com.tencent.mm/com.tencent.mm.ui.LauncherUI}
12-17 23:30:13.555  1795 20747 D PowerManagerService: Acquiring suspend blocker "PowerManagerService.WakeLocks".
12-17 23:30:34.511  2852  2852 D HwCustMobileSignalControllerImpl: isCurrentBySim()=false
12-17 23:30:37.101  1795  2737 D WifiProJNI: Received kernel message payload: event 0
12-17 23:30:37.102  1795  2737 W WifiProJNI: poll before: g_monitor_fd =310
12-17 23:30:44.643  2852  2852 D NetWorkUtils: is3GCalling is false,mCdmaSlot is -1
12-17 23:30:52.437  1795  2750 D HW_DISPLAY_EFFECT: presently, hw_update_color_temp_for_rg_led interface not achieved.
12-17 23:30:52.535  1795  1825 D HwNormalizedRampAnimator: bright trace:1171/131738859,1166/131738876,1160/131738891,1155/131738907,1150/131738923,1145/131738940,1140/131738957,1134/131738973,1129/131738990,1124/131739006,1119/131739023,1114/131739039,1109/131739056,1103/131739072,1098/131739089,1093/131739106,1088/131739123,1083/131739139,1077/131739155,1072/131739172,1067/131739188,1062/131739205,1057/131739222,1051/131739238,1046/131739254,1041/131739271,1036/131739288,1031/131739304,1026/131739321,1020/131739337,1015/131739354,1010/131739371,1005/131739387,1000/131739403,994/131739420,989/131739436,984/131739453,979/131739470,974/131739487,968/131739503
12-17 23:30:52.569  1795  2750 D HW_DISPLAY_EFFECT: presently, hw_update_color_temp_for_rg_led interface not achieved.
12-17 23:30:56.993  2852  2925 W ExifData: The tag is null error!
12-17 23:30:57.045  1046  2704 V Huawei_audio_cust: huawei_cust_set_parameters: exit with code(0)
12-17 23:31:01.677  1795 11747 D PowerManagerService: ready=true,policy=0,wakefulness=0,wksummary=0x1,uasummary=0x0,bootcompleted=true,boostinprogress=false,waitmodeenable=false,mode=true,manual=33,auto=-1,adj=0.0userId=0
12-17 23:31:01.753  2852  2852 W StatusBarWindowManager: Apply window without WALLPAPER
12-17 23:31:01.935  2852  2914 I SendBroadcastPermission: action:com.android.systemui.statusbar.visible.change, mPermissionType:0
12-17 23:31:02.036  2852  2852 W KgBattery: getCharge info with type: text
12-17 23:31:14.271  3858  4126 I amsnl   : c: true, w: false, t: false, l: false
12-17 23:31:14.275  3858  4126 I amsnl   : t:false, fl: false, p: 2147483647000, ce: true, we: false
12-17 23:31:26.037  2852  2852 I HwSignalClusterView: setMobileDataIndicatorsHuawei subId:0 visible:true strengthIcon:2130839311 typeIcon:2130839195 contentDescription:手机信号满格。 typeContentDescription:4G isTypeIconWide:true showActivity:true activityIn:false activityOut:false isRoaming:false
12-17 23:31:29.825  1795  1807 I UsageStatsService: User[0] Flushing usage stats to disk
12-17 23:31:32.954  1795  1806 W ActivityManager: getRunningAppProcesses: caller 10102 does not hold REAL_GET_TASKS; limiting output
12-17 23:31:34.688   802   802 E Thermal-daemon: [Thermal_Hw] temperature_filter: get invalid temperature, use old temp
12-17 23:31:56.761   832   933 W AwareLog:defragd: delay_us exceeds max timeout: 539995986 us
12-17 23:32:24.748   802   802 E Thermal-daemon: [Thermal_Hw] temperature_filter: get invalid temperature, use old temp
12-17 23:32:27.384  1795  1795 I MQoS    : onSignal: mSubId=0,currDataSubID=0
12-17 23:32:50.609   633 31868 I SDK     : 
12-17 23:32:50.625   633   692 I TCP     : tcp.recv{4488} TcpSocket.close(TcpSocket.java:158) shutdown output: java.net.SocketException: Socket is closed
12-17 23:32:50.669   633 31870 I SDK     : 
12-17 23:32:50.677   633 31870 I SDK     : 
12-17 23:32:50.682   633 31870 I SDK     : <2016-12-17 23:32:50> [WARN] SDK: UE-SeC 2016-12-17 23:32:50:682 Level[WARN] magic[3362781472 684]:PubEvt_Close Getting a socket[127] from the Socket-table Failed!
12-17 23:32:50.708   633 31870 I SDK     : 
12-17 23:32:50.713   633 31870 I SDK     : 
12-17 23:32:50.737   633 31870 I SDK     : 
12-17 23:32:50.738   633 31868 I SDK     : <2016-12-17 23:32:50> [NOTICE] SDK: UE-SeC 2016-12-17 23:32:50:738 Level[NOTICE] magic[3365677344 8910]:Set local private IP is:[0.0.0.0]
12-17 23:32:51.006   633 12261 I SDK     : <2016-12-17 23:32:51> [NOTICE] SDK: UE-SeC 2016-12-17 23:32:51:5 Level[NOTICE] magic[2309794080 3485]:Begin to get user info
12-17 23:32:51.013   633 12261 I SDK     : 
12-17 23:32:54.662   633 12269 I SDK     : <2016-12-17 23:32:54> [NOTICE] SDK: UE-SeC 2016-12-17 23:32:54:662 Level[NOTICE] magic[2308725024 2756]:WriteSdkGroupItem: hash has same item[HW_W3_ACCOUNT]
12-17 23:32:57.181  3879  4071 E HW-JPEG-DEC: [HME_JPEG_DEC_Delete](3298): HME_JPEG_DEC_Delete: decoder_ctx=null
12-17 23:33:01.034   633   692 I TCP     : msg.recv{4490} TcpClientThread.onRecv(TcpClientThread.java:515) TCP Msg 28TCP_OK
12-17 23:33:09.618  1795  1795 I MQoS    : received cell-signal:5
12-17 23:33:23.659   633   692 I eSpaceService: Watch Thread{4481} WatchThread.onLoop(WatchThread.java:98) watch thread onLoop...--》 iWatched.doWatch() 
12-17 23:33:24.820   802   802 E Thermal-daemon: [Thermal_Hw] temperature_filter: get invalid temperature, use old temp
12-17 23:33:32.658  2852  3556 I NetworkController.MobileSignalController(0): onSignalStrengthsChanged signalStrength=SignalStrength: -1 0 -1 255 -1 255 -1 255 255 19 -102 -11 30 2147483647 2147483647 false gw|lte level=4 isSuspend=false levelOld=4,mSignalStrength level=4
12-17 23:33:57.268  1795  1795 I MQoS    : rtt=360,tcp_tx_pkts=1485554,tcp_rx_pkts=1771325
12-17 23:34:01.042   633 31870 I SDK     : 
12-17 23:34:01.045   633   692 I TupC30  : pool-2-thread-2{4430} 2.doInBackground(TupHelper.java:1260) UnRegister VOIP enter
12-17 23:34:01.055   633 31870 I SDK     : 
12-17 23:34:01.065   633 31870 I SDK     : <2016-12-17 23:34:01> [WARN] SDK: UE-SeC 2016-12-17 23:34:1:65 Level[WARN] magic[3362781472 684]:PubEvt_Close Getting a socket[149] from the Socket-table Failed!
12-17 23:34:01.084   633 31870 I SDK     : <2016-12-17 23:34:01> [WARN] SDK: UE-SeC 2016-12-17 23:34:1:84 Level[WARN] magic[3362781472 684]:PubEvt_Close Getting a socket[229] from the Socket-table Failed!
12-17 23:34:01.371   633 31868 I SDK     : <2016-12-17 23:34:01> [NOTICE] SDK: UE-SeC 2016-12-17 23:34:1:371 Level[NOTICE] magic[3365677344 6458]:FSM_Tool_TreatFolderEncEx => [START]: pcFileName [anyofficeKeyspaceUserLastLogintime_w00290667] 
12-17 23:34:01.374   633 31868 I SDK     : <2016-12-17 23:34:01> [NOTICE] SDK: UE-SeC 2016-12-17 23:34:1:374 Level[NOTICE] magic[3365677344 394]:L4VPN notify callback sdkey status 0
12-17 23:34:07.271  1795  2737 I QosMonitor: postEventFromNative: msg=100,arg1=0,arg2=9
12-17 23:34:10.536   633   692 I TCP     : tcp.recv{4488} TcpClientThread.onReceiverWork(TcpClientThread.java:307) get tcp message 28
12-17 23:34:27.564  1795 16499 D PowerManagerService: Releasing suspend blocker "PowerManagerService.WakeLocks".
12-17 23:34:27.565  1795  3237 D PowerManagerService: acquire lock=17771645, flags=0x1, tag="wake-and-unlock wakelock", name=com.android.systemui, ws=null, uid=10033, pid=2852
12-17 23:34:27.798  1795  2326 V FingerprintService: Done with client: com.android.systemui
12-17 23:34:27.887  2852  2852 D KeyguardViewMediator: adjustStatusBarLocked: mShowing=false mOccluded=false isSecure=true --> flags=0x0
12-17 23:34:28.159  3858  4126 I amsnl   : m1: false
12-17 23:34:28.169   835  2385 E libteec : begin
12-17 23:34:31.893  1795  3121 I HwActivityManagerService: keyAppBroadcastQueueForIntent intent Intent { act=com.tencent.mm.ui.ACTION_ACTIVE flg=0x10 (has extras) } on bgkeyapp queue
12-17 23:34:35.934  1795  2748 D HwAmbientLuxFilterAlgo: earliestValidTime + POWER_ON_BRIGHTENING_LIGHT_DEBOUNCE
12-17 23:34:56.171  1795  2750 D HW_DISPLAY_EFFECT: presently, hw_update_color_temp_for_rg_led interface not achieved.
12-17 23:35:01.306  1795  3253 I HwActivityManagerService: keyAppBroadcastQueueForIntent intent Intent { act=com.tencent.mm.ui.ACTION_DEACTIVE flg=0x10 (has extras) } on bgkeyapp queue
12-17 23:35:01.318  1795  2326 W HwFingerprintService: NEED_LIVENESS_AUTHENTICATION = 0
12-17 23:35:01.340   835  2385 E libteec : qsc_decode end
12-17 23:35:01.759  2852  2925 W ExifData: The tag is null error!
12-17 23:35:01.792  1795 11747 D PowerManagerService: acquire lock=184063844, flags=0x1, tag="NetworkStats", name=android, ws=null, uid=1000, pid=1795
12-17 23:35:06.617  2852  2852 I TrafficPanelManager: hideTraffic
12-17 23:35:07.414  2852  2852 D HwCustMobileSignalControllerImpl: isCurrentBySim()=false
12-17 23:35:12.486  1795  1819 D NetworkManagement: notifyInterfaceClassActivity: client is com.android.server.ConnectivityService$1@e0f099c
12-17 23:35:14.487  1795 16498 I SendBroadcastPermission: action:android.intent.action.SIG_STR, mPermissionType:0
12-17 23:35:24.705  2852  2852 D HwCustMobileSignalControllerImpl: isCurrentBySim()=false
12-17 23:35:34.509  3858  4126 I amsnl   : t:false, fl: false, p: 2147483647000, ce: true, we: false
12-17 23:35:57.361  1795  2737 W WifiProJNI: poll before: g_monitor_fd =310
12-17 23:36:07.365  1795  1795 D WifiProJNI: send_cmd_kernel: cmd=1
12-17 23:36:28.425  2852  2914 I SimCardMethod: isCardAbsent slot:0 slotState:5
12-17 23:36:32.714  7194  7208 I PushLog2824: [ReceiverDispatcher-336]lastnetWorkType:0 curNetWorkType:0(android/null:-1)
12-17 23:36:32.731  7194  7208 I PushLog2824: [ReceiverDispatcher-336]no limit to connect pushsvr(android/null:-1)
12-17 23:36:32.774  1795 11747 D HwConnectivityService: CtrlSocket processCtrlSocket pid = 7194 cmd = 1 param = 55 ret = 0
12-17 23:36:32.968  1795  6988 D PowerManagerService: acquire lock=214750273, flags=0x1, tag="eventloop", name=android, ws=null, uid=1000, pid=7194
12-17 23:37:14.627  3858  4126 I amsnl   : c: true, w: false, t: false, l: false
12-17 23:37:19.167  1795  3975 E LocSvc_libulp: I/===> int ulp_dr_stop_engine() line 235 
12-17 23:37:28.190  1795  1795 I MQoS    : onSignal: mSubId=0,currDataSubID=0
12-17 23:37:38.592   816  1562 W SocketListener: sending broadcast to Pid = 1795, Uid = 1000 
12-17 23:37:38.645   633 31870 I SDK     : <2016-12-17 23:37:38> [WARN] SDK: UE-SeC 2016-12-17 23:37:38:644 Level[WARN] magic[3362781472 684]:PubEvt_Close Getting a socket[50] from the Socket-table Failed!
12-17 23:37:38.652   633 31870 I SDK     : 
12-17 23:37:38.662   633 31870 I SDK     : 
12-17 23:37:38.963   633 31868 E SDK     : <2016-12-17 23:37:38> [ERR] SDK: UE-SeC 2016-12-17 23:37:38:963 Level[ERR] magic[3365677344 692]:Decoder message type is invalidation;invalidation MMTP_MSG_ENABLE_EXTEND is [36]
12-17 23:37:40.420  2852  3556 I NetworkController.MobileSignalController(0): onSignalStrengthsChanged signalStrength=SignalStrength: -1 0 -1 255 -1 255 -1 255 255 23 -100 -9 58 2147483647 2147483647 false gw|lte level=4 isSuspend=false levelOld=4,mSignalStrength level=4
12-17 23:37:54.663  3858  4126 I amsnl   : csr
12-17 23:37:57.452  1795  2737 I QosMonitor: postEventFromNative: msg=100,arg1=0,arg2=9
12-17 23:38:34.684  1795 11745 D PowerManagerService: Acquiring suspend blocker "PowerManagerService.WakeLocks".
12-17 23:38:48.995   633 31868 I SDK     : 
12-17 23:38:49.008 31949 31967 I TCP     : tcp.recv{4790} TcpClientThread.onReceiverWork(TcpClientThread.java:300) recv error
12-17 23:38:49.051   633 31870 I SDK     : 
12-17 23:38:49.063   633 31870 I SDK     : 
12-17 23:38:49.076   633 31870 I SDK     : <2016-12-17 23:38:49> [WARN] SDK: UE-SeC 2016-12-17 23:38:49:76 Level[WARN] magic[3362781472 684]:PubEvt_Close Getting a socket[175] from the Socket-table Failed!
12-17 23:38:49.316   633 31868 I SDK     : <2016-12-17 23:38:49> [NOTICE] SDK: UE-SeC 2016-12-17 23:38:49:315 Level[NOTICE] magic[3365677344 2824]:Handshake done!
12-17 23:38:52.218   633   692 I TCP     : msg.recv{4490} TcpClientThread.onRecv(TcpClientThread.java:515) TCP Msg 80TCP_OK
12-17 23:38:53.054   633   692 I TCP     : msg.recv{4490} TcpClientThread.onRecv(TcpClientThread.java:515) TCP Msg 92TCP_OK
12-17 23:38:54.091   633   692 I TCP     : msg.recv{4490} TcpClientThread.onRecv(TcpClientThread.java:515) TCP Msg 2956TCP_OK
12-17 23:39:59.975   633 31870 I SDK     : 
12-17 23:39:59.976   633 31870 I SDK     : <2016-12-17 23:39:59> [WARN] SDK: UE-SeC 2016-12-17 23:39:59:976 Level[WARN] magic[3362781472 684]:PubEvt_Close Getting a socket[28] from the Socket-table Failed!
12-17 23:39:59.977   633 31870 I SDK     : <2016-12-17 23:39:59> [WARN] SDK: UE-SeC 2016-12-17 23:39:59:977 Level[WARN] magic[3362781472 684]:PubEvt_Close Getting a socket[32] from the Socket-table Failed!
12-17 23:39:59.996   633 31870 I SDK     : <2016-12-17 23:39:59> [WARN] SDK: UE-SeC 2016-12-17 23:39:59:996 Level[WARN] magic[3362781472 684]:PubEvt_Close Getting a socket[165] from the Socket-table Failed!
12-17 23:40:00.001  1795  2376 I ActivityManager_broadcast: Enqueueing ordered broadcast[foreground] BroadcastRecord{d8de6b1 u-1 android.intent.action.TIME_TICK}: prev had 0
12-17 23:40:00.290   802   802 E Thermal-daemon: [Thermal_Hw] temperature_filter: get invalid temperature, use old temp
12-17 23:40:00.447   633 31868 E SDK     : <2016-12-17 23:40:00> [ERR] SDK: UE-SeC 2016-12-17 23:40:0:447 Level[ERR] magic[3365677344 436]:libcSeekFile => fseek[22]:[-64][0][EA60465C]
12-17 23:40:00.461  1795  2396 D PowerManagerService: ready=true,policy=0,wakefulness=0,wksummary=0x1,uasummary=0x0,bootcompleted=true,boostinprogress=false,waitmodeenable=false,mode=true,manual=33,auto=-1,adj=0.0userId=0
12-17 23:40:05.982   633   692 I ECS     : msg.recv{4490} XmlMsg.decodeBuf(XmlMsg.java:237) RECV 112 bytes [12]_00_03_02_06_0E_05_89_CB_C9_44_0E_DC cmdCode(CC_ReqCircleState.0x060E)msgType(MT_ACK.2)msgClass(MC_FriendsCircle.6)sender(ST_Mobile.0)crypted(true)zipped(false)nobase64(true)length(108)version(3)sno(89CB)
12-17 23:40:06.550  3879  4071 I HwLauncher: NewEspaceMessageContentObserver  getNewEspaceMessageCount: 9
12-17 23:40:14.414  2852  2852 I HwSignalClusterView: apply hwPhoneState.mSubId:0 anyMobileVisible:false mIsAirplaneMode:false, mobileGroupVisible=true
12-17 23:40:19.588  2852  2852 D NetWorkUtils: mVSimCurCardType is -1
12-17 23:40:27.637  2852  2914 I SimCardMethod: isCardAbsent slot:0 slotState:5
12-17 23:40:31.554  1795  2665 D NetdConnector: RCV <- {613 IfaceClass idle 0 457767914102686}
12-17 23:41:22.508  3218  3218 I QImsService: ImsServiceSubHandler : Message received: what = 27
12-17 23:41:22.655   633 31870 I SDK     : 
12-17 23:41:22.977   633 31870 I SDK     : <2016-12-17 23:41:22> [WARN] SDK: UE-SeC 2016-12-17 23:41:22:977 Level[WARN] magic[3362781472 684]:PubEvt_Close Getting a socket[12] from the Socket-table Failed!
12-17 23:41:23.000   633 31870 I SDK     : 
12-17 23:41:23.005   633 31870 I SDK     : 
12-17 23:41:23.041   633 31870 I SDK     : <2016-12-17 23:41:23> [WARN] SDK: UE-SeC 2016-12-17 23:41:23:40 Level[WARN] magic[3362781472 684]:PubEvt_Close Getting a socket[181] from the Socket-table Failed!
12-17 23:41:23.061   633 31870 I SDK     : <2016-12-17 23:41:23> [WARN] SDK: UE-SeC 2016-12-17 23:41:23:60 Level[WARN] magic[3362781472 684]:PubEvt_Close Getting a socket[216] from the Socket-table Failed!
12-17 23:41:23.069   633 31870 I SDK     : <2016-12-17 23:41:23> [WARN] SDK: UE-SeC 2016-12-17 23:41:23:69 Level[WARN] magic[3362781472 684]:PubEvt_Close Getting a socket[232] from the Socket-table Failed!
12-17 23:41:23.081   633 31870 I SDK     : 
12-17 23:41:23.179  3879  3879 I HwLauncher: UnreadContentObserver  handle update icon message
12-17 23:41:24.160   633 12974 I SDK     : <2016-12-17 23:41:24> [NOTICE] SDK: UE-SeC 2016-12-17 23:41:24:159 Level[NOTICE] magic[2294151456 1221]:GetCurrentHostAndPort: network access type is 2
12-17 23:41:29.046  3879  4071 W CfgFilePolicy: CFG_DIRS length : 9
12-17 23:41:29.095  3879  3879 I HwLauncher: Launcher.Folder childCount: 6
12-17 23:41:34.893  3858  4126 I amsnl   : c: true, w: false, t: false, l: false
12-17 23:41:37.615  1795  2737 W WifiProJNI: poll before: g_monitor_fd =310
12-17 23:41:38.725  7194  7208 I PushLog2824: [ReceiverDispatcher-336]read to Send:DA(android/null:-1)
12-17 23:41:44.642  2852  2852 D HwCustMobileSignalControllerImpl: sub =0,strMccMnc =null,hashMccMnc =[],strPlmn =hw_show_lte
12-17 23:41:55.646   633   692 I eSpaceService: Watch Thread{4481} WatchThread.onLoop(WatchThread.java:94) watch thread onLoop... 
12-17 23:42:39.395  2852  3556 I HwMobileSignalController: mExtDataOld:ExtData [mMasterNetWorkType=3, mSlaveNetWorkType=0, mMasterNetWorkLevel=4, mSlaveNetWorkLevel=-1, mDataState=2, mDataActivity=4, mDataNetType=13] mExtData:ExtData [mMasterNetWorkType=3, mSlaveNetWorkType=0, mMasterNetWorkLevel=4, mSlaveNetWorkLevel=-1, mDataState=2, mDataActivity=0, mDataNetType=13]
12-17 23:42:39.421   633 31870 I SDK     : 
12-17 23:42:39.705   633 31868 I SDK     : 
12-17 23:42:43.402   633   692 I TupC30  : msg.recv{4490} TupHelper.configSip(TupHelper.java:1027) SBC:45.249.213.23
12-17 23:42:43.448   633   692 I ECS     : msg.recv{4490} XmlMsg.encodeBuf(XmlMsg.java:215) SEND 288 bytes [16]_00_00_01_1C_00_03_01_07_01_05_89_DD_0D_B2_25_10 cmdCode(CC_ExtendRequest.0x0701)msgType(MT_ARG.1)msgClass(MC_JsonExtend.7)sender(ST_Mobile.0)crypted(true)zipped(false)nobase64(true)length(284)version(3)sno(89DD)
12-17 23:43:19.170  1795  3975 E LocSvc_libulp: I/int ulp_msg_process_start_req(), at ulp state = 1
12-17 23:43:35.002  3858  4126 I amsnl   : c: true, w: false, t: false, l: false
12-17 23:43:49.832   633 31870 I SDK     : <2016-12-17 23:43:49> [WARN] SDK: UE-SeC 2016-12-17 23:43:49:832 Level[WARN] magic[3362781472 684]:PubEvt_Close Getting a socket[101] from the Socket-table Failed!
12-17 23:43:49.834   633 31870 I SDK     : <2016-12-17 23:43:49> [WARN] SDK: UE-SeC 2016-12-17 23:43:49:834 Level[WARN] magic[3362781472 684]:PubEvt_Close Getting a socket[115] from the Socket-table Failed!
12-17 23:43:49.844   633 31870 I SDK     : <2016-12-17 23:43:49> [WARN] SDK: UE-SeC 2016-12-17 23:43:49:844 Level[WARN] magic[3362781472 684]:PubEvt_Close Getting a socket[175] from the Socket-table Failed!
12-17 23:43:49.844   633 31870 I SDK     : <2016-12-17 23:43:49> [WARN] SDK: UE-SeC 2016-12-17 23:43:49:844 Level[WARN] magic[3362781472 684]:PubEvt_Close Getting a socket[176] from the Socket-table Failed!
12-17 23:43:49.853   633 31870 I SDK     : 
12-17 23:43:49.857   633 31870 I SDK     : 
12-17 23:43:50.153   633 31868 E SDK     : <2016-12-17 23:43:50> [ERR] SDK: UE-SeC 2016-12-17 23:43:50:153 Level[ERR] magic[3365677344 223]:L4VPN notify callback :Status[1], ErrorCode[0]!
12-17 23:43:50.155   633 31868 I SDK     : <2016-12-17 23:43:50> [NOTICE] SDK: UE-SeC 2016-12-17 23:43:50:155 Level[NOTICE] magic[3365677344 2421]:FileSec: have right to open file due to cur app sec level = 0 is higher than file app(&5ߢ[@ñ?z]) sec level = 0.
12-17 23:43:53.063   633   692 I SsoLogin: LoginThread{6737} LoginRequester.getRequestData(LoginRequester.java:120) [Aynoffice SSO] --> getStrAnyofficeSsoTicket failed, set no sso login., setAuthType = 1
12-17 23:43:53.756  1795  3884 W ActivityManager: getRunningAppProcesses: caller 10102 does not hold REAL_GET_TASKS; limiting output
12-17 23:43:58.425  1795  3121 W ActivityManager: getRunningAppProcesses: caller 10102 does not hold REAL_GET_TASKS; limiting output
12-17 23:44:07.794  2852  2852 D HwCustMobileSignalControllerImpl: isCurrentBySim()=false
12-17 23:44:58.740  2852  2914 I HwMobileSignalController: updateSignalStrength: signalStrength=SignalStrength: -1 0 -1 255 -1 255 -1 255 255 19 -106 -11 -8 2147483647 2147483647 false gw|lte
12-17 23:44:59.004  2852  2852 D HwCustMobileSignalControllerImpl: sub =0,strMccMnc =null,hashMccMnc =[],strPlmn =hw_mcc_mnc
12-17 23:44:59.036   633 31870 I SDK     : <2016-12-17 23:44:59> [WARN] SDK: UE-SeC 2016-12-17 23:44:59:36 Level[WARN] magic[3362781472 684]:PubEvt_Close Getting a socket[140] from the Socket-table Failed!
12-17 23:44:59.038   633 31870 I SDK     : <2016-12-17 23:44:59> [WARN] SDK: UE-SeC 2016-12-17 23:44:59:38 Level[WARN] magic[3362781472 684]:PubEvt_Close Getting a socket[149] from the Socket-table Failed!
12-17 23:44:59.049   633 31870 I SDK     : <2016-12-17 23:44:59> [WARN] SDK: UE-SeC 2016-12-17 23:44:59:49 Level[WARN] magic[3362781472 684]:PubEvt_Close Getting a socket[221] from the Socket-table Failed!
12-17 23:46:09.317 31949 31967 E TCP     : tcp.recv{4790} TcpClientThread.readSocket(TcpClientThread.java:452) <<< ERROR(6) >>> socket read length failure -1
12-17 23:46:09.347   633 31870 I SDK     : <2016-12-17 23:46:09> [WARN] SDK: UE-SeC 2016-12-17 23:46:9:347 Level[WARN] magic[3362781472 684]:PubEvt_Close Getting a socket[28] from the Socket-table Failed!
12-17 23:46:09.350   633 31870 I SDK     : <2016-12-17 23:46:09> [WARN] SDK: UE-SeC 2016-12-17 23:46:9:350 Level[WARN] magic[3362781472 684]:PubEvt_Close Getting a socket[37] from the Socket-table Failed!
12-17 23:46:09.366   633 31870 I SDK     : 
12-17 23:46:13.256   633   692 I eSpaceService: LoginThread{6753} LoginThread.doinLoop(LoginC.java:912) Login_By_Step-> Thread is over  true 6753
12-17 23:46:19.067  2852  2914 I HwMobileSignalController: updateSignalStrength: signalStrength=SignalStrength: -1 0 -1 255 -1 255 -1 255 255 18 -106 -11 30 2147483647 2147483647 false gw|lte
12-17 23:46:35.094  1795  1819 I InputDispatcher: InputDispatcher::monitor frozen check!
12-17 23:46:38.946  3218  3517 I QImsService: ImsSenderRxr :  Tag -1 3 219 0[SUB0]
12-17 23:46:40.181  2852  3556 I NetworkController.MobileSignalController(0): onSignalStrengthsChanged signalStrength=SignalStrength: -1 0 -1 255 -1 255 -1 255 255 19 -106 -12 12 2147483647 2147483647 false gw|lte level=3 isSuspend=false levelOld=3,mSignalStrength level=3
12-17 23:46:49.111  1795  1819 D NetworkManagement: notifyInterfaceClassActivity: client is android.net.INetworkManagementEventObserver$Stub$Proxy@c0acf8b
12-17 23:47:28.519  2852  2914 I HwMobileSignalController: subId:0 phoneType:1 networktype:13 targetClass:3 masterLevel:3 slaveLevel:-1
12-17 23:47:36.180  1795  1795 I MQoS    : onSignal: mSubId=0,currDataSubID=0
12-17 23:47:38.905  7194 13428 E PushLog2824: 	at z.bk(Unknown Source)
12-17 23:47:38.944   633 31870 I SDK     : 
12-17 23:47:38.947   633   692 I TupC30  : pool-2-thread-2{4430} 2.doInBackground(TupHelper.java:1270) UnRegister VOIP end
12-17 23:47:47.931  1795  1795 I WifiProJNI: ######### CMD_QUERY_PKTS ########
12-17 23:47:55.373  1795  1795 I MQoS    : onSignal: mSubId=0,currDataSubID=0
12-17 23:48:07.421   818  1086 E iMonitor: setTracingEnabled:0
12-17 23:48:32.027  1795  1819 D NetdConnector: RCV unsolicited event from native daemon, event = 613 IfaceClass active 0 458248379009118 10102
12-17 23:48:32.267  1795  2376 I ActivityManager_broadcast: Enqueueing ordered broadcast[bgkeyapp] BroadcastRecord{822e551 u0 null}: prev had 0
12-17 23:48:32.294  2852  2852 I HwDateUtils: begin of formatChinaDateRange chinaDate:半夜11:48
12-17 23:48:33.243   814 20748 D NuPlayer: codec of amr-wb is disabled!
12-17 23:48:33.259   814 13627 I MediaExtractor: extractor created in uid: 1013 (media)
12-17 23:48:33.287  1046  1046 V APM_AudioPolicyManager: selectOutput() commonFlags for output 13, 0000
12-17 23:48:33.298  1046  1125 D audio_hw_primary: select_devices for use case (low-latency-playback)
12-17 23:48:33.299  1046  1125 I msm8916_platform: platform_check_and_set_codec_backend_cfg:becf: afe: bitwidth 16, samplerate 48000 channels 2, backend_idx 0 usecase = 1 device (speaker)
12-17 23:48:33.664  3879  3894 I HwLauncher: ProviderCallUtils callBadge isCloned = false
12-17 23:48:34.584   814 13626 V NuPlayer: kWhatReset
12-17 23:48:35.300  1795 17