12-17 22:27:55.441  2883  2883 D HwKeyguardManagerImpl: isLockScreenDisabled HwKeyguardManagerImpl result = false
12-17 22:27:59.253  7741  7758 D TmoMonitor: Cache monitor msg as screen_off
12-17 22:28:00.409  1795  1795 I MQoS    : onSignal: mSubId=0,currDataSubID=0
12-17 22:28:00.674  1795  1825 W LightSensor: LightSensor, enable, 284: flags=1
12-17 22:28:00.927  1046  1046 D audio_hw_extn: audio_extn_set_anc_parameters: anc_enabled:0
12-17 22:28:02.463   832  1841 E Parcel  : Reading a NULL string not supported here.
12-17 22:28:02.515  2852  2852 W HwPhoneLayoutInflater: onCreateView : ClassNotFoundException, In this case we want to let the base class take a crack at it
12-17 22:28:06.735  1795  1795 I MQoS    : onSignal: mSubId=0,currDataSubID=0
12-17 22:28:19.719  2852  2852 W HwLockScreenPanel: refreshBatteryInfo: null
12-17 22:28:19.721  1795  1825 D HW_DISPLAY_EFFECT: hw_get_smart_display_supported: start++
12-17 22:28:19.748   835  2385 D fpc_fingerprint_hal: fpc poll irq interupt
12-17 22:28:19.765   835  2385 E libteec : begin
12-17 22:28:20.044  1795  1825 I PowerManager_screenOn: DisplayPowerController Unblocked screen on after 300 ms
12-17 22:28:35.148  1795 15982 D Sensors : batch called handle:3 sample_ns:300000000 latency_ns:0
12-17 22:28:36.138   633   692 I eSpaceService: Watch Thread{4481} WatchThread.onLoop(WatchThread.java:94) watch thread onLoop... 
12-17 22:28:43.215   633 31868 I SDK     : 
12-17 22:28:45.483  3180  3578 I ash     : Application com.baidu.input_huawei is depended by other app, delay to H!
12-17 22:28:45.905  2852  2852 I HwSignalClusterView: setMobileDataIndicatorsHuawei subId:0 visible:true strengthIcon:2130839311 typeIcon:2130839153 contentDescription:手机信号满格。 typeContentDescription:GPRS isTypeIconWide:false showActivity:false activityIn:false activityOut:false isRoaming:false
12-17 22:28:46.111   802   802 E Thermal-daemon: [Thermal_Hw] temperature_valid, battery : temperature is invalid, invalid temperatrue is 30
12-17 22:28:49.407  3180  3578 I ash     : Unpending com.tencent.mm alarm OK !
12-17 22:28:49.410  1795 20747 D HwPowerManagerService: remove pxy wl, pid: 31558, uid: 10029 from pxy process list.
12-17 22:28:53.825   835  2385 E libteec : receive data len = 128
12-17 22:28:53.837   606  2379 E libteec : QSEECom_send_cmd return!
12-17 22:28:53.866  1795  2691 D HwConnectivityService: stopFilter m_filterIsStarted:false
12-17 22:28:54.104  3608  3608 D InCall  : CallCardFragment - onGlobalLayout
12-17 22:29:17.806  1795  1825 D PowerManagerService: ready=true,policy=2,wakefulness=1,wksummary=0x10,uasummary=0x2,bootcompleted=true,boostinprogress=false,waitmodeenable=false,mode=true,manual=33,auto=-1,adj=0.0userId=0
12-17 22:29:20.450  1795  1825 I PowerManager_screenOn: DisplayPowerController updatePowerState mPendingRequestLocked=policy=OFF, useProximitySensor=true, useProximitySensorbyPhone=true, screenBrightness=33, screenAutoBrightnessAdjustment=0.0, brightnessSetByUser=true, useAutoBrightness=true, blockScreenOn=false, lowPowerMode=false, boostScreenBrightness=false, dozeScreenBrightness=-1, dozeScreenState=UNKNOWN, useTwilight=false, useSmartBacklight=true, brightnessWaitMode=false, brightnessWaitRet=true, screenAutoBrightness=-1, userId=0
12-17 22:29:20.486  2852  2852 W DisabledFeatureUtils: Dis-Feature : 0
12-17 22:29:20.543   835  2385 E libteec : qsc_decode end
12-17 22:29:21.421  1795  2671 D WifiStateMachine:  InitialState CMD_SCREEN_STATE_CHANGED  rt=128058838/453497784 1 0
12-17 22:29:21.694  1795  1809 I WindowManager: Finished screen turning on...
12-17 22:29:21.785  3466  3466 I Contacts: DialpadFragment mBroadcastReceiver action:android.intent.action.SCREEN_ON
12-17 22:29:31.561  1795  2671 D PowerManagerService: acquire lock=244575063, flags=0x1, tag="WifiSuspend", name=android, ws=null, uid=1000, pid=1795
12-17 22:29:31.579   606  2379 E libteec : qsc_send_cmd finish
12-17 22:29:31.579  1795  1795 D HwConnectivityService: CtrlSocket tryPowerSavingI timer duration = 0
12-17 22:29:31.650  3180  3578 I ThermalStateManager: handle action thermal policy:301
12-17 22:29:32.412  1795  2778 D WindowManager: mKeyguardDelegate.ShowListener.onDrawn.
12-17 22:29:32.474  2852  2852 I NotificationGroupManager: onEntryRemovedInternal:0|com.android.incallui|2|null|1001, group=0|com.android.incallui|2|null|1001
12-17 22:29:32.669  3626  3626 I HourObserver: left handleScrnOnOffTimeStats, mScrnOffAccTime = 1589358, mScrnOffAccTime = 1589358, mScrnOnAccTime = 182622
12-17 22:29:32.679  1795  1809 I qti_sensors_hal: 0x0, 0x0, 0x0, 0x0
12-17 22:29:32.772   633 31868 I SDK     : 
12-17 22:29:33.036  1795  2332 I qti_sensors_hal: [ACC]processReportInd: X: 5.833753 Y: 6.817816 Z: 3.637669  x_offset:0.160831 y_offset:0.184366 z_offset:0.985027
12-17 22:29:41.711  2852  2852 I HwNotificationIconAreaController: showNotificationAll
12-17 22:29:44.030  1795  2326 V FingerprintService: ClientMonitor destroy
12-17 22:29:46.509  1795  2326 W HwFingerprintService: NEED_LIVENESS_AUTHENTICATION = 0
12-17 22:29:46.576  1795  2396 D NetdConnector: SND -> {11956 bandwidth gettetherstats}
12-17 22:29:49.644  3180  3578 I ThermalStateManager: handle action thermal policy:208
12-17 22:29:49.798  5224  5224 I Step_LSC: 20002302|logicalDealBroadcastEvent : Intent { act=android.intent.action.SCREEN_ON flg=0x50000010 }
12-17 22:29:49.799  5224  5283 I Step_LSC: 20002302| ## MSG_DEAL_SYSTEM_EVENT android.intent.action.SCREEN_ON
12-17 22:29:49.818  2852  2852 D HwCust  : Create obj success use class android.app.HwCustNotificationImpl
12-17 22:29:49.842  3180  3578 I ash     : android send broadcast:android.intent.action.SCREEN_ON notify package: com.tencent.mm, pid: 4492
12-17 22:29:50.061  1795  2371 E LightSensor: read Events lux:  3.0
12-17 22:29:52.117  1795  2748 D HwAmbientLuxFilterAlgo: earliestValidTime + POWER_ON_DARKENING_LIGHT_DEBOUNCE
12-17 22:30:00.008  1795  1795 V AlarmManager: Received TIME_TICK alarm; rescheduling
12-17 22:30:01.784  1795  3249 I SendBroadcastPermission: action:android.intent.action.SIG_STR, mPermissionType:0
12-17 22:30:09.196   633 31868 I SDK     : 
12-17 22:30:19.572  1795  1821 I DisplayManagerService: Display device changed state: "内置屏幕", OFF
12-17 22:30:19.864   606  2379 E libteec : QSEECom_send_cmd return!
12-17 22:30:19.868   835  2385 E libteec : begin
12-17 22:30:19.932  3218  6115 E HW-JPEG-DEC: [HME_JPEG_DEC_Delete](3298): HME_JPEG_DEC_Delete: decoder_ctx=null
12-17 22:30:19.988  1795  3111 D HwConnectivityService: return the background wifi network info for system manager.
12-17 22:30:25.430  1795  2376 I ActivityManager_broadcast: Enqueueing ordered broadcast[background] BroadcastRecord{ef591fc u0 android.telephony.turnoff_DC}: prev had 0
12-17 22:30:32.149  1046  2704 D voice_extn: update_calls: enter:
12-17 22:30:32.386  3382  3399 D QcrilMsgTunnelSocket: readRilMessage: Buffer = [B@204bb9f HexData = [010000000404000013000000514f454d484f4f4b1120090003000000090006]
12-17 22:30:32.492  1795 16232 D StatisticalHelper: report eventID(4063) msg(2381s) false
12-17 22:30:32.526  3218  3218 D GlobalParamsAdaptor: waitingForSetupData = false
12-17 22:30:32.553  1795  3884 I WindowManger_keyguard: hideScrim()
12-17 22:30:32.591  1795 15987 W ActivityManager: Sending non-protected broadcast com.android.imscontection.DISCONNECTED from system 3218:com.android.phone/1001 pkg com.android.phone
12-17 22:30:32.595  1795  2371 I huawei_ProximitySensor_CPP_Test: ProximitySensorr readEvents mHasPendingEvent is 1
12-17 22:30:32.626  1795  1821 I ActivityManager_activity: windowsGone(): ActivityRecord{b46dc67 u0 com.android.incallui/.InCallActivity t310}
12-17 22:30:32.665  3608  3608 D InCall  : AnswerPresenter - onCallListChange callList=com.android.incallui.CallList@86c7f97
12-17 22:30:32.929  2852  2852 I PhoneStatusBar: onScreenTurnedOn
12-17 22:30:32.946  3168  3168 I CHR_ChrNetworkTracker: onServiceStateChanged ! hasRegistered= false hasGprsAttached= false hasDeregistered=false hasGprsDetached=false, mSub = 0
12-17 22:30:33.045  5224  5283 I Step_LSC: 20002302|calculateAltitudeWithCache totalAltitude=0
12-17 22:30:33.246  1795  1795 D MotionRecognition: resumePhoneVolume mVoiceStreamType: 2  mOrgVolume: 0
12-17 22:30:33.472  1795 16501 D PowerManagerService: acquire lock=230301592, flags=0x1, tag="*launch*", name=android, ws=WorkSource{10102}, uid=1000, pid=1795
12-17 22:30:33.570   633   633 I ActivityManager_activity: Resuming ActivityRecord{3495050 token=android.os.BinderProxy@811c50b {com.huawei.espacev2/com.huawei.espace.module.main.ui.MainActivity}} with isForward=true,forwardBitChanged=true onlyLocalRequest=false
12-17 22:30:33.690  1795  3253 E qti_sensors_hal: read from oem info: data_valid_flag=0x55
12-17 22:30:33.728  2852  2914 I HwMobileSignalController: subId:0 phoneType:1 networktype:16 targetClass:1 masterLevel:4 slaveLevel:-1
12-17 22:30:33.923  3168  5125 D CommunicateRecord : getRcvData() TAC :  -1
12-17 22:30:34.096  2852  2852 I HwSignalClusterView: setMobileDataIndicatorsHuawei subId:0 visible:true strengthIcon:2130839311 typeIcon:2130839195 contentDescription:手机信号满格。 typeContentDescription:4G isTypeIconWide:true showActivity:true activityIn:false activityOut:false isRoaming:false
12-17 22:30:34.096  1795  2665 D NetdConnector: RCV <- {200 11961 success}
12-17 22:30:34.097  2852  2852 I HwSignalClusterView: setMobileDataIndicatorsHuawei subId:0 visible:true strengthIcon:2130839311 typeIcon:2130839195 contentDescription:手机信号满格。 typeContentDescription:4G isTypeIconWide:true showActivity:true activityIn:false activityOut:false isRoaming:false
12-17 22:30:34.197  1795  2709 I ActivityManager_service: retrieveServiceLocked, callerApp: ProcessRecord{34bf34f 0:system/1000}, flags: 10000400
12-17 22:30:34.199  3218  3234 I PhoneInterfaceManager: shouldBlockLocation  ret:false
12-17 22:30:34.271   633  5164 I SDK     : 
12-17 22:30:34.675  1795 15982 I HwActivityManagerService: Split enqueueing broadcast [callerApp]:ProcessRecord{7aba59a 5199:com.huawei.betaclub:loguploadservice/1000}
12-17 22:30:34.924  5273  5273 I HwOUC   : [main-1]processCancelAllVersinoLockForBeta BetaApplication not Exist(/HwOucUtility.java:5643)
12-17 22:30:34.994  7194  7208 W PushLog2824: 	at y.bh(Unknown Source)
12-17 22:30:35.245  1795  1825 D AutomaticBrightnessController: ambient lux=11.0,timeStamp =453571608430000
12-17 22:30:35.320  1795  3238 W ActivityManager: getRunningAppProcesses: caller 10102 does not hold REAL_GET_TASKS; limiting output
12-17 22:30:35.334 31949 31967 I ECS     : WatchThread{4786} TcpClient.clearAll(TcpClient.java:240) ==================== TCP CLIENT CLEAR ALL ====================
12-17 22:30:35.533   633 31870 I SDK     : <2016-12-17 22:30:35> [WARN] SDK: UE-SeC 2016-12-17 22:30:35:533 Level[WARN] magic[3362781472 684]:PubEvt_Close Getting a socket[25] from the Socket-table Failed!
12-17 22:30:35.574   633 31870 I SDK     : <2016-12-17 22:30:35> [WARN] SDK: UE-SeC 2016-12-17 22:30:35:574 Level[WARN] magic[3362781472 684]:PubEvt_Close Getting a socket[196] from the Socket-table Failed!
12-17 22:30:35.599   633   692 I Hw_Fluent: RecentLogic{4456} RecentLogic.addConversationEntity(RecentLogic.java:906) add chat recent!
12-17 22:30:35.660  2852  2852 D DateTimeView: Change to single clock mode!
12-17 22:30:35.872   633 31870 I SDK     : 
12-17 22:30:35.890   633 31870 I SDK     : 
12-17 22:30:35.894   633 31870 I SDK     : 
12-17 22:30:35.895   633 31870 I SDK     : 
12-17 22:30:35.897   633 31870 I SDK     : <2016-12-17 22:30:35> [WARN] SDK: UE-SeC 2016-12-17 22:30:35:897 Level[WARN] magic[3362781472 684]:PubEvt_Close Getting a socket[182] from the Socket-table Failed!
12-17 22:30:35.952  2852  2852 I StackScrollAlgorithm: updateClipping isOverlap:true
12-17 22:30:36.038  1795  2380 I PowerManager_screenOn: PowerManagerNotifier onUserActivity: event=1, uid=1000
12-17 22:30:36.399  2852  2852 I StackScrollAlgorithm: overlapAmount:525.3814, previousNotificationEnd:258.0, newYTranslation:-267.3814, location:8, i:1, getTopPadding:613.0, getLocationOnScreen():-745
12-17 22:30:36.407  5337  5358 E SQLiteLog: (14) cannot open file at line 32731 of [bda77dda96]
12-17 22:30:36.933   633  5324 I SDK     : <2016-12-17 22:30:36> [NOTICE] SDK: UE-SeC 2016-12-17 22:30:36:933 Level[NOTICE] magic[2370939168 1541]:FSM_Tool_Tree_Enc_Path =>Access [/mnt/sdcard/sandbox/AnyOfficeSDK/sdk/UppmQLksydF4jiPx7vvVu9V8mxcQz4u8FMyhVWeaf4pD9ZMGpovYnNkec0u8vhXA] real path  ok 
12-17 22:30:37.086   633 31869 I SDK     : <2016-12-17 22:30:37> [NOTICE] SDK: UE-SeC 2016-12-17 22:30:37:86 Level[NOTICE] magic[3367250208 5690]:Waiting for tunnel register response msg!
12-17 22:30:37.567   633  5377 I SDK     : 
12-17 22:30:37.573   633  5377 I SDK     : <2016-12-17 22:30:37> [NOTICE] SDK: UE-SeC 2016-12-17 22:30:37:573 Level[NOTICE] magic[2397247776 2326]:FSM_OpenFile => [START],Mode[r]
12-17 22:30:37.579   633  5377 I SDK     : 
12-17 22:30:37.958  7741  7755 D OsUtil  : hasStrictRequiredPermissions run true
12-17 22:30:38.494  1795  2377 V HwPackageManagerService: Returning system default Launcher 
12-17 22:30:38.796  1795 16498 I ActivityManager_service: bindServiceLocked, r: ServiceRecord{bce4647 u0 euid: 0 com.android.mms/.transaction.TransactionService}, euid: 0
12-17 22:30:38.803  4492  4492 W CfgFilePolicy: No config file found for:/themes/diff/icons
12-17 22:30:43.150  2852  2852 I HwSignalClusterView: getOrInflateState subId:0
12-17 22:30:44.138  3180  3578 I PacketsControl: not 3G net type. do nothing.
12-17 22:30:45.151  2852  2852 I HwSignalClusterView: getOrInflateState subId:0
12-17 22:30:49.085  3180  3578 I ash     : 1795 binder call 2852
12-17 22:30:49.243  1795  2371 E LightSensor: read Events lux:  9.0
12-17 22:30:51.176  2852  2852 D HwCustMobileSignalControllerImpl: sub =0,strMccMnc =null,hashMccMnc =[],strPlmn =hw_mcc_mnc
12-17 22:30:58.336  1795  2381 D libfingersense_wrapper: Calling fingersense_classify_touch()
12-17 22:30:59.328  1795  2381 D libfingersense_wrapper: Calling fingersense_touch_up()
12-17 22:31:00.141  5394  5509 W System.err: 	at android.content.res.AssetManager.open(AssetManager.java:690)
12-17 22:31:00.994  3626  4889 E PTM.FileNodeInfo: getTempInfo error: null, 0
12-17 22:31:09.799  1795  2380 D PowerManagerService: ready=true,policy=3,wakefulness=1,wksummary=0x0,uasummary=0x1,bootcompleted=true,boostinprogress=false,waitmodeenable=false,mode=true,manual=33,auto=-1,adj=0.0userId=0
12-17 22:31:11.718  2852  2852 I HwSignalClusterView: apply hwPhoneState.mSubId:0 anyMobileVisible:false mIsAirplaneMode:false, mobileGroupVisible=true
12-17 22:31:16.749  2852  2852 I HwSignalClusterView: getOrInflateState subId:0
12-17 22:31:18.861  1795  2381 D libfingersense_wrapper: fingersense_classify_touch() finished
12-17 22:31:23.631  3858  4126 I amsnl   : c: true, w: false, t: false, l: false
12-17 22:31:25.987  3626  3626 E PTM.FileNodeInfo: getTempInfo error: null, 0
12-17 22:31:34.727  2852  3556 I NetworkController.MobileSignalController(0): onDataActivity: direction=0
12-17 22:31:35.410  4492  4492 I SendBroadcastPermission: action:com.tencent.mm.ui.ACTION_ACTIVE, mPermissionType:0
12-17 22:31:36.541  3879  4071 I HwLauncher: Launcher.LauncherProvider  queried count: 1
12-17 22:31:39.051  1795  3238 E PF_API_NATIVE: check perfhub service fail! 
12-17 22:31:39.258  2852  2852 I SystemServicesProxy: get the task from ActivityManager size is 10 AMS:getRecentTasksForUser,args:numTasksToQuery=10,flags=62,userId=0
12-17 22:31:40.765  2852  3556 I NetworkController.MobileSignalController(0): onDataActivity: direction=3
12-17 22:31:40.774  2852  2914 I SimCardMethod: isCardAbsent slot:0 slotState:5
12-17 22:31:43.851  3879  4071 I HwLauncher: BadgeContentObserver newBadgeNumber:0,oldBadgeNumber:0 mComponentName : ComponentInfo{com.tencent.mm/com.tencent.mm.ui.LauncherUI}
12-17 22:31:44.798  2852  2852 I HwSignalClusterView: apply hwPhoneState.mSubId:0 anyMobileVisible:false mIsAirplaneMode:false, mobileGroupVisible=true
12-17 22:31:47.469  3858  4126 I amsnl   : csr
12-17 22:31:49.350  4492  4549 E HW-JPEG-DEC: [HME_JPEG_DEC_Delete](3298): HME_JPEG_DEC_Delete: decoder_ctx=null
12-17 22:31:59.889  4492  4547 E HW-JPEG-DEC: [HME_JPEG_DEC_Delete](3298): HME_JPEG_DEC_Delete: decoder_ctx=null
12-17 22:32:00.012  2852  2852 I HwDateUtils: begin of formatChinaDateRange chinaDate:晚上10:32
12-17 22:32:05.949  2852  2852 I HwSignalClusterView: getOrInflateState subId:0
12-17 22:32:35.342   816  5712 D DnsProxyListener: GetAddrInfoHandler addr: uc.huawei.com {308, 917812, 10102} 45.249.213.63
12-17 22:32:35.521  2852  2852 D HwCustMobileSignalControllerImpl: isCurrentBySim()=false
12-17 22:32:35.594   802   802 E Thermal-daemon: [Thermal_Hw] temperature_valid, battery : temperature is invalid, invalid temperatrue is 30
12-17 22:32:40.544  2852  2852 I HwSignalClusterView: setMobileDataIndicatorsHuawei subId:0 visible:true strengthIcon:2130839311 typeIcon:2130839195 contentDescription:手机信号满格。 typeContentDescription:4G isTypeIconWide:true showActivity:true activityIn:false activityOut:false isRoaming:false
12-17 22:32:40.694  1795  3238 D PowerManagerService: Releasing suspend blocker "PowerManagerService.WakeLocks".
12-17 22:32:48.543  2852  2852 D HwCustMobileSignalControllerImpl: isCurrentBySim()=false
12-17 22:32:51.309  2852  2852 I HwSignalClusterView: setMobileDataIndicatorsHuawei subId:0 visible:true strengthIcon:2130839311 typeIcon:2130839195 contentDescription:手机信号满格。 typeContentDescription:4G isTypeIconWide:true showActivity:true activityIn:false activityOut:false isRoaming:false
12-17 22:32:53.309  2852  2852 D HwCustMobileSignalControllerImpl: isCurrentBySim()=false
12-17 22:33:03.218  3858  4126 I amsnl   : csr
12-17 22:33:05.219  4492  4549 E HW-JPEG-DEC: [PreProcess_enc_data](2508): file enc len too short 6644
12-17 22:33:10.461 16375  5763 D HiWiServiceBD: lastReportTime = 1481966459853
12-17 22:33:10.729  2852  2852 W HwPhoneLayoutInflater: onCreateView : ClassNotFoundException, In this case we want to let the base class take a crack at it
12-17 22:33:12.519  3879  5881 I HwLauncher: Launcher.LauncherProvider  launcher call - method:setAppBadgeCount arg:null extras:[app_shortcut_custom_id=null][app_shortcut_class_name=com.tencent.mm.ui.LauncherUI][app_badge_count=1] uid =10105 pid =4492
12-17 22:33:15.800  2852  2852 D PhoneStatusBar: makeExpandedInvisible: mExpandedVisible=false
12-17 22:33:24.677  1795  2381 D libfingersense_wrapper: Calling fingersense_touch_up()
12-17 22:33:24.680   533  3739 E ANDR-PERF-MPCTL: Invalid profile no. 0, total profiles 0 only
12-17 22:33:26.315  1795  3884 E ActivityManager: applyOptionsLocked: Unknown animationType=0
12-17 22:33:26.760  2852  2852 I PhoneStatusBar: updateNotificationShade
12-17 22:33:27.505 31532 31532 W HwIntelligent3_AnimationListAdapter:  var is null at AnimationListView$AnimationListAdapter getView 303
12-17 22:33:31.263  1795  3225 I HwActivityManagerService: Split enqueueing broadcast [callerApp]:ProcessRecord{fddc75d 16628:com.huawei.android.totemweather/u0a28}
12-17 22:33:31.272  2852  2852 I EventCenter: EventCenter Get :com.huawei.android.action.WEATHER_CHANGE
12-17 22:33:31.340  2852  2852 I HwResourcesImpl: icon : com.huawei.intelligent found in app
12-17 22:33:31.406  2852  2852 I HwNavigationBarTransitions: transitionTo:mode=2, isEmuiStyle=false
12-17 22:33:32.464  1795  3249 D PowerManagerService: acquire lock=230301592, flags=0x1, tag="*launch*", name=android, ws=WorkSource{10003}, uid=1000, pid=1795
12-17 22:33:32.487  1795  3121 I WindowManager: Application requested orientation -1, got rotation 0 which has compatible metrics
12-17 22:33:33.367  2852  2852 I HwSignalClusterView: getOrInflateState subId:0
12-17 22:33:36.340  2852  2914 I HwMobileSignalController: subId:0 phoneType:1 networktype:13 targetClass:3 masterLevel:4 slaveLevel:-1
12-17 22:33:42.339  1795  1795 I MQoS    : onSignal: mSubId=0,currDataSubID=0
12-17 22:33:43.911  1795  2323 D HwBatteryService: onUEvent fcpStatus = 0,scpStatus =0,ovpStatus=0
12-17 22:33:54.267  1795  2737 I QosMonitor: postEventFromNative: msg=100,arg1=0,arg2=9
12-17 22:34:08.775  1795  2750 D HW_DISPLAY_EFFECT: presently, hw_update_color_temp_for_rg_led interface not achieved.
12-17 22:34:09.537  1795  2750 D HW_DISPLAY_EFFECT: presently, hw_update_color_temp_for_rg_led interface not achieved.
12-17 22:34:10.023  1795  2323 E UsbDeviceManager: 	at android.os.UEventObserver$UEventThread.sendEvent(UEventObserver.java:210)
12-17 22:34:10.142  1795  1807 D DeviceIdleController: handleMessage(7)
12-17 22:34:10.282  1795  2750 D HW_DISPLAY_EFFECT: presently, hw_update_color_temp_for_rg_led interface not achieved.
12-17 22:34:10.901  3180  3578 I PacketsControl: not 3G net type. do nothing.
12-17 22:34:14.164  1795  1825 D PowerManagerService: reallyGoToSleepNoUpdateLocked: eventTime=128342474, uid=1000
12-17 22:34:14.235   606  2379 E libteec : send data return = 128
12-17 22:34:14.636  1795  1795 I Sensor  : updateLight --> mIsNotificationExisting: false ledOnMS: 0 ledOffMS :0
12-17 22:34:19.016  7741  7758 D TmoMonitor: Cache monitor msg as screen_off
12-17 22:34:19.640  2852  2852 I SignalClusterView: applyIconTint ignore
12-17 22:34:19.868  1795  1819 D NetworkManagement: notifyInterfaceClassActivity: client is com.android.server.connectivity.Vpn$2@e40aefb
12-17 22:34:31.704 30820  6148 W PackageParser: Ignoring duplicate uses-permissions/uses-permissions-sdk-m: android.permission.READ_EXTERNAL_STORAGE in package: com.yodo1.skisafari2.UC_02 at: Binary XML file line #95
12-17 22:34:35.435  3218  3218 I QImsService: ImsServiceSubHandler : Message received: what = 27
12-17 22:34:40.314  1795 15528 I PackageManager_scan: measureTask getPackageSizeInfoLI : PackageStats{d7bbf06 com.android.wallpaper.livepicker}, for user 0
12-17 22:34:45.150  2852  3556 I NetworkController.MobileSignalController(0): onDataActivity: direction=4
12-17 22:34:47.483 30820  6145 I HwSystemManager: TotalScanTask:result:  0.67
12-17 22:35:14.336  1795  2737 I QosMonitor: postEventFromNative: msg=100,arg1=0,arg2=9
12-17 22:35:32.350  2852  2914 I HwMobileSignalController: updateSignalStrength: signalStrength=SignalStrength: -1 0 -1 255 -1 255 -1 255 255 20 -102 -11 62 2147483647 2147483647 false gw|lte
12-17 22:35:35.331  1795  2376 I ActivityManager_broadcast: Enqueueing ordered broadcast[foreground] BroadcastRecord{543c8eb u-1 android.intent.action.TIME_TICK}: prev had 0
12-17 22:35:35.368   816  1562 W SocketListener: sending broadcast to Pid = 1795, Uid = 1000 
12-17 22:35:35.396  2852  2852 I StackScrollAlgorithm: updateDimmedActivatedHideSensitive overlap:false
12-17 22:35:37.281  3626  3626 E PTM.FileNodeInfo: getTempInfo error: null, 0
12-17 22:35:37.630   633 31868 I SDK     : 
12-17 22:35:52.210  1795  1804 I art     : Background sticky concurrent mark sweep GC freed 98949(6MB) AllocSpace objects, 33(668KB) LOS objects, 7% free, 51MB/55MB, paused 4.475ms total 150.123ms
12-17 22:36:01.788  1795  1795 I MQoS    : received cell-signal:5
12-17 22:36:04.408   832   933 W AwareLog:defragd: delay_us exceeds max timeout: 489992734 us
12-17 22:36:05.718  2852  2852 I StatusBarWindowManager: apply mLp:0 -> 0; Height: -1; Flag: 81840048
12-17 22:36:05.724   606  2379 E libteec : qsc_send_cmd finish
12-17 22:36:05.911   633  6358 I SDK     : 
12-17 22:36:05.989  1795 15987 W NetworkStatsFactory: mStatsXtProcUid: /proc/net/comm/stats does not exist!
12-17 22:36:06.237  6361  6361 W ContextImpl: Calling a method in the system process without a qualified user: android.app.ContextImpl.stopService:1533 android.content.ContextWrapper.stopService:618 com.huawei.logupload.util.Utils$MyHandler.handleMessage:588 android.os.Handler.dispatchMessage:102 android.os.Looper.loop:199 
12-17 22:36:07.022  2852  2852 D HwCustMobileSignalControllerImpl: sub =0,strMccMnc =null,hashMccMnc =[],strPlmn =hw_mcc_mnc
12-17 22:36:07.048   633  6383 I SDK     : 
12-17 22:36:09.217  1795  3139 V AudioManager: getRingtonePlayer...
12-17 22:36:09.361  2852  2852 I StackScrollAlgorithm: overlapAmount:44.0, previousNotificationEnd:0.0, newYTranslation:-44.0, location:4, i:0, getTopPadding:499.0, getLocationOnScreen():-543
12-17 22:36:12.534  2852  2852 I BarTransitions.HwPhoneStatusBarView: transitionTo: mode=MODE_TRANSLUCENT, animate=false
12-17 22:36:19.814  2852  2852 D HwCustMobileSignalControllerImpl: isCurrentBySim()=false
12-17 22:36:31.218  1795  1795 I MQoS    : received cell-signal:5
12-17 22:36:33.501  1795  1819 D NetworkManagement: notifyInterfaceClassActivity: client is com.android.server.net.NetworkStatsService$6@5d6efc
12-17 22:36:40.739  1795  2750 D HW_DISPLAY_EFFECT: presently, hw_update_color_temp_for_rg_led interface not achieved.
12-17 22:36:40.922  1795  2750 D HW_DISPLAY_EFFECT: presently, hw_update_color_temp_for_rg_led interface not achieved.
12-17 22:36:42.346  1795  2750 D HW_DISPLAY_EFFECT: presently, hw_update_color_temp_for_rg_led interface not achieved.
12-17 22:36:42.749  2852  2852 D HwCustMobileSignalControllerImpl: isCurrentBySim()=false
12-17 22:36:42.752  2852  2852 I HwSignalClusterView: getOrInflateState subId:0
12-17 22:36:46.560   835   835 V fingerprintd: authenticate(sid=0, gid=0)
12-17 22:36:46.718  2852  2852 D KGWallpaper_Magazine: Magazine Picture Loaded. false  1
12-17 22:36:47.123  2883  2996 I HwSystemManager: ITrafficInfo:ITrafficInfo create 301updateBytes = 1774471708
12-17 22:36:57.573  3782  6445 V AudioManager: isWiredHeadsetOn...
12-17 22:37:03.347  1795  2323 E UsbDeviceManager: 	at android.os.UEventObserver$UEventThread.sendEvent(UEventObserver.java:210)
12-17 22:37:21.136  1795  1795 I MQoS    : received cell-signal:5
12-17 22:37:36.699   633 31870 I SDK     : <2016-12-17 22:37:36> [WARN] SDK: UE-SeC 2016-12-17 22:37:36:699 Level[WARN] magic[3362781472 684]:PubEvt_Close Getting a socket[34] from the Socket-table Failed!
12-17 22:37:36.704   633 31870 I SDK     : 
12-17 22:37:36.721   633 31870 I SDK     : <2016-12-17 22:37:36> [WARN] SDK: UE-SeC 2016-12-17 22:37:36:721 Level[WARN] magic[3362781472 684]:PubEvt_Close Getting a socket[122] from the Socket-table Failed!
12-17 22:37:36.743   633 31870 I SDK     : <2016-12-17 22:37:36> [WARN] SDK: UE-SeC 2016-12-17 22:37:36:743 Level[WARN] magic[3362781472 684]:PubEvt_Close Getting a socket[222] from the Socket-table Failed!
12-17 22:37:37.029   633   692 I eSpaceService: Thread-1806{6472} VPNWork.onNetChanged(VPNWork.java:324) SVN login success notify 
12-17 22:37:37.104   633 31868 I SDK     : 
12-17 22:37:40.844  7194  7194 I PushLog2824: [main-1]action is com.huawei.action.CONNECT_PUSHSRV(android/null:-1)
12-17 22:37:40.921  7194  6531 I PushLog2824: [SocketRead_22:37:40-13576]isSupportCtrlSocketV2, ctrlSocket(android/null:-1)
12-17 22:37:40.990  2852  2852 I StackScrollAlgorithm: updateDimmedActivatedHideSensitive overlap:false
12-17 22:38:12.336  1795  1795 I MQoS    : received cell-signal:5
12-17 22:38:47.212   633 31870 I SDK     : 
12-17 22:38:47.246   633 31870 I SDK     : <2016-12-17 22:38:47> [WARN] SDK: UE-SeC 2016-12-17 22:38:47:246 Level[WARN] magic[3362781472 684]:PubEvt_Close Getting a socket[158] from the Socket-table Failed!
12-17 22:38:47.251   633 31870 I SDK     : 
12-17 22:38:47.266   633 31870 I SDK     : <2016-12-17 22:38:47> [WARN] SDK: UE-SeC 2016-12-17 22:38:47:266 Level[WARN] magic[3362781472 684]:PubEvt_Close Getting a socket[222] from the Socket-table Failed!
12-17 22:38:47.380   633 31868 E SDK     : <2016-12-17 22:38:47> [ERR] SDK: UE-SeC 2016-12-17 22:38:47:379 Level[ERR] magic[3365677344 2893]:engine 0, id = "gmt", name = "GMT engine support"
12-17 22:39:13.922  2852  2852 D HwCustMobileSignalControllerImpl: sub =0,strMccMnc =null,hashMccMnc =[],strPlmn =hw_show_lte
12-17 22:39:24.017  1795  1795 I MQoS    : received cell-signal:5
12-17 22:39:31.360  3858  4126 I amsnl   : m1: false
12-17 22:39:57.534   633 31870 I SDK     : 
12-17 22:39:57.541   633 31870 I SDK     : <2016-12-17 22:39:57> [WARN] SDK: UE-SeC 2016-12-17 22:39:57:541 Level[WARN] magic[3362781472 684]:PubEvt_Close Getting a socket[219] from the Socket-table Failed!
12-17 22:39:57.857   633 31868 I SDK     : <2016-12-17 22:39:57> [NOTICE] SDK: UE-SeC 2016-12-17 22:39:57:857 Level[NOTICE] magic[3365677344 635]:idle state change to IDLE
12-17 22:39:58.512 31949 31967 I TCP     : tcp.recv{4790} TcpClientThread.onReceiverWork(TcpClientThread.java:314) disconnected
12-17 22:40:02.289   633  6765 I SDK     : <2016-12-17 22:40:02> [NOTICE] SDK: UE-SeC 2016-12-17 22:40:2:289 Level[NOTICE] magic[2388199712 2756]:WriteSdkGroupItem: hash has same item[HW_W3_MDM_PASSWORD]
12-17 22:40:02.436 31949 31985 I PushService: connect :true
12-17 22:40:05.501  1795  2323 E UsbDeviceManager: 	at java.io.FileInputStream.open(Native Method)
12-17 22:40:11.387  3858  4126 I amsnl   : c: true, w: false, t: false, l: false
12-17 22:40:37.558   633 31867 I SDK     : <2016-12-17 22:40:37> [NOTICE] SDK: UE-SeC 2016-12-17 22:40:37:557 Level[NOTICE] magic[3368294688 166]:Detect id is [7] when login ,this time!
12-17 22:40:42.746  2852  2852 D NetWorkUtils: mVSimCurCardType is -1
12-17 22:40:48.419  1795  1819 D NetworkManagement: notifyInterfaceClassActivity: client is com.android.server.connectivity.Tethering@ff4a50f
12-17 22:41:10.944  1795 16501 D PowerManagerService: ready=true,policy=0,wakefulness=0,wksummary=0x1,uasummary=0x0,bootcompleted=true,boostinprogress=false,waitmodeenable=false,mode=true,manual=33,auto=-1,adj=0.0userId=0
12-17 22:41:10.953  2852  2852 I PowerUI : buckets   .....15 .. 10 .. 5level          72 --> 73status         2 --> 2plugType       1 --> 1invalidCharger 0 --> 0bucket         1 --> 1plugged        true --> true
12-17 22:41:15.390  1795  1795 I MQoS    : onSignal: mSubId=0,currDataSubID=0
12-17 22:41:30.747  3858  4126 I amsnl   : m1: false
12-17 22:41:36.213   802   802 E Thermal-daemon: [Thermal_Hw] temperature_valid, battery : temperature is invalid, invalid temperatrue is 32
12-17 22:41:38.631   633 31870 I SDK     : <2016-12-17 22:41:38> [WARN] SDK: UE-SeC 2016-12-17 22:41:38:631 Level[WARN] magic[3362781472 684]:PubEvt_Close Getting a socket[33] from the Socket-table Failed!
12-17 22:41:38.665   633 31870 I SDK     : 
12-17 22:41:38.672   633 31870 I SDK     : <2016-12-17 22:41:38> [WARN] SDK: UE-SeC 2016-12-17 22:41:38:672 Level[WARN] magic[3362781472 684]:PubEvt_Close Getting a socket[178] from the Socket-table Failed!
12-17 22:41:38.967   633 31868 E SDK     : 
12-17 22:41:38.968   633 31868 I SDK     : 
12-17 22:41:38.969   633 31875 I SDK     : 
12-17 22:41:45.187  3879  4071 I HwLauncher: NewEspaceMessageContentObserver  getNewEspaceMessageCount: 9
12-17 22:41:56.647   633   692 I eSpaceService: Watch Thread{4481} WatchThread.onLoop(WatchThread.java:98) watch thread onLoop...--》 iWatched.doWatch() 
12-17 22:42:32.165  1795  6985 I AlarmManager: set(PendingIntent{2a3c4a4: PendingIntentRecord{7ce20d com.tencent.mm broadcastIntent}}) : type=2 triggerAtTime=454558524 win=202497 tElapsed=454558524 maxElapsed=454761021 interval=0 flags=0x8
12-17 22:42:32.443  2852  2852 D HwCustMobileSignalControllerImpl: isCurrentBySim()=false
12-17 22:42:37.439  2852  2852 I HwSignalClusterView: getOrInflateState subId:0
12-17 22:42:41.129  3626  3626 E PTM.FileNodeInfo: getTempInfo error: null, 0
12-17 22:42:47.711   633 31868 I SDK     : <2016-12-17 22:42:47> [NOTICE] SDK: UE-SeC 2016-12-17 22:42:47:711 Level[NOTICE] magic[3365677344 5474]:Change the status to [2]!
12-17 22:42:47.720  1795  1819 D NetworkManagement: notifyInterfaceClassActivity: client is android.net.INetworkManagementEventObserver$Stub$Proxy@c0acf8b
12-17 22:42:47.734   633 31870 I SDK     : <2016-12-17 22:42:47> [WARN] SDK: UE-SeC 2016-12-17 22:42:47:734 Level[WARN] magic[3362781472 684]:PubEvt_Close Getting a socket[37] from the Socket-table Failed!
12-17 22:42:47.735   633 31870 I SDK     : 
12-17 22:42:47.736   633 31870 I SDK     : <2016-12-17 22:42:47> [WARN] SDK: UE-SeC 2016-12-17 22:42:47:736 Level[WARN] magic[3362781472 684]:PubEvt_Close Getting a socket[51] from the Socket-table Failed!
12-17 22:42:47.736   633 31870 I SDK     : <2016-12-17 22:42:47> [WARN] SDK: UE-SeC 2016-12-17 22:42:47:736 Level[WARN] magic[3362781472 684]:PubEvt_Close Getting a socket[54] from the Socket-table Failed!
12-17 22:42:47.741   633 31870 I SDK     : 
12-17 22:42:47.747   633 31870 I SDK     : 
12-17 22:42:48.061   633 31868 I SDK     : 
12-17 22:42:51.677 31949 31967 I TCP     : tcp.conn{4787} TcpClientThread.onRecv(TcpClientThread.java:522) tcp connection event TCP_CONNECTED
12-17 22:43:02.749  2852  2914 I SimCardMethod: isCardAbsent slot:0 slotState:5
12-17 22:43:32.037  1795  2376 I AlarmManager: Alarm triggering (type 0 or 2): [Alarm{cafde08 type 2 when 454288512 com.tencent.mm}, Alarm{73d3eea type 2 when 454348391 com.tencent.mm}, Alarm{37c46d5 type 2 when 454348397 com.tencent.mm}]
12-17 22:43:33.270  1795  1795 I MQoS    : onSignal: mSubId=0,currDataSubID=0
12-17 22:43:37.173  1795 20747 D PowerManagerService: ready=true,policy=0,wakefulness=0,wksummary=0x0,uasummary=0x0,bootcompleted=true,boostinprogress=false,waitmodeenable=false,mode=true,manual=33,auto=-1,adj=0.0userId=0
12-17 22:43:50.777   633   692 I eSpaceService: Watch Thread{4481} WatchThread.onLoop(WatchThread.java:98) watch thread onLoop...--》 iWatched.doWatch() 
12-17 22:44:09.700  2852  3556 I HwMobileSignalController: mExtDataOld:ExtData [mMasterNetWorkType=3, mSlaveNetWorkType=0, mMasterNetWorkLevel=4, mSlaveNetWorkLevel=-1, mDataState=2, mDataActivity=4, mDataNetType=13] mExtData:ExtData [mMasterNetWorkType=3, mSlaveNetWorkType=0, mMasterNetWorkLevel=4, mSlaveNetWorkLevel=-1, mDataState=2, mDataActivity=0, mDataNetType=13]
12-17 22:44:51.660 31949 31967 I ECS     : WatchThread{4786} TcpClient.clearAll(TcpClient.java:240) ==================== TCP CLIENT CLEAR ALL ====================
12-17 22:45:30.103  2852  2914 I HwMobileSignalController: updateSignalStrength: signalStrength=SignalStrength: -1 0 -1 255 -1 255 -1 255 255 19 -101 -7 180 2147483647 2147483647 false gw|lte
12-17 22:45:42.734  2852  3556 I NetworkController.MobileSignalController(0): onDataActivity: direction=4
12-17 22:46:31.675  1795  2323 E UsbDeviceManager: 	at com.android.server.usb.UsbDeviceManager$2.onUEvent(UsbDeviceManager.java:328)
12-17 22:46:31.803  3858  4126 I amsnl   : csr
12-17 22:46:38.177   633 31870 I SDK     : 
12-17 22:46:42.372   633   692 I eSpaceService: pool-3-thread-1{4478} BaseBroadcast.sendBroadcast(BaseBroadcast.java:131) no receiver for action#local_voicemessage_updatestatus
12-17 22:46:53.142  2852  3556 I HwMobileSignalController: mExtDataOld:ExtData [mMasterNetWorkType=3, mSlaveNetWorkType=0, mMasterNetWorkLevel=4, mSlaveNetWorkLevel=-1, mDataState=2, mDataActivity=0, mDataNetType=13] mExtData:ExtData [mMasterNetWorkType=3, mSlaveNetWorkType=0, mMasterNetWorkLevel=4, mSlaveNetWorkLevel=-1, mDataState=2, mDataActivity=4, mDataNetType=13]
12-17 22:47:21.832  2852  2852 I HwSignalClusterView: getOrInflateState subId:0
12-17 22:47:31.852  1795 16501 D PowerManagerService: ready=true,policy=0,wakefulness=0,wksummary=0x1,uasummary=0x0,bootcompleted=true,boostinprogress=false,waitmodeenable=false,mode=true,manual=33,auto=-1,adj=0.0userId=0
12-17 22:47:34.962  1795  5350 I MQoS    : MSG_QUERY_TCP_INFO called,count:99
12-17 22:47:37.414  3626  3626 E PTM.FileNodeInfo: getTempInfo error: null, 0
12-17 22:47:54.977  1795  1795 I WifiProJNI: ######### CMD_QUERY_PKTS ########
12-17 22:48:10.133  1795  2670 D WifiController: wifiSleepPolicy:1
12-17 22:48:10.138  2852  2852 I PowerUI : buckets   .....15 .. 10 .. 5level          77 --> 78status         2 --> 2plugType       1 --> 1invalidCharger 0 --> 0bucket         1 --> 1plugged        true --> true
12-17 22:48:10.148  3626  3626 E PTM.FileNodeInfo: getTempInfo error: null, 0
12-17 22:48:10.148  3626  3626 E PTM.FileNodeInfo: getTempInfo error: null, 0
12-17 22:48:12.672  3858  4126 I amsnl   : m1: false
12-17 22:48:17.983   633 31870 I SDK     : <2016-12-17 22:48:17> [WARN] SDK: UE-SeC 2016-12-17 22:48:17:983 Level[WARN] magic[3362781472 684]:PubEvt_Close Getting a socket[29] from the Socket-table Failed!
12-17 22:48:18.004   633 31870 I SDK     : 
12-17 22:48:18.005   633 31870 I SDK     : <2016-12-17 22:48:18> [WARN] SDK: UE-SeC 2016-12-17 22:48:18:5 Level[WARN] magic[3362781472 684]:PubEvt_Close Getting a socket[168] from the Socket-table Failed!
12-17 22:48:18.015   633 31870 I SDK     : 
12-17 22:48:18.266   633 31868 E SDK     : <2016-12-17 22:48:18> [ERR] SDK: UE-SeC 2016-12-17 22:48:18:266 Level[ERR] magic[3365677344 1532]:RefreshLoginTime: u(w00290667) refresh time 1481986098
12-17 22:48:18.268   633 31875 I SDK     : 
12-17 22:48:18.287   633   692 I ECS     : Heartbeat timer.timers{6517} SimpleThread.onLoop_i(SimpleThread.java:144) thread loop broken
12-17 22:48:18.332   633  7448 I SDK     : <2016-12-17 22:48:18> [NOTICE] SDK: UE-SeC 2016-12-17 22:48:18:332 Level[NOTICE] magic[2374666528 929]:end get userinfo jni invoke!
12-17 22:48:21.863   633   692 I ECS     : pool-1-thread-1{4483} XmlMsg.encodeBuf(XmlMsg.java:215) SEND 144 bytes [16]_00_00_00_8C_00_03_01_03_13_05_88_E5_BF_F5_55_7F cmdCode(CC_SetPersonalState.0x0313)msgType(MT_ARG.1)msgClass(MC_InstanceMessage.3)sender(ST_Mobile.0)crypted(true)zipped(false)nobase64(true)length(140)version(3)sno(88E5)
12-17 22:48:24.481  3879  3879 I HwLauncher: Launcher.Folder childCount: 7
12-17 22:48:37.049  1795  1819 D NetworkManagement: notifyInterfaceClassActivity: client is com.android.server.connectivity.Vpn$2@e40aefb
12-17 22:48:52.315  1795 16501 D PowerManagerService: ready=true,policy=0,wakefulness=0,wksummary=0x1,uasummary=0x0,bootcompleted=true,boostinprogress=false,waitmodeenable=false,mode=true,manual=33,auto=-1,adj=0.0userId=0
12-17 22:49:04.342  1795  2377 I RMS.MemoryFragReader: invoke the getMemoryAvailableNumInZone method
12-17 22:49:52.160  2852  2852 V KeyguardUpdateMonitor: RefreshBatteryInfo isBatteryLow: 79
12-17 22:49:57.794  7194  7500 E PushLog2824: [SocketRead_22:48:51-13649]connect occurs :com.huawei.android.pushagent.datatype.PushException:  read normal Exit(android/null:-1)
12-17 22:49:57.837   633 31870 I SDK     : <2016-12-17 22:49:57> [WARN] SDK: UE-SeC 2016-12-17 22:49:57:837 Level[WARN] magic[3362781472 684]:PubEvt_Close Getting a socket[82] from the Socket-table Failed!
12-17 22:49:57.847   633 31870 I SDK     : <2016-12-17 22:49:57> [WARN] SDK: UE-SeC 2016-12-17 22:49:57:846 Level[WARN] magic[3362781472 684]:PubEvt_Close Getting a socket[132] from the Socket-table Failed!
12-17 22:50:37.743  2852  2852 D HwCustMobileSignalControllerImpl: isCurrentBySim()=false
12-17 22:50:52.079  1795  1795 I MQoS    : received cell-signal:1
12-17 22:51:14.137  1795  1825 D PowerManagerService: Acquiring suspend blocker "PowerManagerService.Broadcasts".
12-17 22:51:14.173   818  1152 I logserver: handle_exception_events enter
12-17 22:51:14.246  1795  3247 I ActivityManager_service: bindServiceLocked, r: ServiceRecord{999e57 u0 euid: 0 com.huawei.phoneservice/com.huawei.feedback.component.AutoUploadService}, euid: 0
12-17 22:51:14.437 31949 31967 I eSpaceService: WatchThread{4786} TcpCirChannel.connect(TcpCirChannel.java:219) Connect to server  address = [uc.huawei.com,]  port = 7801
12-17 22:51:15.061  1795  2748 D HwAmbientLuxFilterAlgo: earliestValidTime + POWER_ON_DARKENING_LIGHT_DEBOUNCE
12-17 22:51:15.132  1795  2737 I QosMonitor: postEventFromNative: msg=100,arg1=0,arg2=9
12-17 22:51:15.183  1795  2750 D HW_DISPLAY_EFFECT: presently, hw_update_color_temp_for_rg_led interface not achieved.
12-17 22:51:15.227  1795  1795 D Sensors : batch called handle:2 sample_ns:20000000 latency_ns:0
12-17 22:51:15.248  1795  2750 D HW_DISPLAY_EFFECT: presently, hw_update_color_temp_for_rg_led interface not achieved.
12-17 22:51:16.867  1795  2748 D HwAmbientLuxFilterAlgo: earliestValidTime + POWER_ON_DARKENING_LIGHT_DEBOUNCE
12-17 22:51:18.967  3626  3626 E PTM.FileNodeInfo: getTempInfo error: null, 0
12-17 22:51:19.024  2852  2852 I StackScrollAlgorithm: updateClipping isOverlap:false
12-17 22:51:19.140  1795  1795 I HwActivityManagerService: Split enqueueing broadcast [callerApp]:ProcessRecord{34bf34f 0:system/1000}
12-17 22:51:19.209  2852  2852 I StackScrollAlgorithm: updateClipping isOverlap:false
12-17 22:51:19.220  1795  3111 I AlarmManager: remove(PendingIntent{5c0fa17: PendingIntentRecord{f343d99 com.huawei.appmarket startService}}) changed bounds; rebatching
12-17 22:51:19.226  2883  3125 I HwSystemManager: StartupResidentService:InnerHandler Message:7
12-17 22:51:19.406  1046  1125 I msm8916_platform: platform_check_and_set_codec_backend_cfg:becf: afe: bitwidth 16, samplerate 48000 channels 2, backend_idx 0 usecase = 1 device (speaker)
12-17 22:51:20.824  1795  2323 E UsbDeviceManager: 	at java.io.FileInputStream.<init>(FileInputStream.java:146)
12-17 22:51:25.148  1795  5350 I TrafficMonitor: getStatic,count:0,work status:false
12-17 22:51:27.175  1795  1825 I PowerManagerService: Screen timeout occured. mStayOn = false, mProximityPositive = false, mWakeLockSummary = 0x0, mUserActivitySummary = 0x2, mScreenBrightnessBoostInProgress = false
12-17 22:51:41.943   802   802 E Thermal-daemon: [Thermal_Hw] temperature_valid, battery : temperature is invalid, invalid temperatrue is 31
12-17 22:52:01.588  1795  6985 W ActivityManager: getRunningAppProcesses: caller 10102 does not hold REAL_GET_TASKS; limiting output
12-17 22:52:26.102  3858  4126 I amsnl   : t:false, fl: false, p: 2147483647000, ce: true, we: false
12-17 22:52:31.233  2852  2914 I HwMobileSignalController: updateSignalStrength: signalStrength=SignalStrength: -1 0 -1 255 -1 255 -1 255 255 19 -103 -10 12 2147483647 2147483647 false gw|lte
12-17 22:52:31.234  3858  4126 I amsnl   : m1: false
12-17 22:52:35.219  1795  2737 I QosMonitor: postEventFromNative: msg=100,arg1=0,arg2=9
12-17 22:52:41.631   818  1086 E iMonitor: Systrace:: buffer is full and will reset.
12-17 22:53:03.422   633 31870 I SDK     : <2016-12-17 22:53:03> [WARN] SDK: UE-SeC 2016-12-17 22:53:3:421 Level[WARN] magic[3362781472 684]:PubEvt_Close Getting a socket[66] from the Socket-table Failed!
12-17 22:53:03.423   633 31870 I SDK     : 
12-17 22:53:03.425   633 31870 I SDK     : <2016-12-17 22:53:03> [WARN] SDK: UE-SeC 2016-12-17 22:53:3:425 Level[WARN] magic[3362781472 684]:PubEvt_Close Getting a socket[91] from the Socket-table Failed!
12-17 22:53:03.438   633 31870 I SDK     : 
12-17 22:53:03.443   633 31870 I SDK     : 
12-17 22:53:03.460   633 31870 I SDK     : <2016-12-17 22:53:03> [WARN] SDK: UE-SeC 2016-12-17 22:53:3:460 Level[WARN] magic[3362781472 684]:PubEvt_Close Getting a socket[199] from the Socket-table Failed!
12-17 22:53:03.463   633 31870 I SDK     : 
12-17 22:53:19.682  1795  2670 D WifiController: wifiSleepPolicy:1
12-17 22:53:19.690  3626  3626 E PTM.FileNodeInfo: getTempInfo error: null, 0
12-17 22:53:23.698  2852  3556 I NetworkController.MobileSignalController(0): onSignalStrengthsChanged signalStrength=SignalStrength: -1 0 -1 255 -1 255 -1 255 255 19 -104 -9 30 2147483647 2147483647 false gw|lte level=4 isSuspend=false levelOld=4,mSignalStrength level=4
12-17 22:53:42.913  2852  2914 I HwMobileSignalController: subId:0 phoneType:1 networktype:13 targetClass:3 masterLevel:4 slaveLevel:-1
12-17 22:53:52.338  2852  2852 I StackScrollAlgorithm: updateDimmedActivatedHideSensitive overlap:false
12-17 22:53:56.446  3858  4126 I amsnl   : t:false, fl: false, p: 2147483647000, ce: true, we: false
12-17 22:54:02.757  2852  2852 W HwLockScreenPanel: Handle message: 100
12-17 22:54:02.763  1795 17832 D PowerManagerService: Acquiring suspend blocker "PowerManagerService.WakeLocks".
12-17 22:54:05.279  1795  1795 D WifiProJNI: send_cmd_kernel: cmd=1
12-17 22:54:47.167   802   802 E Thermal-daemon: [Thermal_Hw] temperature_filter: get invalid temperature, use old temp
12-17 22:54:52.173   802   802 E Thermal-daemon: [Thermal_Hw] temperature_filter: get invalid temperature, use old temp
12-17 22:54:58.641   633 31870 I SDK     : <2016-12-17 22:54:58> [WARN] SDK: UE-SeC 2016-12-17 22:54:58:640 Level[WARN] magic[3362781472 684]:PubEvt_Close Getting a socket[4] from the Socket-table Failed!
12-17 22:54:58.643  2852  2852 D HwCustMobileSignalControllerImpl: sub =0,strMccMnc =null,hashMccMnc =[],strPlmn =hw_show_lte
12-17 22:54:58.662   633 31870 I SDK     : <2016-12-17 22:54:58> [WARN] SDK: UE-SeC 2016-12-17 22:54:58:662 Level[WARN] magic[3362781472 684]:PubEvt_Close Getting a socket[44] from the Socket-table Failed!
12-17 22:54:58.688   633 31870 I SDK     : <2016-12-17 22:54:58> [WARN] SDK: UE-SeC 2016-12-17 22:54:58:688 Level[WARN] magic[3362781472 684]:PubEvt_Close Getting a socket[214] from the Socket-table Failed!
12-17 22:54:59.039   633 31868 I SDK     : <2016-12-17 22:54:59> [NOTICE] SDK: UE-SeC 2016-12-17 22:54:59:39 Level[NOTICE] magic[3365677344 7509]:Currently udp detect response ok,detect id is [16],ack id is [16]!
12-17 22:55:01.677   633   692 I ECS     : Thread-1874{6549} TcpClient.disconnect_i(TcpClient.java:202) ==================== TCP CLIENT DISCONNECT ====================
12-17 22:55:05.221  3879  4071 I HwLauncher: NewEspaceMessageContentObserver  getNewEspaceMessageCount: 9
12-17 22:55:30.434  3858  4126 I amsnl   : c: true, w: false, t: false, l: false
12-17 22:55:37.646  3218  3517 I QImsService: ImsSenderRxr : Response data: [12, 13, -1, -1, -1, -1, 16, 3, 24, -37, 1, 32, 0, 13, -1, 0, 0, 0, 21, -1, -1, 0, 0, 29, -1, 0, 0, 0, 37, -1, -1, 0, 0, 45, -1, 0, 0, 0, 53, -1, -1, 0, 0, 61, -1, 0, 0, 0, 69, -1, -1, 0, 0][SUB0]
12-17 22:55:47.240   802   802 E Thermal-daemon: [Thermal_Hw] temperature_filter: get invalid temperature, use old temp
12-17 22:55:57.659  2852  2852 I HwDateUtils:  formatChinaDateTime equals.
12-17 22:55:59.689  3626  3729 D NCCHR_LogDatabaseNc: metricFileReportProcess enter for metricId = 18
12-17 22:56:19.324  1795  1819 I SendBroadcastPermission: action:android.net.conn.DATA_ACTIVITY_CHANGE, mPermissionType:0
12-17 22:56:37.203  1795  1819 D NetworkManagement: notifyInterfaceClassActivity: client is com.android.server.connectivity.Vpn$2@e40aefb
12-17 22:56:52.341  3858  4126 I amsnl   : t:false, fl: false, p: 2147483647000, ce: true, we: false
12-17 22:57:07.926  1795 15982 D PowerManagerService: Acquiring suspend blocker "PowerManagerService.WakeLocks".
12-17 22:57:12.415  3858  4126 I amsnl   : t:false, fl: false, p: 2147483647000, ce: true, we: false
12-17 22:57:19.472  3626  8264 D PTM.BatteryStats: stop: 2016-12-17 22:57:19
12-17 22:57:52.329  1795  1805 W ActivityManager: Sending non-protected broadcast org.codeaurora.VOIP_VOPS_SSAC_STATUS from system 3218:com.android.phone/1001 pkg com.android.phone
12-17 22:57:52.468  1795  8304 D PFW.HwPFWAppRestartPolicy: proc: com.tencent.mm:push launch 2times, lastTimes = 2
12-17 22:58:39.467  3626  3626 E PTM.FileNodeInfo: getTempInfo error: null, 0
12-17 22:58:43.353  2852  2852 I PowerUI : buckets   .....15 .. 10 .. 5level          85 --> 85status         2 --> 2plugType       1 --> 1invalidCharger 0 --> 0bucket         1 --> 1plugged        true --> true
12-17 22:58:52.534  1795  1795 I MQoS    : received cell-signal:1
12-17 22:58:53.117  7194  8409 I PushLog2824: [SocketRead_22:58:52-13697]write the lastcontectsucc_time to the pushConfig.xml file(android/null:-1)
12-17 22:58:54.661  3858  4126 I amsnl   : t:false, fl: false, p: 2147483647000, ce: true, we: false
12-17 22:59:12.563  3858  4126 I amsnl   : m1: false
12-17 22:59:24.809  3218  3218 I QImsService: ImsServiceSub : handleSsac voice = 255
12-17 23:00:05.784  1795  1795 I MQoS    : received cell-signal:5
12-17 23:00:13.001  1795  1819 I SendBroadcastPermission: action:android.net.conn.DATA_ACTIVITY_CHANGE, mPermissionType:0
12-17 23:00:32.638  3858  4126 I amsnl   : c: true, w: false, t: false, l: false
12-17 23:00:35.793  3858  4126 I amsnl   : t:false, fl: false, p: 2147483647000, ce: true, we: false
12-17 23:00:37.557   633 31867 I SDK     : <2016-12-17 23:00:37> [NOTICE] SDK: UE-SeC 2016-12-17 23:0:37:557 Level[NOTICE] magic[3368294688 247]:Send udp detect packet ok when login,id:[18];count:[0]!
12-17 23:00:58.067   633 31867 I SDK     : 
12-17 23:00:58.069   633 31870 I SDK     : 
12-17 23:00:58.096   633 31870 I SDK     : <2016-12-17 23:00:58> [WARN] SDK: UE-SeC 2016-12-17 23:0:58:96 Level[WARN] magic[3362781472 684]:PubEvt_Close Getting a socket[30] from the Socket-table Failed!
12-17 23:00:58.099   633 31870 I SDK     : 
12-17 23:00:58.128   633 31870 I SDK     : 
12-17 23:00:58.184   633 31870 I SDK     : 
12-17 23:00:58.247   633 31870 I SDK     : 
12-17 23:00:58.261   633 31870 I SDK     : <2016-12-17 23:00:58> [WARN] SDK: UE-SeC 2016-12-17 23:0:58:261 Level[WARN] magic[3362781472 684]:PubEvt_Close Getting a socket[222] from the Socket-table Failed!
12-17 23:00:58.263   633 31870 I SDK     : 
12-17 23:00:58.263   633 31870 I SDK     : <2016-12-17 23:00:58> [WARN] SDK: UE-SeC 2016-12-17 23:0:58:263 Level[WARN] magic[3362781472 684]:PubEvt_Close Getting a socket[225] from the Socket-table Failed!
12-17 23:00:58.276   633 31870 I SDK     : <2016-12-17 23:00:58> [WARN] SDK: UE-SeC 2016-12-17 23:0:58:276 Level[WARN] magic[3362781472 684]:PubEvt_Close Getting a socket[237] from the Socket-table Failed!
12-17 23:00:58.299   633 31870 I SDK     : <2016-12-17 23:00:58> [WARN] SDK: UE-SeC 2016-12-17 23:0:58:299 Level[WARN] magic[3362781472 684]:PubEvt_Close Getting a socket[1] from the Socket-table Failed!
12-17 23:00:58.319   633 31870 I SDK     : 
12-17 23:00:58.658   633 31868 I SDK     : 
12-17 23:01:03.728  1795  3111 E huawei_ProximitySensor_CPP_Test: write 20 failed
12-17 23:01:03.730  1795  3237 I WindowManger_keyguard: hideScrim()
12-17 23:01:03.771   606  2379 E libteec : qsc_send_cmd finish
12-17 23:01:04.522  2852  2852 I StackScrollAlgorithm: updateDimmedActivatedHideSensitive overlap:false
12-17 23:01:05.653   606  2379 E libteec : receive data len = 1216
