12-17 20:20:40.988  1795  1819 I SendBroadcastPermission: action:android.net.conn.DATA_ACTIVITY_CHANGE, mPermissionType:0
12-17 20:20:47.383  3180  3578 I AppManager: check dependency pid: 4690 is depended by pid: 1795
12-17 20:20:47.435  2852  2852 W ResourceType: Failure getting entry for 0xffffffff (t=254 e=65535) (error -2147483647)
12-17 20:20:48.016  1795 16499 D PowerManagerService: ready=true,policy=0,wakefulness=0,wksummary=0x1,uasummary=0x0,bootcompleted=true,boostinprogress=false,waitmodeenable=false,mode=true,manual=33,auto=-1,adj=0.0userId=0
12-17 20:20:51.028  1795  3237 W ActivityManager: Sending non-protected broadcast com.huawei.android.push.intent.SOCKET_INFO from system 7194:com.huawei.android.pushagent.PushService/1000 pkg android
12-17 20:21:48.198  2852  2852 D HwCust  : Create obj success use class android.app.HwCustNotificationImpl
12-17 20:21:48.345  5224  5283 I Step_DataCache: 20002302|getTodayTotalSteps 6314
12-17 20:21:48.442  5224  5283 I SendBroadcastPermission: action:android.com.huawei.bone.NOTIFY_SPORT_DATA, mPermissionType:0
12-17 20:22:09.950  1795  3110 D PowerManagerService: ready=false,policy=3,wakefulness=1,wksummary=0x1,uasummary=0x1,bootcompleted=true,boostinprogress=false,waitmodeenable=true,mode=true,manual=33,auto=-1,adj=0.0userId=0
12-17 20:22:09.988  2852  2852 I HwSignalClusterView: setMobileDataIndicatorsHuawei subId:0 visible:true strengthIcon:2130839311 typeIcon:2130839195 contentDescription:手机信号满格。 typeContentDescription:4G isTypeIconWide:true showActivity:true activityIn:false activityOut:false isRoaming:false
12-17 20:22:10.093  1795  1825 D HwNormalizedSpline: offsetBrightness=54.443333,mOffsetBrightness_last54.443333,lux=177.0,mPosBrightness=0.0,mIsUserChange=false,mDelta=0.0,defaultBrightness=54.443333,mStartLuxDefaultBrightness=54.443333mLastLuxDefaultBrightness=54.443333
12-17 20:22:10.152  2852  2852 D TintTextView: #B3FFFFFF com.android.systemui.tint.TintTextView{3f96501 V.ED..... ......ID 0,1-66,43 #7f1401be app:id/battery_outside_percent}
12-17 20:22:10.218  1795  2750 I HwLightsService: back light level before map = 1904
12-17 20:22:10.246  2852  3328 D KeyguardViewMediator: notifyStartedWakingUp
12-17 20:22:10.274  2852  2852 I HwNavigationBarTransitions: transitionTo:mode=4, isEmuiStyle=false
12-17 20:22:10.326  1795  1795 E         : come into oem_qmi_common_stream_from_modem_len --->modem 
12-17 20:22:10.344  1795  2708 D HwPFWLogger: PFW.HwPFWAppRestartPolicy:receive action = android.intent.action.SCREEN_ON
12-17 20:22:10.442  3626  4889 E PTM.FileNodeInfo: getTempInfo error: null, 0
12-17 20:22:10.449  3626  3626 E PTM.FileNodeInfo: getTempInfo error: null, 0
12-17 20:22:10.469  3180  3578 I ash     : cancel unified heartbeat: com.huawei.espacev2 reason:left H
12-17 20:22:10.491  2883  2996 I HwSystemManager: NormalTrafficAnalysis:alert byte = 1045851262 last alert byte = 1045851262
12-17 20:22:10.511   633 23211 E SDK     : <2016-12-17 20:22:10> [ERR] SDK: UE-SeC 2016-12-17 20:22:10:511 Level[ERR] magic[2485033248 10969]:FSM_Tool_LibcAccess ==> call access err path:</mnt/sdcard/sandbox/AnyOfficeSDK/sdk/UppmQLksydF4jiPx7vvVu9V8mxcQz4u8FMyhVWeaf4oEyot2QtrRPxu0vWwa4WlizavfVwhJviOq7Vb4qM8FmQ==>, errno:<2>
12-17 20:22:10.545  2883  2996 I HwSystemManager: NatTrafficNotifyService:delta byte = 0 no traffic delta = 0Traffic state is 301
12-17 20:22:10.555  3218  3236 I PhoneInterfaceManager: shouldBlockLocation  ret:false
12-17 20:22:10.557   633 31870 I SDK     : <2016-12-17 20:22:10> [WARN] SDK: UE-SeC 2016-12-17 20:22:10:557 Level[WARN] magic[3362781472 684]:PubEvt_Close Getting a socket[149] from the Socket-table Failed!
12-17 20:22:10.708  3180  3578 I ash     : perform running actions!
12-17 20:22:10.790  1795  2332 I qti_sensors_hal: [ACC]processReportInd: X: -1.087146 Y: 3.356421 Z: 9.107700  x_offset:0.160831 y_offset:0.184366 z_offset:0.985027
12-17 20:22:10.933   633 23218 I SDK     : <2016-12-17 20:22:10> [NOTICE] SDK: UE-SeC 2016-12-17 20:22:10:933 Level[NOTICE] magic[2484013344 2589]:ReadSdkGroupItem: no Item[w00290667_mobilePhoneNumber] in group uShare=0
12-17 20:22:10.934   633 23218 I SDK     : <2016-12-17 20:22:10> [NOTICE] SDK: UE-SeC 2016-12-17 20:22:10:933 Level[NOTICE] magic[2484013344 2326]:FSM_OpenFile => [START],Mode[r]
12-17 20:22:10.936   633 23218 I SDK     : 
12-17 20:22:11.505   633   692 I eSpaceService: msg.recv{4490} LoginC.onLoginOk(LoginC.java:1326) Login_By_Step->LoginOK 0
12-17 20:22:11.831  3858  4126 I amsnl   : t:false, fl: false, p: 2147483647000, ce: true, we: false
12-17 20:22:11.871  2852  2852 D NetWorkUtils: mVSimCurCardType is -1
12-17 20:22:12.695  4690  4690 V InputMethodService: showWindow: showing!
12-17 20:22:12.963  3858  4126 I amsnl   : t:false, fl: false, p: 2147483647000, ce: true, we: false
12-17 20:22:15.064   802   802 E ThermalBinder: mThermalService is NULL!
12-17 20:22:15.436  2852  2852 D HwCustMobileSignalControllerImpl: isCurrentBySim()=false
12-17 20:22:17.448  2852  2852 I HwSignalClusterView: getOrInflateState subId:0
12-17 20:22:17.549  1795  2381 D libfingersense_wrapper: Calling fingersense_touch_up()
12-17 20:22:24.961  2852  2852 I HwNotificationIconAreaController: showNotificationAll
12-17 20:22:25.765  2852  2852 D HwCustMobileSignalControllerImpl: isCurrentBySim()=false
12-17 20:22:25.773  3218  3536 E SharedPreferencesImpl: Couldn't create directory for SharedPreferences file /data/user_de/0/com.android.settings/shared_prefs/caStatePreferences.xml
12-17 20:22:30.556  1795  1825 I PowerManager_screenOn: DisplayPowerController updatePowerState mPendingRequestLocked=policy=BRIGHT, useProximitySensor=false, useProximitySensorbyPhone=true, screenBrightness=33, screenAutoBrightnessAdjustment=0.0, brightnessSetByUser=true, useAutoBrightness=true, blockScreenOn=false, lowPowerMode=false, boostScreenBrightness=false, dozeScreenBrightness=-1, dozeScreenState=UNKNOWN, useTwilight=false, useSmartBacklight=true, brightnessWaitMode=false, brightnessWaitRet=true, screenAutoBrightness=-1, userId=0
12-17 20:22:30.685  2852  2852 I HwBrightnessUtils:  getSeekBarProgress isAutoMode:true current brightness:60 percentage:0.43457377
12-17 20:22:31.231  2852  2852 I HwBrightnessController: updateSlider1 seekBarProgress:5371
12-17 20:22:31.477  2852  2852 I ToggleSlider:  mSeekListener onProgressChanged progress:5795 fromUser:false
12-17 20:22:33.893  2852  2852 D StatusBar: updateNotification(StatusBarNotification(pkg=com.huawei.health user=UserHandle{0} id=10010 tag=null key=0|com.huawei.health|10010|null|10099: Notification(pri=0 contentView=null vibrate=null sound=null defaults=0x0 flags=0x62 color=0x00000000 vis=PRIVATE)))
12-17 20:22:36.929  2852  2852 I PhoneStatusBar: updateNotificationShade
12-17 20:22:38.428   633   692 I TCP     : tcp.recv{4488} TcpClientThread.onReceiverWork(TcpClientThread.java:307) get tcp message 380
12-17 20:22:38.530  1795  2380 I PowerManager_screenOn: PowerManagerNotifier onUserActivity: event=2, uid=1000
12-17 20:22:38.667  1795  2380 D KeyEvent: obtain, mHwFlags=1874117200
12-17 20:22:39.534  2852  2852 D HwCustMobileSignalControllerImpl: sub =0,strMccMnc =null,hashMccMnc =[],strPlmn =hw_show_lte
12-17 20:22:39.765  3879  3892 I HwLauncher: Launcher.LauncherProvider  launcher call - method:setAppBadgeCount arg:null extras:[app_shortcut_custom_id=null][app_shortcut_class_name=com.tencent.mm.ui.LauncherUI][app_badge_count=5] uid =10105 pid =4492
12-17 20:22:40.546  2852  2852 D HwCustMobileSignalControllerImpl: isCurrentBySim()=false
12-17 20:22:45.598  2852  3556 I NetworkController.MobileSignalController(0): onSignalStrengthsChanged signalStrength=SignalStrength: -1 0 -1 255 -1 255 -1 255 255 31 -74 -13 300 2147483647 2147483647 false gw|lte level=5 isSuspend=false levelOld=5,mSignalStrength level=5
12-17 20:22:52.009  1795 16499 I SendBroadcastPermission: action:android.intent.action.SIG_STR, mPermissionType:0
12-17 20:22:53.053  3180  3578 I ash     : Application com.baidu.input_huawei is depended by other app, delay to H!
12-17 20:22:53.405  2852  2852 I HwBrightnessUtils: APS brightness=97.0,ConvertToPercentage=0.5760359
12-17 20:22:53.861  1795  2750 D HW_DISPLAY_EFFECT: presently, hw_update_color_temp_for_rg_led interface not achieved.
12-17 20:22:53.978  1795  2750 D HW_DISPLAY_EFFECT: presently, hw_update_color_temp_for_rg_led interface not achieved.
12-17 20:22:55.108  2852  2852 I ToggleSlider:  mSeekListener onProgressChanged progress:4801 fromUser:false
12-17 20:22:55.243  2852  2852 I HwBrightnessUtils:  getSeekBarProgress isAutoMode:true current brightness:69 percentage:0.47208697
12-17 20:22:55.270  1795  2750 D HW_DISPLAY_EFFECT: presently, hw_update_color_temp_for_rg_led interface not achieved.
12-17 20:22:55.651  1795  2750 D HW_DISPLAY_EFFECT: presently, hw_update_color_temp_for_rg_led interface not achieved.
12-17 20:23:04.722  1795 20747 I HwActivityManagerService: Split enqueueing broadcast [callerApp]:ProcessRecord{580cfb2 5224:com.huawei.health:DaemonService/u0a99}
12-17 20:23:06.305  2852  2852 I HwSignalClusterView: getOrInflateState subId:0
12-17 20:23:06.704  5224  5283 I SendBroadcastPermission: action:android.com.huawei.bone.NOTIFY_SPORT_DATA, mPermissionType:0
12-17 20:23:07.507  2852  2852 D HwCustMobileSignalControllerImpl: sub =0,strMccMnc =null,hashMccMnc =[],strPlmn =hw_hspap_show_4g
12-17 20:23:08.525  2852  2852 I HwSignalClusterView: setMobileDataIndicatorsHuawei subId:0 visible:true strengthIcon:2130839311 typeIcon:2130839195 contentDescription:手机信号满格。 typeContentDescription:4G isTypeIconWide:true showActivity:true activityIn:true activityOut:true isRoaming:false
12-17 20:23:09.941  3858  4126 I amsnl   : csr
12-17 20:23:13.555  5224  5224 I Step_LSC: 20002302|onStandStepChanged 67711
12-17 20:23:16.671  2852  2852 I StatusBar: onNotificationPosted: StatusBarNotification(pkg=com.huawei.health user=UserHandle{0} id=10010 tag=null key=0|com.huawei.health|10010|null|10099: Notification(pri=0 contentView=null vibrate=null sound=null defaults=0x0 flags=0x62 color=0x00000000 vis=PRIVATE)) important=2, post=1481977396664, when=1481531589202, vis=0, userid=0
12-17 20:23:18.672  2852  2852 I StatusBarIconView: updateTint: tint=0
12-17 20:23:19.646  1795  1795 V NotificationService: disableEffects=null canInterrupt=false once update: false
12-17 20:23:19.677  2852  2852 I NotificationContentView: transferRemoteInputFocus: 0
12-17 20:23:20.631  5224  5283 I Step_HSNH: 20002302|upDateHealthNotification()|136|4.52|6342
12-17 20:23:22.014  3168  3369 I CHR_ChrVolteStatisticInfoUtil: setVoLTECallStatisResult: chrVolteStatisticInfo= mCount=0, mAvgValue=0, mMaxValue=0, mMinValue=0
12-17 20:23:22.040  3168  3307 E         : ######  output 0
12-17 20:23:22.049  3168 23392 D HwRepairHelper: update()   updated:  00
12-17 20:23:22.076  3168  3307 I CHR_ChrUtil: is Beta User, userType = 3
12-17 20:23:22.093  3168 23396 D HwRepairHelper: getRcvData() TimeCdmaLevel0 :  0
12-17 20:23:22.097  3168 23396 D HwRepairHelper: update()   updated:  00
12-17 20:23:23.688  2852  2852 D HwCustMobileSignalControllerImpl: isCurrentBySim()=false
12-17 20:23:25.499  1795  3139 W ActivityManager: getRunningAppProcesses: caller 10102 does not hold REAL_GET_TASKS; limiting output
12-17 20:23:27.514  2852  2852 I HwSignalClusterView: apply hwPhoneState.mSubId:0 anyMobileVisible:false mIsAirplaneMode:false, mobileGroupVisible=true
12-17 20:23:27.525  3168  3168 I CHR_ChrDataServiceTracker: handleLteCaStatusChange
12-17 20:23:28.005  1795  2750 D HW_DISPLAY_EFFECT: presently, hw_update_color_temp_for_rg_led interface not achieved.
12-17 20:23:28.485  1795  2750 D HW_DISPLAY_EFFECT: presently, hw_update_color_temp_for_rg_led interface not achieved.
12-17 20:23:28.597  2852  2852 D StatusBar: reusing notification for key: 0|com.huawei.health|10010|null|10099
12-17 20:23:29.465  5224  5283 I Step_DataCache: 20002302|getTodayTotalSteps 6344
12-17 20:23:29.946  1795  3225 D PowerManagerService: ready=true,policy=3,wakefulness=1,wksummary=0x1,uasummary=0x1,bootcompleted=true,boostinprogress=false,waitmodeenable=false,mode=true,manual=33,auto=-1,adj=0.0userId=0
12-17 20:23:31.902  1795  2381 D libfingersense_wrapper: Calling fingersense_touch_up()
12-17 20:23:35.555  2852  2852 D HwCust  : Create obj success use class android.app.HwCustNotificationImpl
12-17 20:23:35.556  2852  2852 I StatusBarIconView: updateTint: tint=0
12-17 20:23:36.547  2852  2852 D StatusBar: No peeking: unimportant notification: 0|com.huawei.health|10010|null|10099
12-17 20:23:37.152  1795  2381 D libfingersense_wrapper: Calling fingersense_classify_touch()
12-17 20:23:45.378  5224  5283 I Step_ExtendStepDataManager: 20002302|compensate 24699623 27
12-17 20:23:45.906  1795  3121 I HwActivityManagerService: Split enqueueing broadcast [callerApp]:ProcessRecord{24cdca7 3218:com.android.phone/1001}
12-17 20:23:45.951  1795  2381 D libfingersense_wrapper: Calling fingersense_touch_up()
12-17 20:23:45.951  1795  2381 D libfingersense_wrapper: fingersense_touch_up() finished
12-17 20:23:45.966  3879  4071 I HwLauncher: BadgeContentObserver newBadgeNumber:0,oldBadgeNumber:0 mComponentName : ComponentInfo{com.tencent.mm/com.tencent.mm.ui.LauncherUI}
12-17 20:23:46.488  1795  1795 I NotificationManager: enqueueNotificationInternal: n.getKey = 0|com.huawei.health|10010|null|10099
12-17 20:23:46.518  2852  2852 I NotificationContentView: transferRemoteInputFocus: 0
12-17 20:23:47.461  5224  5283 I Step_LSC: 20002302|REPORT : 6360 135523 4519 0
12-17 20:23:47.695  2852  2852 I HwMobileSignalController: notifyListenerHuawei::origin typeIcon:2130839197 icons.mName:4GPLUS isSuspend:false, showDataIcon=true, dataConnected=true, isRoaming=false
12-17 20:23:49.968  1795  1795 I MQoS    : onSignal: mSubId=1,currDataSubID=0
12-17 20:23:50.161   802   802 E Thermal-daemon: [Thermal_Hw] temperature_valid, battery : temperature is invalid, invalid temperatrue is 27
12-17 20:23:51.448  2852  2852 I EventCenter: EventCenter Get :android.com.huawei.bone.NOTIFY_SPORT_DATA
12-17 20:23:52.789  2852  2852 I HwSignalClusterView: apply hwPhoneState.mSubId:0 anyMobileVisible:false mIsAirplaneMode:false, mobileGroupVisible=true
12-17 20:23:55.331  5224  5283 I Step_DataCache: 20002302|getTodayTotalSteps 6369
12-17 20:23:57.324  2852  2852 D HwCustMobileSignalControllerImpl: isCurrentBySim()=false
12-17 20:23:57.329  2852  2852 D NetWorkUtils: mVSimCurCardType is -1
12-17 20:23:58.081  2852  2852 D HwCustMobileSignalControllerImpl: isCurrentBySim()=false
12-17 20:24:02.119  2852  2852 D HwCustMobileSignalControllerImpl: sub =0,strMccMnc =null,hashMccMnc =[],strPlmn =hw_show_4_5G_for_mcc
12-17 20:24:06.149  2852  3556 I NetworkController.MobileSignalController(0): onDataActivity: direction=4
12-17 20:24:06.173  1795  3121 I ActivityManager_broadcast: collectReceiverComponents, callerApp: ProcessRecord{24cdca7 3218:com.android.phone/1001}, intent:android.intent.action.LTE_CA_STATE, receiver size:1, flags: 10000400
12-17 20:24:06.174  3218  3517 I QImsService: ImsSenderRxr : [UNSL]< UNSOL_SSAC_CHANGED org.codeaurora.ims.ImsQmiIF$SsacInfo@d06aa7d[SUB0]
12-17 20:24:06.192  2852  2852 I HwSignalClusterView: getOrInflateState subId:0
12-17 20:24:07.075   533  3739 E ANDR-PERF-MPCTL: Invalid profile no. 0, total profiles 0 only
12-17 20:24:07.108  2852  2914 I HwMobileSignalController: subId:0 phoneType:1 networktype:13 targetClass:3 masterLevel:5 slaveLevel:-1
12-17 20:24:12.484  1795  2737 W WifiProJNI: poll before: g_monitor_fd =310
12-17 20:24:12.783  2852  2852 D HwCustMobileSignalControllerImpl: isCurrentBySim()=false
12-17 20:24:13.867  1795  2750 D HW_DISPLAY_EFFECT: presently, hw_update_color_temp_for_rg_led interface not achieved.
12-17 20:24:14.166  1795  2750 D HW_DISPLAY_EFFECT: presently, hw_update_color_temp_for_rg_led interface not achieved.
12-17 20:24:14.403  2852  2852 I HwBrightnessUtils: APS brightness=25.0,ConvertToPercentage=0.25200793
12-17 20:24:14.521  2852  2852 I ToggleSlider:  mSeekListener onProgressChanged progress:2453 fromUser:false
12-17 20:24:14.546  1795  2750 D HW_DISPLAY_EFFECT: presently, hw_update_color_temp_for_rg_led interface not achieved.
12-17 20:24:14.968  2852  2852 I HwBrightnessController: updateSlider2 seekBarProgress:2167
12-17 20:24:15.302  5224  5283 I Step_SharedPerferenceUtils: 20002302| getTodayTotalDetailSteps from Prefence success and todaySendorSteps= 1481977320000##6330##174163##0##0##445917107
12-17 20:24:15.362  2852  2852 I StackScrollAlgorithm: updateDimmedActivatedHideSensitive overlap:false
12-17 20:24:15.411  2852  2852 I ToggleSlider:  mSeekListener onProgressChanged progress:1847 fromUser:false
12-17 20:24:17.332  2852  2852 D StatusBar: No peeking: unimportant notification: 0|com.huawei.health|10010|null|10099
12-17 20:24:18.194  5224  5283 I Step_DataCache: 20002302|getTodayTotalSteps 6378
12-17 20:24:18.292  1795  3237 I HwActivityManagerService: Split enqueueing broadcast [callerApp]:ProcessRecord{580cfb2 5224:com.huawei.health:DaemonService/u0a99}
12-17 20:24:19.181  5224  5283 I Step_ExtendStepDataManager: 20002302|compensate 24699624 8
12-17 20:24:25.196   802   802 E Thermal-daemon: [Thermal_Hw] temperature_valid, battery : temperature is invalid, invalid temperatrue is 26
12-17 20:24:25.342  1795  2750 D HW_DISPLAY_EFFECT: presently, hw_update_color_temp_for_rg_led interface not achieved.
12-17 20:24:29.888  1795 11746 I HwActivityManagerService: keyAppBroadcastQueueForIntent intent Intent { act=com.tencent.mm.ui.ACTION_DEACTIVE flg=0x10 (has extras) } on bgkeyapp queue
12-17 20:24:30.411  1795  3077 D GnssLocationProvider: receive broadcast intent, action: android.intent.action.SCREEN_OFF
12-17 20:24:32.858  2852  2852 V KeyguardUpdateMonitor: RefreshBatteryInfo isBatteryLow: 77
12-17 20:24:32.886  2852  2852 D HwCustMobileSignalControllerImpl: sub =0,strMccMnc =null,hashMccMnc =[],strPlmn =hw_show_4_5G_for_mcc
12-17 20:24:33.425  2852  2852 W KeyguardUpdateMonitor: ChargingSpeed  Wattage: -1 ST: 5000000 --> 7500000
12-17 20:24:35.108  1795  6986 D PowerManagerService: Releasing suspend blocker "PowerManagerService.WakeLocks".
12-17 20:24:35.211  2852  2852 D PhoneStatusBar: disable: < expand ICONS alerts SYSTEM_INFO BACK* HOME* RECENT* clock navigationbar SEARCH* quick_settings >
12-17 20:24:36.310  2852  2852 I HwSignalClusterView: setMobileDataIndicatorsHuawei subId:0 visible:true strengthIcon:2130839311 typeIcon:2130839195 contentDescription:手机信号满格。 typeContentDescription:4G isTypeIconWide:true showActivity:true activityIn:false activityOut:false isRoaming:false
12-17 20:25:11.784   633 31870 I SDK     : <2016-12-17 20:25:11> [WARN] SDK: UE-SeC 2016-12-17 20:25:11:784 Level[WARN] magic[3362781472 684]:PubEvt_Close Getting a socket[21] from the Socket-table Failed!
12-17 20:25:11.793   633 31870 I SDK     : 
12-17 20:25:11.795   633 31870 I SDK     : 
12-17 20:25:11.796   633   692 I ECS     : tcp.recv{4488} SimpleThread.close(SimpleThread.java:69) stopping Heartbeat timer.timers{6204}
12-17 20:25:11.820  2852  2852 W AppHandler: sendMessage 4
12-17 20:25:11.832   633 31870 I SDK     : <2016-12-17 20:25:11> [WARN] SDK: UE-SeC 2016-12-17 20:25:11:831 Level[WARN] magic[3362781472 684]:PubEvt_Close Getting a socket[188] from the Socket-table Failed!
12-17 20:25:11.835   633 31870 I SDK     : <2016-12-17 20:25:11> [WARN] SDK: UE-SeC 2016-12-17 20:25:11:835 Level[WARN] magic[3362781472 684]:PubEvt_Close Getting a socket[213] from the Socket-table Failed!
12-17 20:25:11.836  2852  2852 W PanelView: set notification panel padding = 1675
12-17 20:25:11.839   633 31870 I SDK     : <2016-12-17 20:25:11> [WARN] SDK: UE-SeC 2016-12-17 20:25:11:839 Level[WARN] magic[3362781472 684]:PubEvt_Close Getting a socket[241] from the Socket-table Failed!
12-17 20:25:12.090   633 31875 I SDK     : <2016-12-17 20:25:12> [NOTICE] SDK: UE-SeC 2016-12-17 20:25:12:90 Level[NOTICE] magic[3359111456 2326]:FSM_OpenFile => [START],Mode[r]
12-17 20:25:16.777  2852  2852 W PanelView: set notification panel padding = 1429
12-17 20:25:21.850  3879  4071 I HwLauncher: BadgeContentObserver  getBadgeNumber: 1 mComponentName :ComponentInfo{com.tencent.mm/com.tencent.mm.ui.LauncherUI}
12-17 20:25:22.418  1795 17832 D SmartHeartBeat: setAlarmsAdjust ...
12-17 20:25:24.024  5224  5283 I Step_HSNH: 20002302|rebuild notification
12-17 20:25:52.209  2852  2852 W ResourceType: Failure getting entry for 0xffffffff (t=254 e=65535) (error -2147483647)
12-17 20:25:52.292  5224  5283 I Step_ExtendStepDataManager: 20002302|after compensate: cache step_6476
12-17 20:25:52.351  2852  2852 I StackScrollAlgorithm: updateDimmedActivatedHideSensitive overlap:false
12-17 20:25:52.506  2852  2852 D HwCust  : Create obj success use class android.app.HwCustNotificationImpl
12-17 20:25:52.977  5224  5283 I Step_DataCache: 20002302|getTodayTotalSteps 6516
12-17 20:25:53.842  1795  3111 D PowerManagerService: acquire lock=68419859, flags=0x1, tag="RILJ_ACK_WL", name=com.android.phone, ws=null, uid=1001, pid=3218
12-17 20:25:54.953  5224  5283 I Step_DataCache: 20002302|getTodayTotalSteps 6519
12-17 20:25:56.915  5224  5283 I Step_DataCache: 20002302|getTodayTotalSteps 6524
12-17 20:25:57.586  2852  2852 I SignalClusterView: applyIconTint ignore
12-17 20:25:58.523  5224  5224 I Step_LSC: 20002302|compensate received
12-17 20:25:58.657  2852  2852 I NotificationGroupManager: onEntryAdded:0|com.huawei.health|10010|null|10099, group=0|com.huawei.health|10010|null|10099
12-17 20:25:59.765  3382  3399 D QcrilMsgTunnelSocket: Broadcasting intent ACTION_RAC_CHANGED
12-17 20:26:03.476  3626  3626 E PTM.FileNodeInfo: getTempInfo error: null, 0
12-17 20:26:03.521  2852  3556 I HwNetworkControllerImpl: onReceive: action = android.intent.action.LTE_CA_STATE
12-17 20:26:03.676   633   692 I TCP     : msg.recv{4490} TcpClientThread.onRecv(TcpClientThread.java:515) TCP Msg 5740TCP_OK
12-17 20:26:04.576  1795  1795 D WifiProJNI: send_cmd_kernel: cmd=1
12-17 20:26:04.577  1795  1795 I MQoS    : rtt=360,tcp_tx_pkts=1485554,tcp_rx_pkts=1771325
12-17 20:26:05.722  2852  2852 D StatusBar: reusing notification for key: 0|com.huawei.health|10010|null|10099
12-17 20:26:11.104  1795 20747 D PowerManagerService: ready=true,policy=0,wakefulness=0,wksummary=0x1,uasummary=0x0,bootcompleted=true,boostinprogress=false,waitmodeenable=false,mode=true,manual=33,auto=-1,adj=0.0userId=0
12-17 20:26:42.731  2852  2852 I StatusBarIconView: updateTint: tint=0
12-17 20:26:42.958  2852  2852 D StepCounterView: onStepCounterChange stepsNum:6600
12-17 20:26:43.053  1795  1795 I Sensor  : updateLightsLocked --> mBatteryLight.turnOff
12-17 20:26:47.789  3382  3399 D QcrilMsgTunnelSocket: Broadcasting intent ACTION_RAC_CHANGED
12-17 20:26:47.814  2852  2852 I HwNotificationIconAreaController: showNotificationAll
12-17 20:26:47.817  3218  3218 I SendBroadcastPermission: action:android.intent.action.LTE_CA_STATE, mPermissionType:0
12-17 20:27:00.559  1795  1819 D NetdConnector: RCV unsolicited event from native daemon, event = 613 IfaceClass idle 0 446156916672672
12-17 20:27:01.663  1795  6988 D PowerManagerService: ready=true,policy=0,wakefulness=0,wksummary=0x1,uasummary=0x0,bootcompleted=true,boostinprogress=false,waitmodeenable=false,mode=true,manual=33,auto=-1,adj=0.0userId=0
12-17 20:27:01.695  1795  3111 D PowerManagerService: acquire lock=68419859, flags=0x1, tag="RILJ_ACK_WL", name=com.android.phone, ws=null, uid=1001, pid=3218
12-17 20:27:01.803  3879  4071 D HwLauncher: Launcher.LauncherProvider  launcher-restore query - uri:content://com.huawei.android.launcher.settings/badge
12-17 20:27:01.809  3879  4071 I HwLauncher: BadgeContentObserver  getBadgeNumber: 3 mComponentName :ComponentInfo{com.tencent.mm/com.tencent.mm.ui.LauncherUI}
12-17 20:27:05.605  1795  2323 E UsbDeviceManager: 	at java.io.FileInputStream.open(Native Method)
12-17 20:27:05.690  3382  3399 D QcrilMsgTunnelSocket: readRilMessage: Buffer = [B@204bb9f HexData = [010000000404000012000000514f454d484f4f4b1d04080002000000ffff]
12-17 20:27:05.825  5224  5283 I Step_DataCache: 20002302|getTodayTotalSteps 6619
12-17 20:27:08.697  3879  3879 E HW-JPEG-DEC: [HME_JPEG_DEC_Delete](3298): HME_JPEG_DEC_Delete: decoder_ctx=null
12-17 20:27:12.102  1795 16500 D PowerManagerService: Releasing suspend blocker "PowerManagerService.WakeLocks".
12-17 20:27:13.177  2852  2852 D HwCustMobileSignalControllerImpl: sub =0,strMccMnc =null,hashMccMnc =[],strPlmn =hw_mcc_mnc
12-17 20:27:42.815  3218  3218 D VideoCall_LowBattery: BatteryIntent received: android.intent.action.BATTERY_CHANGED
12-17 20:27:42.820  3626  3626 E PTM.FileNodeInfo: getTempInfo error: null, 0
12-17 20:27:43.573  3879 11576 I HwLauncher: Launcher.LauncherProvider  launcher call - method:setAppBadgeCount arg:null extras:[app_shortcut_custom_id=[shortcut_c2a51ac39f4ec2a0c386c385c2b37ac2a040c3a7c289c3bec28b547dc2b0c2a6]][app_shortcut_class_name=com.tencent.mm.ui.LauncherUI][app_badge_count=5] uid =10105 pid =4492
12-17 20:27:47.888  1795  2323 E UsbDeviceManager: 	at android.os.UEventObserver$UEventThread.run(UEventObserver.java:187)
12-17 20:28:01.990   633 31868 I SDK     : <2016-12-17 20:28:01> [NOTICE] SDK: UE-SeC 2016-12-17 20:28:1:990 Level[NOTICE] magic[3365677344 5474]:Change the status to [2]!
12-17 20:28:02.049   633 31870 I SDK     : 
12-17 20:28:02.051   633 31870 I SDK     : <2016-12-17 20:28:02> [WARN] SDK: UE-SeC 2016-12-17 20:28:2:51 Level[WARN] magic[3362781472 684]:PubEvt_Close Getting a socket[117] from the Socket-table Failed!
12-17 20:28:02.065   633 31870 I SDK     : <2016-12-17 20:28:02> [WARN] SDK: UE-SeC 2016-12-17 20:28:2:65 Level[WARN] magic[3362781472 684]:PubEvt_Close Getting a socket[201] from the Socket-table Failed!
12-17 20:28:02.375  5224  5283 I Step_LSC: 20002302|calculateAltitudeWithCache totalAltitude=0
12-17 20:28:02.415   633 31868 I SDK     : <2016-12-17 20:28:02> [NOTICE] SDK: UE-SeC 2016-12-17 20:28:2:415 Level[NOTICE] magic[3365677344 7509]:Currently udp detect response ok,detect id is [10],ack id is [10]!
12-17 20:28:02.571  5224  5224 I Step_LSC: 20002302|compensate received
12-17 20:28:06.146   633 23956 V imssdk_CloudRecord: AFTER CALLBACK
12-17 20:28:07.653  2852  2914 I HwMobileSignalController: updateSignalStrength: signalStrength=SignalStrength: -1 0 -1 255 -1 255 -1 255 255 31 -86 -7 236 2147483647 2147483647 false gw|lte
12-17 20:28:08.334  1795  2323 E UsbDeviceManager: 	at android.os.UEventObserver$UEventThread.run(UEventObserver.java:187)
12-17 20:28:16.640  1795  2323 D HwBatteryService: onUEvent fcpStatus = 0,scpStatus =0,ovpStatus=0
12-17 20:28:16.714  3879  3879 I HwLauncher: Launcher.Folder childCount: 2
12-17 20:28:21.070  1795  2323 E UsbDeviceManager: 	at java.io.FileInputStream.<init>(FileInputStream.java:146)
12-17 20:28:31.526  3180  3578 I ash     :  ignore audio app: com.android.browser stop delta time:40455258
12-17 20:28:36.484  3626  3626 E PTM.FileNodeInfo: getTempInfo error: null, 0
12-17 20:29:03.880  3382  3399 D QcrilMsgTunnelSocket: Response ID 525306 is not served in this process.
12-17 20:29:04.167  1795 16498 D PowerManagerService: ready=true,policy=0,wakefulness=0,wksummary=0x0,uasummary=0x0,bootcompleted=true,boostinprogress=false,waitmodeenable=false,mode=true,manual=33,auto=-1,adj=0.0userId=0
12-17 20:29:06.489   633 31870 I SDK     : <2016-12-17 20:29:06> [WARN] SDK: UE-SeC 2016-12-17 20:29:6:489 Level[WARN] magic[3362781472 684]:PubEvt_Close Getting a socket[92] from the Socket-table Failed!
12-17 20:29:06.489   633 31870 I SDK     : 
12-17 20:29:06.492   633 31870 I SDK     : <2016-12-17 20:29:06> [WARN] SDK: UE-SeC 2016-12-17 20:29:6:492 Level[WARN] magic[3362781472 684]:PubEvt_Close Getting a socket[108] from the Socket-table Failed!
12-17 20:29:06.494   633 31870 I SDK     : 
12-17 20:29:06.497   633 31870 I SDK     : <2016-12-17 20:29:06> [WARN] SDK: UE-SeC 2016-12-17 20:29:6:497 Level[WARN] magic[3362781472 684]:PubEvt_Close Getting a socket[139] from the Socket-table Failed!
12-17 20:29:06.504   633 31870 I SDK     : 
12-17 20:29:06.547  2852  2852 W AppHandler: sendMessage 4
12-17 20:29:06.558  2852  2852 I TrafficPanelViewContent: onShowStatusChange show:false
12-17 20:29:06.559  2852  2852 I StackScrollAlgorithm: updateClipping isOverlap:false
12-17 20:29:06.740   633 31868 I SDK     : 
12-17 20:29:06.773   633 31868 E SDK     : 
12-17 20:29:09.398  3382  3399 D QcrilMsgTunnelSocket: Broadcasting intent ACTION_RAC_CHANGED
12-17 20:29:09.441  3218 13125 I PhoneInterfaceManager: shouldBlockLocation  ret:false
12-17 20:29:14.341  3626  3626 E PTM.FileNodeInfo: getTempInfo error: null, 0
12-17 20:29:31.098   633 31868 I SDK     : <2016-12-17 20:29:31> [NOTICE] SDK: UE-SeC 2016-12-17 20:29:31:98 Level[NOTICE] magic[3365677344 635]:idle state change to BUSY
12-17 20:29:31.104   633 31870 I SDK     : <2016-12-17 20:29:31> [WARN] SDK: UE-SeC 2016-12-17 20:29:31:103 Level[WARN] magic[3362781472 684]:PubEvt_Close Getting a socket[14] from the Socket-table Failed!
12-17 20:29:31.138   633 31870 I SDK     : <2016-12-17 20:29:31> [WARN] SDK: UE-SeC 2016-12-17 20:29:31:138 Level[WARN] magic[3362781472 684]:PubEvt_Close Getting a socket[76] from the Socket-table Failed!
12-17 20:29:31.140   633 31870 I SDK     : <2016-12-17 20:29:31> [WARN] SDK: UE-SeC 2016-12-17 20:29:31:140 Level[WARN] magic[3362781472 684]:PubEvt_Close Getting a socket[78] from the Socket-table Failed!
12-17 20:30:07.477  1795  2323 E UsbDeviceManager: java.io.FileNotFoundException: sys/class/hw_power/charger/charge_data/water_intrused (No such file or directory)
12-17 20:30:07.529   633 31870 I SDK     : 
12-17 20:30:07.531   633 31870 I SDK     : <2016-12-17 20:30:07> [WARN] SDK: UE-SeC 2016-12-17 20:30:7:531 Level[WARN] magic[3362781472 684]:PubEvt_Close Getting a socket[161] from the Socket-table Failed!
12-17 20:30:07.546   633 31870 I SDK     : <2016-12-17 20:30:07> [WARN] SDK: UE-SeC 2016-12-17 20:30:7:546 Level[WARN] magic[3362781472 684]:PubEvt_Close Getting a socket[222] from the Socket-table Failed!
12-17 20:30:07.546   633 31870 I SDK     : 
12-17 20:30:08.300  1795  2323 E UsbDeviceManager: 	at java.io.FileInputStream.open(Native Method)
12-17 20:30:46.919  3466  3466 I Contacts: DialpadFragment mBroadcastReceiver action:huawei.intent.action.IMS_SERVICE_STATE_CHANGED
12-17 20:30:47.055  1795  1819 D NetdConnector: RCV unsolicited event from native daemon, event = 613 IfaceClass active 0 446383411940959 10105
12-17 20:30:52.638  1795  1808 I ActivityManager_broadcast: dispatch ordered broadcast [foreground] BroadcastRecord{70fddd u-1 android.intent.action.TIME_TICK}, has 11 receivers
12-17 20:30:52.645  3180  3578 I ash     : doze package: com.huawei.espacev2, visible: false
12-17 20:30:52.660  2852  2852 I TimeManager: chinaDateTime:晚上8:30
12-17 20:30:52.684  2852  2852 I StackScrollAlgorithm: updateClipping isOverlap:false
12-17 20:30:52.693  1795  2778 I AlarmManager: set(PendingIntent{ac52823: PendingIntentRecord{3c38496 android broadcastIntent}}) : type=0 triggerAtTime=1481978158114 win=0 tElapsed=446694478 maxElapsed=446694478 interval=0 flags=0x9
12-17 20:30:53.102  7194  7208 I PushLog2824: [ReceiverDispatcher-336]read to Send:DE(android/null:-1)
12-17 20:30:54.482  5224  5283 I SendBroadcastPermission: action:android.com.huawei.bone.NOTIFY_SPORT_DATA, mPermissionType:0
12-17 20:30:57.118   802   802 E Thermal-daemon: [Thermal_Hw] temperature_filter: get invalid temperature, use old temp
12-17 20:30:58.581  7194  7208 W PushLog2824: 	at com.huawei.android.bastet.HwBastet.prepareHeartbeatProxy(HwBastet.java:366)
12-17 20:30:58.818  1795  2323 E UsbDeviceManager: 	at android.os.FileUtils.readTextFile(FileUtils.java:267)
12-17 20:31:00.544  1795  1825 D HwNormalizedSpline: write:userId=0,mPosBrightness =0.0,mOffsetBrightness_last=11.6,mIsUserChange=false,mDeltaNew=0.0,mStartLuxDefaultBrightness=11.6mLastLuxDefaultBrightness=11.6,mAmLux=5.0
12-17 20:31:00.594  2852  2852 E KeyguardUpdateMonitor: isSimPinSecure mSimDatas is null or empty 
12-17 20:31:00.597  2852  2852 D KeyguardUpdateMonitor: Fingerprint timeout
12-17 20:31:00.603  2852  2852 D TintTextView: #B3FFFFFF com.android.systemui.tint.TintTextView{29531d0 V.ED..... ......I. 0,0-144,49 #7f14004e app:id/msim_status_bar_operators_card_one_id}
12-17 20:31:00.702 32607 32607 W ContextImpl: Calling a method in the system process without a qualified user: android.app.ContextImpl.startService:1527 android.content.ContextWrapper.startService:613 android.content.ContextWrapper.startService:613 com.huawei.betaclub.receiver.RouteSystemReceiver.onReceive:17 android.app.ActivityThread.handleReceiver:3177 
12-17 20:31:00.703  1795  1795 I qti_sensors_hal: activate: handle is 0, en is 1
12-17 20:31:00.780  1795  1795 I NotificationManager: updateLightsLocked,mInCall =false,mScreenOn = true,ledNotification == null?false
12-17 20:31:00.786  1046  1467 V ThreadsEx: HDebug print the key screen_state
12-17 20:31:00.786  1046  1467 V msm8916_platform: platform_set_parameters: enter: - screen_state=on
12-17 20:31:00.816  2883  2883 I HwSystemManager: AutoCleanReceiveServer:receive action:android.intent.action.SCREEN_ON
12-17 20:31:00.857  1795  3975 E LocSvc_libulp: I/===> int ulp_brain_turn_onoff_dr_provider() line 848 
12-17 20:31:00.899  5224  5283 I Step_LSC: 20002302|REPORT : 6960 149015 4969 0
12-17 20:31:01.457  1795  2665 D NetdConnector: RCV <- {200 11732 Tethering stats list completed}
12-17 20:31:01.528  1795  1825 D FpDataCollector: case 011, screen on after unlock succ
12-17 20:31:02.092  3858  4126 I amsnl   : t:false, fl: false, p: 2147483647000, ce: true, we: false
12-17 20:31:02.658 31949 31967 I TCP     : 	at java.net.AbstractPlainSocketImpl.doConnect(AbstractPlainSocketImpl.java:334)
12-17 20:31:02.832  2852  2852 I HwSignalClusterView: apply hwPhoneState.mSubId:0 anyMobileVisible:false mIsAirplaneMode:false, mobileGroupVisible=true
12-17 20:31:04.220   633 31870 I SDK     : 
12-17 20:31:04.259   633 31870 I SDK     : 
12-17 20:31:04.271   633 31870 I SDK     : 
12-17 20:31:04.823   633   692 I TCP     : msg.recv{4490} TcpClientThread.onRecv(TcpClientThread.java:515) TCP Msg 79TCP_OK
12-17 20:31:05.355   633 24123 I SDK     : <2016-12-17 20:31:05> [NOTICE] SDK: UE-SeC 2016-12-17 20:31:5:354 Level[NOTICE] magic[2475632928 4512]:Set the register info ok!
12-17 20:31:05.386   633 31869 I SDK     : <2016-12-17 20:31:05> [NOTICE] SDK: UE-SeC 2016-12-17 20:31:5:386 Level[NOTICE] magic[3367250208 2992]:Set mode to can partial write! ret:1
12-17 20:31:11.884  2852  2852 D HwCustMobileSignalControllerImpl: isCurrentBySim()=false
12-17 20:31:14.884  1795  2377 D RMS.MemoryInnerResource: MemoryOverload:subname=MemFree status=4 size=204013
12-17 20:31:18.758  1795  1795 I MQoS    : onSignal: mSubId=0,currDataSubID=0
12-17 20:31:27.701 16628 16628 D baidu_location_client: baidu location connected ...
12-17 20:31:27.963 16628 16649 I TotemWeather: TaskController:add this task to mTaskList:null
12-17 20:31:27.973  3218 13114 I PhoneInterfaceManager: shouldBlockLocation  ret:false
12-17 20:31:28.775  2852  2852 I HwSignalClusterView: setMobileDataIndicatorsHuawei subId:0 visible:true strengthIcon:2130839311 typeIcon:2130839195 contentDescription:手机信号满格。 typeContentDescription:4G isTypeIconWide:true showActivity:true activityIn:true activityOut:true isRoaming:false
12-17 20:31:29.465  1795  3139 I NotificationManager: cancelNotificationWithTag pid 4492,uid = 10105,tag = null,pkg =com.tencent.mm,id =4097
12-17 20:31:29.567  1795 16501 D ActivityManager: Skipping, withExcluded: false, tr.intent:Intent { act=android.intent.action.VIEW dat=https://service.10046.mi.com/... flg=0x10800000 cmp=com.android.browser/.BrowserActivity (has extras) }
12-17 20:31:30.801  1795  2323 E UsbDeviceManager: 	at java.io.FileInputStream.open(Native Method)
12-17 20:31:34.809  1795  2381 D libfingersense_wrapper: fingersense_classify_touch() finished
12-17 20:31:36.554   633   692 I eSpaceService: Watch Thread{4481} WatchThread.onLoop(WatchThread.java:98) watch thread onLoop...--》 iWatched.doWatch() 
12-17 20:31:38.555  1795 17831 D WindowManager: interceptKeyTq keycode=4 interactive=true keyguardActive=false policyFlags=2b000002 down true canceled false
12-17 20:31:38.655  3879  3879 I HwLauncher: Launcher doResumeWork()
12-17 20:31:40.819  2852  2852 I HwMobileSignalController: notifyListenerHuawei::origin typeIcon:2130839195 icons.mName:4G isSuspend:false, showDataIcon=true, dataConnected=true, isRoaming=false
12-17 20:31:41.318  1795  3110 I WindowManger_startWindow: setAppStartingWindow: token=Token{15f1914 ActivityRecord{a75e767 u0 com.qiyi.video/.WelcomeActivity t385}} pkg=com.qiyi.video transferFrom=null windowFlags=16777216 createIfNeeded=true okToDisplay=true
12-17 20:31:41.397  1795  3247 I ActivityManager_service: New app record ProcessRecord{37c76ac 24266:com.qiyi.video/u0a140} thread=android.os.BinderProxy@905198 pid=24266 procname=com.qiyi.video
12-17 20:31:41.468  2852  2852 I BarTransitions.HwNavigationBarView: transitionTo: mode=MODE_OPAQUE, animate=false
12-17 20:31:42.131  2883  3033 I HwSystemManager: PermissionDbVisitor:insertHistoryRecord:HistoryRecord[packageName:com.qiyi.video,permissionType:16,action:11,dateStartTime:1481904000000,timestamp:1481977902125]
12-17 20:31:42.285  1795  3111 D HwActivityManagerService: handleANRFilterFIFO,uid = 10140cmd = 1
12-17 20:31:42.423 24266 24386 W System.err: 	at org.qiyi.video.initlogin.InitLogin.requestInitInfoExtend(Unknown Source)
12-17 20:31:42.510  1795  3110 D ActivityManager: getRecentTasks: num=10,flags=62,totalTasks=47
12-17 20:31:42.690 24266 24266 I DEVICE_MD5_QYID: org.qiyi.android.corejar.utils.DeviceUtils.getAndroidIdV2()<-1> : getAndroidIdV2 memory:db72ce0a35db8d3b
12-17 20:31:42.827 24266 24286 I CLog    :                                             /data/user/0/com.qiyi.video/files/libs-7_39_D735D786_3760316_/libffmpeg-armv7-neon.so, 
12-17 20:31:42.859 24266 24286 I CLog    : 2016-12-17 20:31:42.859 T:24286    INFO: StartModule DRM module path: /data/user/0/com.qiyi.video/files/libs-6_92_CA910943_15926449_/libWasabiJni.so
12-17 20:31:43.014 24266 24425 I CLog    : 2016-12-17 20:31:43.014 T:24425    INFO: event-set for complete:0xe307e760, http://puma.api.iqiyi.com/tiger/fetch?key=%7B%22PTL%22%3A6%2C%22CORE%5FVER%22%3A30701%2C%22OS%5FVER%22%3A24%2C%22CPU%5FCOUNT%22%3A8%2C%22CPU%5FGHZ%22%3A201600%2C%22CODEC%5FPROFILE%22%3A%2D1%2C%22CODEC%5FLEVEL%22%3A%2D1%2C%22PTL%5FCODE%22%3A%2202022001010000000000%22%2C%22OS%22%3A%22android%22%2C%22DEVICE%5FID%22%3A%22868404020067521%22%2C%22CPU%5FINFO%22%3A%22Qualcomm%20Technologies%2C%20Inc%20MSM8953%5Cn%22%2C%22CPU%5FMODEL%22%3A%22MLA%2DAL00%22%7D
12-17 20:31:43.084 24266 24455 E sql_check_for_stuck: 
12-17 20:31:43.100  2852  2852 D TintTextView: #B3FFFFFF com.android.systemui.time.HwStatusBarClock{dbc7fa6 V.ED..... ........ 247,0-394,72 #7f1401c9 app:id/clock}
12-17 20:31:43.113 24266 24286 D NetDoctorManager: org.qiyi.android.coreplayer.b.com9.a()<-1> : initNetDoctor method : success
12-17 20:31:43.175 24266 24278 I plugin  : [qiyi_LOG_INFO plugin] startAndBindService
12-17 20:31:43.177 24266 24271 I art     : Method exceeds compiler instruction limit: 32188 in int com.d.a.c.c.b(int, int)
12-17 20:31:43.191 24266 24271 I art     : Method exceeds compiler instruction limit: 32188 in int com.d.a.c.c.b(int, int)
12-17 20:31:43.225 24368 24488 E UGCHttpClient: HCDN_LOG: [2016/12/17-20:31:43:225]:GetHostByName(pdata.video.iqiyi.com) takes 19 ms.
12-17 20:31:43.244 24266 24494 W VideoCapabilities: Unsupported mime video/wvc1
12-17 20:31:43.409 24266 24494 D qiyippsplay: org.qiyi.android.coreplayer.b.com5.finished()<-1> : WhiteList.codec_type : >> 4
12-17 20:31:43.523 24368 24482 E hcdn_downloadengine: HCDN_LOG: [2016/12/17-20:31:43:523]:HttpDownDcdnConfigFile,421    http return code[200]
12-17 20:31:43.523 24266 24271 I art     : Method exceeds compiler instruction limit: 32188 in int com.d.a.c.c.b(int, int)
12-17 20:31:43.832  1795 17831 I ActivityManager_service: New app record ProcessRecord{50c29f7 24608:com.qiyi.video:upload_service/u0a140} thread=android.os.BinderProxy@f7860ef pid=24608 procname=com.qiyi.video:upload_service
12-17 20:31:43.871 24266 24266 D plugin_IPCPlugNative: org.qiyi.android.plugin.ipc.com4.a()<-1> : cachePluginDeliverData : com.qiyi.video.reader {"actionId":20481}
12-17 20:31:44.017 24266 24266 I com2    : [qiyi_LOG_INFO com2] loadData 欢脱定律  http://iface2.iqiyi.com/views/3.0/special_playlist?hide_banner=1&from_type=57&page_st=216913012&card_v=2.0&rcstp=3&lang=zh_CN&app_lm=cn
12-17 20:31:44.103 24266 24415 I SendBroadcastPermission: action:android.alarm.happen, mPermissionType:0
12-17 20:31:44.297 24593 24593 I CHECKSD : getStorageList use api...
12-17 20:31:44.356 24593 24593 D Cupid004: CreateCupid
12-17 20:31:44.385 24266 24266 D MainInitHelper: Emotion@a6841famOrder = 31,mId = 30,mName = [yk],mContent = ,mImagePath = null,mImageUrl = 
12-17 20:31:44.412 24593 24593 E Ad_DispatchTask: HCDN_LOG: [2016/12/17-20:31:44:412]:[0xea5e6820,DispatchTaskManager]
12-17 20:31:44.426 24266 24312 I DEVICE_MD5_QYID: org.qiyi.android.corejar.utils.DeviceUtils.getAndroidIdV2()<-1> : getAndroidIdV2 memory:db72ce0a35db8d3b
12-17 20:31:44.446 24593 24710 E storage : HCDN_LOG: [2016/12/17-20:31:44:446]:statfs error: /mnt/sdcard/temp/qiyi/cache/pgf.cache: No such file or directory
12-17 20:31:44.473  2883  3916 I HwSystemManager: HoldService:PHONE_CODE_PERMISSION  is allowed  . packagename =  com.qiyi.video
12-17 20:31:44.501 24266 24668 E HW-JPEG-DEC: [HME_JPEG_DEC_Delete](3298): HME_JPEG_DEC_Delete: decoder_ctx=null
12-17 20:31:44.586 24266 24699 D HsmInterfaceImpl: List [ResolveInfo{c5260c3 com.qiyi.video/org.qiyi.android.commonphonepad.pushmessage.baidu.BDPushMessageReceiver p=1000 m=0x108000 euid=0}]
12-17 20:31:44.706 24593 24707 E hcdn_downloadengine: HCDN_LOG: [2016/12/17-20:31:44:706]:OnRecvDcdnPolicyConfigNotify,1772     dcdn do not start!
12-17 20:31:44.880 24266 24266 I QiyiDownloadManager: [qiyi_LOG_INFO QiyiDownloadManager] buildSetSDPathMessage = 54
12-17 20:31:44.933 24766 24766 I nativeProcess: iqiyi message: failed to open /proc/8/cmdline
12-17 20:31:44.936 24766 24766 I nativeProcess: iqiyi message: failed to open /proc/69/cmdline
12-17 20:31:44.936 24766 24766 I nativeProcess: iqiyi message: failed to open /proc/72/cmdline
12-17 20:31:44.943  2883  4486 I HwSystemManager: HoldService:checkBeforeShowDialogWithPid, current value:2, type:33554432, pkg:com.qiyi.video
12-17 20:31:44.944 24766 24766 I nativeProcess: iqiyi message: failed to open /proc/266/cmdline
12-17 20:31:44.945 24766 24766 I nativeProcess: iqiyi message: failed to open /proc/305/cmdline
12-17 20:31:44.949 24766 24766 I nativeProcess: iqiyi message: failed to open /proc/384/cmdline
12-17 20:31:44.949 24766 24766 I nativeProcess: iqiyi message: failed to open /proc/389/cmdline
12-17 20:31:44.950 24766 24766 I nativeProcess: iqiyi message: failed to open /proc/393/cmdline
12-17 20:31:44.955 24766 24766 I nativeProcess: iqiyi message: failed to open /proc/476/cmdline
12-17 20:31:44.961 24766 24766 I nativeProcess: iqiyi message: failed to open /proc/803/cmdline
12-17 20:31:44.962 24766 24766 I nativeProcess: iqiyi message: failed to open /proc/812/cmdline
12-17 20:31:44.962 24766 24766 I nativeProcess: iqiyi message: failed to open /proc/814/cmdline
12-17 20:31:44.965 24766 24766 I nativeProcess: iqiyi message: failed to open /proc/832/cmdline
12-17 20:31:44.967 24766 24766 I nativeProcess: iqiyi message: failed to open /proc/1023/cmdline
12-17 20:31:45.016 24766 24803 D GlobalPush: [iQiyiPushService] use keyStoreArray data! not from the asset file
12-17 20:31:45.057 24266 24266 D Feed    : com.iqiyi.qyplayercardview.j.con.a()<-1> :  mEmotions.get(i) = Emotion@659c1b4mOrder = 3,mId = 2,mName = pp_icon_expression_03,mContent = [色],mImagePath = /data/user/0/com.qiyi.video/app_feed/feedemotion/pp_icon_expression_03.png,mImageUrl = http://img5.qiyipic.com/image/qitan/qitan_pp_icon_expression_03_default.png
12-17 20:31:45.060  2883  7070 I HwSystemManager: HoldService:checkBeforeShowDialogWithPid, current value:2, type:33554432, pkg:com.qiyi.video
12-17 20:31:45.070  1795  3139 D HwPFWLogger: AutoStartupDataMgr:isUnderControll third party not in whitelist: com.mobike.mobikeapp
12-17 20:31:45.123 24266 24507 I JniNetDoctor: [2016-12-17 20:31:45.123] <INFO> [_F] [c409f920] ReqListServer(297) req list server: http://115.182.238.241/d?dn=hd.cloud.iqiyi.com
12-17 20:31:45.649  1795 24845 I AwareLog: AwareMem_EventTracker: [APP_ACTIVITY_FINISH_123859267] kill uid:10067, proc:com.huawei.android.wfdft
12-17 20:31:45.715  1795  3237 I DisplayManagerService: stopWifiDisplayScanLocked mWifiDisplayScanRequestCount=0
12-17 20:31:45.877 24266 24266 D HsmInterfaceImpl: List []
12-17 20:31:45.888  3218 13114 W System.err: 	at com.android.phone.PhoneInterfaceManager.getCellLocationForSubscriber(PhoneInterfaceManager.java:1825)
12-17 20:31:45.951 24266 24266 D StarVisitCache: org.qiyi.android.video.controllerlayer.g.com4.a()<-1> : ====> cache save <====
12-17 20:31:46.199 24266 24266 D CubicBezierInterpolator: CubicBezierInterpolator  mControlPoint1x = 0.6, mControlPoint1y = 0.9, mControlPoint2x = 0.8, mControlPoint2y = 1.0
12-17 20:31:46.265 24266 24266 I DownloadBinderHelper: [qiyi_LOG_INFO DownloadBinderHelper] getVideoCountForCommon>>get video size cost time= 1
12-17 20:31:47.405   816 24860 D libc    : GetAddrInfoHandler addr: 221.179.38.7
12-17 20:31:47.528 24266 24415 W System.err: 	at org.qiyi.android.commonphonepad.c.aux.b(Unknown Source)
12-17 20:31:47.528 24266 24415 W System.err: 	at org.qiyi.basecore.imageloader.com8.onResponse(Unknown Source)
12-17 20:31:47.637  1795  2665 D NetdConnector: RCV <- {601 limit alert globalAlert rmnet_data0}
12-17 20:31:47.645  1795 17831 D PowerManagerService: acquire lock=230301592, flags=0x1, tag="*launch*", name=android, ws=WorkSource{10140}, uid=1000, pid=1795
12-17 20:31:47.919 24266 24266 I QiyiDownloadManager: [qiyi_LOG_INFO QiyiDownloadManager] getDataFromModule...
12-17 20:31:47.923 24266 24867 I CallBackProcesser: [qiyi_LOG_INFO CallBackProcesser] CallBackProcesser->processVideoCallback
12-17 20:31:48.023 24266 24266 I DownloadEpisodeAdapter: [qiyi_LOG_INFO DownloadEpisodeAdapter] 锦绣未央第28集>>showFinishedStatusView
12-17 20:31:48.105 24266 24266 I DownloadEpisodeAdapter: [qiyi_LOG_INFO DownloadEpisodeAdapter] setEpisodeTitle
12-17 20:31:48.152 24266 24266 I DownloadEpisodeAdapter: [qiyi_LOG_INFO DownloadEpisodeAdapter] localPath = /storage/emulated/0/Android/data/com.qiyi.video/files/203364601_573642100/203364601_573642100.jpg
12-17 20:31:48.182 24266 24266 I DownloadEpisodeAdapter: [qiyi_LOG_INFO DownloadEpisodeAdapter] localPath = /storage/emulated/0/Android/data/com.qiyi.video/files/203364601_575629000/203364601_575629000.jpg
12-17 20:31:48.251 24266 24266 I DownloadEpisodeAdapter: [qiyi_LOG_INFO DownloadEpisodeAdapter] showExceptionStatus
12-17 20:31:48.399 24266 24266 I DownloadEpisodeAdapter: [qiyi_LOG_INFO DownloadEpisodeAdapter] loadImage
12-17 20:31:51.215  1795 20747 D HwActivityManagerService: handleANRFilterFIFO,uid = 10140cmd = 0
12-17 20:31:53.485  1795  2778 D GpsFreezeProc: removeFreezeProcess pkg:com.huawei.camera
12-17 20:31:54.390 24266 24266 I 2DSDR   : APS: 2DSDR: AbsListView.FlingRunnable.endFling, we will clear SDR ratio
12-17 20:31:57.887  2852  2914 I SimCardMethod: isCardAbsent slot:0 slotState:5
12-17 20:32:01.683  1795 15982 I GnssLocationProvider: setRequest ProviderRequest[OFF]
12-17 20:32:04.465  1795  1808 I ActivityManager: new Process app=ProcessRecord{6406de3 0:com.huawei.android.instantshare/1000}, name: com.huawei.android.instantshare, euid: 0
12-17 20:32:04.475  1795  1808 I ActivityManager: Start proc 24958:com.huawei.android.instantshare/1000 for service com.huawei.android.instantshare/com.huawei.android.magiclink.iterative2.MagicLinkService2
12-17 20:32:05.933  2852  2852 D NetWorkUtils: mVSimCurCardType is -1
12-17 20:32:07.946  2852  2852 I HwSignalClusterView: getOrInflateState subId:0
12-17 20:32:09.954  2852  3556 I NetworkController.MobileSignalController(0): onDataActivity: direction=0
12-17 20:32:09.976  1795 16500 W ActivityManager: getTasks: caller 10140 does not hold REAL_GET_TASKS; limiting output
12-17 20:32:13.996  2852  2852 D NetWorkUtils: is3GCalling is false,mCdmaSlot is -1
12-17 20:32:15.359 24266 24266 E HW-JPEG-DEC: [HME_JPEG_DEC_Delete](3298): HME_JPEG_DEC_Delete: decoder_ctx=null
12-17 20:32:15.540  1795  2380 D InputDispatcher: Dispatch frozen.  Waiting some more. last for 459ms
12-17 20:32:16.715  3180  3578 I PGServer: report state:6 event type:2 pid:0 uid:10029 pkg:com.android.browser to pid: 1795
12-17 20:32:17.108 24266 24266 I Utility : [qiyi_LOG_INFO Utility] isQiyiPackage PackageName:com.qiyi.video
12-17 20:32:17.198 24266 24312 D QYVideoLib: org.qiyi.android.corejar.QYVideoLib.getSid()<-1> : getSid: lk3lkzqc2nae7bue
12-17 20:32:17.223 24266 24758 D JOBS    : finished job con
12-17 20:32:17.312  1795  3247 I ActivityManager_service: ServiceNeeded not bring down service:ServiceRecord{2b24841 u0 euid: 0 com.qiyi.video/org.qiyi.pluginlibrary.component.ServiceProxy}
12-17 20:32:17.330 24266 24266 D qiyippsplay: org.iqiyi.video.z.con.a()<-1> : 步骤： 获取剧集信息成功，解析数据
12-17 20:32:17.338 24266 24266 I PlayerLogic: [qiyi_LOG_INFO PlayerLogic] revisePlayIndexForEpisode +tid=null  aid=null
12-17 20:32:17.338 24266 24266 I PlayerLogic: [qiyi_LOG_INFO PlayerLogic] revisePlayIndexForEpisode +tid=null  aid=null
12-17 20:32:17.340  1046  1046 V APM_AudioPolicyManager: selectOutput() commonFlags for output 13, 0000
12-17 20:32:17.361 24266 24266 D PortraitCommonAlbumCardBuidler: com.iqiyi.qyplayercardview.a.c.a()<-1> : internal_name = play_like
12-17 20:32:17.363  1046  9752 V APM_AudioPolicyManager: getOutputForAttr() device 0x2, samplingRate 44100, format 1, channelMask 3, flags 0
