12-17 20:33:38.630  2852  2852 D NetWorkUtils: mVSimCurCardType is -1
12-17 20:33:56.325  3858  4126 I amsnl   : t:false, fl: false, p: 2147483647000, ce: true, we: false
12-17 20:34:27.187  1795 11747 D PowerManagerService: ready=true,policy=3,wakefulness=1,wksummary=0x23,uasummary=0x4,bootcompleted=true,boostinprogress=false,waitmodeenable=false,mode=true,manual=33,auto=-1,adj=0.0userId=0
12-17 20:34:31.095  2852  3556 I NetworkController.MobileSignalController(0): need to force refresh view
12-17 20:34:45.012 24802 24802 I nativeProcess: iqiyi message: create--runOnSubprocess isProcessExist true
12-17 20:34:49.023  2852  2852 I HwSignalClusterView: setMobileDataIndicatorsHuawei subId:0 visible:true strengthIcon:2130839311 typeIcon:2130839195 contentDescription:手机信号满格。 typeContentDescription:4G isTypeIconWide:true showActivity:true activityIn:false activityOut:false isRoaming:false
12-17 20:34:50.196  3382  3399 D QcrilMsgTunnelSocket: Response ID 525306 is not served in this process.
12-17 20:34:50.408  1795  3110 D PowerManagerService: ready=true,policy=3,wakefulness=1,wksummary=0x23,uasummary=0x4,bootcompleted=true,boostinprogress=false,waitmodeenable=false,mode=true,manual=33,auto=-1,adj=0.0userId=0
12-17 20:35:14.051 24266 24266 D VideoPlayerImpl: org.iqiyi.video.player.cv.ag()<-1> : current progress: progress= 1177906
12-17 20:35:46.694  3218  3536 E SharedPreferencesImpl: Couldn't create directory for SharedPreferences file /data/user_de/0/com.android.settings/shared_prefs/caStatePreferences.xml
12-17 20:35:49.459  2852  2852 I HwSignalClusterView: getOrInflateState subId:0
12-17 20:35:54.070  1795 15988 W ActivityManager: getTasks: caller 10140 does not hold REAL_GET_TASKS; limiting output
12-17 20:35:55.567  1795 16499 D PowerManagerService: acquire lock=198568639, flags=0x1, tag="RILJ_ACK_WL", name=com.android.phone, ws=null, uid=1001, pid=3218
12-17 20:35:59.668  1795  2665 D NetdConnector: RCV <- {613 IfaceClass idle 0 446696026080839}
12-17 20:36:12.453  2852  2852 I HwSystemIcons: onLayout:left=1382, top=0, right=1776, bottom=72, offset=0
12-17 20:36:22.084  1795 15987 W ActivityManager: getTasks: caller 10140 does not hold REAL_GET_TASKS; limiting output
12-17 20:36:38.163 24266 24266 I qiyippsplay: org.iqiyi.video.ui.bf.h()<-1> : 当前时间1261965
12-17 20:37:21.929  2852  2852 I HwSignalClusterView: setMobileDataIndicatorsHuawei subId:0 visible:true strengthIcon:2130839311 typeIcon:2130839197 contentDescription:手机信号满格。 typeContentDescription:LTE isTypeIconWide:true showActivity:true activityIn:false activityOut:false isRoaming:false
12-17 20:37:26.230 24266 24266 D seekbar : org.iqiyi.video.ui.ci.onProgressChanged()<-1> : 当前进度：1310083 缓冲大小:1458189 缓冲进度：2768272
12-17 20:38:42.412  3858  4126 I amsnl   : csr
12-17 20:39:07.355  2852  3556 I HwNetworkControllerImpl: onReceive: action = android.intent.action.LTE_CA_STATE
12-17 20:39:08.115  2852  2914 I SimCardMethod: isCardAbsent slot:0 slotState:5
12-17 20:39:27.964 24266 24266 V chaunce : org.iqiyi.video.vote.b.aux.a()<-1> : checkVoteShowTime--hideVoteView
12-17 20:39:37.976 24266 24266 D VideoPlayerImpl: org.iqiyi.video.player.cv.ag()<-1> : current progress: progress= 1441734
12-17 20:40:05.702   816 25990 D DnsProxyListener: GetAddrInfoHandler addr: uc.huawei.com {307, 917811, 10102} 45.249.213.63
12-17 20:40:35.061 24802 24802 I nativeProcess: iqiyi message: ==== isProcesssExist: stat=0, errno=13
12-17 20:41:00.249  2852  2852 D NetWorkUtils: mVSimCurCardType is -1
12-17 20:41:01.873  1795  2376 W AlarmManager: mIsScreenOn is: true, WAKEUP alarm trigger action = com.huawei.intent.action.PUSH package name is: android
12-17 20:41:03.358  2852  2852 I HwSignalClusterView: getOrInflateState subId:0
12-17 20:41:05.723 31949 31967 I TCP     : WatchThread{4786} TcpClientThread.disconnectSocket(TcpClientThread.java:369) disconnecting to uc.huawei.com:7801
12-17 20:41:06.152  3626  3626 E PTM.FileNodeInfo: getTempInfo error: null, 0
12-17 20:41:16.655  3858  4126 I amsnl   : c: true, w: false, t: false, l: false
12-17 20:41:40.069 24802 24802 I nativeProcess: iqiyi message: create--runOnSubprocess isProcessExist true
12-17 20:41:43.161 24266 24266 V chaunce : org.iqiyi.video.vote.b.aux.a()<-1> : checkVoteShowTime--hideVoteView
12-17 20:41:48.167 24266 24266 D VideoPlayerImpl: org.iqiyi.video.player.cv.ag()<-1> : current progress: progress= 1572008
12-17 20:41:51.173  3626  3626 E PTM.FileNodeInfo: getTempInfo error: null, 0
12-17 20:41:52.175 24266 24266 V chaunce : org.iqiyi.video.vote.b.aux.a()<-1> : checkVoteShowTime--hideVoteView
12-17 20:42:12.758  2852  2852 D HwCustMobileSignalControllerImpl: sub =0,strMccMnc =null,hashMccMnc =[],strPlmn =hw_customized_networkType_entry
12-17 20:42:41.235 24266 24266 D VideoPlayerImpl: org.iqiyi.video.player.cv.ag()<-1> : current progress: progress= 1624932
12-17 20:43:05.823  3218  3218 I SendBroadcastPermission: action:org.codeaurora.VOIP_VOPS_SSAC_STATUS, mPermissionType:0
12-17 20:43:11.009  1795 16501 I AlarmManager: remove(PendingIntent{181f0db: PendingIntentRecord{7b913f0 com.android.phone broadcastIntent}}) changed bounds; rebatching
12-17 20:43:27.222  3858  4126 I amsnl   : c: true, w: false, t: false, l: false
12-17 20:43:34.835  2852  2852 I HwSignalClusterView: setMobileDataIndicatorsHuawei subId:0 visible:true strengthIcon:2130839311 typeIcon:2130839195 contentDescription:手机信号满格。 typeContentDescription:4G isTypeIconWide:true showActivity:true activityIn:true activityOut:true isRoaming:false
12-17 20:43:35.259  2852  2914 I SimCardMethod: isCardAbsent slot:0 slotState:5
12-17 20:43:43.831  1795  1819 D NetdConnector: RCV unsolicited event from native daemon, event = 613 IfaceClass idle 0 447160186231339
12-17 20:43:54.882  2852  2852 D NetWorkUtils: is3GCalling is false,mCdmaSlot is -1
12-17 20:44:04.936  2852  2852 D HwCustMobileSignalControllerImpl: isCurrentBySim()=false
12-17 20:44:08.355  1795  2748 D HwAmbientLuxFilterAlgo: t=124602052,BT=124603052,DT=124606052,BT1=124606052,DT1=124610052,Bn=false,Dn=false,lx=[9.0/124600548, 9.0/124600849, 9.0/124601150, 9.0/124601451, 8.0/124601752, 9.0/124602052],mLx=5.0,s=5.0,ss=0.0074626855,AuIntervened=false,mProximityState=false,bLux=15.0,dLux=0.0,bLux1=15.0,dLux1=0.0
12-17 20:44:13.046  2852  2852 I HwSignalClusterView: getOrInflateState subId:0
12-17 20:44:14.840  1795  2737 D WifiProJNI: Received kernel message payload: event 0
12-17 20:44:43.982 24266 24266 V chaunce : org.iqiyi.video.vote.b.aux.a()<-1> : checkVoteShowTime--hideVoteView
12-17 20:44:52.997 24266 24266 D seekbar : org.iqiyi.video.ui.ci.onProgressChanged()<-1> : 当前进度：1756845 缓冲大小:1011427 缓冲进度：2768272
12-17 20:45:07.014  2852  2852 I HwSignalClusterView: getOrInflateState subId:0
12-17 20:45:46.328  1795  3111 W ActivityManager: getTasks: caller 10140 does not hold REAL_GET_TASKS; limiting output
12-17 20:45:49.606   633 26591 E SDK     : 
12-17 20:45:49.606   633 26591 I SDK     : 
12-17 20:45:49.615   633 26591 I SDK     : <2016-12-17 20:45:49> [NOTICE] SDK: UE-SeC 2016-12-17 20:45:49:615 Level[NOTICE] magic[2488264992 3411]:Succeed to get user info
12-17 20:45:51.074  2852  2852 D HwCustMobileSignalControllerImpl: isCurrentBySim()=false
12-17 20:46:02.752  3858  4126 I amsnl   : csr
12-17 20:46:02.920  2852  2852 D NetWorkUtils: mVSimCurCardType is -1
12-17 20:46:04.118  2852  2852 D HwCustMobileSignalControllerImpl: isCurrentBySim()=false
12-17 20:46:11.997  1795  1795 I MQoS    : onSignal: mSubId=0,currDataSubID=0
12-17 20:46:12.001  1795  1806 D PowerManagerService: ready=true,policy=3,wakefulness=1,wksummary=0x23,uasummary=0x4,bootcompleted=true,boostinprogress=false,waitmodeenable=false,mode=true,manual=33,auto=-1,adj=0.0userId=0
12-17 20:46:22.115 24266 24266 V chaunce : org.iqiyi.video.vote.b.aux.a()<-1> : checkVoteShowTime--hideVoteView
12-17 20:46:53.566  3180  3578 I ash     : Application com.huawei.espacev2 is im app and connected ok, delay to H!
12-17 20:47:00.051  3879  3879 I HwLauncher: Model  onReceive intent=Intent { act=android.intent.action.TIME_TICK flg=0x50000014 (has extras) }
12-17 20:47:07.168 24266 24266 V chaunce : org.iqiyi.video.vote.b.aux.a()<-1> : checkVoteShowTime-->1890968
12-17 20:47:14.177 24266 24266 V chaunce : org.iqiyi.video.vote.b.aux.a()<-1> : checkVoteShowTime--hideVoteView
12-17 20:47:26.339  3858  4126 I amsnl   : c: true, w: false, t: false, l: false
12-17 20:48:15.222  3858  4126 I amsnl   : c: true, w: false, t: false, l: false
12-17 20:49:10.301   633 26882 I SDK     : <2016-12-17 20:49:10> [NOTICE] SDK: UE-SeC 2016-12-17 20:49:10:301 Level[NOTICE] magic[2467227936 2756]:WriteSdkGroupItem: hash has same item[HW_W3_MDM_PASSWORD]
12-17 20:49:16.255  1795 17831 D PowerManagerService: ready=true,policy=3,wakefulness=1,wksummary=0x23,uasummary=0x4,bootcompleted=true,boostinprogress=false,waitmodeenable=false,mode=true,manual=33,auto=-1,adj=0.0userId=0
12-17 20:49:22.447  2852  2852 D HwCustMobileSignalControllerImpl: sub =0,strMccMnc =null,hashMccMnc =[],strPlmn =hw_show_4g
12-17 20:49:32.023  1795  1795 I MQoS    : received cell-signal:5
12-17 20:51:04.415  2852  2852 I HwSignalClusterView: apply hwPhoneState.mSubId:0 anyMobileVisible:false mIsAirplaneMode:false, mobileGroupVisible=true
12-17 20:51:05.411  2852  2852 D HwCustMobileSignalControllerImpl: isCurrentBySim()=false
12-17 20:51:05.641   633 31870 I SDK     : <2016-12-17 20:51:05> [WARN] SDK: UE-SeC 2016-12-17 20:51:5:641 Level[WARN] magic[3362781472 684]:PubEvt_Close Getting a socket[72] from the Socket-table Failed!
12-17 20:51:05.788   633 31868 E SDK     : <2016-12-17 20:51:05> [ERR] SDK: UE-SeC 2016-12-17 20:51:5:788 Level[ERR] magic[3365677344 2897]:end of list
12-17 20:51:08.831   633   692 I eSpaceService: LoginThread{6246} LoginC.doLoginByStep(LoginC.java:203) Login_By_Step-> at Connected
12-17 20:51:12.273  3879  4071 I HwLauncher: NewEspaceMessageContentObserver  getNewEspaceMessageCount: 5
12-17 20:51:46.873  2852  2852 I HwSignalClusterView: apply hwPhoneState.mSubId:0 anyMobileVisible:false mIsAirplaneMode:false, mobileGroupVisible=true
12-17 20:51:47.563  3626  3626 E PTM.FileNodeInfo: getTempInfo error: null, 0
12-17 20:51:48.516   802   802 E Thermal-daemon: [Thermal_Hw] temperature_valid, battery : temperature is invalid, invalid temperatrue is 26
12-17 20:52:00.974  1795  1807 I AwareLog: AwareAppMngSort: 2835,1000,1,0,-800;2852,10033,1,0,-800;2883,1000,2,0,0;3168,1000,1,0,-800;3180,1000,1,0,-800;3197,10119,1,0,-800;3218,1001,1,0,-800;3382,1001,2,0,100;3608,1001,2,0,100;3626,1000,2,0,100
12-17 20:52:13.267  2852  3556 I NetworkController.MobileSignalController(0): onSignalStrengthsChanged signalStrength=SignalStrength: -1 0 -1 255 -1 255 -1 255 255 20 -101 -10 82 2147483647 2147483647 false gw|lte level=4 isSuspend=false levelOld=4,mSignalStrength level=4
12-17 20:52:28.647  1795  1795 I MQoS    : onSignal: mSubId=0,currDataSubID=0
12-17 20:53:07.277   633 31870 I SDK     : <2016-12-17 20:53:07> [WARN] SDK: UE-SeC 2016-12-17 20:53:7:277 Level[WARN] magic[3362781472 684]:PubEvt_Close Getting a socket[132] from the Socket-table Failed!
12-17 20:53:07.283   633 31870 I SDK     : <2016-12-17 20:53:07> [WARN] SDK: UE-SeC 2016-12-17 20:53:7:283 Level[WARN] magic[3362781472 684]:PubEvt_Close Getting a socket[179] from the Socket-table Failed!
12-17 20:53:07.287   633 31870 I SDK     : <2016-12-17 20:53:07> [WARN] SDK: UE-SeC 2016-12-17 20:53:7:287 Level[WARN] magic[3362781472 684]:PubEvt_Close Getting a socket[213] from the Socket-table Failed!
12-17 20:53:15.319  1795  5350 I MQoS    : QOS_level:4(4),use RTTLvl:4;RATLvl:5
12-17 20:53:39.207  3218  3517 I QImsService: ImsSenderRxr : [UNSL]< UNSOL_SSAC_CHANGED org.codeaurora.ims.ImsQmiIF$SsacInfo@9ed7006[SUB0]
12-17 20:53:50.520  1795 15987 W ActivityManager: getTasks: caller 10140 does not hold REAL_GET_TASKS; limiting output
12-17 20:54:05.280  2852  2852 D HwCustMobileSignalControllerImpl: isCurrentBySim()=false
12-17 20:54:18.726  3858  4126 I amsnl   : c: true, w: false, t: false, l: false
12-17 20:54:22.566  1795  1795 I MQoS    : onSignal: mSubId=0,currDataSubID=0
12-17 20:54:48.384  1795  1819 D NetworkManagement: notifyInterfaceClassActivity: client is com.android.server.net.NetworkStatsService$6@5d6efc
12-17 20:55:06.378   633 31870 I SDK     : 
12-17 20:55:06.409   633 31870 I SDK     : <2016-12-17 20:55:06> [WARN] SDK: UE-SeC 2016-12-17 20:55:6:409 Level[WARN] magic[3362781472 684]:PubEvt_Close Getting a socket[247] from the Socket-table Failed!
12-17 20:55:09.347   633   692 I eSpaceService: LoginThread{6262} LoginC.doLoginByStep(LoginC.java:203) Login_By_Step-> at BeginConnect
12-17 20:55:10.353  2852  2852 D HwCustMobileSignalControllerImpl: sub =0,strMccMnc =null,hashMccMnc =[],strPlmn =hw_show_4g
12-17 20:55:15.414  1795  1795 I WifiProJNI: ######### CMD_QUERY_PKTS ########
12-17 20:55:16.358 24766 27336 W System.err: 	at com.iqiyi.a.a.aux.a(Unknown Source)
12-17 20:55:33.568  1795  2396 W ActivityManager: getTasks: caller 10140 does not hold REAL_GET_TASKS; limiting output
12-17 20:55:51.349  3626  3626 E PTM.FileNodeInfo: getTempInfo error: null, 0
12-17 20:56:05.992   633 31867 I SDK     : <2016-12-17 20:56:05> [NOTICE] SDK: UE-SeC 2016-12-17 20:56:5:992 Level[NOTICE] magic[3368294688 1874]:AnyOffice_IsTunnelAvailable: Begin to detect if tunnel is avalilable!
12-17 20:56:06.085   633 31868 I SDK     : <2016-12-17 20:56:06> [NOTICE] SDK: UE-SeC 2016-12-17 20:56:6:85 Level[NOTICE] magic[3365677344 11555]:TLSTunnel URL=login.huawei.com
12-17 20:56:07.868  2852  2914 I HwMobileSignalController: subId:0 phoneType:1 networktype:13 targetClass:3 masterLevel:4 slaveLevel:-1
12-17 20:56:08.803   802   802 E Thermal-daemon: Report temperature: [ap] temp :27  report_threshold:1
12-17 20:56:20.169  1795  2748 D lux trace:: [6.0/125328331, 7.0/125328687, 6.0/125329043, 7.0/125329395, 6.0/125329753, 7.0/125333661]
12-17 20:56:44.593  1795 17831 W ActivityManager: getTasks: caller 10140 does not hold REAL_GET_TASKS; limiting output
12-17 20:56:44.614  1795 20747 W ActivityManager: getRunningAppProcesses: caller 10102 does not hold REAL_GET_TASKS; limiting output
12-17 20:56:57.086 24266 24266 D seekbar : org.iqiyi.video.ui.ci.onProgressChanged()<-1> : 当前进度：2480910 缓冲大小:287362 缓冲进度：2768272
12-17 20:57:10.496  2852  2852 I HwSignalClusterView: apply hwPhoneState.mSubId:0 anyMobileVisible:false mIsAirplaneMode:false, mobileGroupVisible=true
12-17 20:57:30.194 24802 24802 I nativeProcess: iqiyi message: create--runOnSubprocess isProcessExist true
12-17 20:57:47.148 24266 24266 D seekbar : org.iqiyi.video.ui.ci.onProgressChanged()<-1> : 当前进度：2530922 缓冲大小:237350 缓冲进度：2768272
12-17 20:57:48.753   818  1086 E iMonitor: setTracingEnabled:1
12-17 20:58:11.574  7194  7194 I PushLog2824: [main-1]action is com.huawei.action.CONNECT_PUSHSRV(android/null:-1)
12-17 20:58:40.215 24266 24266 D seekbar : org.iqiyi.video.ui.ci.onProgressChanged()<-1> : 当前进度：2584042 缓冲大小:184230 缓冲进度：2768272
12-17 20:58:43.066  1795  2665 D NetdConnector: RCV <- {613 IfaceClass idle 0 448059426348496}
12-17 20:58:43.071  1795  1819 D NetdConnector: RCV unsolicited event from native daemon, event = 613 IfaceClass idle 0 448059426348496
12-17 20:59:03.343  1795  3110 D PowerManagerService: ready=true,policy=3,wakefulness=1,wksummary=0x23,uasummary=0x4,bootcompleted=true,boostinprogress=false,waitmodeenable=false,mode=true,manual=33,auto=-1,adj=0.0userId=0
12-17 20:59:14.257 24266 24266 I qiyippsplay: org.iqiyi.video.ui.bf.h()<-1> : 当前时间2618017
12-17 20:59:45.634  1795  1795 I WifiProJNI: ######### CMD_QUERY_PKTS ########
12-17 20:59:48.812 24266 24266 D qiyippsplay: org.iqiyi.video.b.com1.f()<-1> : 广告模块 重置广告数据
12-17 20:59:48.823 24266 24266 I QiyiDownloadManager: [qiyi_LOG_INFO QiyiDownloadManager] ACTION_DOWNLOAD_GET_OBJECT_FROM_CACHE
12-17 20:59:51.079 24266 24266 I qiyippsplay: org.iqiyi.video.player.lpt9.r()<-1> : 获取当前播放状态 ：mCurrentPlayerStatus = PLAYING
12-17 20:59:52.982 24266 24312 I DBAdapter: [qiyi_LOG_INFO DBAdapter] getPingbacks: []
12-17 20:59:53.942 24266 24312 I Utility : [qiyi_LOG_INFO Utility] isQiyiPackage PackageName:com.qiyi.video
12-17 20:59:57.873  1795  1807 I GeofenceProxy: bindBestPackage for com.android.location.service.GeofenceProvider :  found 2, new best component: ComponentInfo{com.amap.android.ams/com.amap.android.ams.service.HwGeofenceService}
12-17 21:00:00.755  1795  2708 D PFW.HwPFWAppRestartPolicy: ACTION_PFW_WAKEUP_TIMER
12-17 21:00:17.684 24266 25028 D JOBS    : didn't allow me to die, re-running Thread-92
12-17 21:00:23.405  1795 16501 D PowerManagerService: ready=true,policy=3,wakefulness=1,wksummary=0x23,uasummary=0x2,bootcompleted=true,boostinprogress=false,waitmodeenable=false,mode=true,manual=33,auto=-1,adj=0.0userId=0
12-17 21:00:27.134 24266 24266 V chaunce : org.iqiyi.video.vote.b.aux.a()<-1> : checkVoteShowTime--hideVoteView
12-17 21:00:59.429  2852  2852 I HwSignalClusterView: setMobileDataIndicatorsHuawei subId:0 visible:true strengthIcon:2130839311 typeIcon:2130839195 contentDescription:手机信号满格。 typeContentDescription:4G isTypeIconWide:true showActivity:true activityIn:false activityOut:false isRoaming:false
12-17 21:01:04.999  2852  2852 D HwCustMobileSignalControllerImpl: sub =0,strMccMnc =null,hashMccMnc =[],strPlmn =hw_mcc_mnc
12-17 21:01:09.196 24266 24266 I qiyippsplay: org.iqiyi.video.ui.bf.h()<-1> : 当前时间233055
12-17 21:01:29.812  1795  2748 D lux trace:: [6.0/125639012, 7.0/125639726, 6.0/125640082, 7.0/125643289]
12-17 21:01:36.528  2852  2914 I SimCardMethod: isCardAbsent slot:0 slotState:5
12-17 21:01:58.949  2852  2852 D NetWorkUtils: is3GCalling is false,mCdmaSlot is -1
12-17 21:02:02.923  1795  2778 D PowerManagerService: acquire lock=175892641, flags=0x1, tag="RILJ_ACK_WL", name=com.android.phone, ws=null, uid=1001, pid=3218
12-17 21:02:10.231 24802 24802 I nativeProcess: iqiyi message: ==== do something  executeCmd isProcessExist true =====
12-17 21:02:20.233 24802 24802 I nativeProcess: iqiyi message: create--runOnSubprocess isProcessExist true
12-17 21:02:25.764  1795  2737 W WifiProJNI: poll before: g_monitor_fd =310
12-17 21:02:35.600  1795  1819 D NetdConnector: RCV unsolicited event from native daemon, event = 613 IfaceClass active 0 448291957459813 10140
12-17 21:02:37.301 24266 24266 V chaunce : org.iqiyi.video.vote.b.aux.a()<-1> : checkVoteShowTime--hideVoteView
12-17 21:02:50.236 24802 24802 I nativeProcess: iqiyi message: ==== isProcesssExist: stat=0, errno=13
12-17 21:03:12.621  2852  3556 I HwMobileSignalController: mExtDataOld:ExtData [mMasterNetWorkType=3, mSlaveNetWorkType=0, mMasterNetWorkLevel=4, mSlaveNetWorkLevel=-1, mDataState=2, mDataActivity=4, mDataNetType=13] mExtData:ExtData [mMasterNetWorkType=3, mSlaveNetWorkType=0, mMasterNetWorkLevel=4, mSlaveNetWorkLevel=-1, mDataState=2, mDataActivity=0, mDataNetType=13]
12-17 21:03:23.369 24266 24266 I qiyippsplay: org.iqiyi.video.ui.bf.h()<-1> : 当前时间367339
12-17 21:03:23.570  1795  1795 I MQoS    : onSignal: mSubId=1,currDataSubID=0
12-17 21:03:30.410  3858  4126 I amsnl   : m1: false
12-17 21:03:40.569  2852  2852 I HwSignalClusterView: setMobileDataIndicatorsHuawei subId:0 visible:true strengthIcon:2130839311 typeIcon:2130839195 contentDescription:手机信号满格。 typeContentDescription:4G isTypeIconWide:true showActivity:true activityIn:true activityOut:true isRoaming:false
12-17 21:03:54.950  1795  1819 D NetworkManagement: notifyInterfaceClassActivity: client is android.net.INetworkManagementEventObserver$Stub$Proxy@c0acf8b
12-17 21:03:54.952  2852  2852 I HwSignalClusterView: getOrInflateState subId:0
12-17 21:03:56.954  2852  3556 D NetworkController.MobileSignalController(0): mSimSubId:0 onDataActivity: direction=0
12-17 21:04:00.010  2852  2852 I HwDateUtils: formatChinaDateTime, change to China normalTime:晚上9:04
12-17 21:04:08.423 24266 24266 I qiyippsplay: org.iqiyi.video.ui.bf.h()<-1> : 当前时间412389
12-17 21:04:09.008  1795  2748 D HwAmbientLuxFilterAlgo: t=125802706,BT=125803706,DT=125806706,BT1=125806706,DT1=125810706,Bn=false,Dn=false,lx=[6.0/125801203, 6.0/125801503, 6.0/125801803, 6.0/125802104, 6.0/125802405, 6.0/125802706],mLx=5.0,s=5.0,ss=0.020186337,AuIntervened=false,mProximityState=false,bLux=15.0,dLux=0.0,bLux1=15.0,dLux1=0.0
12-17 21:04:27.439 24266 24266 D VideoPlayerImpl: org.iqiyi.video.player.cv.ag()<-1> : current progress: progress= 431476
12-17 21:04:39.826  1795 16232 W ActivityManager: getRunningAppProcesses: caller 10102 does not hold REAL_GET_TASKS; limiting output
12-17 21:05:01.117 28412 28412 D HwIntelligent3_BitmapUtil: bmp is null : false
12-17 21:05:01.135 28412 28432 E HwIntelligent3_WorkCommuteManager: no need to reset return
12-17 21:07:05.275 24802 24802 I nativeProcess: iqiyi message: ==== do something  executeCmd isProcessExist true =====
12-17 21:07:05.666  1795  2748 D lux trace:: [6.0/125967689, 5.0/125968046, 6.0/125968404, 5.0/125969830, 6.0/125970185, 5.0/125970543, 6.0/125970901, 5.0/125979099]
12-17 21:07:37.930  2852  2852 D HwCustMobileSignalControllerImpl: sub =0,strMccMnc =null,hashMccMnc =[],strPlmn =hw_show_4_5G_for_mcc
12-17 21:08:09.612   802   802 E Thermal-daemon: [Thermal_Hw] temperature_valid, battery : temperature is invalid, invalid temperatrue is 26
12-17 21:09:40.293 28790 28828 I HwSystemManager: HandlePowerStatistic:notificationShowJudger highWakeUpPkg = false
12-17 21:10:17.240 24266 25031 D JOBS    : didn't allow me to die, re-running Thread-95
12-17 21:11:11.950 24266 24266 V chaunce : org.iqiyi.video.vote.b.aux.a()<-1> : checkVoteShowTime-->835874
12-17 21:11:16.740  2852  2852 I HwSignalClusterView: setMobileDataIndicatorsHuawei subId:0 visible:true strengthIcon:2130839311 typeIcon:2130839195 contentDescription:手机信号满格。 typeContentDescription:4G isTypeIconWide:true showActivity:true activityIn:false activityOut:false isRoaming:false
12-17 21:11:33.985 24266 24266 D seekbar : org.iqiyi.video.ui.ci.onProgressChanged()<-1> : 当前进度：858048 缓冲大小:1825958 缓冲进度：2684006
12-17 21:11:36.187  1795  6986 D PowerManagerService: acquire lock=159813500, flags=0x1, tag="RILJ_ACK_WL", name=com.android.phone, ws=null, uid=1001, pid=3218
12-17 21:11:38.211  2852  3556 I NetworkController.MobileSignalController(0): Change in state from: connected=true,enabled=true,level=4,inetCondition=1,iconGroup=IconGroup(4G),activityIn=true,activityOut=true,rssi=0,lastModified=12-17 09:11:37,isRoaming=false,dataSim=true,networkName=中国移动,networkNameData=中国移动,dataConnected=true,isDefault=true,isEmergency=false,airplaneMode=false,carrierNetworkChangeMode=false,userSetup=true
12-17 21:11:49.510   633 29002 I SDK     : 
12-17 21:12:07.023 24266 24266 V chaunce : org.iqiyi.video.vote.b.aux.a()<-1> : checkVoteShowTime--hideVoteView
12-17 21:12:11.520  2852  2852 D HwCustMobileSignalControllerImpl: isCurrentBySim()=false
12-17 21:12:17.242 24266 25031 D JOBS    : didn't allow me to die, re-running Thread-95
12-17 21:12:31.053 24266 24266 V chaunce : org.iqiyi.video.vote.b.aux.a()<-1> : checkVoteShowTime-->915026
12-17 21:12:31.509  2852  2852 I HwMobileSignalController: notifyListenerHuawei::origin typeIcon:2130839195 icons.mName:4G isSuspend:false, showDataIcon=true, dataConnected=true, isRoaming=false
12-17 21:12:34.632  2852  2852 I HwSignalClusterView: setMobileDataIndicatorsHuawei subId:0 visible:true strengthIcon:2130839311 typeIcon:2130839195 contentDescription:手机信号满格。 typeContentDescription:4G isTypeIconWide:true showActivity:true activityIn:false activityOut:false isRoaming:false
12-17 21:12:59.887  1795  2748 D HwAmbientLuxFilterAlgo: t=126333584,BT=126334584,DT=126337584,BT1=126337584,DT1=126341584,Bn=false,Dn=false,lx=[6.0/126332079, 6.0/126332380, 6.0/126332681, 6.0/126332982, 5.0/126333283, 6.0/126333584],mLx=5.0,s=5.0,ss=0.0,AuIntervened=false,mProximityState=false,bLux=15.0,dLux=0.0,bLux1=15.0,dLux1=0.0
12-17 21:13:00.011  2852  2852 I TimeManager: act:android.intent.action.TIME_TICK  flag:1342177300 FLAG_IS_FIRST_POWER_OFF_ALARM=false android.intent.extra.ALARM_COUNT=1 
12-17 21:13:00.273  2852  2852 V KeyguardUpdateMonitor: RefreshBatteryInfo isBatteryLow: 72
12-17 21:13:11.535   633 31870 I SDK     : <2016-12-17 21:13:11> [WARN] SDK: UE-SeC 2016-12-17 21:13:11:535 Level[WARN] magic[3362781472 684]:PubEvt_Close Getting a socket[106] from the Socket-table Failed!
12-17 21:13:11.566   633 31870 I SDK     : <2016-12-17 21:13:11> [WARN] SDK: UE-SeC 2016-12-17 21:13:11:565 Level[WARN] magic[3362781472 684]:PubEvt_Close Getting a socket[198] from the Socket-table Failed!
12-17 21:13:12.961   633 29112 I SDK     : 
12-17 21:13:13.005   633 31869 I SDK     : 
12-17 21:13:13.631   633 31869 I SDK     : 
12-17 21:13:19.002  1795  1819 I EventHub: monitor check touch devices
12-17 21:13:48.152 24266 24266 D VideoPlayerImpl: org.iqiyi.video.player.cv.ag()<-1> : current progress: progress= 992212
12-17 21:13:49.606  1795 20747 D PowerManagerService: release:lock=267709371, flg=0x0, tag="RILJ_ACK_WL", name=com.android.phone", ws=null, uid=1001, pid=3218
12-17 21:14:01.174 24266 24266 V chaunce : org.iqiyi.video.vote.b.aux.a()<-1> : checkVoteShowTime--hideVoteView
12-17 21:14:21.736   818  1086 E iMonitor: setTracingEnabled:0
12-17 21:14:30.070  1795  3110 W ActivityManager: getTasks: caller 10140 does not hold REAL_GET_TASKS; limiting output
12-17 21:14:36.784  1795  2748 D HwAmbientLuxFilterAlgo: t=126430482,BT=126431482,DT=126434482,BT1=126434482,DT1=126438482,Bn=false,Dn=false,lx=[5.0/126428977, 6.0/126429278, 6.0/126429579, 6.0/126429880, 7.0/126430181, 7.0/126430482],mLx=5.0,s=5.0,ss=0.021103898,AuIntervened=false,mProximityState=false,bLux=15.0,dLux=0.0,bLux1=15.0,dLux1=0.0
12-17 21:14:40.042  7194 29130 W PushLog2824: [SocketRead_21:13:15-13433]read -1 from inputstream(android/null:-1)
12-17 21:14:40.051  2852  2852 D HwCustMobileSignalControllerImpl: sub =0,strMccMnc =null,hashMccMnc =[],strPlmn =hw_show_4g
12-17 21:15:45.727  1795 16498 D PowerManagerService: release:lock=29310709, flg=0x0, tag="RILJ_ACK_WL", name=com.android.phone", ws=null, uid=1001, pid=3218
12-17 21:16:24.178  1795  1795 I MQoS    : onSignal: mSubId=1,currDataSubID=0
12-17 21:16:39.733   633 31868 I SDK     : 
12-17 21:16:39.839   633 31870 I SDK     : <2016-12-17 21:16:39> [WARN] SDK: UE-SeC 2016-12-17 21:16:39:839 Level[WARN] magic[3362781472 684]:PubEvt_Close Getting a socket[240] from the Socket-table Failed!
12-17 21:16:39.840   633 31870 I SDK     : 
12-17 21:16:40.303  3879  3879 I HwLauncher: UnreadContentObserver  handle update icon message
12-17 21:16:41.265  2852  2852 D HwCustMobileSignalControllerImpl: isCurrentBySim()=false
12-17 21:16:43.281  2852  2852 D NetWorkUtils: mVSimCurCardType is -1
12-17 21:16:43.887 31949 31967 I TCP     : tcp.conn{4787} TcpClientThread.connectSocket(TcpClientThread.java:349) connecting max 30000ms to uc.huawei.com:7801
12-17 21:16:46.280  2852  2852 I HwSignalClusterView: getOrInflateState subId:0
12-17 21:17:00.296  2852  2852 D NetWorkUtils: is3GCalling is false,mCdmaSlot is -1
12-17 21:17:22.421 24266 24266 D VideoPlayerImpl: org.iqiyi.video.player.cv.ag()<-1> : current progress: progress= 1206456
12-17 21:17:29.039  1795  1819 I SendBroadcastPermission: action:android.net.conn.DATA_ACTIVITY_CHANGE, mPermissionType:0
12-17 21:17:46.564  2852  3556 I NetworkController.MobileSignalController(0): onDataActivity: direction=4
12-17 21:17:47.568  2852  3556 I NetworkController.MobileSignalController(0): onDataActivity: direction=3
12-17 21:17:51.600  2852  2852 D NetWorkUtils: mVSimCurCardType is -1
12-17 21:17:55.644  1795  2376 I ActivityManager_broadcast: collectReceiverComponents, callerApp: null, intent:org.qiyi.android.corejar.pingback.PingbackReceiver, receiver size:1, flags: 10000400
12-17 21:18:13.952   633 31868 I SDK     : <2016-12-17 21:18:13> [NOTICE] SDK: UE-SeC 2016-12-17 21:18:13:952 Level[NOTICE] magic[3365677344 7921]:CMTM_ProcDNSResponseMsg response message!aucURL =login.huawei.com
12-17 21:18:18.958  2852  2852 D HwCustMobileSignalControllerImpl: isCurrentBySim()=false
12-17 21:18:29.508 24266 24266 V chaunce : org.iqiyi.video.vote.b.aux.a()<-1> : checkVoteShowTime--hideVoteView
12-17 21:18:43.883  1795  2665 D NetdConnector: RCV <- {613 IfaceClass active 0 449260242192309 10102}
12-17 21:19:06.558 24266 24266 I qiyippsplay: org.iqiyi.video.ui.bf.h()<-1> : 当前时间1310424
12-17 21:19:16.614  1795  1795 I MQoS    : rtt=360,tcp_tx_pkts=1485554,tcp_rx_pkts=1771325
12-17 21:19:50.381 24802 24802 I nativeProcess: iqiyi message: create--runOnSubprocess isProcessExist true
12-17 21:20:22.905  3858  4126 I amsnl   : csr
12-17 21:20:40.995   633   692 I TupC30  : pool-2-thread-2{4430} 2.doInBackground(TupHelper.java:1260) UnRegister VOIP enter
12-17 21:20:41.066   633 31870 I SDK     : <2016-12-17 21:20:41> [WARN] SDK: UE-SeC 2016-12-17 21:20:41:65 Level[WARN] magic[3362781472 684]:PubEvt_Close Getting a socket[232] from the Socket-table Failed!
12-17 21:20:45.306  3858  4126 I amsnl   : m1: false
12-17 21:20:47.472  3879  4071 I HwLauncher: Workspace updateCustomizeShortcuts view invalidate ShortcutInfo(title=eSpace)
12-17 21:20:48.018  2852  2852 D HwCustMobileSignalControllerImpl: isCurrentBySim()=false
12-17 21:21:06.716 24266 24266 V chaunce : org.iqiyi.video.vote.b.aux.a()<-1> : checkVoteShowTime-->1430760
12-17 21:21:16.348  2852  2852 D HwCustMobileSignalControllerImpl: sub =0,strMccMnc =null,hashMccMnc =[],strPlmn =hw_hspap_show_4g
12-17 21:21:19.357  2852  3556 D NetworkController.MobileSignalController(0): mSimSubId:0 onDataActivity: direction=4
12-17 21:21:19.358  1795  3237 W ActivityManager: Sending non-protected broadcast org.codeaurora.VOIP_VOPS_SSAC_STATUS from system 3218:com.android.phone/1001 pkg com.android.phone
12-17 21:21:30.083  2852  2852 D HwCustMobileSignalControllerImpl: isCurrentBySim()=false
12-17 21:21:44.431  3858  4126 I amsnl   : m1: false
12-17 21:22:24.466  3858  4126 I amsnl   : c: true, w: false, t: false, l: false
12-17 21:22:33.838 24266 24266 D seekbar : org.iqiyi.video.ui.ci.onProgressChanged()<-1> : 当前进度：1517844 缓冲大小:1166162 缓冲进度：2684006
12-17 21:22:41.445 24266 24266 I DownloadEpisodeAdapter: [qiyi_LOG_INFO DownloadEpisodeAdapter] setUnFinishedText:DownloadObject{albumId='203364601', tvId='574272000', res_type=4, _id=28, vid='9db60b91962dd8f3bfd47ba6e78f2905', fileName='203364601_574272000.qsv', downloadFileDir='/storage/emulated/0/Android/data/com.qiyi.video/files/203364601_574272000/', imgUrl='http://m.qiyipic.com/image/20161125/9d/5b/v_111359697_m_601_320_180.jpg', text='锦绣未央第28集', subTitle='生死相依 不离不弃', DOWNLOAD_KEY='203364601_574272000', downloadWay=8, downloadRequestUrl='', displayType=TV_TYPE, fileSize=133227621, progress=99.0, status=FINISHED, clicked=1, videoDuration=2749, clm='锦绣未央', _a_t='锦绣未央', episode=28, year='2016', playRc=1045, taskStatus=2, mNeedDel=0, isDownloadPlay=true, speed=0, errorCode='', downloadTime=0, _pc=0, auto=0, cid=0, fDownloadRequestUrl='http://pic2.qiyipic.com/image/20161211/9a/b4/a_100018961_m_601_m3_284_160.jpg', downloadSource=DOWNLOAD_DEFAULT, f4vJsonUrl='http://cache.video.qiyi.com/vp/574272000/9db60b91962dd8f3bfd47ba6e78f2905/?src=2_22_222&t=1481525917028&vf=c8c0a2c74874324c1a4d493f5e9d1ba8&vt=1', f4vSections=null, svrip='null', segidx='null', accelerate_speed0'}
12-17 21:22:41.587  1795  3247 I MediaProcessHandler: playingUids: 
12-17 21:22:41.643 24266 24266 I DownloadEpisodeAdapter: [qiyi_LOG_INFO DownloadEpisodeAdapter] loadImage
12-17 21:22:41.657 24266 24266 I DownloadEpisodeAdapter: [qiyi_LOG_INFO DownloadEpisodeAdapter] 锦绣未央第32集>>showFinishedStatusView
12-17 21:22:41.673 24266 24266 I DownloadEpisodeAdapter: [qiyi_LOG_INFO DownloadEpisodeAdapter] showExceptionStatus
12-17 21:22:41.897 24266 24266 I DownloadEpisodeAdapter: [qiyi_LOG_INFO DownloadEpisodeAdapter] 锦绣未央第26集 = 下载完成
12-17 21:22:55.703 24593 24671 D DBAdapter: delete: Thread-6 tableName: download_tbl deletedNum: 1
12-17 21:23:00.791 24266 24472 D 2DSDR   : APS: 2DSDR: CanvasContext::setSDRZoomout(), the SDR ratio from ViewRootImpl is -1.000000, native window width = 1080, height = 1800
12-17 21:23:05.983  2852  2852 I PhoneStatusBar: removeNotificationChildren
12-17 21:23:12.602 24266 24266 D plugin_IPCPlugNative: org.qiyi.android.plugin.ipc.com4.a()<-1> : cachePluginDeliverData : com.qiyi.plugin.qimo {"num":0,"actionId":4146}
12-17 21:23:13.184 24266 24415 I DEVICE_MD5_QYID: org.qiyi.android.corejar.utils.DeviceUtils.getImeiV2()<-1> : getImeiV2 memory:868404020067521
12-17 21:23:15.743  1795  1809 D HwPhoneWindowManager: Transact:setSystemUIColor to status bar service
12-17 21:23:16.974 30234 30252 D qiyippsplay: org.qiyi.android.coreplayer.b.com1.o()<-1> : 初始化 zip中的so ：>> so : /data/user/0/com.qiyi.video/files/libs-10_47_EC28BB9_1260245_/libhcdnlivenet.so
12-17 21:23:17.171 30234 30252 I CLog    :                                             /data/user/0/com.qiyi.video/files/libs-7_39_D735D786_3760316_/libffmpeg-armv7-neon.so, 
12-17 21:23:17.295 30234 30397 D CLog    : CPU part	: 0xd03
12-17 21:23:17.295 30234 30397 D CLog    : CPU revision	: 4
12-17 21:23:17.386  2852  2852 I BitmapUtils: 	at com.android.internal.os.ZygoteInit.main(ZygoteInit.java:831)
12-17 21:23:18.367  2852  2852 D KG_Policy: getRemainingChance 5
12-17 21:23:18.491   835  2385 I fpc_fingerprint_hal: finger lost!
12-17 21:23:18.515 30445 30473 E HwIntelligent3_WorkCommuteManager: no need to reset return
12-17 21:23:18.564  1795  1825 D AutomaticBrightnessController: updateAutoBrightness: mScreenAutoBrightness=12, newScreenAutoBrightness=6
12-17 21:23:27.736  2883  3125 I HwSystemManager: StartupResidentService:InnerHandler Message:7
12-17 21:23:55.562  1795  2323 E UsbDeviceManager: 	at android.os.UEventObserver$UEventThread.run(UEventObserver.java:187)
12-17 21:25:05.990  1795  2323 E UsbDeviceManager: Error reading charge file
12-17 21:25:23.007  5224  5283 I Step_LSC: 20002302|calculateAltitudeWithCache datas.size=8486
12-17 21:25:24.818  3180  3578 I ash     : perform hibernation actions!
12-17 21:25:27.095  5224  5283 I Step_DataCache: 20002302|getTodayTotalSteps 6964
12-17 21:25:54.504  2852  2866 D KeyguardViewMediator: onStartedWakingUp, seq = 489
12-17 21:25:54.612  1795  1819 D NetworkManagement: notifyInterfaceClassActivity: client is android.net.INetworkManagementEventObserver$Stub$Proxy@af226
12-17 21:25:54.621  1795 16500 I ActivityManager_service: mAm.startProcessLocked for service: ServiceRecord{b366bc8 u0 euid: 0 com.huawei.betaclub/com.huawei.logupload.LogUploadService}, appinfo euid: 0
12-17 21:25:54.634  2852  2852 I HwPhoneStatusBar: updateNotificationShade
12-17 21:25:54.831   633 31870 I SDK     : <2016-12-17 21:25:54> [WARN] SDK: UE-SeC 2016-12-17 21:25:54:831 Level[WARN] magic[3362781472 684]:PubEvt_Close Getting a socket[72] from the Socket-table Failed!
12-17 21:25:54.837   633 31870 I SDK     : <2016-12-17 21:25:54> [WARN] SDK: UE-SeC 2016-12-17 21:25:54:837 Level[WARN] magic[3362781472 684]:PubEvt_Close Getting a socket[120] from the Socket-table Failed!
12-17 21:25:55.039  2852  2852 I TimeManager: chinaDateTime:晚上9:25
12-17 21:25:55.129  1795 15988 I ActivityManager: cleanUpApplicationRecordLocked, pid: 30732, restart: false
12-17 21:25:59.796   633 30788 I SDK     : <2016-12-17 21:25:59> [NOTICE] SDK: UE-SeC 2016-12-17 21:25:59:796 Level[NOTICE] magic[2430892320 247]:Send udp detect packet ok when login,id:[8];count:[4]!
12-17 21:26:02.610   814 30794 V NuPlayer: media rendering started
12-17 21:26:06.107  5224  5283 I Step_DataCache: 20002302|getTodayTotalSteps 6975
12-17 21:26:08.517  2852  2852 D HwCustMobileSignalControllerImpl: sub =0,strMccMnc =null,hashMccMnc =[],strPlmn =hw_mcc_mnc
12-17 21:26:08.542  3218  4070 D PhoneInterfaceManager: [PhoneIntfMgr] getDataEnabled: subId=0 phoneId=0
12-17 21:26:08.676  3168  3330 I CHR_ChrNetwork: setNetLostEvent
12-17 21:26:08.697  3168  3330 I CHR_ChrCommonInfo: getSlotCardState = MASTER_ONLY
12-17 21:26:08.797  3218  3218 I QImsService: ImsServiceSub : Call Type 2has num updates = 1
12-17 21:26:09.985  3118  3775 I ctaifs<存储已屏蔽的号码>[存储已屏蔽的号码][com.android.providers.blockednumber[query] Query CallLog
12-17 21:26:10.007   633 31870 I SDK     : 
12-17 21:26:10.245 25067 30978 D BetaClub: [DisposeLogUploadProgress.dispose] exception:1
12-17 21:26:10.287  1795 30982 D Telecom : UiMonitor: packagemName is com.huawei.espacev2, className is com.huawei.espace.module.main.ui.MainActivity
12-17 21:26:12.363  1046  1052 I AudioFlinger: setStreamVolume thread=0xf0983e80; stream=3; value=0.000000
12-17 21:26:12.399  2852  3361 I vol.VolumeDialogControl: onVolumeChangedW stream = 4, flags = 0
12-17 21:26:12.569  1046  9752 D msm8916_platform: platform_set_gsm_mode: enabling gsm mode
12-17 21:26:12.717  1795  1806 D PowerManagerService: ready=true,policy=3,wakefulness=1,wksummary=0x2b,uasummary=0x1,bootcompleted=true,boostinprogress=false,waitmodeenable=false,mode=true,manual=33,auto=-1,adj=0.0userId=0
12-17 21:26:12.732  3218  3218 V TelecomFramework: ConnectionServiceAdapter: setConferenceableConnections: TC@12, []
12-17 21:26:12.767  3608  3608 E InCall  : StatusBarNotifier - incalui onStateChange oldState=INCOMINGnewStateINCALL
12-17 21:26:15.087  2852  2852 I PhoneStatusBar: setSystemUiVisibility vis=c0000000 mask=ffffffff oldVal=c0000700 newVal=c0000000 diff=700
12-17 21:26:42.647  1795  2708 D HwPFWLogger: PFW.HwPFWAppRestartPolicy:receive action = android.intent.action.SCREEN_OFF
12-17 21:26:42.694  1795  3237 I HwActivityManagerService: Split enqueueing broadcast [callerApp]:ProcessRecord{580cfb2 5224:com.huawei.health:DaemonService/u0a99}
12-17 21:26:42.702  1795  1795 V NotificationService: disableEffects=null canInterrupt=false once update: false
12-17 21:26:44.106  1795  2323 D HwBatteryService: onUEvent fcpStatus = 0,scpStatus =0,ovpStatus=0
12-17 21:26:45.830  1795  3225 I ActivityManager_service: bindServiceLocked, r: ServiceRecord{6b7a512 u0 euid: 0 com.huawei.systemmanager/.util.content.HsmIntentService_bg}, euid: 0
12-17 21:26:45.888  1795  3139 D PowerManagerService: ready=true,policy=0,wakefulness=0,wksummary=0x11,uasummary=0x0,bootcompleted=true,boostinprogress=false,waitmodeenable=false,mode=true,manual=33,auto=-1,adj=0.0userId=0
12-17 21:26:49.577   835  2385 D fpc_fingerprint_hal: fpc poll irq interupt
12-17 21:26:49.707  1795  1825 D DisplayPowerController: Animating brightness: target=-1, rate=0
12-17 21:26:50.215  1795  2736 E hwintelligencewifi: isMonitorCellId mInfos.size() = 132
12-17 21:26:50.220  1795  2371 E huawei_ProximitySensor_CPP_Test: ProximitySensor: 9 is far event,0 is close event,value = 9.000000
12-17 21:26:50.819  1795  1795 I NotificationManager: cancelNotificationLocked:0|com.android.incallui|2|null|1001
12-17 21:26:50.892  2852  2852 I PhoneStatusBar: removeNotificationChildren
12-17 21:26:51.328  1795  2750 D HW_DISPLAY_EFFECT: presently, hw_update_color_temp_for_rg_led interface not achieved.
12-17 21:26:51.602  2852  2852 I BadgedIconHelper: isCloneProcess = false
12-17 21:26:51.672  2852  2852 W HwPhoneLayoutInflater: onCreateView : ClassNotFoundException, In this case we want to let the base class take a crack at it
12-17 21:26:55.057  2852  2852 I HwNotificationIconAreaController: showNotificationAll
12-17 21:26:55.098  1795  1825 I PowerManager_screenOn: PowerManagerNotifier onUserActivity: event=0, uid=1000
12-17 21:26:55.116  2852  2867 D KeyguardViewMediator: notifyScreenTurnedOn
12-17 21:26:55.243  1795  1825 D AutomaticBrightnessController: ambient lux=2.0,timeStamp =449751606144000
12-17 21:26:55.412  1795  2671 D PowerManagerService: release:lock=244575063, flg=0x0, tag="WifiSuspend", name=android", ws=null, uid=1000, pid=1795
12-17 21:26:55.543  1795  2778 I qti_sensors_hal: 0xcd, 0xb0, 0x24, 0x3e
12-17 21:26:55.797  1795  1795 I NotificationManager: updateLightsLocked,turn off notificationLight
12-17 21:26:56.917  2852  2852 I BackgrounCallingLayout: simCount:2 phoneState:2
12-17 21:26:57.099  2852  2852 I ToggleSlider:  mSeekListener onProgressChanged progress:3452 fromUser:false
12-17 21:26:57.296  1795  1795 D HwConnectivityService: CtrlSocket restoreScrOnStatus
12-17 21:26:58.360  1795  1795 I NotificationManager: cancelNotification,cancelNotificationLocked,callingUid = 1001,callingPid = 3608
12-17 21:26:59.795  2883  2996 E HwSystemManager: NotificationUtil:Month Warning Notification not create
12-17 21:27:04.023  1046  9753 V ThreadsEx: HDebug print the key BSD_phone_lines
12-17 21:27:04.104  1795  1795 I NotificationManager: updateLightsLocked,mInCall =false,mScreenOn = true,ledNotification == null?true
12-17 21:27:05.029  1795  3110 I ActivityManager_service: retrieveServiceLocked, callerApp: ProcessRecord{2080b89 3626:com.huawei.imonitor/1000}, flags: 10000400
12-17 21:27:05.209  2852  2852 I HwMobileSignalController: notifyListenerHuawei::origin typeIcon:2130839195 icons.mName:4G isSuspend:false, showDataIcon=true, dataConnected=true, isRoaming=false
12-17 21:27:05.357  1795  3110 I ActivityManager_broadcast: dispatch ordered broadcast [background] BroadcastRecord{9f4729 u-1 android.net.conn.CONNECTIVITY_CHANGE}, has 26 receivers
12-17 21:27:05.376  2883  2996 I HwSystemManager: CalculateTrafficMethod:getAllUidBytesInPeriod start = 2016-11-29 00:00:00 end = 2016-12-17 21:27:05
12-17 21:27:05.387  1795  2778 D PowerManagerService: ready=true,policy=3,wakefulness=1,wksummary=0x1,uasummary=0x1,bootcompleted=true,boostinprogress=false,waitmodeenable=false,mode=true,manual=33,auto=-1,adj=0.0userId=0
12-17 21:27:05.401  3218  3218 D PhoneInterfaceManager: [PhoneIntfMgr] getDataEnabled: subId=0 retVal=true
12-17 21:27:06.184 31435 31435 I art     : Starting a blocking GC AddRemoveAppImageSpace
12-17 21:27:06.297  2852  2852 I HwBrightnessUtils:  getSeekBarProgress isAutoMode:true current brightness:10 percentage:0.12564759
12-17 21:27:06.672   633 31870 I SDK     : <2016-12-17 21:27:06> [WARN] SDK: UE-SeC 2016-12-17 21:27:6:672 Level[WARN] magic[3362781472 684]:PubEvt_Close Getting a socket[82] from the Socket-table Failed!
12-17 21:27:06.676   633 31870 I SDK     : <2016-12-17 21:27:06> [WARN] SDK: UE-SeC 2016-12-17 21:27:6:676 Level[WARN] magic[3362781472 684]:PubEvt_Close Getting a socket[106] from the Socket-table Failed!
12-17 21:27:06.708   633 31868 E SDK     : 
12-17 21:27:06.708   633 31868 I SDK     : 
12-17 21:27:06.891  1795 17832 I PowerManager_screenOn: HwPhoneWindowManager has intercept Key : 4, isdown : false, flags : 72
12-17 21:27:06.973  3879  3879 W ViewRootImpl[UniHomeLauncher]: Cancelling event due to no window focus: KeyEvent { action=ACTION_UP, keyCode=KEYCODE_BACK, scanCode=0, metaState=0, flags=0x68, hwFlags=0x0, repeatCount=0, eventTime=127051272, downTime=127051204, deviceId=-1, source=0x101 }
12-17 21:27:08.587 31532 31532 E HW-JPEG-DEC: [HME_JPEG_DEC_Delete](3298): HME_JPEG_DEC_Delete: decoder_ctx=null
12-17 21:27:09.951  7741 31559 V Mms_TXM_SVC: Handling incoming message: { when=-2ms what=100 target=com.android.mms.transaction.TransactionService$ServiceHandler } = EVENT_QUIT
12-17 21:27:12.763  5224  5283 I SendBroadcastPermission: action:android.com.huawei.bone.NOTIFY_SPORT_DATA, mPermissionType:0
12-17 21:27:12.779  2852  2852 I StatusBarIconView: updateTint: tint=0
12-17 21:27:14.659  5224  5283 I Step_DataCache: 20002302|getTodayTotalSteps 7082
12-17 21:27:15.350  1795 20747 I Sensor  : turn off notificationLight due to incall or screenon
12-17 21:27:15.748  2852  2852 I StackScrollAlgorithm: updateDimmedActivatedHideSensitive overlap:false
12-17 21:27:18.180  1795 17831 D KeyEvent: obtain, mHwFlags=0
12-17 21:27:20.646  1795  1795 I SendBroadcastPermission: action:android.intent.action.SCREEN_OFF, mPermissionType:0
12-17 21:27:20.799  2852  2852 I PhoneStatusBar: suspendAutohide
12-17 21:27:28.088  2852  3556 D NetworkController.MobileSignalController(0): mSimSubId:0 onDataActivity: direction=3
12-17 21:27:39.676  3180  3578 I AppManager: remian iaware protect apps: [com.tencent.mm, com.huawei.espacev2, com.android.browser]
12-17 21:27:45.202  1795  3237 I TransactionSponsor: Transact:getHwAdminCachedListto device policy manager service.
12-17 21:27:45.257  1795  1795 I NotificationManager: action=android.intent.action.PACKAGE_RESTARTED queryReplace=false
12-17 21:27:46.752  2852  2852 I NotificationGroupManager: onEntryAdded:0|com.huawei.health|10010|null|10099, group=0|com.huawei.health|10010|null|10099
12-17 21:27:49.998  1795  2323 E UsbDeviceManager: 	at android.os.UEventObserver$UEventThread.run(UEventObserver.java:187)
12-17 21:27:53.848  1795  2323 E UsbDeviceManager: 	at java.io.FileInputStream.open(Native Method)
12-17 21:28:16.734  1795  3237 D PowerManagerService: ready=false,policy=3,wakefulness=1,wksummary=0x1,uasummary=0x1,bootcompleted=true,boostinprogress=false,waitmodeenable=true,mode=true,manual=33,auto=-1,adj=0.0userId=0
12-17 21:28:16.976  2852  2852 I ActivatableNotificationView: setOverlap mOverlap:true, mDimmed:false
12-17 21:28:17.014  2852  2852 I FingerprintController: releasing fp wakelock
12-17 21:28:17.080  1795  1808 W BroadcastQueue: Permission Denial: broadcasting Intent { act=android.intent.action.USER_PRESENT flg=0x24000010 } from com.android.systemui (pid=2852, uid=10033) requires com.huawei.wifipro.permission.RECV.WIFI_CONNECTED_CONCURRENTLY due to registered receiver BroadcastFilter{a30c562 u0 ReceiverList{6b87c2d 1795 system/1000/u0 local:fc2f344}}
12-17 21:28:17.283  7741  7741 D Mms_TX_NOTIFY: Get no-perm notification callback android.intent.action.SCREEN_ON
12-17 21:28:17.416  2852  2852 E DateLunarView: mDateString is: 12月17日星期六
12-17 21:28:17.447   835  2385 E libteec : begin
12-17 21:28:17.721  1795  1795 W huawei_ProximitySensor_CPP_Test: ProximitySensor, enable, 247: en=0
12-17 21:28:18.089  1795  2380 D PowerManagerService: ready=true,policy=3,wakefulness=1,wksummary=0x0,uasummary=0x1,bootcompleted=true,boostinprogress=false,waitmodeenable=false,mode=true,manual=33,auto=-1,adj=0.0userId=0
12-17 21:28:20.123  1795  2381 D libfingersense_wrapper: fingersense_touch_up() finished
12-17 21:28:23.539  1795  1805 D WindowManager: interceptKeyBeforeQueueing: key 4 , result : 1
12-17 21:28:23.686  3858  4126 I amsnl   : csr
12-17 21:28:24.816   606  2379 E libteec : send data return = 128
12-17 21:28:25.302  2852  2852 I TrafficPanelManager: hideTraffic
12-17 21:28:31.662  1795  3237 D PowerManagerService: acquire lock=177476567, flags=0x1, tag="RILJ_ACK_WL", name=com.android.phone, ws=null, uid=1001, pid=3218
12-17 21:28:31.715  2852  2852 D HwCustMobileSignalControllerImpl: sub =0,strMccMnc =null,hashMccMnc =[],strPlmn =hw_show_4_5G_for_mcc
12-17 21:29:18.226   633 31787 I SDK     : <2016-12-17 21:29:18> [NOTICE] SDK: UE-SeC 2016-12-17 21:29:18:226 Level[NOTICE] magic[3182369056 830]:End to proc tunnel status change: result=0
12-17 21:32:14.537  1795 15988 D PowerManagerService: ready=true,policy=0,wakefulness=0,wksummary=0x1,uasummary=0x0,bootcompleted=true,boostinprogress=false,waitmodeenable=false,mode=true,manual=33,auto=-1,adj=0.0userId=0
12-17 21:32:14.715  3168  3168 I CHR_ChrCommonInfo: 0 1 voice home data home 中国移动 中国移动 46000 中国移动 中国移动 46000  GSM Unknown CSS not supported -1 -1 RoamInd=-1 DefRoamInd=-1 EmergOnly=false IsDataRoamingFromRegistration=false
12-17 21:32:14.798  1795  3225 I ActivityManager_service: bindServiceLocked, r: ServiceRecord{2efea4d u0 euid: 0 com.huawei.systemmanager/.spacecleanner.setting.SpaceScheduleService}, euid: 0
12-17 21:32:17.190   633 31870 I SDK     : <2016-12-17 21:32:17> [WARN] SDK: UE-SeC 2016-12-17 21:32:17:190 Level[WARN] magic[3362781472 684]:PubEvt_Close Getting a socket[56] from the Socket-table Failed!
12-17 21:32:17.251   633 31870 I SDK     : 
12-17 21:32:17.290   633 31870 I SDK     : 
12-17 21:32:17.309   633 31870 I SDK     : <2016-12-17 21:32:17> [WARN] SDK: UE-SeC 2016-12-17 21:32:17:309 Level[WARN] magic[3362781472 684]:PubEvt_Close Getting a socket[241] from the Socket-table Failed!
12-17 21:32:18.392  2852  2852 I HwPhoneStatusBar: updateNotificationShade
12-17 21:32:19.149  1795  3110 D PowerManagerService: ready=true,policy=0,wakefulness=0,wksummary=0x1,uasummary=0x0,bootcompleted=true,boostinprogress=false,waitmodeenable=false,mode=true,manual=33,auto=-1,adj=0.0userId=0
12-17 21:32:19.415  2852  2852 I StackScrollAlgorithm: updateClipping isOverlap:false
12-17 21:32:22.737  2852  2852 I NotificationGroupManager: onEntryUpdated:0|com.huawei.health|10010|null|10099
12-17 21:32:22.785  1795  6985 I ActivityManager_service: bindServiceLocked, r: ServiceRecord{5ce1f70 u0 euid: 0 com.huawei.intelligent/.main.receiver.IntelligentIntentService}, euid: 0
12-17 21:32:23.187  1795  2748 D HwAmbientLuxFilterAlgo: earliestValidTime + POWER_ON_BRIGHTENING_LIGHT_DEBOUNCE
12-17 21:32:23.255  3626  3626 E PTM.FileNodeInfo: getTempInfo error: null, 0
12-17 21:32:30.300 30820 30820 W System.err: 	at java.lang.reflect.Method.invoke(Native Method)
12-17 21:32:32.359  1795  2380 I PowerManager_screenOn: PowerManagerNotifier onUserActivity: event=2, uid=1000
12-17 21:32:35.134  1795  2380 D InputDispatcher: channel 'WindowManager (server)' ~ enqueueDispatchEntryLocked: skipping inconsistent motion event
12-17 21:32:35.276  1795  2380 D InputDispatcher: channel 'WindowManager (server)' ~ enqueueDispatchEntryLocked: skipping inconsistent motion event
12-17 21:32:38.015  2852  2852 D HwCust  : Create obj success use class android.app.HwCustNotificationImpl
12-17 21:32:38.856  5224  5283 I Step_DataCache: 20002302|getTodayTotalSteps 7914
12-17 21:32:39.748  3608  3608 I InCall  : VTCallButtonPresenter - onDetailsChanged callId=Call_12 callState=10
12-17 21:32:39.925 16628 16649 D ConnectivityManager: getMobileDataEnabled()+ subId=0
12-17 21:32:40.370  1795  1795 D MotionDetectionManager: stopMotionAppsRecoAsUser motionApps: 305
12-17 21:32:40.521  3218  3218 I QImsService: ImsServiceSubHandler : Message received: what = 27
12-17 21:32:40.853  3218  3218 I QImsService: ImsServiceSub : Call Type 3has num updates = 1
