12-18 07:29:23.371  1795  1808 I ActivityManager_broadcast: dispatch ordered broadcast [foreground] BroadcastRecord{90b0e49 u-1 android.intent.action.SCREEN_ON}, has 56 receivers
12-18 07:29:23.605  1795  3884 E HsmCoreServiceImpl: onTransact in code is: 102
12-18 07:29:23.637   633 31867 I SDK     : <2016-12-18 07:29:23> [NOTICE] SDK: UE-SeC 2016-12-18 7:29:23:637 Level[NOTICE] magic[3368294688 1013]:s(0, 0),r(0, 0)in 20s;vsock(177114B, 14046B, 0, 0), sock(1205, 1245, 0, 0), times(43, 0, 279, 70), delay(0, 0)ms, m(0, 6144)KB, p:53931, s:53931, t(224, 1, 45510B, 74673B), u(0, 1, 233374B, 65118B), c(2496, 3351, 0, 0), e(95361, 2350)/(1919, 2350), k:104, d(871, 960), de(0), s(connecting, 2, 1), SSL(0), UDP(0), r_d(0), s_d(0), c_d(0), dur(2100 m), vs(0, 0, 0), sysFM(0 KB), ls(2526, 2526),bypass[0]:[0]
12-18 07:29:23.678  3180  3578 I ash     : unproxy com.tencent.mm broadcast OK !
12-18 07:29:25.155  1795  2750 D HW_DISPLAY_EFFECT: presently, hw_update_color_temp_for_rg_led interface not achieved.
12-18 07:29:28.611  1795  1795 D PowerManagerService: ready=true,policy=3,wakefulness=1,wksummary=0x0,uasummary=0x1,bootcompleted=true,boostinprogress=false,waitmodeenable=false,mode=true,manual=33,auto=-1,adj=0.0userId=0
12-18 07:29:32.913  2852  2852 I StackScrollAlgorithm: state.clipTopAmount:37, i:0
12-18 07:29:33.873  5224  5283 I Step_DataCache: 20002302|getTodayTotalSteps 4
12-18 07:29:34.272  2852  2852 I HwStatusBarIconController: applyIconTint
12-18 07:29:35.675  2852  2852 W HwKeyguardDragHelper: HwKyguardDragHelper onInterceptTouchEvent: 0
12-18 07:29:37.402  1795  2381 D libfingersense_wrapper: fingersense_touch_up() finished
12-18 07:29:38.134  2852  2852 D HwCustMobileSignalControllerImpl: sub =0,strMccMnc =null,hashMccMnc =[],strPlmn =hw_show_4g
12-18 07:29:38.181   633   692 I ECS     : Thread-2126{6833} TcpClient.connect(TcpClient.java:162) ==================== TCP CLIENT CONNECT [2] ====================
12-18 07:29:38.333  1795  3253 D PowerManagerService: release:lock=244947783, flg=0x0, tag="RILJ_ACK_WL", name=com.android.phone", ws=null, uid=1001, pid=3218
12-18 07:29:38.386  1795  2381 D libfingersense_wrapper: Calling fingersense_touch_up()
12-18 07:29:38.471  2852  2852 I StackScrollAlgorithm: updateDimmedActivatedHideSensitive overlap:false
12-18 07:29:38.488  2852  2852 I StackScrollAlgorithm: updateDimmedActivatedHideSensitive overlap:false
12-18 07:29:38.540 19970 19970 I         : power log dlsym ok
12-18 07:29:38.561   633 19967 I SDK     : <2016-12-18 07:29:38> [NOTICE] SDK: UE-SeC 2016-12-18 7:29:38:561 Level[NOTICE] magic[2249988384 982]:svn_gethostbyname_withtimeout: parse url <byod-web.huawei.com> cost 35 ip<469626295>
12-18 07:29:38.600  1795  2380 I TransactionSponsor: Transact:getHwAdminCachedValue to device policy manager service.
12-18 07:29:38.603  2852  2852 I StackScrollAlgorithm: state.clipTopAmount:107, i:0
12-18 07:29:38.657  1795  3139 W ActivityManager: Sending non-protected broadcast com.android.systemui.statusbar.visible.change from system 2852:com.android.systemui/u0a33 pkg com.android.systemui
12-18 07:29:38.816 19970 19970 I HwOUC   : [main-1]DBManager--getCacheContents data is null tableType is 4(/CacheDBManager.java:138)
12-18 07:29:38.878 19970 20009 I HwOUC   : [CheckNewVersionThread-6083]getBackColorOfPhoe is (hwouc/HwOucUtility.java:2193)
12-18 07:29:38.956  7194  7208 I PushLog2824: [ReceiverDispatcher-336]PushCommandProcessor device register success(android/null:-1)
12-18 07:29:38.998   633 31868 I SDK     : <2016-12-18 07:29:38> [NOTICE] SDK: UE-SeC 2016-12-18 7:29:38:998 Level[NOTICE] magic[3365677344 8910]:Set local private IP is:[10.41.47.202]
12-18 07:29:39.043   633 31870 I SDK     : <2016-12-18 07:29:39> [WARN] SDK: UE-SeC 2016-12-18 7:29:39:43 Level[WARN] magic[3362781472 684]:PubEvt_Close Getting a socket[37] from the Socket-table Failed!
12-18 07:29:39.056   633 31870 I SDK     : <2016-12-18 07:29:39> [WARN] SDK: UE-SeC 2016-12-18 7:29:39:56 Level[WARN] magic[3362781472 684]:PubEvt_Close Getting a socket[76] from the Socket-table Failed!
12-18 07:29:39.068   633 31870 I SDK     : <2016-12-18 07:29:39> [WARN] SDK: UE-SeC 2016-12-18 7:29:39:68 Level[WARN] magic[3362781472 684]:PubEvt_Close Getting a socket[148] from the Socket-table Failed!
12-18 07:29:39.069   633 31870 I SDK     : 
12-18 07:29:39.809  1795  3225 D ActivityManager: Skipping, withExcluded: false, tr.intent:Intent { act=android.intent.action.VIEW dat=file:///storage/emulated/0/tencent/TMAssistantSDK/Download/com.tencent.mm/1a41cb224d6d4b020176381a7c790891 typ=application/vnd.android.package-archive flg=0x10800000 cmp=com.android.packageinstaller/.PackageInstallerActivity (has extras) }
12-18 07:29:39.819  1795  3884 D ActivityManager: getRecentTasks: topActivity=ComponentInfo{com.tencent.mm/com.tencent.mm.ui.LauncherUI}
12-18 07:29:39.938  2852  2914 I HwMobileSignalController: subId:0 phoneType:1 networktype:13 targetClass:3 masterLevel:4 slaveLevel:-1
12-18 07:29:40.864   633 31868 I SDK     : 
12-18 07:29:40.899   633 31868 I SDK     : <2016-12-18 07:29:40> [NOTICE] SDK: UE-SeC 2016-12-18 7:29:40:899 Level[NOTICE] magic[3365677344 7476]:Currently process detect response packet when login,detect id is [1],ack id is [1]!
12-18 07:29:40.908   633 31868 I SDK     : 
12-18 07:29:40.925   633 20064 I SDK     : 640287498 to ip is 10.3.42.38
12-18 07:29:42.548 20067 20095 I crash_handler: JNI_OnLoad at vm:0xea638000
12-18 07:29:44.116  1795 19820 D ActivityManager: cleanUpApplicationRecord -- 19737
12-18 07:29:46.428  1795  1795 I MQoS    : onSignal: mSubId=1,currDataSubID=0
12-18 07:29:57.112  3218  3218 I SendBroadcastPermission: action:org.codeaurora.VOIP_VOPS_SSAC_STATUS, mPermissionType:0
12-18 07:29:59.597  1795  2380 D PowerManagerService: userActivityNoUpdateLocked: eventTime=135180895, event=2, flags=0x0, uid=1000
12-18 07:30:00.120  2852  2852 D DateTimeView: Change to single clock mode!
12-18 07:30:01.962  1795  2381 D libfingersense_wrapper: Calling fingersense_classify_touch()
12-18 07:30:02.441  1795  2748 D HwAmbientLuxFilterAlgo: earliestValidTime + POWER_ON_BRIGHTENING_LIGHT_DEBOUNCE
12-18 07:30:04.712  1795  2381 D libfingersense_wrapper: Calling fingersense_classify_touch()
12-18 07:30:07.697 16628 16649 I TotemWeather: RetryTaskController:onTaskSuccess, cityId = 2
12-18 07:30:09.677  1795 16499 V HwWindowManagerService: moveTaskToTop mTaskChanged:true
12-18 07:30:25.312  1795  2748 D HwAmbientLuxFilterAlgo: earliestValidTime + POWER_ON_DARKENING_LIGHT_DEBOUNCE
12-18 07:30:27.371  2852  3556 D NetworkController.MobileSignalController(0): mSimSubId:0 onDataActivity: direction=0
12-18 07:30:36.728  2852  2852 D HwCustMobileSignalControllerImpl: isCurrentBySim()=false
12-18 07:30:38.583  1795  3247 I ActivityManager: cleanUpApplicationRecordLocked, reset pid: 17357, euid: 0
12-18 07:30:45.782  1795  2748 D HwAmbientLuxFilterAlgo: earliestValidTime + POWER_ON_DARKENING_LIGHT_DEBOUNCE
12-18 07:30:45.964 20349 20391 E HW-JPEG-DEC: [HME_JPEG_DEC_Delete](3298): HME_JPEG_DEC_Delete: decoder_ctx=null
12-18 07:30:52.474  1795  2323 E UsbDeviceManager: 	at com.android.server.usb.UsbDeviceManager$2.onUEvent(UsbDeviceManager.java:328)
12-18 07:30:57.480  2852  2852 D HwCustMobileSignalControllerImpl: sub =0,strMccMnc =null,hashMccMnc =[],strPlmn =hw_show_lte
12-18 07:31:00.004  2852  2852 I TimeManager: act:android.intent.action.TIME_TICK  flag:1342177300 FLAG_IS_FIRST_POWER_OFF_ALARM=false android.intent.extra.ALARM_COUNT=1 
12-18 07:31:18.410  2852  2852 D NetWorkUtils: is3GCalling is false,mCdmaSlot is -1
12-18 07:31:28.586  1795  1819 D NetworkManagement: notifyInterfaceClassActivity: client is android.net.INetworkManagementEventObserver$Stub$Proxy@c0acf8b
12-18 07:31:30.470  3858  4126 I amsnl   : m1: false
12-18 07:31:37.688  2852  2852 D HwCustMobileSignalControllerImpl: isCurrentBySim()=false
12-18 07:31:42.381  1795  1795 I MQoS    : received cell-signal:5
12-18 07:31:44.698  2852  2852 I HwSignalClusterView: getOrInflateState subId:0
12-18 07:31:49.029  2852  2852 D NetWorkUtils: is3GCalling is false,mCdmaSlot is -1
12-18 07:31:52.034  2852  2852 D NetWorkUtils: is3GCalling is false,mCdmaSlot is -1
12-18 07:32:06.522  1795  1795 I MQoS    : received cell-signal:1
12-18 07:32:06.529  3858  4126 I amsnl   : csr
12-18 07:32:06.638  2852  2914 I HwMobileSignalController: subId:0 phoneType:1 networktype:13 targetClass:3 masterLevel:4 slaveLevel:-1
12-18 07:32:08.391  2852  3556 D NetworkController.MobileSignalController(0): mSimSubId:0 onDataActivity: direction=4
12-18 07:32:12.448  1795  3247 D WindowManager: interceptKeyBeforeQueueing: key 4 , result : 1
12-18 07:32:20.584  1795  2748 D HwAmbientLuxFilterAlgo: earliestValidTime + POWER_ON_BRIGHTENING_LIGHT_DEBOUNCE
12-18 07:32:21.367  1795  2380 D PowerManagerService: userActivityNoUpdateLocked: eventTime=135322670, event=2, flags=0x0, uid=1000
12-18 07:32:34.648  1795  2381 D libfingersense_wrapper: fingersense_classify_touch() finished
12-18 07:32:34.653  1795  2380 D PowerManagerService: ready=true,policy=3,wakefulness=1,wksummary=0x0,uasummary=0x1,bootcompleted=true,boostinprogress=false,waitmodeenable=false,mode=true,manual=33,auto=-1,adj=0.0userId=0
12-18 07:32:36.381  2852  2852 I HwSignalClusterView: getOrInflateState subId:0
12-18 07:32:47.023  2852  2852 D HwCustMobileSignalControllerImpl: isCurrentBySim()=false
12-18 07:32:47.027  2852  2852 D NetWorkUtils: mVSimCurCardType is -1
12-18 07:32:50.678  1795  2748 D HwAmbientLuxFilterAlgo: earliestValidTime + POWER_ON_DARKENING_LIGHT_DEBOUNCE
12-18 07:32:53.087  1795  2748 D HwAmbientLuxFilterAlgo: t=135354396,BT=135354896,DT=135355396,BT1=135358396,DT1=135362396,Bn=false,Dn=false,lx=[0.0/135352892, 0.0/135353193, 0.0/135353494, 0.0/135353794, 0.0/135354095, 0.0/135354396],mLx=0.0,s=5.0,ss=0.0,AuIntervened=false,mProximityState=false,bLux=6.0,dLux=-1.0,bLux1=6.0,dLux1=-1.0
12-18 07:32:58.789  3858  4126 I amsnl   : c: true, w: false, t: false, l: false
12-18 07:33:00.006  2852  2852 I HwDateUtils: begin of formatChinaDateRange chinaDate:早上7:33
12-18 07:33:07.705  1795  2381 D libfingersense_wrapper: Calling fingersense_touch_up()
12-18 07:33:34.643  1795  2748 D HwAmbientLuxFilterAlgo: earliestValidTime + POWER_ON_DARKENING_LIGHT_DEBOUNCE
12-18 07:33:41.531  2852  2852 I HwSignalClusterView: setMobileDataIndicatorsHuawei subId:0 visible:true strengthIcon:2130839311 typeIcon:2130839195 contentDescription:手机信号满格。 typeContentDescription:4G isTypeIconWide:true showActivity:true activityIn:false activityOut:false isRoaming:false
12-18 07:33:44.543  2852  3556 I NetworkController.MobileSignalController(0): 	to: connected=true,enabled=true,level=4,inetCondition=1,iconGroup=IconGroup(4G),activityIn=false,activityOut=false,rssi=0,lastModified=12-18 07:33:43,isRoaming=false,dataSim=true,networkName=中国移动,networkNameData=中国移动,dataConnected=true,isDefault=true,isEmergency=false,airplaneMode=false,carrierNetworkChangeMode=false,userSetup=true
12-18 07:33:53.309  1795  2748 D HwAmbientLuxFilterAlgo: earliestValidTime + POWER_ON_BRIGHTENING_LIGHT_DEBOUNCE
12-18 07:33:53.610  1795  2748 D HwAmbientLuxFilterAlgo: earliestValidTime + POWER_ON_BRIGHTENING_LIGHT_DEBOUNCE
12-18 07:34:08.803  3218  3218 I QImsService: ImsServiceSub : handleSsac voice = 255
12-18 07:34:10.895  2852  2852 D HwCustMobileSignalControllerImpl: sub =0,strMccMnc =null,hashMccMnc =[],strPlmn =hw_customized_networkType_entry
12-18 07:34:28.385  3858  4126 I amsnl   : csr
12-18 07:34:33.098  1795  3253 V InputMethodManagerService: Client requesting input be hidden, pid=20349
12-18 07:34:33.496  1795  2380 D PowerManagerService: ready=true,policy=3,wakefulness=1,wksummary=0x0,uasummary=0x1,bootcompleted=true,boostinprogress=false,waitmodeenable=false,mode=true,manual=33,auto=-1,adj=0.0userId=0
12-18 07:34:42.699  1795  2748 D HwAmbientLuxFilterAlgo: earliestValidTime + POWER_ON_DARKENING_LIGHT_DEBOUNCE
12-18 07:34:50.752  2852  3556 D NetworkController.MobileSignalController(0): mSimSubId:0 onDataActivity: direction=3
12-18 07:34:56.624  3626  3626 E PTM.FileNodeInfo: getTempInfo error: null, 0
12-18 07:34:58.051  1795  2737 I QosMonitor: postEventFromNative: msg=100,arg1=0,arg2=9
12-18 07:35:09.447   802   802 E Thermal-daemon: [Thermal_Hw] temperature_filter: get invalid temperature, use old temp
12-18 07:35:11.507  2852  2914 I SimCardMethod: isCardAbsent slot:0 slotState:5
12-18 07:35:18.522  1795  2748 D HwAmbientLuxFilterAlgo: earliestValidTime + POWER_ON_DARKENING_LIGHT_DEBOUNCE
12-18 07:35:20.072  1795  2381 D libfingersense_wrapper: Calling fingersense_touch_up()
12-18 07:35:20.359  1795  6988 I SendBroadcastPermission: action:android.intent.action.SIG_STR, mPermissionType:0
12-18 07:35:21.306  1795  2323 E UsbDeviceManager: 	at android.os.UEventObserver$UEventThread.sendEvent(UEventObserver.java:210)
12-18 07:35:28.082  1795  1795 I WifiProJNI: ######### CMD_QUERY_PKTS ########
12-18 07:35:30.707  1795  1819 D NetworkManagement: notifyInterfaceClassActivity: client is com.android.server.ConnectivityService$1@e0f099c
12-18 07:35:33.271  1795  2380 D PowerManagerService: userActivityNoUpdateLocked: eventTime=135514573, event=2, flags=0x0, uid=1000
12-18 07:35:39.442   633   692 I ECS     : Heartbeat timer.timers{6837} XmlMsg.encodeBuf(XmlMsg.java:215) SEND 112 bytes [16]_00_00_00_6C_00_03_01_03_12_05_8A_6E_D5_AA_DF_67 cmdCode(CC_Heartbeat.0x0312)msgType(MT_ARG.1)msgClass(MC_InstanceMessage.3)sender(ST_Mobile.0)crypted(true)zipped(false)nobase64(true)length(108)version(3)sno(8A6E)
12-18 07:35:39.747  1795 17832 I SendBroadcastPermission: action:android.intent.action.SIG_STR, mPermissionType:0
12-18 07:35:41.640  2852  2852 I HwSignalClusterView: setMobileDataIndicatorsHuawei subId:0 visible:true strengthIcon:2130839311 typeIcon:2130839195 contentDescription:手机信号满格。 typeContentDescription:4G isTypeIconWide:true showActivity:true activityIn:false activityOut:false isRoaming:false
12-18 07:35:56.470  1795  2748 D HwAmbientLuxFilterAlgo: earliestValidTime + POWER_ON_BRIGHTENING_LIGHT_DEBOUNCE
12-18 07:36:28.131  1795  5350 I MQoS    : QOS_level:5(5),use RAT:4G;signalLvl:5
12-18 07:36:31.218  2852  2852 I HwSignalClusterView: apply hwPhoneState.mSubId:0 anyMobileVisible:false mIsAirplaneMode:false, mobileGroupVisible=true
12-18 07:36:36.848  2852  3556 I NetworkController.MobileSignalController(0): onDataActivity: direction=0
12-18 07:36:38.016  1795  2748 D HwAmbientLuxFilterAlgo: earliestValidTime + POWER_ON_DARKENING_LIGHT_DEBOUNCE
12-18 07:36:39.859  2852  2852 D HwCustMobileSignalControllerImpl: sub =0,strMccMnc =null,hashMccMnc =[],strPlmn =hw_show_4g
12-18 07:36:45.844  2852  2852 I HwSignalClusterView: apply hwPhoneState.mSubId:0 anyMobileVisible:false mIsAirplaneMode:false, mobileGroupVisible=true
12-18 07:37:12.939  1795  2748 D HwAmbientLuxFilterAlgo: earliestValidTime + POWER_ON_DARKENING_LIGHT_DEBOUNCE
12-18 07:37:23.988  2852  2852 D NetWorkUtils: mVSimCurCardType is -1
12-18 07:37:39.665  2852  2852 I HwSignalClusterView: setMobileDataIndicatorsHuawei subId:0 visible:true strengthIcon:2130839311 typeIcon:2130839195 contentDescription:手机信号满格。 typeContentDescription:4G isTypeIconWide:true showActivity:true activityIn:true activityOut:true isRoaming:false
12-18 07:37:40.660  2852  3556 I NetworkController.MobileSignalController(0): onDataActivity: direction=0
12-18 07:37:43.481  3180  3332 I ScenarioAction: new ScenarioAction sPoolSize: 0
12-18 07:37:45.568  2852  2852 D HwCustMobileSignalControllerImpl: sub =0,strMccMnc =null,hashMccMnc =[],strPlmn =hw_show_lte
12-18 07:37:49.624   802   802 E Thermal-daemon: [Thermal_Hw] temperature_filter: get invalid temperature, use old temp
12-18 07:37:52.379  1795  2748 D HwAmbientLuxFilterAlgo: t=135653688,BT=135654188,DT=135654688,BT1=135657688,DT1=135661688,Bn=false,Dn=false,lx=[0.0/135652182, 0.0/135652483, 0.0/135652784, 0.0/135653086, 0.0/135653387, 0.0/135653688],mLx=0.0,s=5.0,ss=0.0,AuIntervened=false,mProximityState=false,bLux=6.0,dLux=-1.0,bLux1=6.0,dLux1=-1.0
12-18 07:38:00.003  1795  2376 D PowerManagerService: Acquiring suspend blocker "PowerManagerService.WakeLocks".
12-18 07:38:03.703  1795  3110 V InputMethodManagerService: Client requesting input be hidden, pid=20349
12-18 07:38:04.525  2852  2852 D HwCustMobileSignalControllerImpl: isCurrentBySim()=false
12-18 07:38:23.994  1795  2748 D HwAmbientLuxFilterAlgo: earliestValidTime + POWER_ON_DARKENING_LIGHT_DEBOUNCE
12-18 07:38:31.826  1795  2748 D HwAmbientLuxFilterAlgo: earliestValidTime + POWER_ON_DARKENING_LIGHT_DEBOUNCE
12-18 07:38:38.837  3180  3332 I ScenarioAction: new ScenarioAction sPoolSize: 0
12-18 07:38:39.492  2852  2852 D HwCustMobileSignalControllerImpl: sub =0,strMccMnc =null,hashMccMnc =[],strPlmn =hw_show_4_5G_for_mcc
12-18 07:38:55.788  3180  3332 I ScenarioAction: new ScenarioAction sPoolSize: 0
12-18 07:38:56.802  1795  2748 D HwAmbientLuxFilterAlgo: earliestValidTime + POWER_ON_DARKENING_LIGHT_DEBOUNCE
12-18 07:39:08.327  1795  1819 D NetworkManagement: notifyInterfaceClassActivity: client is com.android.server.connectivity.Vpn$2@e40aefb
12-18 07:39:10.053  1795  2748 D HwAmbientLuxFilterAlgo: earliestValidTime + POWER_ON_DARKENING_LIGHT_DEBOUNCE
12-18 07:39:13.558  1795 16498 D PowerManagerService: ready=true,policy=3,wakefulness=1,wksummary=0x1,uasummary=0x1,bootcompleted=true,boostinprogress=false,waitmodeenable=false,mode=true,manual=33,auto=-1,adj=0.0userId=0
12-18 07:39:17.742  3180  3332 I ScenarioAction: new ScenarioAction sPoolSize: 0
12-18 07:39:20.177  2852  2852 I HwSignalClusterView: getOrInflateState subId:0
12-18 07:39:24.201  1795  2748 D HwAmbientLuxFilterAlgo: earliestValidTime + POWER_ON_DARKENING_LIGHT_DEBOUNCE
12-18 07:39:32.375 20349 20369 D 2DSDR   : APS: 2DSDR: CanvasContext::setSDRZoomout(), the SDR ratio from ViewRootImpl is 1.000000, native window width = 1080, height = 1920
12-18 07:39:41.039   633 31868 I SDK     : <2016-12-18 07:39:41> [NOTICE] SDK: UE-SeC 2016-12-18 7:39:41:39 Level[NOTICE] magic[3365677344 1674]:Process DNS reponse msg!
12-18 07:39:43.379  2852  2852 D HwCustMobileSignalControllerImpl: isCurrentBySim()=false
12-18 07:39:43.379  2852  2852 D HwCustMobileSignalControllerImpl: isCurrentBySim()=false
12-18 07:39:43.384  2852  2852 I HwSignalClusterView: setMobileDataIndicatorsHuawei subId:0 visible:true strengthIcon:2130839311 typeIcon:2130839195 contentDescription:手机信号满格。 typeContentDescription:4G isTypeIconWide:true showActivity:true activityIn:false activityOut:true isRoaming:false
12-18 07:39:44.399  2852  2852 D NetWorkUtils: is3GCalling is false,mCdmaSlot is -1
12-18 07:39:45.567  1795  2748 D HwAmbientLuxFilterAlgo: earliestValidTime + POWER_ON_DARKENING_LIGHT_DEBOUNCE
12-18 07:39:46.934  1795  1795 I MQoS    : received cell-signal:1
12-18 07:39:46.940  1795  3253 I SendBroadcastPermission: action:android.intent.action.SIG_STR, mPermissionType:0
12-18 07:39:54.316  3218  3218 I QImsService: ImsServiceSubHandler : Message received: what = 27
12-18 07:40:06.722  2852  2852 D NetWorkUtils: mVSimCurCardType is -1
12-18 07:40:30.711  2852  2852 D HwCustMobileSignalControllerImpl: isCurrentBySim()=false
12-18 07:40:46.975  1795 15988 D PowerManagerService: ready=true,policy=3,wakefulness=1,wksummary=0x0,uasummary=0x1,bootcompleted=true,boostinprogress=false,waitmodeenable=false,mode=true,manual=33,auto=-1,adj=0.0userId=0
12-18 07:40:46.978  1795 11745 I SendBroadcastPermission: action:android.intent.action.SIG_STR, mPermissionType:0
12-18 07:40:54.659 20349 20385 E HW-JPEG-DEC: [HME_JPEG_DEC_Delete](3298): HME_JPEG_DEC_Delete: decoder_ctx=null
12-18 07:40:57.526  2852  2852 D NetWorkUtils: is3GCalling is false,mCdmaSlot is -1
12-18 07:41:20.756  2852  2852 D HwCustMobileSignalControllerImpl: sub =0,strMccMnc =null,hashMccMnc =[],strPlmn =hw_customized_networkType_entry
12-18 07:41:25.524  3626  3626 W PTM.PeriodCheckManager: mSendService start
12-18 07:41:26.582 20349 20349 I 2DSDR   : APS: 2DSDR: AbsListView.FlingRunnable.run(), SDR ratio = 1.0, layer height = 1920, scroll view height = 1494
12-18 07:41:26.997  3858  4126 I amsnl   : c: true, w: false, t: false, l: false
12-18 07:41:39.377 31949 31967 I TCP     : WatchThread{4786} TcpClientThread.closeSocket(TcpClientThread.java:396) closed socket.
12-18 07:41:49.204  1795  2381 D libfingersense_wrapper: Calling fingersense_touch_up()
12-18 07:41:56.014  2852  2852 D HwCustMobileSignalControllerImpl: sub =0,strMccMnc =null,hashMccMnc =[],strPlmn =hw_show_lte
12-18 07:41:57.979  1795  2323 E UsbDeviceManager: 	at android.os.UEventObserver$UEventThread.run(UEventObserver.java:187)
12-18 07:41:58.848  1795  2748 D HwAmbientLuxFilterAlgo: t=135900157,BT=135901157,DT=135904157,BT1=135904157,DT1=135908157,Bn=false,Dn=false,lx=[1.0/135898653, 1.0/135898954, 1.0/135899255, 1.0/135899556, 1.0/135899857, 1.0/135900157],mLx=0.0,s=5.0,ss=0.8571429,AuIntervened=false,mProximityState=false,bLux=6.0,dLux=-1.0,bLux1=6.0,dLux1=-1.0
12-18 07:41:59.020  2852  2852 D HwCustMobileSignalControllerImpl: isCurrentBySim()=false
12-18 07:41:59.030  1795  6985 I ActivityManager_service: retrieveServiceLocked, callerApp: ProcessRecord{8051dc6 18657:com.huawei.phoneservice/u0a18}, flags: 10000400
12-18 07:41:59.030  1795  6985 I ActivityManager_service: mAm.startProcessLocked for service: ServiceRecord{71af189 u0 euid: 0 com.huawei.phoneservice/com.huawei.feedback.component.AutoUploadService}, appinfo euid: 0
12-18 07:41:59.070  1046  1046 I APM_AudioPolicyManager: getOutputForDevice() returns output 13
12-18 07:41:59.076  1046  1125 D audio_hw_primary: adev_set_parameters: enter: srs_cfg:trumedia_enable=1
12-18 07:41:59.191 21841 21841 W ContextImpl: Calling a method in the system process without a qualified user: android.app.ContextImpl.startService:1527 android.content.ContextWrapper.startService:613 com.huawei.systemmanager.SystemManagerApplication.startDeviceStorageMonitorService:218 com.huawei.systemmanager.SystemManagerApplication.startServices:125 com.huawei.systemmanager.SystemManagerApplication.onCreate:100 
12-18 07:42:00.050  2852  2852 D NetWorkUtils: mVSimCurCardType is -1
12-18 07:42:00.059  4585  4599 I HiApp.UpdateManager: IntentService[RepeatingTaskManager]{8146} updatableApk size is 0.so cancel the update_notify_id.
12-18 07:42:28.211  2852  2852 D HwCustMobileSignalControllerImpl: isCurrentBySim()=false
12-18 07:42:29.039  2852  2852 I BitmapUtils: 	at com.huawei.keyguard.support.magazine.KeyguardWallpaper.-wrap4(KeyguardWallpaper.java)
12-18 07:42:29.286  1795  1825 D PowerManagerService: ready=true,policy=0,wakefulness=0,wksummary=0x0,uasummary=0x0,bootcompleted=true,boostinprogress=false,waitmodeenable=false,mode=true,manual=33,auto=-1,adj=0.0userId=0
12-18 07:42:29.303  1795  2671 D PowerManagerService: acquire lock=244575063, flags=0x1, tag="WifiSuspend", name=android, ws=null, uid=1000, pid=1795
12-18 07:42:31.284  2852  3556 I NetworkController.MobileSignalController(0): onDataActivity: direction=4
12-18 07:42:33.880  2852  2852 D KeyguardSecurityView: showSecurityScreen(PIN)
12-18 07:42:34.038  2852  2852 I StatusBarWindowManager: apply skiped :0
12-18 07:42:34.115  1795  2323 E UsbDeviceManager: 	at android.os.FileUtils.readTextFile(FileUtils.java:267)
12-18 07:42:34.200  2852  2852 V KeyguardUpdateMonitor: setKeyguardViewState: true-false
12-18 07:42:34.924  3782 21931 V AudioManager: isMusicActive...
12-18 07:42:42.443 21841 21942 W PackageParser: Ignoring duplicate uses-permissions/uses-permissions-sdk-m: android.permission.ACCESS_NETWORK_STATE in package: com.yodo1.skisafari2.UC_02 at: Binary XML file line #24
12-18 07:43:08.465  1795  1795 I MQoS    : rtt=360,tcp_tx_pkts=1485554,tcp_rx_pkts=1771325
12-18 07:43:38.486  2852  2852 D HwCustMobileSignalControllerImpl: isCurrentBySim()=false
12-18 07:43:50.499  2852  2852 D HwCustMobileSignalControllerImpl: sub =0,strMccMnc =null,hashMccMnc =[],strPlmn =hw_show_4g
12-18 07:44:19.752  1795  1795 I MQoS    : received cell-signal:5
12-18 07:44:46.557  3218  3517 I QImsService: ImsSenderRxr : [UNSL]< UNSOL_SSAC_CHANGED org.codeaurora.ims.ImsQmiIF$SsacInfo@687e327[SUB0]
12-18 07:44:46.756  1795  3111 D PowerManagerService: Releasing suspend blocker "PowerManagerService.WakeLocks".
12-18 07:44:59.430  2852  2914 I HwMobileSignalController: updateSignalStrength: signalStrength=SignalStrength: -1 0 -1 255 -1 255 -1 255 255 19 -101 -7 176 2147483647 2147483647 false gw|lte
12-18 07:44:59.937  3782 21931 V AudioManager: isMusicActive...
12-18 07:45:04.429  1795 11747 D PowerManagerService: Acquiring suspend blocker "PowerManagerService.WakeLocks".
12-18 07:45:08.373  1795  3111 D PowerManagerService: ready=true,policy=0,wakefulness=0,wksummary=0x1,uasummary=0x0,bootcompleted=true,boostinprogress=false,waitmodeenable=false,mode=true,manual=33,auto=-1,adj=0.0userId=0
12-18 07:45:13.923  1795  3139 D PowerManagerService: acquire lock=14110208, flags=0x1, tag="RILJ_ACK_WL", name=com.android.phone, ws=null, uid=1001, pid=3218
12-18 07:45:37.831  3858  4126 I amsnl   : t:false, fl: false, p: 2147483647000, ce: true, we: false
12-18 07:45:39.880  2852  2852 D HwCustMobileSignalControllerImpl: isCurrentBySim()=false
12-18 07:45:50.631  2852  2914 I HwMobileSignalController: updateSignalStrength: signalStrength=SignalStrength: -1 0 -1 255 -1 255 -1 255 255 19 -101 -7 166 2147483647 2147483647 false gw|lte
12-18 07:46:40.181 31949 31967 I TCP     : tcp.conn{4787} TcpClientThread.connectSocket(TcpClientThread.java:349) connecting max 30000ms to uc.huawei.com:7801
12-18 07:46:40.211   633 31870 I SDK     : 
12-18 07:46:40.213   633 31870 I SDK     : <2016-12-18 07:46:40> [WARN] SDK: UE-SeC 2016-12-18 7:46:40:213 Level[WARN] magic[3362781472 684]:PubEvt_Close Getting a socket[138] from the Socket-table Failed!
12-18 07:46:40.216   633 31870 I SDK     : 
12-18 07:47:18.448  1795  3225 I ActivityManager_service: retrieveServiceLocked, callerApp: ProcessRecord{65689bc 21841:com.huawei.systemmanager/1000}, flags: 10000400
12-18 07:47:49.862   816  1562 W SocketListener: sending broadcast to Pid = 1795, Uid = 1000 
12-18 07:47:49.903   633 31870 I SDK     : 
12-18 07:47:49.909   633 31870 I SDK     : 
12-18 07:47:49.922   633 31870 I SDK     : <2016-12-18 07:47:49> [WARN] SDK: UE-SeC 2016-12-18 7:47:49:921 Level[WARN] magic[3362781472 684]:PubEvt_Close Getting a socket[113] from the Socket-table Failed!
12-18 07:47:49.986   633 31870 I SDK     : 
12-18 07:47:53.975  7194 22428 I PushLog2824: [SocketRead_07:47:53-14153]useProxy is valid:false, allow proxy:false(android/null:-1)
12-18 07:47:56.421  3879  4071 I HwLauncher: NewEspaceMessageContentObserver  getNewEspaceMessageCount: 9
12-18 07:48:27.404  3858  4126 I amsnl   : c: true, w: false, t: false, l: false
12-18 07:48:37.926   633   692 I eSpaceService: Watch Thread{4481} WatchThread.onLoop(WatchThread.java:98) watch thread onLoop...--》 iWatched.doWatch() 
12-18 07:49:00.263   633 31870 I SDK     : 
12-18 07:49:00.279   633 31870 I SDK     : <2016-12-18 07:49:00> [WARN] SDK: UE-SeC 2016-12-18 7:49:0:279 Level[WARN] magic[3362781472 684]:PubEvt_Close Getting a socket[50] from the Socket-table Failed!
12-18 07:49:00.303   633 31870 I SDK     : 
12-18 07:49:00.308   633 31870 I SDK     : <2016-12-18 07:49:00> [WARN] SDK: UE-SeC 2016-12-18 7:49:0:308 Level[WARN] magic[3362781472 684]:PubEvt_Close Getting a socket[213] from the Socket-table Failed!
12-18 07:49:05.219   633   692 I TCP     : tcp.recv{4488} TcpClientThread.onReceiverWork(TcpClientThread.java:307) get tcp message 2956
12-18 07:49:06.802  3879  3879 I HwLauncher: UnreadContentObserver  handle update icon message
12-18 07:49:29.840  1795  3110 I SendBroadcastPermission: action:android.intent.action.SIG_STR, mPermissionType:0
12-18 07:49:46.042  2852  2852 D HwCustMobileSignalControllerImpl: isCurrentBySim()=false
12-18 07:49:47.482  3858  4126 I amsnl   : csr
12-18 07:50:18.812  1795  1795 D HuaweiWifiWatchdogStateMachine:  not in link monitoring mode, ignore TCP result .
12-18 07:50:28.815  1795  2737 W WifiProJNI: poll before: g_monitor_fd =310
12-18 07:50:34.800  3858  4126 I amsnl   : t:false, fl: false, p: 2147483647000, ce: true, we: false
12-18 07:50:42.594  3218  3517 I QImsService: ImsSenderRxr : [UNSL]< UNSOL_SSAC_CHANGED org.codeaurora.ims.ImsQmiIF$SsacInfo@727d588[SUB0]
12-18 07:50:42.723   633 31870 I SDK     : <2016-12-18 07:50:42> [WARN] SDK: UE-SeC 2016-12-18 7:50:42:723 Level[WARN] magic[3362781472 684]:PubEvt_Close Getting a socket[110] from the Socket-table Failed!
12-18 07:50:42.750   633 31870 I SDK     : 
12-18 07:50:42.755   633 31870 I SDK     : <2016-12-18 07:50:42> [WARN] SDK: UE-SeC 2016-12-18 7:50:42:755 Level[WARN] magic[3362781472 684]:PubEvt_Close Getting a socket[240] from the Socket-table Failed!
12-18 07:51:05.401  3626  3626 E PTM.FileNodeInfo: getTempInfo error: null, 0
12-18 07:51:34.454  1795 16232 W ActivityManager: getRunningAppProcesses: caller 10102 does not hold REAL_GET_TASKS; limiting output
12-18 07:51:49.099   832   933 W AwareLog:defragd: delay_us exceeds max timeout: 39962300 us
12-18 07:51:53.046   633   692 E TCP     : tcp.recv{4488} TcpClientThread.readSocket(TcpClientThread.java:452) <<< ERROR(6) >>> socket read length failure -1
12-18 07:51:53.111   633 31870 I SDK     : <2016-12-18 07:51:53> [WARN] SDK: UE-SeC 2016-12-18 7:51:53:111 Level[WARN] magic[3362781472 684]:PubEvt_Close Getting a socket[132] from the Socket-table Failed!
12-18 07:51:53.128   633 31870 I SDK     : <2016-12-18 07:51:53> [WARN] SDK: UE-SeC 2016-12-18 7:51:53:128 Level[WARN] magic[3362781472 684]:PubEvt_Close Getting a socket[202] from the Socket-table Failed!
12-18 07:51:59.983  3782 21931 V AudioManager: isMusicActive...
12-18 07:52:07.627  1795  1795 I MQoS    : onSignal: mSubId=1,currDataSubID=0
12-18 07:52:19.987  3782 21931 V AudioManager: isMusicActive...
12-18 07:52:29.502  1795  2376 I AlarmManager: sending alarm Alarm{ce82cf5 type 3 when 487200000 com.huawei.systemmanager},repeatInterval = 600000,listenerTag =null
12-18 07:52:58.944  1795  2737 W WifiProJNI: poll before: g_monitor_fd =310
12-18 07:53:03.534   633 31870 I SDK     : 
12-18 07:53:07.574   633   692 I ECS     : msg.recv{4490} XmlMsg.decodeBuf(XmlMsg.java:237) RECV 96 bytes [12]_00_03_02_02_06_05_8A_AB_43_87_47_9A cmdCode(CC_GetConferenceList.0x0206)msgType(MT_ACK.2)msgClass(MC_Conference.2)sender(ST_Mobile.0)crypted(true)zipped(false)nobase64(true)length(92)version(3)sno(8AAB)
12-18 07:53:08.955  1795  2737 I QosMonitor: postEventFromNative: msg=100,arg1=0,arg2=9
12-18 07:53:10.206  3879  4071 W CfgFilePolicy: CFG_DIRS length : 9
12-18 07:54:07.740  1795  1795 I MQoS    : received cell-signal:1
12-18 07:54:15.159  2852  2852 D NetWorkUtils: is3GCalling is false,mCdmaSlot is -1
12-18 07:55:28.365  1795  2376 I AlarmManager: sending alarm Alarm{c3ddd03 type 2 when 487447085 com.tencent.mm},repeatInterval = 0,listenerTag =null
12-18 07:56:20.002  3782 21931 V AudioManager: isMusicActive...
12-18 07:56:29.556   633 31870 I SDK     : <2016-12-18 07:56:29> [WARN] SDK: UE-SeC 2016-12-18 7:56:29:556 Level[WARN] magic[3362781472 684]:PubEvt_Close Getting a socket[23] from the Socket-table Failed!
12-18 07:56:29.562   633 31870 I SDK     : 
12-18 07:56:29.602   633 31870 I SDK     : 
12-18 07:56:33.544 25067  1586 I BetaClub: [InstructionDbManager.queryAll]query start table name:betaclub_logprogress_table
12-18 07:56:33.659   633 23176 W imssdk_CloudRecord: CloudRecordGetCfgInfoRspNotify, handle: 19
12-18 07:56:48.789  1795  1819 D NetworkManagement: notifyInterfaceClassActivity: client is android.net.ip.IpManager$2@4c99c84
12-18 07:57:00.099  3218  3517 I QImsService: ImsSenderRxr : [UNSL]< UNSOL_SSAC_CHANGED org.codeaurora.ims.ImsQmiIF$SsacInfo@a8c9c00[SUB0]
12-18 07:57:02.435   606  2379 E libteec : QSEECom_send_cmd return!
12-18 07:57:02.720  1795  2778 D ActivityManager: ActivityManagerService,attachApplication,callingPid = 23234
12-18 07:57:02.783  3626  4889 E PTM.FileNodeInfo: getTempInfo error: null, 0
12-18 07:57:02.886 23234 23234 D AndroidCommon: [SdcardManager.isMounted]Mounted:/storage/emulated/0:true
12-18 07:57:02.943  1795  1795 D PowerManagerService: Releasing suspend blocker "PowerManagerService.Broadcasts".
12-18 07:57:02.975  2852  2852 I PhoneStatusBar: removeNotificationChildren
12-18 07:57:03.849   633 23254 I SDK     : <2016-12-18 07:57:03> [NOTICE] SDK: UE-SeC 2016-12-18 7:57:3:849 Level[NOTICE] magic[2222610720 2326]:FSM_OpenFile => [START],Mode[r]
12-18 07:57:04.092  1795  2708 D HwPFWLogger: PFW.HwPFWAppRestartPolicy:receive action = android.intent.action.ACTION_POWER_DISCONNECTED
12-18 07:57:05.591  1795  1825 D AutomaticBrightnessController: ambient lux=3.0,timeStamp =487564317394000
12-18 07:57:05.624  2852  3556 I NetworkController.MobileSignalController(0): onSignalStrengthsChanged signalStrength=SignalStrength: -1 0 -1 255 -1 255 -1 255 255 18 -102 -7 160 2147483647 2147483647 false gw|lte level=4 isSuspend=false levelOld=4,mSignalStrength level=4
12-18 07:57:06.186   606  2379 E libteec : send data return = 192
12-18 07:57:06.366   606  2379 E libteec : receive data len = 192
12-18 07:57:06.544   835  2385 E libteec : begin
12-18 07:57:09.116  2852  2852 I BarTransitions.HwNavigationBarView: transitionTo: mode=MODE_TRANSLUCENT, animate=false
12-18 07:57:10.552  1795  3238 D PowerManagerService: Acquiring suspend blocker "PowerManagerService.WakeLocks".
12-18 07:57:12.204  2852  2925 V AudioManager: isStreamMute   streamType: 2
12-18 07:57:12.239  1046  1125 D ACDB-LOADER: ACDB -> send_audio_cal, acdb_id = 231, path = 0, app id = 0x11131, sample rate = 48000
12-18 07:57:12.254   606  2379 E libteec : receive data len = 128
12-18 07:57:12.431   612   612 D SurfaceFlinger: Set power mode=0, type=0 flinger=0x7f9a25b400
12-18 07:57:12.739  3168  3168 I CHR_TelStatusListenr0: writeSummaryFromParcelLocked, duration: 0
12-18 07:57:53.961  1795  3110 I WindowManger_keyguard: **** SHOWN CALLED ****
12-18 07:57:53.965  2852  2852 D StatusBar: No peeking: not in use: 0|com.huawei.health|10010|null|10099
12-18 07:57:54.070  3218  6115 I PhoneInterfaceManager: shouldBlockLocation  ret:false
12-18 07:57:54.092  3858  4126 I amsnl   : m1: false
12-18 07:57:54.157   835  2385 E libteec : begin
12-18 07:57:54.251  1795  1825 D DisplayPowerController: Animating brightness: target=13, rate=40
12-18 07:57:54.301  2852  2852 E KeyguardUpdateMonitor: isSimPinSecure mSimDatas is null or empty 
12-18 07:57:54.306 25067 25067 I UX      : CollectorManager--isCollectorEnabled--getBoolean: false
12-18 07:57:54.512   633 31868 I SDK     : <2016-12-18 07:57:54> [NOTICE] SDK: UE-SeC 2016-12-18 7:57:54:512 Level[NOTICE] magic[3365677344 2549]:Send switch tunnel msg ok,mode is [3],now mode is[3]!
12-18 07:57:54.991  1795  1825 D DisplayPowerController: Finished business...
12-18 07:57:55.472  2852  2852 I HwSignalClusterView: getOrInflateState subId:0
12-18 07:57:55.992  1795  2748 D HwAmbientLuxFilterAlgo: earliestValidTime + POWER_ON_BRIGHTENING_LIGHT_DEBOUNCE
12-18 07:57:58.569  1795  6988 I ActivityManager: START u0 {flg=0x10008000 cmp=com.huawei.android.totemweather/.WeatherHome (has extras)} from uid 10061 on display 0
12-18 07:58:09.476  3382  3399 I SendBroadcastPermission: action:qualcomm.intent.action.ACTION_RAC_CHANGED, mPermissionType:0
12-18 07:58:11.358  3879  4160 I Adreno  : Remote Branch                    : 
12-18 07:58:31.353  1046 26554 V APM_AudioPolicyManager: getOutputForAttr() usage=13, content=4, tag= flags=00000000 session 3777 selectedDeviceId 0
12-18 07:58:32.020  2852  2852 I SignalClusterView: applyIconTint ignore
12-18 07:58:59.412   633 31870 I SDK     : <2016-12-18 07:58:59> [WARN] SDK: UE-SeC 2016-12-18 7:58:59:412 Level[WARN] magic[3362781472 684]:PubEvt_Close Getting a socket[31] from the Socket-table Failed!
12-18 07:58:59.420   633 31870 I SDK     : 
12-18 07:58:59.424   633 31870 I SDK     : 
12-18 07:58:59.428   633 31870 I SDK     : 
12-18 07:58:59.429   633 31870 I SDK     : <2016-12-18 07:58:59> [WARN] SDK: UE-SeC 2016-12-18 7:58:59:429 Level[WARN] magic[3362781472 684]:PubEvt_Close Getting a socket[173] from the Socket-table Failed!
12-18 07:58:59.433   633 31870 I SDK     : 
12-18 07:58:59.445   633 31870 I SDK     : <2016-12-18 07:58:59> [WARN] SDK: UE-SeC 2016-12-18 7:58:59:445 Level[WARN] magic[3362781472 684]:PubEvt_Close Getting a socket[251] from the Socket-table Failed!
12-18 07:58:59.989  3879  4071 E HW-JPEG-DEC: [HME_JPEG_DEC_Delete](3298): HME_JPEG_DEC_Delete: decoder_ctx=null
12-18 07:59:04.636  1795  2323 E UsbDeviceManager: 	at android.os.UEventObserver$UEventThread.run(UEventObserver.java:187)
12-18 07:59:06.199  7194  7208 I PushLog2824: [ReceiverDispatcher-336]send msg to remote srv success(android/null:-1)
12-18 07:59:06.288  1795  6985 D PowerManagerService: acquire lock=16499927, flags=0x1, tag="eventloop", name=android, ws=null, uid=1000, pid=7194
12-18 07:59:07.555  2852  2852 D StatusBar: reusing notification for key: 0|com.huawei.health|10010|null|10099
12-18 07:59:07.648   633   692 I eSpaceService: msg.recv{4490} LoginC.onLoginOk(LoginC.java:1326) Login_By_Step->LoginOK 0
12-18 07:59:07.669   633   692 I eSpaceService: msg.recv{4490} LoginC.doLoginSucceed(LoginC.java:1042) Login Ack , set account to w00290667
12-18 07:59:10.374  5224  5224 I Step_LSC: 20002302|onStandStepChanged 71633
12-18 08:04:07.220  2883 23563 I HwSystemManager: NormalTraffic:total limit = -1 traffic bytes = 1785749865
12-18 08:04:07.228  3168  3369 I CHR_TelStatusListenr: resetAllStatsLocked
12-18 08:04:07.323  3168 23583 D HwRepairHelper: update()   updated:  00
12-18 08:04:07.638  3626  3770 I LSC_903001006: process buffer and get message
12-18 08:04:09.338  2852  2852 D HwCust  : Create obj success use class android.app.HwCustNotificationImpl
12-18 08:04:10.290  5224  5283 I SendBroadcastPermission: action:android.com.huawei.bone.NOTIFY_SPORT_DATA, mPermissionType:0
12-18 08:04:12.464  2852  3556 I NetworkController.MobileSignalController(0): onSignalStrengthsChanged signalStrength=SignalStrength: -1 0 -1 255 -1 255 -1 255 255 27 -87 -8 102 2147483647 2147483647 false gw|lte level=5 isSuspend=false levelOld=5,mSignalStrength level=5
12-18 08:04:12.477  1795  1805 D PowerManagerService: acquire lock=104755983, flags=0x1, tag="RILJ_ACK_WL", name=com.android.phone, ws=null, uid=1001, pid=3218
12-18 08:04:13.319   633 31870 I SDK     : 
12-18 08:04:13.329   633 31870 I SDK     : 
12-18 08:04:13.371   633 31868 I SDK     : 
12-18 08:04:14.154  3858  4126 I amsnl   : c: true, w: false, t: false, l: false
12-18 08:04:14.177  2852  2852 D HwCustMobileSignalControllerImpl: isCurrentBySim()=false
12-18 08:04:14.331  5224  5283 I Step_ExtendStepDataManager: 20002302|after compensate: cache step_614
12-18 08:04:14.361   633 23667 I SDK     : 
12-18 08:04:14.778   633 31869 I SDK     : 
12-18 08:04:15.274   633 31868 I SDK     : 
12-18 08:04:15.310   633 31868 I SDK     : <2016-12-18 08:04:15> [NOTICE] SDK: UE-SeC 2016-12-18 8:4:15:310 Level[NOTICE] magic[3365677344 7509]:Currently udp detect response ok,detect id is [1],ack id is [1]!
12-18 08:04:21.161  3858  4126 I amsnl   : t:false, fl: false, p: 2147483647000, ce: true, we: false
12-18 08:05:15.751  7194 23585 W PushLog2824: [SocketRead_08:04:07-14252]socket has been closed(android/null:-1)
12-18 08:05:15.756  1795  1819 D NetworkManagement: notifyInterfaceClassActivity: client is android.net.ip.IpManager$2@4c99c84
12-18 08:05:15.781   633 31870 I SDK     : <2016-12-18 08:05:15> [WARN] SDK: UE-SeC 2016-12-18 8:5:15:781 Level[WARN] magic[3362781472 684]:PubEvt_Close Getting a socket[54] from the Socket-table Failed!
12-18 08:05:15.785   633 31870 I SDK     : 
12-18 08:05:15.808   633 31870 I SDK     : <2016-12-18 08:05:15> [WARN] SDK: UE-SeC 2016-12-18 8:5:15:808 Level[WARN] magic[3362781472 684]:PubEvt_Close Getting a socket[191] from the Socket-table Failed!
12-18 08:05:15.809   633 31870 I SDK     : 
12-18 08:05:16.663   633   692 I ECS     : msg.recv{4490} TcpSocket.setDSCP(TcpSocket.java:297) set dscp = 0
12-18 08:05:16.937  1795  3225 D PowerManagerService: acquire lock=104755983, flags=0x1, tag="RILJ_ACK_WL", name=com.android.phone, ws=null, uid=1001, pid=3218
12-18 08:05:17.050  2852  2852 D StatusBar: reusing notification for key: 0|com.huawei.health|10010|null|10099
12-18 08:05:17.114   633   692 I TCP     : tcp.recv{4488} TcpClientThread.onReceiverWork(TcpClientThread.java:307) get tcp message 332
12-18 08:05:23.812  1795 11746 D PowerManagerService: ready=true,policy=0,wakefulness=0,wksummary=0x1,uasummary=0x0,bootcompleted=true,boostinprogress=false,waitmodeenable=false,mode=true,manual=33,auto=-1,adj=0.0userId=0
12-18 08:05:23.821  3382  3399 I SendBroadcastPermission: action:qualcomm.intent.action.ACTION_RAC_CHANGED, mPermissionType:0
12-18 08:06:02.120  1795  1807 I AlarmManager: set(null) : type=2 triggerAtTime=488400835 win=225000 tElapsed=488400835 maxElapsed=488625835 interval=0 flags=0x8
12-18 08:06:02.258   633 31870 I SDK     : <2016-12-18 08:06:02> [WARN] SDK: UE-SeC 2016-12-18 8:6:2:258 Level[WARN] magic[3362781472 684]:PubEvt_Close Getting a socket[18] from the Socket-table Failed!
12-18 08:06:20.557  1795  2323 E UsbDeviceManager: 	at android.os.FileUtils.readTextFile(FileUtils.java:267)
12-18 08:06:32.546  2852  2852 D StepCounterView: onStepCounterChange stepsNum:861
12-18 08:06:32.569  1795 11745 I PGManagerService: proxyWakeLockByPidUid, pid: 4492, uid: 10105, proxy: true
12-18 08:07:14.731  1795  1819 D NetworkManagement: notifyInterfaceClassActivity: client is com.android.server.net.NetworkStatsService$6@5d6efc
12-18 08:08:01.265  1795  3238 D PowerManagerService: userActivityNoUpdateLocked: eventTime=136896908, event=0, flags=0x0, uid=10033
12-18 08:08:01.651  1795  1795 I qti_sensors_hal: 0x66, 0xca, 0x3c, 0x3e
12-18 08:08:01.684  1046  1125 D ACDB-LOADER: ACDB -> send_afe_topology
12-18 08:08:01.772  1795  1795 D WifiService: onReceive, action:android.intent.action.SCREEN_ON
12-18 08:08:01.834 23889 23889 W art     : JIT profile information will not be recorded: profile file does not exits.
12-18 08:08:01.880  1795  2376 I AlarmManager: Alarm triggering (type 0 or 2): [Alarm{c6ac08b type 2 when 488170184 com.tencent.mm}]
12-18 08:08:01.918  2852  2852 I HwSignalClusterView: setMobileDataIndicatorsHuawei subId:0 visible:true strengthIcon:2130839311 typeIcon:2130839195 contentDescription:手机信号满格。 typeContentDescription:4G isTypeIconWide:true showActivity:true activityIn:false activityOut:false isRoaming:false
12-18 08:08:01.943  2883  2996 I HwSystemManager: ExtraTrafficSetting:result is empty
12-18 08:08:02.003  2852  2852 I HwDateUtils:  formatChinaDateTime equals.
12-18 08:08:02.290   835  2385 E libteec : qsc_decode end
12-18 08:08:02.540  1795  2371 I huawei_ProximitySensor_CPP_Test: ProximitySensorr readEvents mHasPendingEvent is 1
12-18 08:08:05.451   633 23956 I SDK     : 
12-18 08:08:05.765   633 23956 E SDK     : 
12-18 08:08:11.895  2852  2852 D HwCustMobileSignalControllerImpl: sub =0,strMccMnc =null,hashMccMnc =[],strPlmn =hw_show_4g
12-18 08:08:11.895  2852  2852 D HwCustMobileSignalControllerImpl: sub =0,strMccMnc =null,hashMccMnc =[],strPlmn =hw_show_lte
12-18 08:08:13.894  2852  2852 D HwCustMobileSignalControllerImpl: isCurrentBySim()=false
12-18 08:08:28.802  3858  4126 I amsnl   : csr
12-18 08:08:42.268   533  3739 E ANDR-PERF-MPCTL: Invalid profile no. 0, total profiles 0 only
12-18 08:08:48.903  2852  2852 I HwSignalClusterView: setMobileDataIndicatorsHuawei subId:0 visible:true strengthIcon:2130839311 typeIcon:2130839197 contentDescription:手机信号满格。 typeContentDescription:LTE isTypeIconWide:true showActivity:true activityIn:false activityOut:false isRoaming:false
12-18 08:08:53.401  2852  2852 D HwCustMobileSignalControllerImpl: isCurrentBySim()=false
12-18 08:08:56.346  1795 17832 I HwActivityManagerService: Split enqueueing broadcast [callerApp]:ProcessRecord{24cdca7 3218:com.android.phone/1001}
12-18 08:08:57.062  2852  3556 I NetworkController.MobileSignalController(0): onSignalStrengthsChanged signalStrength=SignalStrength: -1 0 -1 255 -1 255 -1 255 255 26 -79 -9 28 2147483647 2147483647 false gw|lte level=5 isSuspend=false levelOld=5,mSignalStrength level=5
12-18 08:08:57.464  2852  2852 D NetWorkUtils: is3GCalling is false,mCdmaSlot is -1
12-18 08:08:57.544  3218  3218 D HwCust  : Create obj success use class com.android.settings.deviceinfo.HwCustStatusImpl
12-18 08:09:10.447  1795  2380 D PowerManagerService: ready=true,policy=3,wakefulness=1,wksummary=0x1,uasummary=0x1,bootcompleted=true,boostinprogress=false,waitmodeenable=false,mode=true,manual=33,auto=-1,adj=0.0userId=0
12-18 08:09:11.387 20349 20369 D 2DSDR   : APS: 2DSDR: CanvasContext::setSDRZoomout(), the SDR ratio from ViewRootImpl is 1.000000, native window width = 1080, height = 1920
12-18 08:09:13.314  7194 24140 I PushLog2824: [SocketRead_08:09:07-14275]broadcast(),and mReceivers  4(android/null:-1)
12-18 08:09:14.449  2852  2852 D NetWorkUtils: mVSimCurCardType is -1
12-18 08:09:25.898  2852  2852 I HwSignalClusterView: apply hwPhoneState.mSubId:0 anyMobileVisible:false mIsAirplaneMode:false, mobileGroupVisible=true
12-18 08:09:29.917  2852  2852 D HwCustMobileSignalControllerImpl: sub =0,strMccMnc =null,hashMccMnc =[],strPlmn =hw_mcc_mnc
12-18 08:09:44.321  1795  1795 I MQoS    : received cell-signal:5
12-18 08:09:46.615  2852  2852 D HwCustMobileSignalControllerImpl: sub =0,strMccMnc =null,hashMccMnc =[],strPlmn =hw_show_lte
12-18 08:09:53.822  2852  3556 I NetworkController.MobileSignalController(0): onDataActivity: direction=0
12-18 08:09:53.827  2852  2852 D HwCustMobileSignalControllerImpl: isCurrentBySim()=false
12-18 08:09:55.049  2852  3556 I HwNetworkControllerImpl: onReceive: action = android.intent.action.LTE_CA_STATE
12-18 08:09:58.942  3218  3218 D HwCust  : Create obj success use class com.android.settings.deviceinfo.HwCustStatusImpl
12-18 08:10:02.684  2852  3556 D NetworkController.MobileSignalController(0): mSimSubId:0 onDataActivity: direction=0
12-18 08:10:08.740  2852  2852 D HwCustMobileSignalControllerImpl: sub =0,strMccMnc =null,hashMccMnc =[],strPlmn =hw_show_4g
12-18 08:10:09.359  1795  2748 D lux trace:: [6016.0/137021035, 5982.0/137021410, 5950.0/137021787, 5968.0/137022161, 5972.0/137022517, 5992.0/137022870, 6015.0/137023248, 5984.0/137023600, 5957.0/137023977, 6033.0/137024349, 6065.0/137024722]
12-18 08:10:17.381  2852  2852 I HwSignalClusterView: getOrInflateState subId:0
12-18 08:10:17.894  1795  3238 D PowerManagerService: ready=true,policy=3,wakefulness=1,wksummary=0x1,uasumm