12-18 08:06:30.569  1795  1808 I ActivityManager_broadcast: dispatch ordered broadcast [background] BroadcastRecord{461acd9 u0 android.intent.action.LTE_CA_STATE}, has 1 receivers
12-18 08:06:32.546  2852  2852 I EventCenter: EventCenter Get :android.com.huawei.bone.NOTIFY_SPORT_DATA
12-18 08:06:33.741  3382  3399 D QcrilMsgTunnelSocket: readRilMessage: Buffer = [B@204bb9f HexData = [010000000404000012000000514f454d484f4f4b1d04080002000000ffff]
12-18 08:08:01.643  1046 26554 I APM_AudioPolicyManager: getOutput() device 2, stream 1, samplingRate 0, format 0, channelMask 3, flags 0
12-18 08:08:01.659  1046  1125 D audio_hw_primary: start_output_stream: enter: stream(0xf14f0600)usecase(1: low-latency-playback) devices(0x2)
12-18 08:08:01.863  3626  4889 E PTM.FileNodeInfo: getTempInfo error: null, 0
12-18 08:08:02.013  1795 16500 I HwActivityManagerService: Split enqueueing broadcast [callerApp]:ProcessRecord{fddc75d 16628:com.huawei.android.totemweather/u0a28}
12-18 08:08:02.330  1795  3249 I MediaProcessHandler: processOp opType: 1, uid: 10028, pid: 23909
12-18 08:08:08.917   633   692 I TCP     : tcp.recv{4488} TcpClientThread.onReceiverWork(TcpClientThread.java:307) get tcp message 636
12-18 08:08:14.898  2852  2852 D NetWorkUtils: mVSimCurCardType is -1
12-18 08:08:18.927  2852  2852 I HwSignalClusterView: getOrInflateState subId:0
12-18 08:08:29.755 20349 20385 E HW-JPEG-DEC: [HME_JPEG_DEC_Delete](3298): HME_JPEG_DEC_Delete: decoder_ctx=null
12-18 08:08:32.611  1795 20747 D PowerManagerService: Acquiring suspend blocker "PowerManagerService.WakeLocks".
12-18 08:08:40.244  1795  1795 I MQoS    : received cell-signal:5
12-18 08:08:56.290  3218  3218 D QC_RIL_OEM_HOOK: Received Broadcast Intent ACTION_UNSOL_RESPONSE_OEM_HOOK_RAW
12-18 08:09:09.706  1795 15988 D PowerManagerService: ready=true,policy=3,wakefulness=1,wksummary=0x1,uasummary=0x1,bootcompleted=true,boostinprogress=false,waitmodeenable=false,mode=true,manual=33,auto=-1,adj=0.0userId=0
12-18 08:09:10.956  3382  3399 D QcrilMsgTunnelSocket: Rcvd UNSOL response with 28 bytes data for SUB0
12-18 08:09:10.986  1795  3121 I HwActivityManagerService: Split enqueueing broadcast [callerApp]:ProcessRecord{24cdca7 3218:com.android.phone/1001}
12-18 08:09:15.027  1795  1795 I WifiProJNI: ######### CMD_QUERY_PKTS ########
12-18 08:09:18.549 20349 20349 V AudioManager: querySoundEffectsEnabled...
12-18 08:09:41.773  3858  4126 I amsnl   : m1: false
12-18 08:09:46.619  2852  2852 I HwSignalClusterView: apply hwPhoneState.mSubId:0 anyMobileVisible:false mIsAirplaneMode:false, mobileGroupVisible=true
12-18 08:09:47.617  2852  3556 I NetworkController.MobileSignalController(0): 	to: connected=true,enabled=true,level=5,inetCondition=1,iconGroup=IconGroup(4G),activityIn=true,activityOut=true,rssi=0,lastModified=12-18 08:09:46,isRoaming=false,dataSim=true,networkName=中国移动,networkNameData=中国移动,dataConnected=true,isDefault=true,isEmergency=false,airplaneMode=false,carrierNetworkChangeMode=false,userSetup=true
12-18 08:09:48.640  2852  2852 D HwCustMobileSignalControllerImpl: isCurrentBySim()=false
12-18 08:09:55.055  2852  2852 D HwCustMobileSignalControllerImpl: isCurrentBySim()=false
12-18 08:09:55.059  2852  2852 D NetWorkUtils: is3GCalling is false,mCdmaSlot is -1
12-18 08:10:07.747  2852  3556 D NetworkController.MobileSignalController(0): mSimSubId:0 onDataActivity: direction=4
12-18 08:10:22.226  2852  2852 D HwCustMobileSignalControllerImpl: isCurrentBySim()=false
12-18 08:10:53.976  1795 16500 D PowerManagerService: ready=true,policy=3,wakefulness=1,wksummary=0x1,uasummary=0x1,bootcompleted=true,boostinprogress=false,waitmodeenable=false,mode=true,manual=33,auto=-1,adj=0.0userId=0
12-18 08:10:57.881  3879  4071 I HwLauncher: WeatherDynamicUpdater update before : mDrawingData[3] = tempc:96, 192, 0
12-18 08:11:01.485 24551 24551 E HW-JPEG-DEC: [HME_JPEG_DEC_Delete](3298): HME_JPEG_DEC_Delete: decoder_ctx=null
12-18 08:11:06.605  1795  2736 E hwintelligencewifi: getCurrentCellid type is PHONE_TYPE_GSM
12-18 08:11:14.732  1795  2381 D libfingersense_wrapper: Calling fingersense_touch_up()
12-18 08:11:21.866  3858  4126 I amsnl   : c: true, w: false, t: false, l: false
12-18 08:11:43.528  2852  2852 D HwCustMobileSignalControllerImpl: sub =0,strMccMnc =null,hashMccMnc =[],strPlmn =hw_customized_networkType_entry
12-18 08:11:44.538  2852  2852 I HwMobileSignalController: notifyListenerHuawei::origin typeIcon:2130839195 icons.mName:4G isSuspend:false, showDataIcon=true, dataConnected=true, isRoaming=false
12-18 08:11:44.689  3858  4126 I amsnl   : c: true, w: false, t: false, l: false
12-18 08:12:05.751  1795  2380 D PowerManagerService: userActivityNoUpdateLocked: eventTime=137141383, event=2, flags=0x0, uid=1000
12-18 08:12:24.264  1795  2380 D PowerManagerService: userActivityNoUpdateLocked: eventTime=137159901, event=2, flags=0x0, uid=1000
12-18 08:12:24.776  1795  1795 I MQoS    : received cell-signal:5
12-18 08:12:24.777  2852  2914 I HwMobileSignalController: updateSignalStrength: signalStrength=SignalStrength: -1 0 -1 255 -1 255 -1 255 255 31 -82 -10 36 2147483647 2147483647 false gw|lte
12-18 08:12:37.172  1795 16498 D PowerManagerService: ready=true,policy=3,wakefulness=1,wksummary=0x1,uasummary=0x1,bootcompleted=true,boostinprogress=false,waitmodeenable=false,mode=true,manual=33,auto=-1,adj=0.0userId=0
12-18 08:12:40.374  1795  1795 I MQoS    : received cell-signal:5
12-18 08:12:55.706  2852  2852 D HwCustMobileSignalControllerImpl: sub =0,strMccMnc =null,hashMccMnc =[],strPlmn =hw_mcc_mnc
12-18 08:13:05.240  1795  1795 D WifiProJNI: send_cmd_kernel: cmd=1
12-18 08:13:08.590 31949 31967 I ECS     : WatchThread{4786} TcpClient.disconnect_i(TcpClient.java:202) ==================== TCP CLIENT DISCONNECT ====================
12-18 08:13:18.515  1046  1125 D ACDB-LOADER: ACDB -> ACDB_AVSYNC_INFO: ACDB_CMD_GET_DEVICE_PROPERTY
12-18 08:13:18.757  1046  1125 V audio_hw_primary: out_get_latency: Latency 8
12-18 08:13:19.135  2852  2852 V KeyguardDisplayManager: show
12-18 08:13:19.371  2852  2852 I TrafficPanelManager: hideTraffic
12-18 08:13:29.248  1795  6985 D PowerManagerService: ready=true,policy=0,wakefulness=0,wksummary=0x1,uasummary=0x0,bootcompleted=true,boostinprogress=false,waitmodeenable=false,mode=true,manual=33,auto=-1,adj=0.0userId=0
12-18 08:13:34.268  2852  2852 I HwSignalClusterView: setMobileDataIndicatorsHuawei subId:0 visible:true strengthIcon:2130839311 typeIcon:2130839195 contentDescription:手机信号满格。 typeContentDescription:4G isTypeIconWide:true showActivity:true activityIn:false activityOut:false isRoaming:false
12-18 08:13:34.279  3218  3536 E SharedPreferencesImpl: Couldn't create directory for SharedPreferences file /data/user_de/0/com.android.settings/shared_prefs/caStatePreferences.xml
12-18 08:13:42.632  2852  2852 D HwCustMobileSignalControllerImpl: isCurrentBySim()=false
12-18 08:14:12.840  1046  2704 V APM_AudioPolicyManager: getOutputForAttr() usage=13, content=4, tag= flags=00000000 session 3801 selectedDeviceId 0
12-18 08:14:12.846  1795  1805 D PowerManagerService: acquire lock=71078993, flags=0x1, tag="AudioMix", name=audioserver, ws=null, uid=1041, pid=0
12-18 08:14:20.402  1795  3249 D PowerManagerService: ready=true,policy=3,wakefulness=1,wksummary=0x0,uasummary=0x1,bootcompleted=true,boostinprogress=false,waitmodeenable=false,mode=true,manual=33,auto=-1,adj=0.0userId=0
12-18 08:14:22.620  3218  3218 D QC_RIL_OEM_HOOK: Received Broadcast Intent ACTION_UNSOL_RESPONSE_OEM_HOOK_RAW
12-18 08:14:43.941  1795  2380 D PowerManagerService: ready=true,policy=3,wakefulness=1,wksummary=0x1,uasummary=0x1,bootcompleted=true,boostinprogress=false,waitmodeenable=false,mode=true,manual=33,auto=-1,adj=0.0userId=0
12-18 08:14:54.422  1795 15988 I HwActivityManagerService: Split enqueueing broadcast [callerApp]:ProcessRecord{24cdca7 3218:com.android.phone/1001}
12-18 08:15:08.195  1795  2736 E hwintelligencewifi: getCurrentCellid type type = PHONE_TYPE_GSM
12-18 08:15:08.690  1795  1819 D Tethering: interfaceStatusChanged wlan0, false
12-18 08:15:08.917  1795  1808 I ActivityManager_broadcast: dispatch ordered broadcast [background] BroadcastRecord{df87b22 u-1 android.net.wifi.WIFI_STATE_CHANGED}, has 5 receivers
12-18 08:15:09.193 25329 25329 D wpa_supplicant: p2p0: Shared frequencies (len=0): completed iteration
12-18 08:15:09.255  1795 17832 I HwActivityManagerService: Split enqueueing broadcast [callerApp]:ProcessRecord{24cdca7 3218:com.android.phone/1001}
12-18 08:15:09.271 25329 25329 D wpa_supplicant: nl80211: RFKILL status not available
12-18 08:15:53.866  1795  2668 D WifiP2pService: DefaultState{ when=0 what=143375 target=com.android.internal.util.StateMachine$SmHandler }
12-18 08:15:54.011 25329 25329 D wpa_supplicant: HS20: Delete all stored icons
12-18 08:15:54.316  1795  2671 D WifiNative-HAL: HAL event thread stopped successfully
12-18 08:15:54.956  3218  3218 D HwCust  : Create obj success use class com.android.settings.deviceinfo.HwCustStatusImpl
12-18 08:15:58.687  3382  3399 D QcrilMsgTunnelSocket: readRilMessage: Buffer = [B@204bb9f HexData = [010000000404000011000000514f454d484f4f4bfa0308000100000000]
12-18 08:16:00.455  1795 15988 D PowerManagerService: Acquiring suspend blocker "PowerManagerService.WakeLocks".
12-18 08:17:06.421  3879  4071 I HwLauncher: Launcher.IconCache, cacheLocked  Utilities.createIconBitmap entry.title = 微信 ComponentName:ComponentInfo{com.tencent.mm/com.tencent.mm.ui.LauncherUI} user:UserHandle{0}
12-18 08:17:11.759  1046  1125 I audio_hw_utils: audio_extn_utils_send_app_type_cfg PLAYBACK app_type 69937, acdb_dev_id 231, sample_rate 48000
12-18 08:17:11.761  1046  1125 D ACDB-LOADER: ACDB -> ACDB_AVSYNC_INFO: ACDB_CMD_GET_DEVICE_PROPERTY
12-18 08:17:12.357  3382  3399 D QcrilMsgTunnelSocket: Rcvd UNSOL response with 28 bytes data for SUB0
12-18 08:17:13.654  2852  2852 I HwSignalClusterView: apply hwPhoneState.mSubId:0 anyMobileVisible:false mIsAirplaneMode:false, mobileGroupVisible=true
12-18 08:17:14.423  3626  4889 E PTM.FileNodeInfo: getTempInfo error: null, 0
12-18 08:17:15.691  1795  2380 I PowerManager_screenOn: PowerManagerNotifier onUserActivity: event=2, uid=1000
12-18 08:17:20.807  2852  2852 D HwCustMobileSignalControllerImpl: sub =0,strMccMnc =null,hashMccMnc =[],strPlmn =hw_show_4g
12-18 08:17:31.837  4492  4492 W ViewRootImpl[LauncherUI]: Cancelling event due to no window focus: KeyEvent { action=ACTION_UP, keyCode=KEYCODE_BACK, scanCode=0, metaState=0, flags=0x68, hwFlags=0x3, repeatCount=0, eventTime=137421123, downTime=137421103, deviceId=-1, source=0x101 }
12-18 08:17:31.867  1795 16499 D WindowManager: interceptKeyBeforeQueueing: key 4 , result : 1
12-18 08:17:38.808 23480 23480 I SendBroadcastPermission: action:com.tencent.mm.plugin.report.service.KVCommCrossProcessReceiver, mPermissionType:0
12-18 08:17:41.029  2852  3556 I NetworkController.MobileSignalController(0): onSignalStrengthsChanged signalStrength=SignalStrength: -1 0 -1 255 -1 255 -1 255 255 31 -86 -12 4 2147483647 2147483647 false gw|lte level=5 isSuspend=false levelOld=5,mSignalStrength level=5
12-18 08:17:57.294  1795  1795 I MQoS    : received cell-signal:5
12-18 08:18:04.542   814 25917 W SimpleSoftOMXComponent: onChangeState mState= 1, mTargetState = 1, state = 2
12-18 08:18:08.294  3879  3879 I HwLauncher: Launcher.Folder childCount: 3
12-18 08:18:11.564  4690  4690 E HW-JPEG-DEC: [HME_JPEG_DEC_Delete](3298): HME_JPEG_DEC_Delete: decoder_ctx=null
12-18 08:18:34.449  1795  6985 D PowerManagerService: ready=true,policy=3,wakefulness=1,wksummary=0x1,uasummary=0x1,bootcompleted=true,boostinprogress=false,waitmodeenable=false,mode=true,manual=33,auto=-1,adj=0.0userId=0
12-18 08:18:43.619  2852  2852 I HwMobileSignalController: notifyListenerHuawei::origin typeIcon:2130839197 icons.mName:4GPLUS isSuspend:false, showDataIcon=true, dataConnected=true, isRoaming=false
12-18 08:18:55.530  1795  3237 I ActivityManager_broadcast: Enqueueing ordered broadcast[bgkeyapp] BroadcastRecord{a3d2694 u0 com.tencent.mm.plugin.report.service.KVCommCrossProcessReceiver}: prev had 0
12-18 08:18:56.282  2852  2914 I SimCardMethod: isCardAbsent slot:0 slotState:5
12-18 08:18:56.521  4492  4492 E HW-JPEG-DEC: [HME_JPEG_DEC_Delete](3298): HME_JPEG_DEC_Delete: decoder_ctx=null
12-18 08:18:59.028  1795  2381 D libfingersense_wrapper: fingersense_touch_up() finished
12-18 08:18:59.649  1795  3247 D HwInputMethodManagerService: hideSecSoftInput = false
12-18 08:19:08.579  3218  3517 I QImsService: ImsSenderRxr :  Tag -1 3 219 0[SUB0]
12-18 08:19:08.584  2852  2852 D HwCustMobileSignalControllerImpl: sub =0,strMccMnc =null,hashMccMnc =[],strPlmn =hw_mcc_mnc
12-18 08:19:13.351  7194  7208 W PushLog2824: 	at y.bh(Unknown Source)
12-18 08:19:14.503  3218  3536 E SharedPreferencesImpl: Couldn't create directory for SharedPreferences file /data/user_de/0/com.android.settings/shared_prefs/caStatePreferences.xml
12-18 08:19:14.532  2852  2852 I HwSignalClusterView: apply hwPhoneState.mSubId:0 anyMobileVisible:false mIsAirplaneMode:false, mobileGroupVisible=true
12-18 08:19:28.546  1795  1806 D PowerManagerService: ready=true,policy=3,wakefulness=1,wksummary=0x1,uasummary=0x1,bootcompleted=true,boostinprogress=false,waitmodeenable=false,mode=true,manual=33,auto=-1,adj=0.0userId=0
12-18 08:19:32.984  2852  2914 I HwMobileSignalController: updateSignalStrength: signalStrength=SignalStrength: -1 0 -1 255 -1 255 -1 255 255 25 -92 -9 128 2147483647 2147483647 false gw|lte
12-18 08:19:49.948  3180  3332 I ScenarioAction: new ScenarioAction sPoolSize: 0
12-18 08:20:17.921  3858  4126 I amsnl   : t:false, fl: false, p: 2147483647000, ce: true, we: false
12-18 08:20:22.006  1795  5350 I MQoS    : MSG_QUERY_TCP_INFO called,count:240
12-18 08:20:37.770  2852  2852 D NetWorkUtils: is3GCalling is false,mCdmaSlot is -1
12-18 08:20:41.682  2852  2852 D HwCustMobileSignalControllerImpl: sub =0,strMccMnc =null,hashMccMnc =[],strPlmn =hw_hspap_show_4g
12-18 08:20:53.798  1795  2381 D libfingersense_wrapper: Calling fingersense_touch_up()
12-18 08:21:00.192  1795  1809 I WindowManager: onProposedRotationChanged, rotation=0
12-18 08:21:33.856  1795  1795 E hwintelligencewifi: onCellLocationChanged
12-18 08:21:45.783  2852  2852 D HwCustMobileSignalControllerImpl: sub =0,strMccMnc =null,hashMccMnc =[],strPlmn =hw_hspap_show_4g
12-18 08:21:51.825  2852  2852 D HwCustMobileSignalControllerImpl: sub =0,strMccMnc =null,hashMccMnc =[],strPlmn =hw_mcc_mnc
12-18 08:22:00.948  1795  2381 D libfingersense_wrapper: fingersense_classify_touch() finished
12-18 08:22:17.986  2852  2852 I HwSignalClusterView: getOrInflateState subId:0
12-18 08:22:34.052  2852  3556 I HwMobileSignalController: mExtDataOld:ExtData [mMasterNetWorkType=3, mSlaveNetWorkType=0, mMasterNetWorkLevel=5, mSlaveNetWorkLevel=-1, mDataState=2, mDataActivity=0, mDataNetType=13] mExtData:ExtData [mMasterNetWorkType=3, mSlaveNetWorkType=0, mMasterNetWorkLevel=5, mSlaveNetWorkLevel=-1, mDataState=2, mDataActivity=3, mDataNetType=13]
12-18 08:22:40.437  1795  2376 I ActivityManager_broadcast: Enqueueing ordered broadcast[foreground] BroadcastRecord{c6f0751 u0 com.android.internal.telephony.data-stall}: prev had 0
12-18 08:22:51.167  2852  2852 D HwCustMobileSignalControllerImpl: sub =0,strMccMnc =null,hashMccMnc =[],strPlmn =hw_show_4g
12-18 08:22:56.044  1795  1819 D NetworkManagement: notifyInterfaceClassActivity: client is com.android.server.net.NetworkPolicyManagerService$13@4df0feb
12-18 08:22:57.617  1795  2377 E ProcessInfoCollector: getProcessInfo: failed to find this proc 
12-18 08:22:59.501  1795  1825 I PowerManager_screenOn: DisplayPowerController updatePowerState mPendingRequestLocked=policy=DIM, useProximitySensor=false, useProximitySensorbyPhone=true, screenBrightness=33, screenAutoBrightnessAdjustment=0.0, brightnessSetByUser=true, useAutoBrightness=true, blockScreenOn=false, lowPowerMode=false, boostScreenBrightness=false, dozeScreenBrightness=-1, dozeScreenState=UNKNOWN, useTwilight=false, useSmartBacklight=true, brightnessWaitMode=false, brightnessWaitRet=true, screenAutoBrightness=-1, userId=0
12-18 08:23:03.291  2852  2852 D HwCustMobileSignalControllerImpl: sub =0,strMccMnc =null,hashMccMnc =[],strPlmn =hw_show_lte
12-18 08:23:06.001  1046  1046 V audio_hw_primary: adev_set_parameters: exit with code(0)
12-18 08:23:06.510  1795  2778 D PowerManagerService: ready=false,policy=3,wakefulness=1,wksummary=0x1,uasummary=0x1,bootcompleted=true,boostinprogress=false,waitmodeenable=true,mode=true,manual=33,auto=-1,adj=0.0userId=0
12-18 08:23:06.913  1795  1795 I NotificationManager: enqueueNotificationInternal: n.getKey = 0|com.huawei.health|10010|null|10099
12-18 08:23:17.918  2852  2852 I HwSignalClusterView: apply hwPhoneState.mSubId:0 anyMobileVisible:false mIsAirplaneMode:false, mobileGroupVisible=true
12-18 08:23:28.250  3218 13114 I PhoneInterfaceManager: shouldBlockLocation  ret:false
12-18 08:23:40.910 18503 26677 I PlaceRecognitionService: work start startId : 1
12-18 08:23:54.196  2852  2852 D NetWorkUtils: is3GCalling is false,mCdmaSlot is -1
12-18 08:24:25.332  2852  2852 D NetWorkUtils: mVSimCurCardType is -1
12-18 08:24:26.487  1795 16501 D PowerManagerService: ready=true,policy=3,wakefulness=1,wksummary=0x1,uasummary=0x1,bootcompleted=true,boostinprogress=false,waitmodeenable=false,mode=true,manual=33,auto=-1,adj=0.0userId=0
12-18 08:24:33.137  1795  3225 D PowerManagerService: Releasing suspend blocker "PowerManagerService.WakeLocks".
12-18 08:24:40.815  1795 20747 D PowerManagerService: ready=true,policy=3,wakefulness=1,wksummary=0x1,uasummary=0x1,bootcompleted=true,boostinprogress=false,waitmodeenable=false,mode=true,manual=33,auto=-1,adj=0.0userId=0
12-18 08:24:59.213  2852  2852 I HwBrightnessUtils:  getSeekBarProgress isAutoMode:true current brightness:54 percentage:0.40805635
12-18 08:24:59.295  1795  2750 I HwLightsService: back light level before map = 1984
12-18 08:24:59.399  2852  2852 I HwBrightnessController: updateSlider2 seekBarProgress:4346
12-18 08:24:59.428  2852  2852 I ToggleSlider:  mSeekListener onProgressChanged progress:4389 fromUser:false
12-18 08:24:59.779  2852  2852 I HwBrightnessUtils:  getSeekBarProgress isAutoMode:true current brightness:73 percentage:0.48801228
12-18 08:25:08.430  1795  6988 V SecInputMethodManagerService: Client requesting input be hidden, pid=24551
12-18 08:25:31.781  1795 17832 I ActivityManager_broadcast: collectReceiverComponents, callerApp: ProcessRecord{24cdca7 3218:com.android.phone/1001}, intent:android.intent.action.LTE_CA_STATE, receiver size:1, flags: 10000400
12-18 08:25:31.782  2852  3556 I NetworkController.MobileSignalController(0): need to force refresh view
12-18 08:25:32.461   533  3739 E ANDR-PERF-MPCTL: Invalid profile no. 0, total profiles 0 only
12-18 08:25:49.184  3858  4126 I amsnl   : c: true, w: false, t: false, l: false
12-18 08:25:53.903  2852  2852 D HwCustMobileSignalControllerImpl: sub =0,strMccMnc =null,hashMccMnc =[],strPlmn =hw_customized_networkType_entry
12-18 08:26:01.668  1795  2750 D HW_DISPLAY_EFFECT: presently, hw_update_color_temp_for_rg_led interface not achieved.
12-18 08:26:02.232  1795  2750 D HW_DISPLAY_EFFECT: presently, hw_update_color_temp_for_rg_led interface not achieved.
12-18 08:26:03.905  1795  2750 D HW_DISPLAY_EFFECT: presently, hw_update_color_temp_for_rg_led interface not achieved.
12-18 08:26:03.922  1795  2750 D HW_DISPLAY_EFFECT: presently, hw_update_color_temp_for_rg_led interface not achieved.
12-18 08:26:04.525  2852  2852 I ToggleSlider:  mSeekListener onProgressChanged progress:3554 fromUser:false
12-18 08:26:28.229  1795 17832 D PowerManagerService: ready=true,policy=3,wakefulness=1,wksummary=0x1,uasummary=0x1,bootcompleted=true,boostinprogress=false,waitmodeenable=false,mode=true,manual=33,auto=-1,adj=0.0userId=0
12-18 08:26:39.196  2852  3556 I NetworkController.MobileSignalController(0): 	to: connected=true,enabled=true,level=4,inetCondition=1,iconGroup=IconGroup(4GPLUS),activityIn=false,activityOut=false,rssi=0,lastModified=12-18 08:26:38,isRoaming=false,dataSim=true,networkName=中国移动,networkNameData=中国移动,dataConnected=true,isDefault=true,isEmergency=false,airplaneMode=false,carrierNetworkChangeMode=false,userSetup=true
12-18 08:26:46.972  5224  5283 I SendBroadcastPermission: action:android.com.huawei.bone.NOTIFY_SPORT_DATA, mPermissionType:0
12-18 08:26:47.999  2852  2852 D StatusBar: reusing notification for key: 0|com.huawei.health|10010|null|10099
12-18 08:26:56.154  2852  2852 D NetWorkUtils: mVSimCurCardType is -1
12-18 08:26:56.155  2852  2852 I HwSignalClusterView: setMobileDataIndicatorsHuawei subId:0 visible:true strengthIcon:2130839311 typeIcon:2130839195 contentDescription:手机信号满格。 typeContentDescription:4G isTypeIconWide:true showActivity:true activityIn:false activityOut:false isRoaming:false
12-18 08:27:01.354  2852  2852 D NetWorkUtils: mVSimCurCardType is -1
12-18 08:27:04.154  1795  1819 I InputDispatcher: InputDispatcher::monitor frozen check!
12-18 08:27:08.832  5224  5283 I Step_ExtendStepDataManager: 20002302|after compensate: cache step_997
12-18 08:27:12.423  2852  2852 D HwCustMobileSignalControllerImpl: isCurrentBySim()=false
12-18 08:27:23.640  3218  3218 D VideoCall_LowBattery:  allowVideoCallsInLowBattery: false isCarrierOneSupported: false mIsLowbattery: false
12-18 08:27:26.763  1795  1819 D NetworkManagement: notifyInterfaceClassActivity: client is com.android.server.connectivity.Vpn$2@e40aefb
12-18 08:28:07.798  2852  2852 I HwSignalClusterView: getOrInflateState subId:0
12-18 08:28:16.297  1795  2736 E hwintelligencewifi: isMonitorCellId mInfos.size() = 132
12-18 08:28:16.297  1795  2736 D hwintelligencewifi: current cell id is not monitor ..... cellid = 46000205846934
12-18 08:28:25.322  1795 17831 I HwActivityManagerService: Split enqueueing broadcast [callerApp]:ProcessRecord{4ff57fc 3382:com.qualcomm.qcrilmsgtunnel/1001}
12-18 08:28:34.455  3218  3375 I SendBroadcastPermission: action:com.huawei.android.intent.action.RAC_CHANGED, mPermissionType:0
12-18 08:28:55.137  1795  2748 D lux trace:: [210.0/138100458, 206.0/138100834, 205.0/138101210, 211.0/138101586, 207.0/138101961, 209.0/138102338, 207.0/138102690, 205.0/138103043, 210.0/138103396, 208.0/138103774, 205.0/138104480]
12-18 08:29:19.927  1795  2380 I PowerManager_screenOn: PowerManagerNotifier onUserActivity: event=2, uid=1000
12-18 08:29:51.442  2852  2852 I StatusBarIconView: updateTint: tint=0
12-18 08:29:55.714  2852  2866 D KeyguardService: Caller checkPermission fail
12-18 08:29:57.159  2852  2852 I PowerUI : onReceive intent:act:android.intent.action.BATTERY_CHANGED  flag:1610612752 technology=Li-ion icon-small=17303220 max_charging_voltage=0 health=2 max_charging_current=0 status=3 plugged=0 present=true charge_counter=0 level=98 scale=100 temperature=317 voltage=4295 invalid_charger=0 
12-18 08:29:58.517  1795  1825 W LightSensor: LightSensor, enable, 285: mEnabled=0
12-18 08:29:58.690  1795  1825 D AutomaticBrightnessController: updateAutoBrightness: mScreenAutoBrightness=44, newScreenAutoBrightness=4
12-18 08:30:08.556  1795  2736 E hwintelligencewifi: getCurrentCellid type is PHONE_TYPE_GSM
12-18 08:30:08.952  2852  2925 I WeatherUtils: getCurrentWeatherInfo currentTemperature is :16.0 mWeatherIcon Id is: 1
12-18 08:30:09.130  1795 16498 W ActivityManager: getRunningAppProcesses: caller 10105 does not hold REAL_GET_TASKS; limiting output
12-18 08:30:30.796  1795  2670 D WifiController: ApStaDisabledState what=155652
12-18 08:30:30.798  2852  2852 W HwLockScreenPanel: refreshBatteryInfo: null
12-18 08:32:03.154  3879  3879 I HwLauncher: Model  onReceive intent=Intent { act=android.intent.action.TIME_TICK flg=0x50000014 (has extras) }
12-18 08:32:22.569  1795  1819 D NetworkManagement: notifyInterfaceClassActivity: client is com.android.server.connectivity.Tethering@ff4a50f
12-18 08:33:09.702  1795  1819 D NetworkManagement: notifyInterfaceClassActivity: client is com.android.server.connectivity.Vpn$2@e40aefb
12-18 08:33:14.775  2852  2852 W ResourceType: Failure getting entry for 0xffffffff (t=254 e=65535) (error -2147483647)
12-18 08:33:19.445  3782 27681 V AudioManager: isMusicActive...
12-18 08:34:35.973  7194  7208 I PushLog2824: [ReceiverDispatcher-336]read to Send:DA(android/null:-1)
12-18 08:34:48.575  1795  1825 D PowerManagerService: updateIsPoweredLocked: wasPowered=false, mIsPowered=false, oldPlugType=0, mPlugType=0, mBatteryLevel=98
12-18 08:36:02.608  1795  2323 D HwBatteryService: onUEvent fcpStatus = 0,scpStatus =0,ovpStatus=0
12-18 08:36:02.711   633 31870 I SDK     : <2016-12-18 08:36:02> [WARN] SDK: UE-SeC 2016-12-18 8:36:2:711 Level[WARN] magic[3362781472 684]:PubEvt_Close Getting a socket[156] from the Socket-table Failed!
12-18 08:36:03.650   633   692 I TCP     : Thread-2224{6943} TcpClientThread.connect(TcpClientThread.java:52) will connect to 45.249.213.63:7801
12-18 08:36:07.131  3626  3626 E PTM.FileNodeInfo: getTempInfo error: null, 0
12-18 08:36:59.850  3382  3399 D QcrilMsgTunnelSocket: Rcvd UNSOL response with 28 bytes data for SUB0
12-18 08:37:59.798  1795 15987 D PowerManagerService: ready=false,policy=3,wakefulness=1,wksummary=0x1,uasummary=0x1,bootcompleted=true,boostinprogress=false,waitmodeenable=true,mode=true,manual=33,auto=-1,adj=0.0userId=0
12-18 08:38:00.006  2852  2852 E KeyguardUpdateMonitor: isSimPinSecure mSimDatas is null or empty 
12-18 08:38:00.124  1046  1467 V APM_AudioPolicyManager: checkAndSetVolume() stream 9 muted count 1
12-18 08:38:00.126  1046  1125 I msm8916_platform: platform_check_codec_backend_cfg:becf: afe: Codec selected backend: 0 current bit width: 16 sample rate: 48000 channels: 2
12-18 08:38:00.266  2852  2852 I HwSignalClusterView: getOrInflateState subId:0
12-18 08:38:00.768   633 31870 I SDK     : <2016-12-18 08:38:00> [WARN] SDK: UE-SeC 2016-12-18 8:38:0:768 Level[WARN] magic[3362781472 684]:PubEvt_Close Getting a socket[32] from the Socket-table Failed!
12-18 08:38:00.798   633 31870 I SDK     : <2016-12-18 08:38:00> [WARN] SDK: UE-SeC 2016-12-18 8:38:0:798 Level[WARN] magic[3362781472 684]:PubEvt_Close Getting a socket[213] from the Socket-table Failed!
12-18 08:38:00.802   633 31868 E SDK     : 
12-18 08:38:01.033  1795 11745 D PowerManagerService: acquire lock=243040083, flags=0x1, tag="hibernation", name=com.huawei.powergenie, ws=null, uid=1000, pid=3180
12-18 08:38:01.306 28054 28054 D BetaClub_LogUpload: 收到子线程消息
12-18 08:38:04.169  1795  2748 D HwAmbientLuxFilterAlgo: t=138241518,BT=138242518,DT=138245518,BT1=138245518,DT1=138249518,Bn=false,Dn=false,lx=[80.0/138240015, 64.0/138240316, 57.0/138240616, 57.0/138240916, 57.0/138241216, 52.0/138241518],mLx=135.0,s=5.0,ss=13.10616,AuIntervened=false,mProximityState=false,bLux=691.5,dLux=25.599998,bLux1=691.5,dLux1=25.599998
12-18 08:38:35.039  1795 20747 D PowerManagerService: release:lock=223450525, flg=0x0, tag="RILJ_ACK_WL", name=com.android.phone", ws=null, uid=1001, pid=3218
12-18 08:39:10.751   633 31870 I SDK     : <2016-12-18 08:39:10> [WARN] SDK: UE-SeC 2016-12-18 8:39:10:751 Level[WARN] magic[3362781472 684]:PubEvt_Close Getting a socket[11] from the Socket-table Failed!
12-18 08:39:10.766   633 31870 I SDK     : 
12-18 08:40:39.020   633   692 I ECS     : tcp.recv{4488} SimpleThread.close(SimpleThread.java:69) stopping Heartbeat timer.timers{6959}
12-18 08:41:48.201   633 31870 I SDK     : <2016-12-18 08:41:48> [WARN] SDK: UE-SeC 2016-12-18 8:41:48:201 Level[WARN] magic[3362781472 684]:PubEvt_Close Getting a socket[178] from the Socket-table Failed!
12-18 08:41:48.572   633 31868 E SDK     : 
12-18 08:42:52.192   633 31870 I SDK     : 
12-18 08:42:52.260   633 31870 I SDK     : <2016-12-18 08:42:52> [WARN] SDK: UE-SeC 2016-12-18 8:42:52:260 Level[WARN] magic[3362781472 684]:PubEvt_Close Getting a socket[254] from the Socket-table Failed!
12-18 08:43:02.178  3626  3626 E PTM.FileNodeInfo: getTempInfo error: null, 0
12-18 08:43:03.509  1795  2323 E UsbDeviceManager: 	at android.os.FileUtils.readTextFile(FileUtils.java:267)
12-18 08:43:03.512  1795  2323 E UsbDeviceManager: 	at com.android.server.usb.UsbDeviceManager$2.onUEvent(UsbDeviceManager.java:328)
12-18 08:43:10.939  1795  2323 E UsbDeviceManager: 	at java.io.FileInputStream.<init>(FileInputStream.java:146)
12-18 08:43:11.010  3382  3399 D QcrilMsgTunnelSocket: Broadcasting intent ACTION_RAC_CHANGED
12-18 08:44:05.133   633 31870 I SDK     : 
12-18 08:44:06.353   633 31870 I SDK     : 
12-18 08:44:06.365   633 31870 I SDK     : 
12-18 08:44:08.062   633   692 I eSpaceService: Watch Thread{4481} WatchThread.onLoop(WatchThread.java:94) watch thread onLoop... 
12-18 08:44:49.124  3218  3536 E SharedPreferencesImpl: Couldn't create directory for SharedPreferences file /data/user_de/0/com.android.settings/shared_prefs/caStatePreferences.xml
12-18 08:45:57.036  2852  2852 I HwSignalClusterView: setMobileDataIndicatorsHuawei subId:0 visible:true strengthIcon:2130839311 typeIcon:2130839195 contentDescription:手机信号满格。 typeContentDescription:4G isTypeIconWide:true showActivity:true activityIn:false activityOut:false isRoaming:false
12-18 08:46:01.260  2852  2852 D HwCustMobileSignalControllerImpl: isCurrentBySim()=false
12-18 08:46:01.260  2852  2852 D HwCustMobileSignalControllerImpl: sub =0,strMccMnc =null,hashMccMnc =[],strPlmn =hw_show_4_5G_for_mcc
12-18 08:47:00.315  1795  3110 D PowerManagerService: ready=true,policy=0,wakefulness=0,wksummary=0x1,uasummary=0x0,bootcompleted=true,boostinprogress=false,waitmodeenable=false,mode=true,manual=33,auto=-1,adj=0.0userId=0
12-18 08:49:08.795  1795  1808 I ActivityManager_broadcast: dispatch ordered broadcast [foreground] BroadcastRecord{8bd2996 u-1 android.intent.action.TIME_TICK}, has 11 receivers
12-18 08:49:14.423   633   692 I TupC30  : pool-2-thread-2{4430} 2.doInBackground(TupHelper.java:1270) UnRegister VOIP end
12-18 08:49:29.417  3382  3399 I SendBroadcastPermission: action:qualcomm.intent.action.ACTION_RAC_CHANGED, mPermissionType:0
12-18 08:49:33.587  3626  3626 E PTM.FileNodeInfo: getTempInfo error: null, 0
12-18 08:49:46.096  3180  3578 D ApplicationPackageManager: queryIntentActivitiesAsUser size results:1, for package:com.huawei.espacev2
12-18 08:50:44.454  1795 11747 D PowerManagerService: ready=true,policy=0,wakefulness=0,wksummary=0x1,uasummary=0x0,bootcompleted=true,boostinprogress=false,waitmodeenable=false,mode=true,manual=33,auto=-1,adj=0.0userId=0
12-18 08:50:44.534  1795  1805 D PowerManagerService: ready=true,policy=0,wakefulness=0,wksummary=0x1,uasummary=0x0,bootcompleted=true,boostinprogress=false,waitmodeenable=false,mode=true,manual=33,auto=-1,adj=0.0userId=0
12-18 08:51:02.338  1795  2323 E UsbDeviceManager: Error reading charge file
12-18 08:51:45.109  1795  2323 E UsbDeviceManager: Error reading charge file
12-18 08:55:45.902  5224  5283 I Step_HSNH: 20002302|upDateHealthNotification()|25|0.82|1160
12-18 08:59:45.137  7194 28744 I PushLog2824: [SocketRead_08:59:38-14481]broadcast(),and mReceivers  4(android/null:-1)
12-18 08:59:58.022  2852  2852 I PowerUI : onReceive intent:act:android.intent.action.BATTERY_CHANGED  flag:1610612752 technology=Li-ion icon-small=17303220 max_charging_voltage=0 health=2 max_charging_current=0 status=3 plugged=0 present=true charge_counter=0 level=97 scale=100 temperature=307 voltage=4304 invalid_charger=0 
12-18 09:00:26.886  1795 15988 D PowerManagerService: ready=true,policy=0,wakefulness=0,wksummary=0x1,uasummary=0x0,bootcompleted=true,boostinprogress=false,waitmodeenable=false,mode=true,manual=33,auto=-1,adj=0.0userId=0
12-18 09:02:46.420  1795  1806 D PowerManagerService: release:lock=245741506, flg=0x0, tag="eventloop", name=android", ws=null, uid=1000, pid=7194
12-18 09:04:06.891  1795  2323 E UsbDeviceManager: Error reading charge file
12-18 09:05:47.135  7194  7208 I SendBroadcastPermission: action:com.huawei.android.push.intent.SOCKET_INFO, mPermissionType:0
12-18 09:06:05.417  2852  2852 I StatusBar: onNotificationPosted: StatusBarNotification(pkg=com.huawei.health user=UserHandle{0} id=10010 tag=null key=0|com.huawei.health|10010|null|10099: Notification(pri=0 contentView=null vibrate=null sound=null defaults=0x0 flags=0x62 color=0x00000000 vis=PRIVATE)) important=2, post=1482023165409, when=1481531589202, vis=0, userid=0
12-18 09:06:10.097  1795  2323 D HwBatteryService: onUEvent fcpStatus = 0,scpStatus =0,ovpStatus=0
12-18 09:10:18.409  1795  2323 E UsbDeviceManager: 	at android.os.UEventObserver$UEventThread.sendEvent(UEventObserver.java:210)
12-18 09:10:18.411  1795  2323 E UsbDeviceManager: 	at com.android.server.usb.UsbDeviceManager$2.onUEvent(UsbDeviceManager.java:328)
12-18 09:10:52.621  1046  1125 V msm8916_platform: platform_get_backend_index:napb: backend port - 0 device - 2 
12-18 09:10:57.959  3626  3626 E PTM.FileNodeInfo: getTempInfo error: null, 0
12-18 09:10:58.140  2852  2852 D HwCustMobileSignalControllerImpl: isCurrentBySim()=false
12-18 09:10:58.266  2852  2852 W HwKeyguardPolicy: KGSvcCall updateKeyguardState 0->0; false false
12-18 09:10:58.272  2852  2852 W AppHandler: removeListener com.android.keyguard.EmergencyButton{34bbac9 VFED..C.. ......ID 0,39-330,159 #7f140200 app:id/emergency_call_button_pin_view}
12-18 09:10:58.457  1046  1467 I Huawei_audio_cust: huawei_audio huawei_choose_Handset_device_incall_forHWtest: test Type =4
12-18 09:10:58.521   606  2379 E libteec : send data return = 128
12-18 09:10:59.171  1795  2750 I PowerManager_screenOn: DisplayPowerState Updating screen state: state=ON, backlight=8980
12-18 09:11:00.296  1795  2748 D HwAmbientLuxFilterAlgo: t=138416595,BT=138417095,DT=138416392,BT1=138420595,DT1=138423392,Bn=false,Dn=true,lx=[5311.0/138415092, 654.0/138415392, 691.0/138415693, 661.0/138415993, 689.0/138416294, 689.0/138416595],mLx=3407.0,s=5.0,ss=100.0,AuIntervened=false,mProximityState=false,bLux=4396.0,dLux=1200.0,bLux1=4396.0,dLux1=1200.0
12-18 09:11:00.618  2852  2852 I HwBrightnessController: updateSlider1 seekBarProgress:7056
12-18 09:11:04.555  2852  2852 I HwSignalClusterView: apply hwPhoneState.mSubId:0 anyMobileVisible:false mIsAirplaneMode:false, mobileGroupVisible=true
12-18 09:11:05.543   633 31870 I SDK     : <2016-12-18 09:11:05> [WARN] SDK: UE-SeC 2016-12-18 9:11:5:543 Level[WARN] magic[3362781472 684]:PubEvt_Close Getting a socket[60] from the Socket-table Failed!
12-18 09:11:07.318   633 29066 I SDK     : <2016-12-18 09:11:07> [NOTICE] SDK: UE-SeC 2016-12-18 9:11:7:318 Level[NOTICE] magic[2181581088 2326]:FSM_OpenFile => [START],Mode[r]
12-18 09:11:10.830  1795  2380 I PowerManager_screenOn: PowerManagerNotifier onUserActivity: event=1, uid=1000
12-18 09:11:13.228  3180 19874 I PGServer: report state:5 event type:2 pid:0 uid:10102 pkg:null to pid: 1795
12-18 09:11:15.920  2852  2852 I HwBrightnessUtils: APS brightness=135.0,ConvertToPercentage=0.69680256
12-18 09:11:18.739  4492  4492 W ViewRootImpl[LauncherUI]: Cancelling event due to no window focus: KeyEvent { action=ACTION_UP, keyCode=KEYCODE_BACK, scanCode=0, metaState=0, flags=0x68, hwFlags=0x3, repeatCount=0, eventTime=138434964, downTime=138434946, deviceId=-1, source=0x101 }
12-18 09:11:21.736  3879  3879 I HwLauncher: Launcher.Utilities  startActivitySafely begin startActivity() for current user
12-18 09:11:52.259  1795  2750 I HwLightsService: back light level before map = 758
12-18 09:11:54.724  2852  2925 I EventCenter: ContentChange for slot: 1
12-18 09:11:55.125  2852  2852 I HwBrightnessController: updateSlider2 seekBarProgress:8985
12-18 09:11:55.258  2852  2852 I HwBrightnessController: updateSlider2 seekBarProgress:8790
12-18 09:11:55.552  1795  2750 D HW_DISPLAY_EFFECT: presently, hw_update_color_temp_for_rg_led interface not achieved.
12-18 09:11:55.873  2852  2852 I HwBrightnessUtils: APS brightness=163.0,ConvertToPercentage=0.7759725
12-18 09:11:56.281  1795 15982 D ActivityManager: getRecentTasks: topActivity=ComponentInfo{com.tencent.mm/com.tencent.mm.ui.LauncherUI}
12-18 09:11:56.569  2852  2852 I HwBrightnessUtils: APS brightness=117.0,ConvertToPercentage=0.64186996
12-18 09:11:59.849  5224  5224 I Step_LSC: 20002302|onStandStepChanged 72971
12-18 09:12:00.575  1795  1809 D KeyEvent: obtain, mHwFlags=0
12-18 09:12:00.848  5224  5283 I Step_ExtendStepDataManager: 20002302|before compensate: cache step_1423
12-18 09:12:03.008  1046  9753 D audio_hw_extn: audio_extn_get_parameters: returns 
12-18 09:12:03.858  3180  3578 I ash     : unproxy com.android.browser broadcast OK !
12-18 09:13:02.374  1795  2323 E UsbDeviceManager: java.io.FileNotFoundException: sys/class/hw_power/charger/charge_data/water_intrused (No such file or directory)
12-18 09:13:02.556   633 31868 E SDK     : <2016-12-18 09:13:02> [ERR] SDK: UE-SeC 2016-12-18 9:13:2:556 Level[ERR] magic[3365677344 2890]:listing available engine types
12-18 09:14:03.739   633 31870 I SDK     : <2016-12-18 09:14:03> [WARN] SDK: UE-SeC 2016-12-18 9:14:3:739 Level[WARN] magic[3362781472 684]:PubEvt_Close Getting a socket[70] from the Socket-table Failed!
12-18 09:14:03.761   633 31870 I SDK     : 
12-18 09:14:33.561  2852  2852 I TrafficPanelViewContent: onShowStatusChange show:false
12-18 09:14:47.816  3858  4126 I amsnl   : csr
12-18 09:15:59.742  2852  2852 I HwSignalClusterView: getOrInflateState subId:0
12-18 09:17:04.465  1795  1812 V HwBroadcastQueue: trim and enqueue bgkeyapp Parallel:(0) Ordered:(1)(BroadcastRecord{8c78d0b u0 com.tencent.mm.TrafficStatsReceiver})
12-18 09:17:27.264  1795  2326 I PowerManager_screenOn: PowerManagerNotifier onUserActivity: event=2, uid=1000
12-18 09:17:27.472  1795  2377 I AwareLog: AwareMem_DMEServer: start
12-18 09:17:27.648  3626  3753 I LogCollectService: msg = 103 received
12-18 09:17:28.212  2852  2852 D StatusBar: No peeking: unimportant notification: 0|com.huawei.health|10010|null|10099
12-18 09:17:28.539  2852  2852 D HwCustMobileSignalControllerImpl: isCurrentBySim()=false
12-18 09:17:28.787  1795 15982 I DisplayManagerService: stopWifiDisplayScanLocked record.mWifiDisplayScanRequested=false
12-18 09:17:29.784  1795  3247 I ActivityManager_activity: resumeTopActivityLocked: Skip resume: some activity pausing.
12-18 09:17:29.924  1795  3110 D ActivityManager: Skipping, withExcluded: false, tr.intent:Intent { act=android.media.action.STILL_IMAGE_CAMERA_SECURE flg=0x34800000 pkg=com.huawei.camera cmp=com.huawei.camera/.controller.SecureCameraActivity (has extras) }
12-18 09:17:34.753  3180 19874 I DownloadState: @@@@@@@@@@@@ uid :10102 download :false
12-18 09:17:35.041  1795  1809 I WindowManager: Application requested orientation 1, got rotation 0 which has compatible metrics
12-18 09:17:38.906  2852  2852 I BarTransitions.HwPhoneStatusBarView: transitionTo: mode=MODE_TRANSPARENT, animate=false
12-18 09:17:42.406  1795  2778 I WindowManger_windowChange: oldFocusWindow: Window{4e22340 u0 com.tencent.mm/com.tencent.mm.ui.LauncherUI}, currentFocusWindow: null, currentFocusApp: AppWindowToken{b6efcd1 token=Token{a978b5b ActivityRecord{5f12a6a u0 com.tencent.mm/.ui.LauncherUI t383}}}
12-18 09:17:42.558  2852  2852 D TintTextView: #B3FFFFFF com.android.systemui.tint.TintTextView{8a4a4ce V.ED..... ......ID 0,0-0,0 #7f14032f app:id/hw_notification_number}
12-18 09:17:44.707  2852  2852 D BarTransitions.HwNavigationBarView: MODE_TRANSLUCENT -> MODE_OPAQUE animate=false
12-18 09:17:44.904  2852  2852 D NetWorkUtils: is3GCalling is false,mCdmaSlot is -1
12-18 09:17:57.991  2852  2852 I HwSignalClusterView: setMobileDataIndicatorsHuawei subId:0 visible:true strengthIcon:2130839311 typeIcon:2130839197 contentDescription:手机信号满格。 typeContentDescription:LTE isTypeIconWide:true showActivity:true activityIn:true activityOut:true isRoaming:false
12-18 09:18:20.565  3218  3517 I QImsService: ImsSenderRxr :  Tag -1 3 219 0[SUB0]
12-18 09:18:32.344  3180  3578 I PacketsControl: not 3G net type. do nothing.
12-18 09:18:37.661  1795 16499 W ActivityManager: getRunningAppProcesses: caller 10102 does not hold REAL_GET_TASKS; limiting output
12-18 09:18:38.988  2852  2852 I PhoneStatusBar: removeNotificationChildren
12-18 09:19:00.782  5224  5224 I Step_LSC: 20002302|onStandStepChanged 73162
12-18 09:19:02.886  5224  5283 I Step_HSNH: 20002302|upDateHealthNotification()|35|1.15|1618
12-18 09:19:02.894  1795 16501 I NotificationManager: enqueueNotificationInternal: pkg=com.huawei.health id=10010 notification=Notification(pri=0 contentView=null vibrate=null sound=null defaults=0x0 flags=0x2 color=0x00000000 vis=PRIVATE)
12-18 09:19:07.612  2852  2852 I HwSignalClusterView: apply hwPhoneState.mSubId:0 anyMobileVisible:false mIsAirplaneMode:false, mobileGroupVisible=true
12-18 09:19:11.634  2852  3556 D NetworkController.MobileSignalController(0): mSimSubId:0 onDataActivity: direction=0
12-18 09:19:13.661  2852  2852 D HwCustMobileSignalControllerImpl: isCurrentBySim()=false
12-18 09:19:22.927  2852  3556 I NetworkController.MobileSignalController(0): Change in state from: connected=true,enabled=true,level=5,inetCondition=1,iconGroup=IconGroup(4G),activityIn=false,activityOut=false,rssi=0,lastModified=12-18 09:19:21,isRoaming=false,dataSim=true,networkName=中国移动,networkNameData=中国移动,dataConnected=true,isDefault=true,isEmergency=false,airplaneMode=false,carrierNetworkChangeMode=false,userSetup=true
12-18 09:19:23.951  2852  2852 I HwSignalClusterView: getOrInflateState subId:0
12-18 09:19:25.327  3626  3626 E PTM.FileNodeInfo: getTempInfo error: null, 0
12-18 09:19:49.796  1795  2381 D libfingersense_wrapper: Calling fingersense_classify_touch()
12-18 09:19:59.726  1046  1125 D ACDB-LOADER: ACDB -> ACDB_CMD_GET_AUDPROC_STREAM_TABLE_V2
12-18 09:19:59.764   835  2385 E libteec : receive data len = 128
12-18 09:20:00.531  3626  4889 E PTM.FileNodeInfo: getTempInfo error: null, 0
12-18 09:21:17.622  3626  3626 E PTM.FileNodeInfo: getTempInfo error: null, 0
12-18 09:21:23.522  1795  1805 D PowerManagerService: acquire lock=69788976, flags=0x1, tag="RILJ_ACK_WL", name=com.android.phone, ws=null, uid=1001, pid=3218
12-18 09:21:45.856  1795  1819 D NetdConnector: RCV unsolicited event from native daemon, event = 613 IfaceClass idle 0 492644576115679
12-18 09:21:47.147  2852  2852 I HwSignalClusterView: getOrInflateState subId:0
12-18 09:21:53.243  2852  2852 I StatusBarIconView: updateTint: tint=0
12-18 09:22:30.076  1795  2376 I AlarmManager: set again repeat alarm: next ,nextElapsed = 492988188,repeatInterval = 300000
12-18 09:22:31.863  2852  3556 I NetworkController.MobileSignalController(0): need to force refresh view
12-18 09:22:44.419  1795  1819 D NetworkManagement: notifyInterfaceClassActivity: client is android.net.INetworkManagementEventObserver$Stub$Proxy@af226
12-18 09:22:57.860  3626  3626 E PTM.FileNodeInfo: getTempInfo error: null, 0
12-18 09:23:32.940  5224  5283 I Step_DataCache: 20002302|getTodayTotalSteps 1928
12-18 09:23:37.458  3626  3626 E PTM.FileNodeInfo: getTempInfo error: null, 0
12-18 09:24:49.607  1795  2323 E UsbDeviceManager: 	at java.io.FileInputStream.open(Native Method)
12-18 09:25:57.318  5224  5283 I Step_LSC: 20002302|REPORT : 2199 47057 1570 0
12-18 09:26:01.292  3180  3578 I ash     : clear hibernation actions!
12-18 09:26:01.294  3180  3578 I ash     : Unproxy wakelock uid = 10102 pid = 31949
12-18 09:26:01.311   633 31868 E SDK     : 
12-18 09:26:01.350  1795  3247 I PGManagerService: proxyBroadcast:[com.huawei.espacev2] proxy:false
12-18 09:26:01.387   633 31870 I SDK     : 
12-18 09:26:01.616  3218  3234 I PhoneInterfaceManager: shouldBlockLocation  ret:false
12-18 09:29:53.847  1795  3249 D HwConnectivityService: pid=7194, cmd=1, param=55
12-18 09:32:16.788  1795  2323 E UsbDeviceManager: Error reading charge file
12-18 09:32:46.215  1795  2666 D NetdConnector: SND -> {12162 bandwidth setglobalalert 2097152}
12-18 09:34:56.778  1795  1808 I ActivityManager_broadcast: dispatch ordered broadcast [foreground] BroadcastRecord{3ee486 u-1 android.intent.action.TIME_TICK}, has 11 receivers
12-18 09:35:06.697  2852  2852 I HwSignalClusterView: apply hwPhoneState.mSubId:0 anyMobileVisible:false mIsAirplaneMode:false, mobileGroupVisible=true
12-18 09:35:15.082  2852  2852 D HwCustMobileSignalControllerImpl: isCurrentBySim()=false
12-18 09:35:15.210  2852  2852 D NetWorkUtils: is3GCalling is false,mCdmaSlot is -1
12-18 09:36:10.411  2852  2852 I PowerUI : onReceive intent:act:android.intent.action.BATTERY_CHANGED  flag:1610612752 technology=Li-ion icon-small=17303220 max_charging_voltage=0 health=2 max_charging_current=0 status=3 plugged=0 present=true charge_counter=0 level=96 scale=100 temperature=282 voltage=4290 invalid_charger=0 
12-18 09:36:18.835  7741  7741 W Mms_TXM_SVC: ConnectivityBroadcastReceiver.onReceive() action: android.net.conn.CONNECTIVITY_CHANGE
12-18 09:39:02.143  2852  2852 I HwSignalClusterView: setMobileDataIndicatorsHuawei subId:0 visible:true strengthIcon:2130839299 typeIcon:2130839200 contentDescription:手机信号强度为三格。 typeContentDescription:EDGE isTypeIconWide:false showActivity:true activityIn:false activityOut:false isRoaming:false
12-18 09:39:18.834  1795  2323 E UsbDeviceManager: java.io.FileNotFoundException: sys/class/hw_power/charger/charge_data/water_intrused (No such file or directory)
12-18 09:39:18.859  1795  1819 D NetworkManagement: notifyInterfaceClassActivity: client is android.net.INetworkManagementEventObserver$Stub$Proxy@c0acf8b
12-18 09:40:12.696  3180  3578 I ash     : com.tencent.mm goes to D overtime: 220461
12-18 09:40:13.063  5224  5283 I Step_LSC: 20002302|calculateAltitudeWithCache datas.size=9221
12-18 09:41:19.570  7194 30539 E PushLog2824: com.huawei.android.pushagent.datatype.PushException:  read normal Exit
12-18 09:41:22.212  3180  3578 D ApplicationPackageManager: queryIntentActivitiesAsUser size results:1, for package:com.huawei.espacev2
12-18 09:41:22.242  1795  6988 I PGManagerService: proxyWakeLockByPidUid, pid: 633, uid: 10102, proxy: true
12-18 09:41:23.923  5224  5283 I SendBroadcastPermission: action:android.com.huawei.bone.NOTIFY_SPORT_DATA, mPermissionType:0
12-18 09:45:20.306  3382  3399 D QcrilMsgTunnelSocket: Rcvd UNSOL response with 28 bytes data for SUB0
12-18 09:45:29.726  3168  3168 I CHR_ChrDataServiceTracker: handleLteCaStatusChange
12-18 09:45:29.882  5224  5224 I Step_LSC: 20002302|standStepCounter report 100 steps,write fe
12-18 09:45:30.567  2852  2852 D HwCustMobileSignalControllerImpl: sub =0,strMccMnc =null,hashMccMnc =[],strPlmn =hw_customized_networkType_entry
12-18 09:45:37.193  5224  5283 I SendBroadcastPermission: action:android.com.huawei.bone.NOTIFY_SPORT_DATA, mPermissionType:0
12-18 09:45:46.730  3218  4070 W PhoneInterfaceManager: shouldBlockLocation running ...
12-18 09:45:56.205  2852  2852 I HwNotificationIconAreaController: showNotificationAll
12-18 09:46:03.255   633 31870 I SDK     : 
12-18 09:46:11.027  1795  1795 I WifiProJNI: ######### CMD_QUERY_PKTS ########
12-18 09:46:57.596  3382  3399 D QcrilMsgTunnelSocket: readRilMessage: Buffer = [B@204bb9f HexData = [010000000404000012000000514f454d484f4f4b1d04080002000000ffff]
12-18 09:47:34.547  3382  3399 D QcrilMsgTunnelSocket: Rac Change (PDC) data: [-1, -1]
12-18 09:47:40.458  3218  3218 E HW-JPEG-DEC: [HME_JPEG_DEC_Delete](3298): HME_JPEG_DEC_Delete: decoder_ctx=null
12-18 09:48:08.698  2852  2852 I StatusBar: onNotificationPosted: StatusBarNotification(pkg=com.huawei.health user=UserHandle{0} id=10010 tag=null key=0|com.huawei.health|10010|null|10099: Notification(pri=0 contentView=null vibrate=null sound=null defaults=0x0 flags=0x62 color=0x00000000 vis=PRIVATE)) important=2, post=1482025688692, when=1481531589202, vis=0, userid=0
12-18 09:50:20.510  2852  2852 I TrafficPanelManager: hideTraffic
12-18 09:50:20.588   802   802 E Thermal-daemon: [ap] temp_new :27  temp_old :28
12-18 09:50:25.684   633 31870 I SDK     : 
12-18 09:50:33.790  3626  3626 E PTM.FileNodeInfo: getTempInfo error: null, 0
12-18 09:51:02.943  1795  2685 D HwPFWLogger: AutoStartupDataMgr:retrieveStartupSettings type 0 of com.netease.newsreader.activity is 0
12-18 09:51:03.154  2883  2883 I HwSystemManager: AdBlockService:onReceive action=android.net.conn.CONNECTIVITY_CHANGE
12-18 09:51:03.185  2883  3125 I HwSystemManager: StartupResidentService:InnerHandler Message:7
12-18 09:51:03.611 18657 18657 V UsersurveyAutoCheckReceiver: onReceive
12-18 09:51:03.755  1795 16501 W ActivityManager: getRunningAppProcesses: caller 10105 does not hold REAL_GET_TASKS; limiting output
12-18 09:52:43.115   597   779 I rmt_storage: rmt_storage_client_thread: /boot/modem_fs1: clnt_h=0x1 About to block rmt_storage client thread (th_id: 547754226768) wakelock released: 1, error no: 0
12-18 09:55:24.353  2852  2852 I TrafficPanelViewContent: onShowStatusChange show:false
12-18 10:06:04.338  1795  3253 D PowerManagerService: ready=true,policy=0,wakefulness=0,wksummary=0x1,uasummary=0x0,bootcompleted=true,boostinprogress=false,waitmodeenable=false,mode=true,manual=33,auto=-1,adj=0.0userId=0
12-18 10:06:04.346  2852  2852 I TimeManager: chinaDateTime:上午10:06
12-18 10:06:04.355  2883  3906 I HwSystemManager: RemainingTimeSceneHelper:invalid condition, do not update time scene.
12-18 10:06:04.434  3168 31109 D HwRepairHelper: update()   updated:  00
12-18 10:06:04.475  3168 31111 D HwRepairHelper: db.close()  has closed 
12-18 10:06:09.942  3626  3626 E PTM.FileNodeInfo: getTempInfo error: null, 0
12-18 10:06:09.942  3626  3626 E PTM.FileNodeInfo: getTempInfo error: null, 0
12-18 10:21:31.174  3466  3466 I Contacts: DialpadFragment mBroadcastReceiver action:huawei.intent.action.IMS_SERVICE_STATE_CHANGED
12-18 10:21:32.788  1795  2778 D PowerManagerService: ready=true,policy=0,wakefulness=0,wksummary=0x1,uasummary=0x0,bootcompleted=true,boostinprogress=false,waitmodeenable=false,mode=true,manual=33,auto=-1,adj=0.0userId=0
12-18 10:23:37.507  3218  3218 E QtiImsExtUtils: isCarrierConfigEnabled bundle is null
12-18 10:23:37.507  3626  3626 E PTM.FileNodeInfo: getTempInfo error: null, 0
12-18 10:23:37.522  3626  3626 E PTM.FileNodeInfo: getTempInfo error: null, 0
