12-17 23:49:18.960  1795  2380 D PowerManagerService: userActivityNoUpdateLocked: eventTime=132847257, event=2, flags=0x0, uid=1000
12-17 23:49:23.617  1795 11746 W ActivityManager: getRunningAppProcesses: caller 10102 does not hold REAL_GET_TASKS; limiting output
12-17 23:49:40.090  1795  1808 I ActivityManager_broadcast: dispatch ordered broadcast [background] BroadcastRecord{89a19f0 u0 com.tencent.mm.plugin.openapi.Intent.ACTION_HANDLE_APP_REGISTER}, has 1 receivers
12-17 23:49:49.362  1795 17831 D PowerManagerService: Acquiring suspend blocker "PowerManagerService.WakeLocks".
12-17 23:49:55.372  1795  1795 I MQoS    : received cell-signal:1
12-17 23:50:05.821  1795 16498 D PowerManagerService: ready=true,policy=3,wakefulness=1,wksummary=0x0,uasummary=0x1,bootcompleted=true,boostinprogress=false,waitmodeenable=false,mode=true,manual=33,auto=-1,adj=0.0userId=0
12-17 23:50:07.408  1795  2380 I PowerManager_screenOn: PowerManagerNotifier onUserActivity: event=2, uid=1000
12-17 23:50:07.489  4492  4492 V BoostFramework: BoostFramework() : mPerf = com.qualcomm.qti.Performance@9d24e6a
12-17 23:50:08.884  3858  4126 I amsnl   : t:false, fl: false, p: 2147483647000, ce: true, we: false
12-17 23:50:20.451  1795  2748 D HwAmbientLuxFilterAlgo: t=132908761,BT=132909761,DT=132912761,BT1=132912761,DT1=132916761,Bn=false,Dn=false,lx=[16.0/132907256, 16.0/132907557, 16.0/132907858, 16.0/132908159, 16.0/132908460, 16.0/132908761],mLx=16.0,s=5.0,ss=0.011815252,AuIntervened=false,mProximityState=false,bLux=155.0,dLux=3.0,bLux1=155.0,dLux1=3.0
12-17 23:50:40.754  1795  2750 D HW_DISPLAY_EFFECT: presently, hw_update_color_temp_for_rg_led interface not achieved.
12-17 23:50:41.003  1795  2750 D HW_DISPLAY_EFFECT: presently, hw_update_color_temp_for_rg_led interface not achieved.
12-17 23:50:44.151   606  2379 E libteec : receive data len = 128
12-17 23:50:44.174   835  2385 E libteec : receive data len = 128
12-17 23:50:44.496  2852  2852 W DisabledFeatureUtils: Dis-Feature : 0
12-17 23:50:44.582  2852  3556 D NetworkController.MobileSignalController(0): mSimSubId:0 onDataActivity: direction=0
12-17 23:50:45.028 13939 13939 W ContextImpl: Calling a method in the system process without a qualified user: android.app.ContextImpl.bindService:1591 android.content.ContextWrapper.bindService:636 com.huawei.systemmanager.hsmstat.HsmStatProxy.bindService:263 com.huawei.systemmanager.hsmstat.HsmStatProxy.-wrap0:-1 com.huawei.systemmanager.hsmstat.HsmStatProxy$1.handleMessage:65 
12-17 23:50:45.102  3218  3517 I QImsService: ImsSenderRxr :  Tag -1 3 219 0[SUB0]
12-17 23:50:49.281  2852  2852 W HwKeyguardPolicy: KGSvcCall updateKeyguardState 1->1; false false
12-17 23:51:11.230  1795  1795 I MQoS    : received cell-signal:5
12-17 23:51:18.918  3858  4126 I amsnl   : m1: false
12-17 23:51:33.967  2852  2852 I TrafficPanelManager: hideTraffic
12-17 23:51:34.602  7194 14042 I PushLog2824: [SocketRead_23:51:34-13965]broadcast(),and mReceivers  4(android/null:-1)
12-17 23:51:35.036  1795 17832 D PowerManagerService: release:lock=119539740, flg=0x0, tag="mWakeLockForThread", name=android", ws=null, uid=1000, pid=7194
12-17 23:51:38.079  3626  3626 E PTM.FileNodeInfo: getTempInfo error: null, 0
12-17 23:51:39.307  7194  7208 I PushLog2824: [ReceiverDispatcher-336]read to Send:DA(android/null:-1)
12-17 23:52:31.187   802   802 E Thermal-daemon: [Thermal_Hw] temperature_filter: get invalid temperature, use old temp
12-17 23:52:40.167  3782 13952 V AudioManager: isMusicActive...
12-17 23:53:31.264   802   802 E Thermal-daemon: [Thermal_Hw] temperature_filter: get invalid temperature, use old temp
12-17 23:53:35.573  1795  1795 I MQoS    : received cell-signal:1
12-17 23:53:58.257  1795  5350 I TrafficMonitor: getStatic,count:0,work status:false
12-17 23:54:43.876   633 31868 I SDK     : <2016-12-17 23:54:43> [NOTICE] SDK: UE-SeC 2016-12-17 23:54:43:876 Level[NOTICE] magic[3365677344 5488]:Tunnel is connecting!
12-17 23:54:43.898   633 31870 I SDK     : 
12-17 23:54:43.902   633 31870 I SDK     : 
12-17 23:54:43.905   633 31870 I SDK     : 
12-17 23:54:43.914   633 31870 I SDK     : 
12-17 23:54:55.683  1795  1795 I MQoS    : onSignal: mSubId=1,currDataSubID=0
12-17 23:55:08.294  1795  5350 I MQoS    : MSG_QUERY_TCP_INFO called,count:504
12-17 23:55:48.322  1795  2737 W WifiProJNI: poll before: g_monitor_fd =310
12-17 23:55:54.336   633 31870 I SDK     : 
12-17 23:55:54.347   633 31870 I SDK     : 
12-17 23:55:54.405   633 31868 E SDK     : 
12-17 23:55:59.401   633   692 I ECS     : main{1} XmlMsg.encodeBuf(XmlMsg.java:215) SEND 128 bytes [16]_00_00_00_7C_00_03_01_06_0E_05_8A_20_E0_5C_DC_9F cmdCode(CC_ReqCircleState.0x060E)msgType(MT_ARG.1)msgClass(MC_FriendsCircle.6)sender(ST_Mobile.0)crypted(true)zipped(false)nobase64(true)length(124)version(3)sno(8A20)
12-17 23:55:59.505 31949 31967 I TCP     : msg.recv{4791} TcpClientThread.onRecv(TcpClientThread.java:515) TCP Msg 659TCP_OK
12-17 23:55:59.553  2852  2914 I HwMobileSignalController: updateSignalStrength: signalStrength=SignalStrength: -1 0 -1 255 -1 255 -1 255 255 18 -102 -7 160 2147483647 2147483647 false gw|lte
12-17 23:55:59.684  2852  2852 I TrafficPanelManager: hideTraffic
12-17 23:56:00.940  3879  3879 I HwLauncher: Launcher.Folder childCount: 7
12-17 23:56:34.503  2852  2852 I StackScrollAlgorithm: updateClipping isOverlap:false
12-17 23:56:34.733  2852  2852 D HwCustMobileSignalControllerImpl: sub =0,strMccMnc =null,hashMccMnc =[],strPlmn =hw_show_4_5G_for_mcc
12-17 23:57:21.151  1795  3121 I SendBroadcastPermission: action:android.intent.action.SIG_STR, mPermissionType:0
12-17 23:57:41.805  1795  6985 D PowerManagerService: ready=true,policy=0,wakefulness=0,wksummary=0x1,uasummary=0x0,bootcompleted=true,boostinprogress=false,waitmodeenable=false,mode=true,manual=33,auto=-1,adj=0.0userId=0
12-17 23:57:41.857   633 31870 I SDK     : <2016-12-17 23:57:41> [WARN] SDK: UE-SeC 2016-12-17 23:57:41:857 Level[WARN] magic[3362781472 684]:PubEvt_Close Getting a socket[39] from the Socket-table Failed!
12-17 23:57:41.863   633 31870 I SDK     : 
12-17 23:57:41.868   633 31870 I SDK     : <2016-12-17 23:57:41> [WARN] SDK: UE-SeC 2016-12-17 23:57:41:868 Level[WARN] magic[3362781472 684]:PubEvt_Close Getting a socket[139] from the Socket-table Failed!
12-17 23:57:41.875   633 31870 I SDK     : 
12-17 23:57:41.879   633 31870 I SDK     : <2016-12-17 23:57:41> [WARN] SDK: UE-SeC 2016-12-17 23:57:41:879 Level[WARN] magic[3362781472 684]:PubEvt_Close Getting a socket[239] from the Socket-table Failed!
12-17 23:57:42.220   633 14557 I SDK     : <2016-12-17 23:57:42> [NOTICE] SDK: UE-SeC 2016-12-17 23:57:42:220 Level[NOTICE] magic[2268936480 2326]:FSM_OpenFile => [START],Mode[r]
12-17 23:57:42.252   633 14557 I SDK     : 
12-17 23:58:01.583   802   802 E Thermal-daemon: [Thermal_Hw] temperature_filter: get invalid temperature, use old temp
12-17 23:58:52.221  2852  2852 D NetWorkUtils: is3GCalling is false,mCdmaSlot is -1
12-17 23:58:52.255   633 31870 I SDK     : <2016-12-17 23:58:52> [WARN] SDK: UE-SeC 2016-12-17 23:58:52:255 Level[WARN] magic[3362781472 684]:PubEvt_Close Getting a socket[107] from the Socket-table Failed!
12-17 23:58:52.268   633 31870 I SDK     : <2016-12-17 23:58:52> [WARN] SDK: UE-SeC 2016-12-17 23:58:52:268 Level[WARN] magic[3362781472 684]:PubEvt_Close Getting a socket[182] from the Socket-table Failed!
12-17 23:58:55.355   633   692 I ECS     : msg.recv{4490} XmlMsg.decodeBuf(XmlMsg.java:237) RECV 1722 bytes [12]_00_03_02_00_01_04_8A_2C_4C_07_4B_A0 cmdCode(CC_VersionCheck.0x0001)msgType(MT_ACK.2)msgClass(MC_VersionCheck.0)sender(ST_Mobile.0)crypted(false)zipped(false)nobase64(true)length(1718)version(3)sno(8A2C)
12-17 23:59:24.024  2852  3556 I NetworkController.MobileSignalController(0): onSignalStrengthsChanged signalStrength=SignalStrength: -1 0 -1 255 -1 255 -1 255 255 20 -101 -7 202 2147483647 2147483647 false gw|lte level=4 isSuspend=false levelOld=4,mSignalStrength level=4
12-18 00:00:00.046  3626  3626 E PTM.FileNodeInfo: getTempInfo error: null, 0
12-18 00:00:00.219  5224  5283 I Step_ExtendStepDataManager: 20002302|before compensate: cache step_0
12-18 00:00:15.212  3782 13952 V AudioManager: isWiredHeadsetOn...
12-18 00:00:39.492  3218  3517 I QImsService: ImsSenderRxr : Response data: [12, 13, -1, -1, -1, -1, 16, 3, 24, -37, 1, 32, 0, 13, 100, 0, 0, 0, 21, 10, 0, 0, 0, 29, 100, 0, 0, 0, 37, 0, 0, 0, 0, 45, -1, 0, 0, 0, 53, -1, -1, 0, 0, 61, -1, 0, 0, 0, 69, -1, -1, 0, 0][SUB0]
12-18 00:00:50.548   633 31870 I SDK     : <2016-12-18 00:00:50> [WARN] SDK: UE-SeC 2016-12-18 0:0:50:548 Level[WARN] magic[3362781472 684]:PubEvt_Close Getting a socket[71] from the Socket-table Failed!
12-18 00:00:50.548   633 31870 I SDK     : <2016-12-18 00:00:50> [WARN] SDK: UE-SeC 2016-12-18 0:0:50:548 Level[WARN] magic[3362781472 684]:PubEvt_Close Getting a socket[72] from the Socket-table Failed!
12-18 00:00:50.549   633 31870 I SDK     : 
12-18 00:00:50.555   633 31870 I SDK     : <2016-12-18 00:00:50> [WARN] SDK: UE-SeC 2016-12-18 0:0:50:555 Level[WARN] magic[3362781472 684]:PubEvt_Close Getting a socket[109] from the Socket-table Failed!
12-18 00:00:50.563   633 31870 I SDK     : 
12-18 00:00:50.567   633 31870 I SDK     : 
12-18 00:00:50.575   633 31870 I SDK     : 
12-18 00:00:50.881   633 31870 I SDK     : 
12-18 00:00:50.892   633 31870 I SDK     : 
12-18 00:00:50.901   633 31870 I SDK     : <2016-12-18 00:00:50> [WARN] SDK: UE-SeC 2016-12-18 0:0:50:901 Level[WARN] magic[3362781472 684]:PubEvt_Close Getting a socket[141] from the Socket-table Failed!
12-18 00:00:52.001   633 31869 I SDK     : <2016-12-18 00:00:52> [NOTICE] SDK: UE-SeC 2016-12-18 0:0:52:1 Level[NOTICE] magic[3367250208 2992]:Set mode to can partial write! ret:1
12-18 00:00:52.625   633 31875 I SDK     : <2016-12-18 00:00:52> [NOTICE] SDK: UE-SeC 2016-12-18 0:0:52:625 Level[NOTICE] magic[3359111456 2487]:FSM_OpenFile => [END]
12-18 00:00:54.445   633   692 I eSpaceService: msg.recv{4490} LoginC.doLoginSucceed(LoginC.java:1042) Login Ack , set account to w00290667
12-18 00:01:05.111  1795  1819 I EventHub: EventHub monitor: no key events in the past 6471s, no motion events in the past 651s
12-18 00:01:28.621  1795  1795 D WifiProJNI: send_cmd_kernel: cmd=1
12-18 00:01:38.189  3626  3626 E PTM.FileNodeInfo: getTempInfo error: null, 0
12-18 00:01:38.194  3626  3626 I iMonitor: create: 903001011
12-18 00:01:45.537  2852  2852 D NetWorkUtils: mVSimCurCardType is -1
12-18 00:01:56.127  1795  1795 I MQoS    : received cell-signal:1
12-18 00:02:14.099  1795  6985 W ActivityManager: getRunningAppProcesses: caller 10102 does not hold REAL_GET_TASKS; limiting output
12-18 00:02:14.273  1795 15982 I SendBroadcastPermission: action:android.intent.action.SIG_STR, mPermissionType:0
12-18 00:02:24.514  3858  4126 I amsnl   : t:false, fl: false, p: 2147483647000, ce: true, we: false
12-18 00:02:41.336   633 31870 I SDK     : 
12-18 00:02:41.380   633 31870 I SDK     : 
12-18 00:02:41.381   633 31870 I SDK     : <2016-12-18 00:02:41> [WARN] SDK: UE-SeC 2016-12-18 0:2:41:381 Level[WARN] magic[3362781472 684]:PubEvt_Close Getting a socket[69] from the Socket-table Failed!
12-18 00:02:41.382   633 31870 I SDK     : <2016-12-18 00:02:41> [WARN] SDK: UE-SeC 2016-12-18 0:2:41:382 Level[WARN] magic[3362781472 684]:PubEvt_Close Getting a socket[72] from the Socket-table Failed!
12-18 00:02:41.396   633 31870 I SDK     : <2016-12-18 00:02:41> [WARN] SDK: UE-SeC 2016-12-18 0:2:41:396 Level[WARN] magic[3362781472 684]:PubEvt_Close Getting a socket[122] from the Socket-table Failed!
12-18 00:02:41.406   633 31870 I SDK     : <2016-12-18 00:02:41> [WARN] SDK: UE-SeC 2016-12-18 0:2:41:406 Level[WARN] magic[3362781472 684]:PubEvt_Close Getting a socket[183] from the Socket-table Failed!
12-18 00:02:46.154  3858  4126 I amsnl   : csr
12-18 00:03:50.465   633 31870 I SDK     : 
12-18 00:03:50.519   633 31870 I SDK     : 
12-18 00:03:50.524   633 31870 I SDK     : <2016-12-18 00:03:50> [WARN] SDK: UE-SeC 2016-12-18 0:3:50:524 Level[WARN] magic[3362781472 684]:PubEvt_Close Getting a socket[178] from the Socket-table Failed!
12-18 00:03:50.804   633 31868 I SDK     : 
12-18 00:03:54.708   633   692 I TCP     : tcp.recv{4488} TcpClientThread.onReceiverWork(TcpClientThread.java:307) get tcp message 732
12-18 00:04:15.131   816  1562 W SocketListener: sending broadcast to Pid = 1795, Uid = 1000 
12-18 00:04:35.116  1795  1819 I EventHub: monitor check touch devices
12-18 00:04:56.477  1795  1809 I qti_sensors_hal: 0xc0, 0x2a, 0x7c, 0x3f
12-18 00:04:56.554  1795  2396 D StubTelephonyRegistry: LISTEN_CELL_LOCATION uid:10028
12-18 00:04:57.478  2852  2852 I HwSignalClusterView: setMobileDataIndicatorsHuawei subId:0 visible:true strengthIcon:2130839311 typeIcon:2130839195 contentDescription:手机信号满格。 typeContentDescription:4G isTypeIconWide:true showActivity:true activityIn:true activityOut:true isRoaming:false
12-18 00:04:57.751  2852  2852 I TrafficPanelViewContent: onShowStatusChange show:false
12-18 00:04:58.870  3218  3218 E QtiImsExtUtils: getConfigForPhoneId phoneId is invalid
12-18 00:04:58.981  2852  2852 V KeyguardUpdateMonitor: RefreshBatteryInfo isBatteryLow: 100
12-18 00:05:00.000  1795  2376 I AlarmManager: sending alarm Alarm{b51bcdc type 3 when 459236363 android},repeatInterval = 0,listenerTag =time_tick
12-18 00:05:02.328  1795  2326 W FingerprintService: onAcquired 2
12-18 00:05:02.529   606  2379 E libteec : send data return = 128
12-18 00:05:02.663  2852  2852 I StatusBarKeyguardViewManager: StatusBarKeyguardViewManager dismiss: true false
12-18 00:05:02.718   606  2379 E libteec : send data return = 128
12-18 00:05:02.742  2852  2852 I HwBackDropView: checkVisibility : false; false
12-18 00:05:02.801  3626  4889 E PTM.FileNodeInfo: getTempInfo error: null, 0
12-18 00:05:03.926  1795  3110 I ActivityManager_broadcast: Enqueueing ordered broadcast[bgkeyapp] BroadcastRecord{ce3dab8 u0 null}: prev had 0
12-18 00:05:04.107  1795  3238 I ActivityManager: Process com.huawei.betaclub:loguploadservice (pid 15241) has died
12-18 00:05:04.393  1795  2377 I AwareLog: AwareMem_EventTracker: [POLLING_TIMEOUT_133792703] is abandoned for memory 830848
12-18 00:05:05.574 15254 15254 E HW-JPEG-DEC: [HME_JPEG_DEC_Delete](3298): HME_JPEG_DEC_Delete: decoder_ctx=null
12-18 00:05:06.907  1795  1805 D PowerManagerService: Acquiring suspend blocker "PowerManagerService.WakeLocks".
12-18 00:05:06.992  4492  4492 W ViewRootImpl[LauncherUI]: Cancelling event due to no window focus: KeyEvent { action=ACTION_UP, keyCode=KEYCODE_BACK, scanCode=0, metaState=0, flags=0x68, hwFlags=0x3, repeatCount=0, eventTime=133795215, downTime=133795191, deviceId=-1, source=0x101 }
12-18 00:05:07.026  2852  2852 I PhoneStatusBarPolicy: updateBluetooth::bluetoothEnabled:false, bluetoothConnected=false, bluetoothTransfering=false
12-18 00:05:14.796  1795  1805 W ActivityManager: getRunningAppProcesses: caller 10105 does not hold REAL_GET_TASKS; limiting output
12-18 00:05:44.763  1795  2380 D PowerManagerService: ready=true,policy=3,wakefulness=1,wksummary=0x0,uasummary=0x1,bootcompleted=true,boostinprogress=false,waitmodeenable=false,mode=true,manual=33,auto=-1,adj=0.0userId=0
12-18 00:05:46.196  2852  2852 D HwCustMobileSignalControllerImpl: sub =0,strMccMnc =null,hashMccMnc =[],strPlmn =hw_customized_networkType_entry
12-18 00:05:52.929   633 31868 I SDK     : 
12-18 00:05:59.241  3180  3578 I ash     : Pending com.huawei.camera alarm OK !
12-18 00:06:00.014  2852  2852 I TimeManager: chinaDateTime:半夜12:06
12-18 00:06:09.777  1795  1795 I MQoS    : onSignal: mSubId=0,currDataSubID=0
12-18 00:07:16.406  1795 15988 D PowerManagerService: ready=true,policy=3,wakefulness=1,wksummary=0x0,uasummary=0x1,bootcompleted=true,boostinprogress=false,waitmodeenable=false,mode=true,manual=33,auto=-1,adj=0.0userId=0
12-18 00:08:22.118  1795  2396 I SendBroadcastPermission: action:android.intent.action.SIG_STR, mPermissionType:0
12-18 00:08:42.996  1795  1795 I MQoS    : received cell-signal:5
12-18 00:08:45.995  1795  2380 D PowerManagerService: ready=true,policy=3,wakefulness=1,wksummary=0x0,uasummary=0x1,bootcompleted=true,boostinprogress=false,waitmodeenable=false,mode=true,manual=33,auto=-1,adj=0.0userId=0
12-18 00:08:47.835  1795  3238 I AlarmManager: remove(PendingIntent{b2c11ae: PendingIntentRecord{16b6f78 com.android.phone broadcastIntent}}) changed bounds; rebatching
12-18 00:08:49.014  1795  1795 D WifiProJNI: send_cmd_kernel: cmd=1
12-18 00:08:50.321  2852  3556 D NetworkController.MobileSignalController(0): mSimSubId:0 onDataActivity: direction=0
12-18 00:08:54.783  1795  3110 D PowerManagerService: ready=true,policy=3,wakefulness=1,wksummary=0x1,uasummary=0x1,bootcompleted=true,boostinprogress=false,waitmodeenable=false,mode=true,manual=33,auto=-1,adj=0.0userId=0
12-18 00:08:54.809  2852  2852 I HwSignalClusterView: getOrInflateState subId:0
12-18 00:08:56.834  2852  2852 I HwSignalClusterView: getOrInflateState subId:0
12-18 00:09:01.865  2852  2852 D HwCustMobileSignalControllerImpl: isCurrentBySim()=false
12-18 00:09:04.897  2852  2852 I HwSignalClusterView: setMobileDataIndicatorsHuawei subId:0 visible:true strengthIcon:2130839311 typeIcon:2130839195 contentDescription:手机信号满格。 typeContentDescription:4G isTypeIconWide:true showActivity:true activityIn:false activityOut:false isRoaming:false
12-18 00:09:14.701  2852  3556 I HwMobileSignalController: mExtDataOld:ExtData [mMasterNetWorkType=3, mSlaveNetWorkType=0, mMasterNetWorkLevel=4, mSlaveNetWorkLevel=-1, mDataState=2, mDataActivity=4, mDataNetType=13] mExtData:ExtData [mMasterNetWorkType=3, mSlaveNetWorkType=0, mMasterNetWorkLevel=4, mSlaveNetWorkLevel=-1, mDataState=2, mDataActivity=0, mDataNetType=13]
12-18 00:09:14.706  2852  2852 I HwSignalClusterView: getOrInflateState subId:0
12-18 00:09:18.636  1795  1795 I MQoS    : onSignal: mSubId=0,currDataSubID=0
12-18 00:09:35.382  2852  2852 I HwSignalClusterView: getOrInflateState subId:0
12-18 00:09:53.908  2852  3556 D NetworkController.MobileSignalController(0): mSimSubId:0 onDataActivity: direction=3
12-18 00:10:02.919 31949 31985 I PushService: connect :true
12-18 00:10:02.927 31949 31967 I TCP     : tcp.recv{4790} TcpClientThread.onReceiverWork(TcpClientThread.java:292) connected
12-18 00:10:08.680  1795  2381 D libfingersense_wrapper: Calling fingersense_touch_up()
12-18 00:10:08.990  2852  2852 D HwCustMobileSignalControllerImpl: sub =0,strMccMnc =null,hashMccMnc =[],strPlmn =hw_customized_networkType_entry
12-18 00:10:15.066  1795 16500 D PowerManagerService: Releasing suspend blocker "PowerManagerService.WakeLocks".
12-18 00:10:18.798  1795  2381 D libfingersense_wrapper: fingersense_touch_up() finished
12-18 00:10:18.801   533  3739 E ANDR-PERF-MPCTL: Invalid profile no. 0, total profiles 0 only
12-18 00:10:34.235  2852  2852 D NetWorkUtils: mVSimCurCardType is -1
12-18 00:10:44.306  1795  1819 D NetworkManagement: notifyInterfaceClassActivity: client is android.net.INetworkManagementEventObserver$Stub$Proxy@af226
12-18 00:10:55.899  2852  2852 I HwSignalClusterView: getOrInflateState subId:0
12-18 00:10:56.536   533  3739 E ANDR-PERF-MPCTL: Invalid profile no. 0, total profiles 0 only
12-18 00:11:03.761 16105 16105 W art     : JIT profile information will not be recorded: profile file does not exits.
12-18 00:11:04.410   816  1562 W SocketListener: sending broadcast to Pid = 1795, Uid = 1000 
12-18 00:11:12.865  1795  1809 D NavigationBarPolicy: onFling::not valid gesture or touch plus on, false, return!
12-18 00:11:23.060  2852  2852 D HwCustMobileSignalControllerImpl: sub =0,strMccMnc =null,hashMccMnc =[],strPlmn =hw_customized_networkType_entry
12-18 00:11:39.163  1795  1795 I MQoS    : rtt=360,tcp_tx_pkts=1485554,tcp_rx_pkts=1771325
12-18 00:12:00.006  2852  2852 I TimeManager: act:android.intent.action.TIME_TICK  flag:1342177300 FLAG_IS_FIRST_POWER_OFF_ALARM=false android.intent.extra.ALARM_COUNT=1 
12-18 00:12:02.922 31949 31967 I TCP     : tcp.conn{4787} TcpClientThread.connectSocket(TcpClientThread.java:360) notify user tcp connected successully at 36441 to uc.huawei.com:7801
12-18 00:12:11.677  1795  6986 E HsmCoreServiceImpl: onTransact in code is: 102
12-18 00:12:14.661   633 31867 I SDK     : <2016-12-18 00:12:14> [NOTICE] SDK: UE-SeC 2016-12-18 0:12:14:661 Level[NOTICE] magic[3368294688 1013]:s(0, 0),r(0, 0)in 20s;vsock(177114B, 14046B, 0, 0), sock(1203, 1243, 0, 0), times(43, 0, 278, 69), delay(0, 0)ms, m(0, 6144)KB, p:53151, s:53151, t(223, 1, 45340B, 74409B), u(0, 1, 233298B, 65042B), c(2495, 3351, 0, 0), e(93840, 2344)/(1914, 2344), k:102, d(869, 958), de(0), s(online, 2, 1), SSL(0), UDP(0), r_d(0), s_d(0), c_d(0), dur(1663 m), vs(0, 0, 0), sysFM(0 KB), ls(2519, 2519),bypass[0]:[0]
12-18 00:12:19.207  1795  5350 I TrafficMonitor: getStatic,count:0,work status:false
12-18 00:12:29.010  2852  2852 I PhoneStatusBar: removeNotification:0|com.huawei.systemmanager|1074241823|null|1000
12-18 00:12:36.627  1795 17832 D PowerManagerService: ready=true,policy=3,wakefulness=1,wksummary=0x0,uasummary=0x1,bootcompleted=true,boostinprogress=false,waitmodeenable=false,mode=true,manual=33,auto=-1,adj=0.0userId=0
12-18 00:12:37.690  2852  2852 D HwCustMobileSignalControllerImpl: sub =0,strMccMnc =null,hashMccMnc =[],strPlmn =hw_show_4g
12-18 00:12:56.644  1795 17832 D PowerManagerService: ready=true,policy=3,wakefulness=1,wksummary=0x0,uasummary=0x1,bootcompleted=true,boostinprogress=false,waitmodeenable=false,mode=true,manual=33,auto=-1,adj=0.0userId=0
12-18 00:12:59.224  1795  2737 D WifiProJNI: Received kernel message payload: event 0
12-18 00:12:59.283  1795  1819 D NetworkManagement: notifyInterfaceClassActivity: client is com.android.server.connectivity.Tethering@ff4a50f
12-18 00:12:59.347  3218  3218 I QImsService: ImsServiceSub : broadcastVopsSsacIntent Vops = true , Ssac = false
12-18 00:13:04.501  2852  2852 I HwSignalClusterView: setMobileDataIndicatorsHuawei subId:0 visible:true strengthIcon:2130839311 typeIcon:2130839195 contentDescription:手机信号满格。 typeContentDescription:4G isTypeIconWide:true showActivity:true activityIn:false activityOut:false isRoaming:false
12-18 00:13:07.631   802   802 E Thermal-daemon: [Thermal_Hw] temperature_valid, battery : temperature is invalid, invalid temperatrue is 28
12-18 00:13:15.558  2852  2852 D HwCustMobileSignalControllerImpl: sub =0,strMccMnc =null,hashMccMnc =[],strPlmn =hw_customized_networkType_entry
12-18 00:13:35.005  1795  1819 D NetworkManagement: notifyInterfaceClassActivity: client is com.android.server.net.NetworkStatsService$6@5d6efc
12-18 00:13:36.174  2852  2852 I HwSignalClusterView: getOrInflateState subId:0
12-18 00:13:50.474  1795  2380 I PowerManager_screenOn: PowerManagerNotifier onUserActivity: event=2, uid=1000
12-18 00:13:55.390  2852  2852 D HwCustMobileSignalControllerImpl: isCurrentBySim()=false
12-18 00:14:00.000  1795  2376 I AlarmManager: sending alarm Alarm{571531e type 3 when 459776363 android},repeatInterval = 0,listenerTag =time_tick
12-18 00:14:00.413  2852  3556 I NetworkController.MobileSignalController(0): Change in state from: connected=true,enabled=true,level=4,inetCondition=1,iconGroup=IconGroup(4G),activityIn=true,activityOut=true,rssi=0,lastModified=12-18 12:13:55,isRoaming=false,dataSim=true,networkName=中国移动,networkNameData=中国移动,dataConnected=true,isDefault=true,isEmergency=false,airplaneMode=false,carrierNetworkChangeMode=false,userSetup=true
12-18 00:14:08.488  2852  2852 D HwCustMobileSignalControllerImpl: isCurrentBySim()=false
12-18 00:14:39.811  1795  1805 W MediaProcessHandler: remove target not exist, maybe the UI process: uid: 10144, pid: 16969
12-18 00:14:40.809  3218  3218 I SendBroadcastPermission: action:org.codeaurora.VOIP_VOPS_SSAC_STATUS, mPermissionType:0
12-18 00:14:42.905  2852  2852 D NetWorkUtils: is3GCalling is false,mCdmaSlot is -1
12-18 00:14:59.333  1795  1795 I WifiProJNI: ######### CMD_QUERY_PKTS ########
12-18 00:15:06.256  3858  4126 I amsnl   : t:false, fl: false, p: 2147483647000, ce: true, we: false
12-18 00:15:11.123  2852  3556 I NetworkController.MobileSignalController(0): onDataActivity: direction=4
12-18 00:15:12.838  3218  3517 I QImsService: ImsSenderRxr :  Tag -1 3 219 0[SUB0]
12-18 00:15:32.776  2852  2852 D HwCustMobileSignalControllerImpl: isCurrentBySim()=false
12-18 00:15:39.966  2852  2852 D HwCustMobileSignalControllerImpl: sub =0,strMccMnc =null,hashMccMnc =[],strPlmn =hw_show_lte
12-18 00:15:46.238  3218  3218 I QImsService: ImsServiceSubHandler : Message received: what = 27
12-18 00:15:46.590  1795  2380 I PowerManager_screenOn: PowerManagerNotifier onUserActivity: event=2, uid=1000
12-18 00:15:51.362  2852  2852 D HwCustMobileSignalControllerImpl: sub =0,strMccMnc =null,hashMccMnc =[],strPlmn =hw_show_lte
12-18 00:16:00.016  2852  2852 I HwDateUtils: begin of formatChinaDateRange chinaDate:半夜12:16
12-18 00:16:02.856  2852  2852 I HwSignalClusterView: getOrInflateState subId:0
12-18 00:16:02.856  2852  2852 I HwSignalClusterView: getOrInflateState subId:0
12-18 00:16:08.858  1795  3237 D PowerManagerService: ready=true,policy=3,wakefulness=1,wksummary=0x1,uasummary=0x1,bootcompleted=true,boostinprogress=false,waitmodeenable=false,mode=true,manual=33,auto=-1,adj=0.0userId=0
12-18 00:16:15.085  2852  2914 I SimCardMethod: isCardAbsent slot:0 slotState:5
12-18 00:16:43.583  2852  2852 I HwMobileSignalController: notifyListenerHuawei::origin typeIcon:2130839195 icons.mName:4G isSuspend:false, showDataIcon=true, dataConnected=true, isRoaming=false
12-18 00:16:49.237  2852  3556 I HwMobileSignalController: mExtDataOld:ExtData [mMasterNetWorkType=3, mSlaveNetWorkType=0, mMasterNetWorkLevel=4, mSlaveNetWorkLevel=-1, mDataState=2, mDataActivity=4, mDataNetType=13] mExtData:ExtData [mMasterNetWorkType=3, mSlaveNetWorkType=0, mMasterNetWorkLevel=4, mSlaveNetWorkLevel=-1, mDataState=2, mDataActivity=0, mDataNetType=13]
12-18 00:16:53.757  2852  2852 D HwCustMobileSignalControllerImpl: isCurrentBySim()=false
12-18 00:16:59.357  1795  2665 D NetdConnector: RCV <- {613 IfaceClass idle 0 459955714150810}
12-18 00:17:02.931 31949 31967 I TCP     : WatchThread{4786} TcpSocket.close(TcpSocket.java:158) shutdown output: java.net.SocketException: Socket is closed
12-18 00:17:03.075  1795  3225 D PowerManagerService: ready=true,policy=3,wakefulness=1,wksummary=0x1,uasummary=0x1,bootcompleted=true,boostinprogress=false,waitmodeenable=false,mode=true,manual=33,auto=-1,adj=0.0userId=0
12-18 00:17:03.102  2852  2852 D NetWorkUtils: mVSimCurCardType is -1
12-18 00:17:18.570  2852  2852 D HwCustMobileSignalControllerImpl: isCurrentBySim()=false
12-18 00:17:38.779  2852  2852 D HwCustMobileSignalControllerImpl: sub =0,strMccMnc =null,hashMccMnc =[],strPlmn =hw_mcc_mnc
12-18 00:17:39.458  1795  1795 I WifiProJNI: ######### CMD_QUERY_PKTS ########
12-18 00:17:48.021  2852  2852 D HwCustMobileSignalControllerImpl: sub =0,strMccMnc =null,hashMccMnc =[],strPlmn =hw_customized_networkType_entry
12-18 00:17:58.056  2852  2852 D HwCustMobileSignalControllerImpl: isCurrentBySim()=false
12-18 00:17:58.059  2852  2852 D NetWorkUtils: is3GCalling is false,mCdmaSlot is -1
12-18 00:18:05.178  3218  3218 I SendBroadcastPermission: action:org.codeaurora.VOIP_VOPS_SSAC_STATUS, mPermissionType:0
12-18 00:18:10.801  2852  2852 I HwMobileSignalController: notifyListenerHuawei::origin typeIcon:2130839195 icons.mName:4G isSuspend:false, showDataIcon=true, dataConnected=true, isRoaming=false
12-18 00:18:23.986 17357 17357 I 2DSDR   : APS: 2DSDR: AbsListView.FlingRunnable.run(), SDR ratio = 1.0, layer height = 1920, scroll view height = 1494
12-18 00:18:24.754  2852  2852 I HwSignalClusterView: setMobileDataIndicatorsHuawei subId:0 visible:true strengthIcon:2130839311 typeIcon:2130839195 contentDescription:手机信号满格。 typeContentDescription:4G isTypeIconWide:true showActivity:true activityIn:false activityOut:false isRoaming:false
12-18 00:18:29.785  2852  2852 I HwSignalClusterView: getOrInflateState subId:0
12-18 00:18:34.791  2852  3556 D NetworkController.MobileSignalController(0): mSimSubId:0 onDataActivity: direction=0
12-18 00:18:58.788  2852  2852 I HwSignalClusterView: setMobileDataIndicatorsHuawei subId:0 visible:true strengthIcon:2130839311 typeIcon:2130839195 contentDescription:手机信号满格。 typeContentDescription:4G isTypeIconWide:true showActivity:true activityIn:false activityOut:false isRoaming:false
12-18 00:19:05.122  2852  2852 I HwSignalClusterView: getOrInflateState subId:0
12-18 00:19:09.619  2852  3556 I NetworkController.MobileSignalController(0): onSignalStrengthsChanged signalStrength=SignalStrength: -1 0 -1 255 -1 255 -1 255 255 19 -102 -9 100 2147483647 2147483647 false gw|lte level=4 isSuspend=false levelOld=4,mSignalStrength level=4
12-18 00:19:11.628  1795  2748 D HwAmbientLuxFilterAlgo: t=134639937,BT=134640937,DT=134643937,BT1=134643937,DT1=134647937,Bn=false,Dn=false,lx=[0.0/134638434, 0.0/134638735, 0.0/134639035, 0.0/134639336, 0.0/134639637, 0.0/134639937],mLx=0.0,s=5.0,ss=0.0,AuIntervened=false,mProximityState=false,bLux=6.0,dLux=-1.0,bLux1=6.0,dLux1=-1.0
12-18 00:19:15.755  1795  3253 W ActivityManager: Sending non-protected broadcast org.codeaurora.VOIP_VOPS_SSAC_STATUS from system 3218:com.android.phone/1001 pkg com.android.phone
12-18 00:19:24.971  1795  1807 I AwareLog: 16628,10028,5,18,904;9495,10007,5,18,906;16427,1000,6,6,900;13728,1000,6,6,902;
12-18 00:19:28.496  2852  3556 I NetworkController.MobileSignalController(0): onSignalStrengthsChanged signalStrength=SignalStrength: -1 0 -1 255 -1 255 -1 255 255 19 -101 -8 124 2147483647 2147483647 false gw|lte level=4 isSuspend=false levelOld=4,mSignalStrength level=4
12-18 00:19:38.332  3626  3626 E PTM.FileNodeInfo: getTempInfo error: null, 0
12-18 00:19:44.660  1795  3238 W ActivityManager: getRunningAppProcesses: caller 10102 does not hold REAL_GET_TASKS; limiting output
12-18 00:19:45.068  1795  2381 D libfingersense_wrapper: fingersense_classify_touch() finished
12-18 00:20:09.523  1795 17795 W AwareLog: AwareMem_Kill: empty group list!
12-18 00:20:09.578  1795  1795 D HuaweiWifiWatchdogStateMachine:  not in link monitoring mode, ignore TCP result .
12-18 00:20:19.844  2852  2852 D HwCustMobileSignalControllerImpl: sub =0,strMccMnc =null,hashMccMnc =[],strPlmn =hw_customized_networkType_entry
12-18 00:20:24.642  2852  2914 I SimCardMethod: isCardAbsent slot:0 slotState:5
12-18 00:20:29.594  1795  5350 I TrafficMonitor: getStatic,count:0,work status:false
12-18 00:20:29.676  2852  2852 D HwCustMobileSignalControllerImpl: sub =0,strMccMnc =null,hashMccMnc =[],strPlmn =hw_show_lte
12-18 00:20:40.108  3218  3517 I QImsService: ImsSenderRxr : [UNSL]< UNSOL_SSAC_CHANGED org.codeaurora.ims.ImsQmiIF$SsacInfo@895ec4c[SUB0]
12-18 00:20:41.180  2852  3556 D NetworkController.MobileSignalController(0): mSimSubId:0 onDataActivity: direction=3
12-18 00:20:51.872 17357 17357 I 2DSDR   : APS: 2DSDR: AbsListView.FlingRunnable.endFling, we will clear SDR ratio
12-18 00:20:52.572  3180  3332 I ScenarioAction: new ScenarioAction sPoolSize: 0
12-18 00:20:52.622   633 18003 I SDK     : <2016-12-18 00:20:52> [NOTICE] SDK: UE-SeC 2016-12-18 0:20:52:622 Level[NOTICE] magic[2253170976 11279]:Begin add DNS request , callback=CCAA8295, data=BC11F8A0
12-18 00:20:52.849 17357 17378 D 2DSDR   : APS: 2DSDR: CanvasContext::setSDRZoomout(), the SDR ratio from ViewRootImpl is -1.000000, native window width = 1080, height = 1920
12-18 00:20:53.131   802   802 E Thermal-daemon: [Thermal_Hw] temperature_filter: get invalid temperature, use old temp
12-18 00:20:55.288  2852  2852 I HwSignalClusterView: getOrInflateState subId:0
12-18 00:21:04.117  2852  2852 D HwCustMobileSignalControllerImpl: isCurrentBySim()=false
12-18 00:21:37.203  2852  3556 I NetworkController.MobileSignalController(0): onDataActivity: direction=0
12-18 00:21:51.615 17357 17396 E HW-JPEG-DEC: [HME_JPEG_DEC_Delete](3298): HME_JPEG_DEC_Delete: decoder_ctx=null
12-18 00:21:56.993  3858  4126 I amsnl   : t:false, fl: false, p: 2147483647000, ce: true, we: false
12-18 00:22:02.910  3180  5157 I PGServer: report state:5 event type:1 pid:0 uid:10029 pkg:null to pid: 1795
12-18 00:22:03.030 31949 31967 I TCP     : tcp.conn{4787} TcpClientThread.onRecv(TcpClientThread.java:522) tcp connection event TCP_CONNECTED
12-18 00:22:05.383  2852  2852 D HwCustMobileSignalControllerImpl: sub =0,strMccMnc =null,hashMccMnc =[],strPlmn =hw_hspap_show_4g
12-18 00:22:08.211   802   802 E Thermal-daemon: [Thermal_Hw] temperature_valid, battery : temperature is invalid, invalid temperatrue is 30
12-18 00:22:39.720 17357 17357 I browser : 12-18 00:22:39<浏览器>[com.android.browser]:[query]读取浏览器历史
12-18 00:22:40.656  2852  3556 I NetworkController.MobileSignalController(0): onDataActivity: direction=3
12-18 00:22:47.719  2852  2852 D HwCustMobileSignalControllerImpl: sub =0,strMccMnc =null,hashMccMnc =[],strPlmn =hw_show_4g
12-18 00:22:47.723  2852  2852 D NetWorkUtils: mVSimCurCardType is -1
12-18 00:22:51.413  3858  4126 I amsnl   : csr
12-18 00:22:57.028  1795  3238 D PowerManagerService: ready=true,policy=3,wakefulness=1,wksummary=0x1,uasummary=0x1,bootcompleted=true,boostinprogress=false,waitmodeenable=false,mode=true,manual=33,auto=-1,adj=0.0userId=0
12-18 00:23:00.010  2852  2852 I HwDateUtils: formatChinaDateTime, change to China normalTime:半夜12:23
12-18 00:23:03.786  2852  2852 D HwCustMobileSignalControllerImpl: isCurrentBySim()=false
12-18 00:23:05.817  2852  2852 D NetWorkUtils: is3GCalling is false,mCdmaSlot is -1
12-18 00:23:17.056  1795  1795 I MQoS    : received cell-signal:1
12-18 00:23:24.321   633   692 I eSpaceService: Watch Thread{4481} WatchThread.onLoop(WatchThread.java:98) watch thread onLoop...--》 iWatched.doWatch() 
12-18 00:23:24.775  2852  2852 I HwSignalClusterView: getOrInflateState subId:0
12-18 00:23:35.815  2852  2852 D HwCustMobileSignalControllerImpl: sub =0,strMccMnc =null,hashMccMnc =[],strPlmn =hw_show_4_5G_for_mcc
12-18 00:23:36.485 17357 17378 D 2DSDR   : APS: 2DSDR: CanvasContext::setSDRZoomout(), the SDR ratio from ViewRootImpl is -1.000000, native window width = 1080, height = 1920
12-18 00:23:42.243  1795  2381 D libfingersense_wrapper: fingersense_touch_up() finished
12-18 00:23:54.432  2852  2852 D HwCustMobileSignalControllerImpl: isCurrentBySim()=false
12-18 00:24:00.010  2852  2852 I TimeManager: chinaDateTime:半夜12:24
12-18 00:24:01.447  2852  2914 I HwMobileSignalController: subId:0 phoneType:1 networktype:13 targetClass:3 masterLevel:4 slaveLevel:-1
12-18 00:24:09.519  2852  2852 D NetWorkUtils: is3GCalling is false,mCdmaSlot is -1
12-18 00:24:17.085  1795 20747 I SendBroadcastPermission: action:android.intent.action.SIG_STR, mPermissionType:0
12-18 00:24:17.087  3858  4126 I amsnl   : c: true, w: false, t: false, l: false
12-18 00:24:17.560  2852  2852 D HwCustMobileSignalControllerImpl: isCurrentBySim()=false
12-18 00:24:19.363  2852  2914 I HwMobileSignalController: subId:0 phoneType:1 networktype:13 targetClass:3 masterLevel:4 slaveLevel:-1
12-18 00:24:20.499 18479 18479 W art     : JIT profile information will not be recorded: profile file does not exits.
12-18 00:24:20.786  1795  3238 I HwActivityManagerService: Split enqueueing broadcast [callerApp]:ProcessRecord{fddc75d 16628:com.huawei.android.totemweather/u0a28}
12-18 00:24:20.826  2852  2852 D DateTimeView: onClockLocationChange
12-18 00:24:20.856 18479 18493 I Process : Sending signal. PID: 18479 SIG: 9
12-18 00:24:21.858  2852  2852 I PhoneStatusBar: notifyUiVisibilityChanged:vis=0xc0000600, SystemUiVisibility=0xc0000600
12-18 00:24:22.882  1795  5350 I MQoS    : MobileData switch:false
12-18 00:24:23.079   633 31870 I SDK     : 
12-18 00:24:23.137  7194  7194 W BlockMonitor: Message queue size is too large: 722
12-18 00:24:23.508 18554 18554 I HwSystemManager: HsmWifiDetectManager:initWifiSecFeature: Should not enable wifi secure detection
12-18 00:24:23.708  3180  3578 I ash     : pkg null calling: com.huawei.espacev2, pid: 0 ,type: acquire_provider
12-18 00:24:24.967  1795  2381 D InputReader: processEventsLocked code=116
12-18 00:24:24.980  1795  2381 D WindowManager: interceptKeyBeforeQueueing: key 26 , result : 0
12-18 00:24:25.225  2852  2925 D KGWallpaper_Magazine: getNextIndex: 1; from 32 to 33; size: 44
12-18 00:24:25.687  3168  3168 I CHR_TelStatusListenr1: writeSummaryFromParcelLocked, IType:7, mGsmCsCallTimeLen:0
12-18 00:24:25.838  2852  2925 D KGWallpaper_Magazine: getNextIndex: -1; from 33 to 32; size: 44
12-18 00:24:28.317  3218  3218 D HuaweiTelephonyConfigs: fddn EVENT_GET_AD_DONE FDN_PS_CHECK:false ,FDN_PRELOAD_CACHE:true
12-18 00:24:29.221  7741  7758 D TmoMonitor: Cache monitor msg as screen_off
12-18 00:32:55.992  3168  3307 D QmiChr_Native: FetchSignalFromModem, result =1, outputLen =6
12-18 00:32:56.027  3168  3307 W System.err: 	at com.huawei.android.chr.ProtocolLogManager.addSubCommonBaseParaInfo(ProtocolLogManager.java:275)
12-18 00:32:56.071  3168 18767 D HwRepairHelper: getRcvData() TimeGsmLevelOther :  0
12-18 00:32:56.184  1795  1807 W NetworkManagement: setDataSaverMode(): already false
12-18 00:34:28.054  3180  3578 I ash     : com.android.browser goes to hibernation overtime: 62032
12-18 00:34:28.056  2852  2852 I HwDateUtils: formatChinaDateTime, change to China normalTime:半夜12:34
12-18 00:54:39.910  1795  1807 D DeviceIdleController: handleMessage(7)
12-18 00:54:50.903  1795  1795 D WifiService: ACTION_BATTERY_CHANGED pluggedType: 0
12-18 00:54:50.908  3626  3626 E PTM.FileNodeInfo: getTempInfo error: null, 0
12-18 00:54:50.908  3626  3626 E PTM.FileNodeInfo: getTempInfo error: null, 0
12-18 00:54:50.923  3626  3626 E PTM.FileNodeInfo: getTempInfo error: null, 0
12-18 00:56:20.685  3168  3307 I iMonitor: create: 904000000
12-18 01:04:54.688  1795  2376 I AlarmManager: Alarm triggering (type 0 or 2): [Alarm{421f601 type 2 when 462821303 android}]
12-18 01:04:54.774  3626  3626 E PTM.FileNodeInfo: getTempInfo error: null, 0
12-18 01:04:54.774  3626  3626 E PTM.FileNodeInfo: getTempInfo error: null, 0
12-18 01:22:05.058  2852  2852 I HwDateUtils: formatChinaDateTime, change to China normalTime:凌晨1:22
12-18 01:26:21.565  1795 16501 I SendBroadcastPermission: action:android.intent.action.SIG_STR, mPermissionType:0
12-18 01:36:21.861   597   597 I rmt_storage: rmt_storage_disconnect_cb: clnt_h=0x13c conn_h=0x7f8862a370
12-18 01:37:12.297  1795 16498 D PowerManagerService: ready=true,policy=0,wakefulness=0,wksummary=0x1,uasummary=0x0,bootcompleted=true,boostinprogress=false,waitmodeenable=false,mode=true,manual=33,auto=-1,adj=0.0userId=0
12-18 01:37:23.100  1795  3077 I GnssLocationProvider: receive broadcast intent, action: action_inject_location
12-18 01:37:26.014  1795  3975 E LocSvc_libulp: I/int ulp_brain_process_gnss_sv_report(const GnssSvStatus *), gnss sv report cnt = 100, gnss pos report cnt = 0,strong sv cnt = 0
12-18 01:37:37.991  1795  3957 D IzatProviderEngine_jni: Displacement : 0.000000
12-18 01:56:22.492  3218  3517 I QImsService: ImsSenderRxr : Response data: [12, 13, -1, -1, -1, -1, 16, 3, 24, -46, 1, 32, 0, 18, 12, 8, 1, 24, 10, 58, 6, 16, 0, 34, 2, 8, 2, 18, 12, 8, 1, 24, 0, 58, 6, 16, 0, 34, 2, 8, 2, 18, 12, 8, 1, 24, 3, 58, 6, 16, 0, 34, 2, 8, 2, 18, 12, 8, 1, 24, 1, 58, 6, 16, 0, 34, 2, 8, 2, 18, 12, 8, 1, 24, 2, 58, 6, 16, 0, 34, 2, 8, 2, 18, 14, 8, 1, 24, 11, 58, 8, 8, 14, 16, 0, 34, 2, 8, 2][SUB0]
12-18 01:56:22.537  3168  3370 I CHR_ChrUtil: is Beta User, userType = 3
12-18 01:56:23.490  1795  2323 E UsbDeviceManager: 	at java.io.FileInputStream.<init>(FileInputStream.java:146)
12-18 02:23:40.793  2852  2852 W PanelView: set notification panel padding = 1914
12-18 02:23:40.848  1795 18958 E BatteryStatsService: no controller energy info supplied
12-18 02:23:40.886  3626  3755 I LogTrack: Handler Thread:com.huawei.lcagent.service.LogTrack
12-18 02:23:40.892  3626  3626 E PTM.FileNodeInfo: getTempInfo error: null, 0
12-18 02:23:40.918  1795 18959 D PFW.HwPFWAppWakeLockPolicy: getUidWakeLock uid: 10074 wakelock(minutes): 0
12-18 02:23:41.100   818  1152 I logserver: handle_exception_events enter
12-18 02:26:24.744  3168  3370 I CHR_LogDatabase: msg = 1 received
12-18 02:26:24.752  3626  3753 I UserSpecification: handleOverSize()
12-18 02:26:24.781  1795 16500 D PowerManagerService: acquire lock=63069109, flags=0x1, tag="RILJ_ACK_WL", name=com.android.phone, ws=null, uid=1001, pid=3218
12-18 02:26:25.284  3218  3517 I QImsService: ImsSenderRxr :  Tag -1 3 210 0[SUB0]
12-18 02:35:08.853   818  1089 I iMonitor: create: 902500004
12-18 02:35:08.966   818  1089 I iMonitor: create: 902500004
12-18 02:39:17.886  1795  2323 E UsbDeviceManager: 	at com.android.server.usb.UsbDeviceManager$2.onUEvent(UsbDeviceManager.java:328)
12-18 02:56:25.683  3168  3307 E         : ---qmi : rapi_event_type=10044, qmi_ret=0, return_status=1. 
12-18 02:56:26.237  3218  3517 I QImsService: ImsSenderRxr :  networkMode = -1 status = 0 restrictCause = 0 registered = 2[SUB0]
12-18 02:56:26.331  3858  4126 I amsnl   : c: true, w: false, t: false, l: false
12-18 03:25:54.630  1795  2323 E UsbDeviceManager: 	at android.os.UEventObserver$UEventThread.sendEvent(UEventObserver.java:210)
12-18 03:25:54.635  3626  3626 E PTM.FileNodeInfo: getTempInfo error: null, 0
12-18 03:25:54.732  2852  2852 I HwDateUtils: begin of formatChinaDateRange chinaDate:凌晨3:25
12-18 03:25:54.802  1795  3238 I ActivityManager_broadcast: dispatch ordered broadcast [background] BroadcastRecord{d24f6b9 u0 com.huawei.hwsystemmanager.power.SCHEDULE_RECORD_POWER_CONSUME}, has 1 receivers
12-18 03:25:54.826  3168  3370 I CHR_LogDatabase: msg = 1 received
12-18 03:26:26.682  3168  3370 I CHR_ChrUtil: is Beta User, userType = 3
12-18 03:26:26.687  2852  2852 D HwPhoneStatusBarPolicy: state is UNREGISTERED
12-18 03:26:26.700  3168  3307 I CHR_ProtocolLogManager: The event is: 2
12-18 03:26:26.793  3168 19085 D HwRepairHelper: update()   updated:  00
12-18 03:56:27.663  3382  3399 D QcrilMsgTunnelSocket: Broadcasting intent ACTION_RAC_CHANGED
12-18 03:56:27.721  2852  2914 I HwMobileSignalController: subId:0 phoneType:1 networktype:13 targetClass:3 masterLevel:4 slaveLevel:-1
12-18 03:56:28.233  1795  1808 I ActivityManager_broadcast: dispatch ordered broadcast [background] BroadcastRecord{8ec2d36 u0 huawei.intent.action.IMS_SERVICE_STATE_CHANGED}, has 1 receivers
12-18 04:01:15.784  2852  2852 W PanelView: set notification panel padding = 1914
12-18 04:01:15.983  1795 11746 E BatteryStatsService: no controller energy info supplied
12-18 04:01:16.203  3626  3754 I LogDatabase: clearLog2 , restrainFileNum = 128
12-18 04:16:50.234  2852  2852 W KeyguardUpdateMonitor: ACTION_BATTERY_CHANGED AMP: 0; Volt: 0
12-18 04:26:28.648  1795  2323 E UsbDeviceManager: 	at java.io.FileInputStream.open(Native Method)
12-18 04:26:28.669  3168  3307 D QmiChr_Native: QmiChr_FetchModemInfo, result =1, outputLen =24
12-18 04:35:05.112  1795  2323 E UsbDeviceManager: java.io.FileNotFoundException: sys/class/hw_power/charger/charge_data/water_intrused (No such file or directory)
12-18 04:56:29.565  3218  3218 I QImsService: ImsServiceSub : Call Type 11has num updates = 1
12-18 04:56:29.626  3218  3218 D HwCust  : Create obj success use class com.android.settings.deviceinfo.HwCustStatusImpl
12-18 04:56:30.121   828 19244 D QC-time-services: Daemon:Delta read on boot mseconds = 3362348612
12-18 04:56:30.121   828 19244 D QC-time-services: Daemon: delta 1478169112222 genoff 1478169112222 
12-18 04:56:30.138  3218  3517 I QImsService: ImsSenderRxr : Response data: [12, 13, -1, -1, -1, -1, 16, 3, 24, -46, 1, 32, 0, 18, 12, 8, 1, 24, 10, 58, 6, 16, 0, 34, 2, 8, 2, 18, 12, 8, 1, 24, 0, 58, 6, 16, 0, 34, 2, 8, 2, 18, 12, 8, 1, 24, 3, 58, 6, 16, 0, 34, 2, 8, 2, 18, 12, 8, 1, 24, 1, 58, 6, 16, 0, 34, 2, 8, 2, 18, 12, 8, 1, 24, 2, 58, 6, 16, 0, 34, 2, 8, 2, 18, 14, 8, 1, 24, 11, 58, 8, 8, 14, 16, 2, 34, 2, 8, 1][SUB0]
12-18 05:26:30.515  3168  3307 W System.err: 	at com.huawei.android.chr.ProtocolLogManager.addSubCommonBaseParaInfo(ProtocolLogManager.java:275)
12-18 05:26:30.575  3466  3466 I Contacts: DialpadFragment Sim presence : 1
12-18 05:26:30.611   800  1015 D         : oem-qmi: recv_id_l = 14 recv_id=14
12-18 05:26:30.612  3168  3369 I CHR_ChrVolteStatisticInfoUtil: setVoLTECallStatisResult: chrVolteStatisticInfo= mCount=0, mAvgValue=0, mMaxValue=0, mMinValue=0
12-18 05:26:30.637  2883  2883 I HwSystemManager: ScheduleRecordPowerConsumeReceiver:onReceive: Action = com.huawei.hwsystemmanager.power.SCHEDULE_RECORD_POWER_CONSUME
12-18 05:26:30.700  1795 16498 D PowerManagerService: ready=true,policy=0,wakefulness=0,wksummary=0x1,uasummary=0x0,bootcompleted=true,boostinprogress=false,waitmodeenable=false,mode=true,manual=33,auto=-1,adj=0.0userId=0
12-18 05:26:31.098   828 19281 D QC-time-services: Daemon:Delta read on boot mseconds = 3362348612
12-18 05:26:31.136  3218  3517 I QImsService: ImsSenderRxr : isValid = true type = 3 status = 0 userdata = null[SUB0]
12-18 05:26:31.220  3218  3218 W CfgFilePolicy: No config file found for:xml/VirtualNet_cust.xml
12-18 05:56:31.491  1795  3249 D PowerManagerService: ready=true,policy=0,wakefulness=0,wksummary=0x1,uasummary=0x0,bootcompleted=true,boostinprogress=false,waitmodeenable=false,mode=true,manual=33,auto=-1,adj=0.0userId=0
12-18 06:06:33.039  3626  3626 E PTM.FileNodeInfo: getTempInfo error: null, 0
12-18 06:26:32.559  3858  4126 I amsnl   : m1: false
12-18 06:26:32.630  3626  3626 E PTM.FileNodeInfo: getTempInfo error: null, 0
12-18 06:26:33.038   817  1099 E QC-time-services: Receive Passed == base = 13, unit = 1, operation = 0, result = 0
12-18 06:26:33.040  3218  3218 I QImsService: ImsServiceSubHandler : Notify IMS state is UNREGISTERED
12-18 06:56:33.407  3168  3307 I CHR_ChrCommonInfo: getSlotCardState = MASTER_ONLY
12-18 06:56:33.426  3218  3218 E HW-JPEG-DEC: [HME_JPEG_DEC_Delete](3298): HME_JPEG_DEC_Delete: decoder_ctx=null
12-18 06:56:32.086  3808  3808 D AlarmEngineManager: The time change action is not made by uesrs, ignore!
12-18 06:56:32.148  1795 11747 D HwConnectivityService: return the background wifi network info for system manager.
12-18 06:56:32.277  3626  3626 E PTM.FileNodeInfo: getTempInfo error: null, 0
12-18 06:56:32.331  3168 19427 D HwRepairHelper: getRcvData() TimeTdsLevel2 :  0
12-18 06:56:32.487 19402 19435 I HwDeskClock: Alarms info:setNextAlert : has not alarm in database, or not alarm enable.
12-18 07:00:06.729  1795  1795 D ConditionProviders.SCP: addToNotifyList condition://android/schedule?days=6.7&start=23.30&end=10.0 STATE_TRUE reason=meetsSchedule
12-18 07:15:21.386  2852  2852 D TintTextView: #B3FFFFFF com.android.systemui.tint.TintTextView{f83e2df V.ED..... ......ID 0,1-66,43 #7f1401be app:id/battery_outside_percent}
12-18 07:15:21.412  2852  2852 D DateTimeView: Change to single clock mode!
12-18 07:15:21.493  1795  1825 D DisplayPowerController: Animating brightness: target=0, rate=0
12-18 07:15:21.687  2852  2852 I StatusBarWindowManager: apply skiped :0
12-18 07:15:21.738  2852  2852 I StackScrollAlgorithm: overlapAmount:323.0, previousNotificationEnd:0.0, newYTranslation:-323.0, location:4, i:0, getTopPadding:499.0, getLocationOnScreen():-822
12-18 07:15:21.807  2852  2925 V AudioManager: isStreamMute   streamType: 2
12-18 07:15:21.812  1046  2703 I audio_hw_primary: adev_get_parameters: exit: returns - 
12-18 07:15:21.880  3879  4071 I HwLauncher: WeatherDynamicUpdater update before : mDrawingData[1] = num1:96, 192, 0
12-18 07:15:21.885  3180  3578 I ash     : perform hibernation actions!
12-18 07:15:21.965  3626  4889 E PTM.FileNodeInfo: getTempInfo error: null, 0
12-18 07:15:21.965  3626  4889 E PTM.FileNodeInfo: getTempInfo error: null, 0
12-18 07:15:21.971  3626  4889 E PTM.FileNodeInfo: getTempInfo error: null, 0
12-18 07:15:21.977 25067 25067 I BetaClub: [RouteService.onDestroy]
12-18 07:15:22.081  5224  5283 I Step_HSNH: 20002302|upDateHealthNotification()|0|0|0
12-18 07:15:22.260   835  2385 E libteec : receive data len = 128
12-18 07:15:22.520  2883  2996 I HwSystemManager: NatTrafficNotifyService:delta byte = 0 no traffic delta = 0Traffic state is 301
12-18 07:15:22.565  1795  3225 W ActivityManager: getRunningAppProcesses: caller 10102 does not hold REAL_GET_TASKS; limiting output
12-18 07:15:23.908  1795 19557 I ActivityManager: cleanUpApplicationRecordLocked, reset pid: 19437, euid: 0
12-18 07:15:45.687  1795  1825 D DisplayPowerController: Display ready!
12-18 07:15:51.306  3858  4126 I amsnl   : csr
12-18 07:15:52.211  2852  2852 D LiftTransition: setLiftRange: -446.0, threshold = 223.0
12-18 07:15:52.278  3168  3168 I CHR_TelStatusListenr0: writeSummaryFromParcelLocked, IRat:0, mWcdmaBandTimeLen:0
12-18 07:15:57.345  2852  2852 D KeyguardViewMediator: doKeyguard: showing the lock screen
12-18 07:18:14.496  1795  2323 D HwBatteryService: onUEvent fcpStatus = 0,scpStatus =0,ovpStatus=0
12-18 07:22:47.520  2852  2852 I HwDateUtils: begin of formatChinaDateRange chinaDate:早上7:22
12-18 07:23:02.644  3626  3754 I LogDatabase: msg = 21 received
12-18 07:26:40.418  2852  2852 W PanelView: set notification panel padding = 1914
12-18 07:28:55.775   597   780 I rmt_storage: rmt_storage_client_thread: /boot/modem_fs2: clnt_h=0x144: req_h=0x144 msg_id=3: Send response: res=0 err=0
12-18 07:29:15.990  1795  2323 E UsbDeviceManager: java.io.FileNotFoundException: sys/class/hw_power/charger/charge_data/water_intrused (No such file or directory)
12-18 07:29:21.854  2852  2852 D KG_Policy: getRemainingChance 5
12-18 07:29:22.122  2852  3344 D KeyguardViewMediator: notifyScreenTurnedOn
12-18 07:29:22.359   835  2385 D fingerprintd: onAcquired(2002)
12-18 07:29:23.241  2852  2852 I StatusBarWindowManager: apply skiped :0
12-18 07:29:23.315  1795  2748 D HwAmbientLuxFilterAlgo: earliestValidTime + POWER_ON_BRIGHTENING_LIGHT_DEBOUNCE
12-18 07:29:23.366  1795  1795 I qti_sensors_hal: activate: 295 activate sensors is 2000000000001
