12-17 20:23:52.468  2852  2852 D StatusBar: updateNotification(StatusBarNotification(pkg=com.huawei.health user=UserHandle{0} id=10010 tag=null key=0|com.huawei.health|10010|null|10099: Notification(pri=0 contentView=null vibrate=null sound=null defaults=0x0 flags=0x62 color=0x00000000 vis=PRIVATE)))
12-17 20:23:52.470  2852  2852 D HwCust  : Create obj success use class android.app.HwCustNotificationImpl
12-17 20:23:52.784  2852  2852 D HwCustMobileSignalControllerImpl: sub =0,strMccMnc =null,hashMccMnc =[],strPlmn =hw_show_4g
12-17 20:23:53.986  1795  2380 D PowerManagerService: ready=true,policy=3,wakefulness=1,wksummary=0x0,uasummary=0x1,bootcompleted=true,boostinprogress=false,waitmodeenable=false,mode=true,manual=33,auto=-1,adj=0.0userId=0
12-17 20:23:54.433  2852  2852 I EventCenter: EventCenter Get :android.com.huawei.bone.NOTIFY_SPORT_DATA
12-17 20:23:55.442  1795  1795 V NotificationService: disableEffects=null canInterrupt=false once update: false
12-17 20:23:55.455  2852  2852 D StatusBar: applyInPlace=true shouldPeek=false alertAgain=true
12-17 20:23:56.495  1795  1795 I MQoS    : received cell-signal:5
12-17 20:23:57.275  1795  3249 I HwActivityManagerService: Split enqueueing broadcast [callerApp]:ProcessRecord{4ff57fc 3382:com.qualcomm.qcrilmsgtunnel/1001}
12-17 20:23:57.432  5224  5283 I SendBroadcastPermission: action:android.com.huawei.bone.NOTIFY_SPORT_DATA, mPermissionType:0
12-17 20:24:13.791  2852  2852 D HwCustMobileSignalControllerImpl: sub =0,strMccMnc =null,hashMccMnc =[],strPlmn =hw_show_4g
12-17 20:24:13.999  1795  2750 D HW_DISPLAY_EFFECT: presently, hw_update_color_temp_for_rg_led interface not achieved.
12-17 20:24:14.068  2852  2925 I EventCenter: ContentChange for slot: 1
12-17 20:24:15.207  5224  5283 I Step_ExtendStepDataManager: 20002302|after compensate: cache step_6374
12-17 20:24:15.607  1795  2750 D HW_DISPLAY_EFFECT: presently, hw_update_color_temp_for_rg_led interface not achieved.
12-17 20:24:16.188  2852  2852 I HwBrightnessUtils: APS brightness=9.0,ConvertToPercentage=0.11354411
12-17 20:24:16.855  1795 15987 D PowerManagerService: ready=true,policy=3,wakefulness=1,wksummary=0x1,uasummary=0x1,bootcompleted=true,boostinprogress=false,waitmodeenable=false,mode=true,manual=33,auto=-1,adj=0.0userId=0
12-17 20:24:17.190  5224  5224 I Step_LSC: 20002302|compensate received
12-17 20:24:18.183  5224  5224 I Step_LSC: 20002302|onStandStepChanged 67754
12-17 20:24:18.187  5224  5224 I Step_LSC: 20002302|compensate received
12-17 20:24:18.206  5224  5283 I Step_ExtendStepDataManager: 20002302|before compensate: cache step_6379
12-17 20:24:19.294  2852  2852 D HwCust  : Create obj success use class android.app.HwCustNotificationImpl
12-17 20:24:25.872  1795  2750 D HW_DISPLAY_EFFECT: presently, hw_update_color_temp_for_rg_led interface not achieved.
12-17 20:24:29.289  1795 15988 I SendBroadcastPermission: action:android.intent.action.SIG_STR, mPermissionType:0
12-17 20:24:29.922   606  2379 E libteec : receive data len = 128
12-17 20:24:30.000  1795 17832 V SecInputMethodManagerService: Client requesting input be hidden, pid=4492
12-17 20:24:30.106  2852  2852 I BitmapUtils: 	at com.huawei.keyguard.support.magazine.KeyguardWallpaper.updateWallpaper(KeyguardWallpaper.java:145)
12-17 20:24:30.115  2852  2852 I BitmapUtils: java.lang.Exception
12-17 20:24:30.290   533  3739 E ANDR-PERF-MPCTL: Invalid profile no. 0, total profiles 0 only
12-17 20:24:30.299  2852  2852 D MagazineDetailView: resetPagerState
12-17 20:24:30.342  2852  2852 V MagazineUtils: Is User Assigned Wallpaper? : 0  false
12-17 20:24:30.381  1795  1795 D WifiService: onReceive, action:android.intent.action.SCREEN_OFF
12-17 20:24:30.504  7741  7741 D Mms_TX_NOTIFY: Get no-perm notification callback android.intent.action.SCREEN_OFF
12-17 20:24:30.882  1795 11745 D PowerManagerService: ready=true,policy=0,wakefulness=0,wksummary=0x1,uasummary=0x0,bootcompleted=true,boostinprogress=false,waitmodeenable=false,mode=true,manual=33,auto=-1,adj=0.0userId=0
12-17 20:24:32.452  3180  3578 I ScreenLockClean: Screen Off get Clean Apps Num:0 expend time(ms):6
12-17 20:24:32.886  2852  2852 D HwCustMobileSignalControllerImpl: sub =0,strMccMnc =null,hashMccMnc =[],strPlmn =hw_hspap_show_4g
12-17 20:24:35.010  2852  2852 W StatusBarWindowManager: Apply window Height MATCH_PARENT
12-17 20:24:35.035  1795 16498 D Telecom : TelecomServiceImpl: isInCall callState is 0: TSI.iIC@EwY
12-17 20:24:35.087  2852  2852 I PanelBar: panelExpansionChanged 0.0, true
12-17 20:24:35.207 17709 23635 I HwIntelligent3_WorkCommuteManager: resetCommute
12-17 20:25:11.776  1795  1819 D NetworkManagement: notifyInterfaceClassActivity: client is com.android.server.ConnectivityService$1@e0f099c
12-17 20:25:11.787   633 31870 I SDK     : 
12-17 20:25:11.792   633 31870 I SDK     : <2016-12-17 20:25:11> [WARN] SDK: UE-SeC 2016-12-17 20:25:11:792 Level[WARN] magic[3362781472 684]:PubEvt_Close Getting a socket[62] from the Socket-table Failed!
12-17 20:25:11.798   633   692 I eSpaceService: Watch Thread{4481} WatchThread.onLoop(WatchThread.java:90) watch delay to start
12-17 20:25:11.803   633 31870 I SDK     : 
12-17 20:25:11.804   633   692 I TCP     : tcp.recv{4488} TcpClientThread.onReceiverWork(TcpClientThread.java:314) disconnected
12-17 20:25:11.821   633 31870 I SDK     : <2016-12-17 20:25:11> [WARN] SDK: UE-SeC 2016-12-17 20:25:11:821 Level[WARN] magic[3362781472 684]:PubEvt_Close Getting a socket[104] from the Socket-table Failed!
12-17 20:25:11.830   633 31870 I SDK     : <2016-12-17 20:25:11> [WARN] SDK: UE-SeC 2016-12-17 20:25:11:830 Level[WARN] magic[3362781472 684]:PubEvt_Close Getting a socket[172] from the Socket-table Failed!
12-17 20:25:11.944   633 31868 I SDK     : 
12-17 20:25:12.092   633 31868 I SDK     : <2016-12-17 20:25:12> [NOTICE] SDK: UE-SeC 2016-12-17 20:25:12:92 Level[NOTICE] magic[3365677344 394]:L4VPN notify callback sdkey status 0
12-17 20:25:16.338  2852  2852 I NotificationGroupManager: onEntryAdded:0|com.huawei.health|10010|null|10099, group=0|com.huawei.health|10010|null|10099
12-17 20:25:16.339  2852  2852 D HwCust  : Create obj success use class android.app.HwCustNotificationImpl
12-17 20:25:16.623  2852  2852 W HwLockScreenPanel: Handle message: 4
12-17 20:25:16.688  1795  1795 E         : Lib:oem_qmi_cmd: Send to server  passed!!
12-17 20:25:21.831  1795  3121 I ActivityManager_broadcast: collectReceiverComponents, callerApp: ProcessRecord{24cdca7 3218:com.android.phone/1001}, intent:android.intent.action.LTE_CA_STATE, receiver size:1, flags: 10000400
12-17 20:25:21.838  3382  3399 D QcrilMsgTunnelSocket: readRilMessage: Buffer = [B@204bb9f HexData = [010000000404000012000000514f454d484f4f4b1d04080002000000ffff]
12-17 20:25:21.841  2852  2914 I SimCardMethod: isCardAbsent slot:0 slotState:5
12-17 20:25:22.112  2852  2852 I HwPhoneStatusBar: updateNotificationShade
12-17 20:25:23.259  1795  3110 I SendBroadcastPermission: action:android.intent.action.SIG_STR, mPermissionType:0
12-17 20:25:24.007  1795  2323 E UsbDeviceManager: 	at java.io.FileInputStream.<init>(FileInputStream.java:146)
12-17 20:25:30.138  1795  2323 E UsbDeviceManager: 	at android.os.UEventObserver$UEventThread.run(UEventObserver.java:187)
12-17 20:25:30.152  1795  6988 D PowerManagerService: ready=true,policy=0,wakefulness=0,wksummary=0x1,uasummary=0x0,bootcompleted=true,boostinprogress=false,waitmodeenable=false,mode=true,manual=33,auto=-1,adj=0.0userId=0
12-17 20:25:30.222  3382  3399 D QcrilMsgTunnelSocket: readRilMessage: Buffer = [B@204bb9f HexData = [010000000404000012000000514f454d484f4f4b1d04080002000000ffff]
12-17 20:25:52.291  1795  1819 D NetworkManagement: notifyInterfaceClassActivity: client is com.android.server.connectivity.Vpn$2@e40aefb
12-17 20:25:52.295  5224  5283 I Step_DataCache: 20002302|getTodayTotalSteps 6476
12-17 20:25:52.313  1795  1795 I NotificationManager: enqueueNotificationInternal: n.getKey = 0|com.huawei.health|10010|null|10099
12-17 20:25:52.350  2852  2852 W PanelView: set notification panel padding = 1429
12-17 20:25:52.491  5224  5283 I Step_DataCache: 20002302|getTodayTotalSteps 6516
12-17 20:25:52.528  2852  2852 I NotificationContentView: transferRemoteInputFocus: 0
12-17 20:25:52.981  5224  5283 I Step_ExtendStepDataManager: 20002302|after compensate: cache step_6517
12-17 20:25:53.268  1795  6986 D PowerManagerService: release:lock=37112369, flg=0x0, tag="mWakeLockForThread", name=android", ws=null, uid=1000, pid=7194
12-17 20:25:53.715  1795  3253 D PowerManagerService: acquire lock=68419859, flags=0x1, tag="RILJ_ACK_WL", name=com.android.phone, ws=null, uid=1001, pid=3218
12-17 20:25:57.040  2852  2852 D StatusBar: updateNotification(StatusBarNotification(pkg=com.huawei.health user=UserHandle{0} id=10010 tag=null key=0|com.huawei.health|10010|null|10099: Notification(pri=0 contentView=null vibrate=null sound=null defaults=0x0 flags=0x62 color=0x00000000 vis=PRIVATE)))
12-17 20:25:57.494  1795 15988 D PowerManagerService: ready=true,policy=0,wakefulness=0,wksummary=0x1,uasummary=0x0,bootcompleted=true,boostinprogress=false,waitmodeenable=false,mode=true,manual=33,auto=-1,adj=0.0userId=0
12-17 20:25:57.509  1795  6986 D PowerManagerService: acquire lock=68419859, flags=0x1, tag="RILJ_ACK_WL", name=com.android.phone, ws=null, uid=1001, pid=3218
12-17 20:25:59.703  2852  2852 I NotificationContentView: transferRemoteInputFocus: 0
12-17 20:25:59.716  3858  4126 I amsnl   : csr
12-17 20:25:59.740  1795 15987 I ActivityManager_broadcast: collectReceiverComponents, callerApp: ProcessRecord{24cdca7 3218:com.android.phone/1001}, intent:android.intent.action.LTE_CA_STATE, receiver size:1, flags: 10000400
12-17 20:26:03.473  1795  1795 I DeviceIdleController: updateChargingLocked: charging=false
12-17 20:26:03.475  1795  2323 E UsbDeviceManager: Error reading charge file
12-17 20:26:03.476  3626  3626 E PTM.FileNodeInfo: getTempInfo error: null, 0
12-17 20:26:03.639  1795  1795 V AlarmManager: Received TIME_TICK alarm; rescheduling
12-17 20:26:03.646  3180  3578 I ash     : clear hibernation actions!
12-17 20:26:03.767  5224  5224 I Step_LSC: 20002302|onStandStepChanged 67910
12-17 20:26:04.032  2852  2852 D DateTimeView: Change to single clock mode!
12-17 20:26:11.120  1795  3884 D PowerManagerService: ready=true,policy=0,wakefulness=0,wksummary=0x1,uasummary=0x0,bootcompleted=true,boostinprogress=false,waitmodeenable=false,mode=true,manual=33,auto=-1,adj=0.0userId=0
12-17 20:26:42.856  5224  5283 I Step_ExtendStepDataManager: 20002302|before compensate: cache step_6548
12-17 20:26:43.024  4492  4492 D HwCust  : Create obj success use class android.app.HwCustNotificationImpl
12-17 20:26:43.878  3879  4071 D ApplicationPackageManager: queryIntentActivitiesAsUser size results:1, for package:com.tencent.mm
12-17 20:26:47.767  1795  2323 E UsbDeviceManager: java.io.FileNotFoundException: sys/class/hw_power/charger/charge_data/water_intrused (No such file or directory)
12-17 20:26:47.798  2852  2852 D StatusBar: updateNotification(StatusBarNotification(pkg=com.huawei.health user=UserHandle{0} id=10010 tag=null key=0|com.huawei.health|10010|null|10099: Notification(pri=0 contentView=null vibrate=null sound=null defaults=0x0 flags=0x62 color=0x00000000 vis=PRIVATE)))
12-17 20:26:47.814  2852  2852 I HwNotificationIconAreaController: showNotificationAll
12-17 20:26:47.832  2852  2852 D HwCustMobileSignalControllerImpl: isCurrentBySim()=false
12-17 20:27:00.854  5224  5283 I Step_HSNH: 20002302|upDateHealthNotification()|141|4.72|6610
12-17 20:27:05.702  3382  3399 D QcrilMsgTunnelSocket: readRilMessage: Buffer = [B@204bb9f HexData = [010000000404000012000000514f454d484f4f4b1d04080002000000ffff]
12-17 20:27:08.323  1795  2323 E UsbDeviceManager: Error reading charge file
12-17 20:27:09.581  2852  2852 I HwSignalClusterView: getOrInflateState subId:0
12-17 20:27:11.900  3382  3399 I SendBroadcastPermission: action:qualcomm.intent.action.ACTION_RAC_CHANGED, mPermissionType:0
12-17 20:27:13.135  1795 11746 I NotificationManager: enqueueNotificationInternal: pkg=com.huawei.health id=10010 notification=Notification(pri=0 contentView=null vibrate=null sound=null defaults=0x0 flags=0x2 color=0x00000000 vis=PRIVATE)
12-17 20:27:13.177  2852  2852 D HwCustMobileSignalControllerImpl: isCurrentBySim()=false
12-17 20:27:17.253  3218  3218 E HW-JPEG-DEC: [HME_JPEG_DEC_Delete](3298): HME_JPEG_DEC_Delete: decoder_ctx=null
12-17 20:27:42.815  1795  2323 E UsbDeviceManager: 	at java.io.FileInputStream.<init>(FileInputStream.java:146)
12-17 20:27:42.833  1795  2665 D NetdConnector: RCV <- {613 IfaceClass idle 0 446199194001768}
12-17 20:27:43.019  1795 16500 D PowerManagerService: acquire lock=161319182, flags=0x1, tag="WakerLock:218529747", name=com.tencent.mm, ws=null, uid=10105, pid=4634
12-17 20:27:43.165   814 23929 V NuPlayer: kWhatSetAudioSink
12-17 20:27:43.227  2852  2852 W AppHandler: sendMessage 4
12-17 20:27:43.925  5224  5283 I Step_DataCache: 20002302|getTodayTotalSteps 6685
12-17 20:28:01.998   633   692 I TCP     : tcp.recv{4488} TcpSocket.close(TcpSocket.java:158) shutdown output: java.net.SocketException: Socket is closed
12-17 20:28:02.045   633 31870 I SDK     : <2016-12-17 20:28:02> [WARN] SDK: UE-SeC 2016-12-17 20:28:2:45 Level[WARN] magic[3362781472 684]:PubEvt_Close Getting a socket[82] from the Socket-table Failed!
12-17 20:28:02.052   633 31870 I SDK     : <2016-12-17 20:28:02> [WARN] SDK: UE-SeC 2016-12-17 20:28:2:51 Level[WARN] magic[3362781472 684]:PubEvt_Close Getting a socket[122] from the Socket-table Failed!
12-17 20:28:02.064   633 31870 I SDK     : 
12-17 20:28:02.064   633 31870 I SDK     : 
12-17 20:28:02.068   633 31870 I SDK     : 
12-17 20:28:02.070   633 31870 I SDK     : <2016-12-17 20:28:02> [WARN] SDK: UE-SeC 2016-12-17 20:28:2:70 Level[WARN] magic[3362781472 684]:PubEvt_Close Getting a socket[233] from the Socket-table Failed!
12-17 20:28:02.070   633 31870 I SDK     : 
12-17 20:28:02.380   633 31868 I SDK     : 
12-17 20:28:02.609  3180  3578 I ash     : pkg null calling: com.huawei.espacev2, pid: 0 ,type: acquire_provider
12-17 20:28:02.813  2852  2852 D StatusBar: No peeking: not in use: 0|com.huawei.health|10010|null|10099
12-17 20:28:02.813  2852  2852 I NotificationGroupManager: onEntryUpdated:0|com.huawei.health|10010|null|10099
12-17 20:28:03.682  2852  2852 D StatusBar: updateNotification(StatusBarNotification(pkg=com.huawei.health user=UserHandle{0} id=10010 tag=null key=0|com.huawei.health|10010|null|10099: Notification(pri=0 contentView=null vibrate=null sound=null defaults=0x0 flags=0x62 color=0x00000000 vis=PRIVATE)))
12-17 20:28:05.620  5224  5283 I Step_LSC: 20002302|REPORT : 6725 143832 4796 0
12-17 20:28:06.023 31949 31967 I TCP     : tcp.conn{4787} TcpClientThread.connectSocket(TcpClientThread.java:349) connecting max 30000ms to uc.huawei.com:7801
12-17 20:28:16.640  1795  2323 E UsbDeviceManager: Error reading charge file
12-17 20:28:16.641  1795 15987 W ActivityManager: getRunningAppProcesses: caller 10102 does not hold REAL_GET_TASKS; limiting output
12-17 20:28:16.670  3879  4071 I HwResourcesImpl: load icon id : 7f03003f, pkgName : com.huawei.espacev2
12-17 20:28:16.714  3879  4071 I HwLauncher: Launcher.Utilities  unread scaledHeight = 55;sBigIconSize = 175
12-17 20:28:16.714  3879  3879 I HwLauncher: Launcher.Folder childCount: 7
12-17 20:28:31.535  3180  3578 D ApplicationPackageManager: queryIntentActivitiesAsUser size results:1, for package:com.android.browser
12-17 20:28:31.560  1795  1807 I AwareLog: AppHiber_Task:  Screen   Off  State, frozenInhandleMsg Return
12-17 20:28:36.510   633   692 I eSpaceService: Watch Thread{4481} WatchThread.onLoop(WatchThread.java:94) watch thread onLoop... 
12-17 20:29:03.910  3382  3399 D QcrilMsgTunnelSocket: Broadcasting intent ACTION_RAC_CHANGED
12-17 20:29:03.962  3382  3399 I SendBroadcastPermission: action:qualcomm.intent.action.ACTION_RAC_CHANGED, mPermissionType:0
12-17 20:29:04.056  3858  4126 I amsnl   : c: true, w: false, t: false, l: false
12-17 20:29:06.441  1795  1819 D NetworkManagement: notifyInterfaceClassActivity: client is com.android.server.net.NetworkStatsService$6@5d6efc
12-17 20:29:06.454   633 31870 I SDK     : 
12-17 20:29:06.481   633 31870 I SDK     : <2016-12-17 20:29:06> [WARN] SDK: UE-SeC 2016-12-17 20:29:6:481 Level[WARN] magic[3362781472 684]:PubEvt_Close Getting a socket[68] from the Socket-table Failed!
12-17 20:29:06.488   633 31870 I SDK     : 
12-17 20:29:06.498   633 31870 I SDK     : 
12-17 20:29:06.500   633 31870 I SDK     : <2016-12-17 20:29:06> [WARN] SDK: UE-SeC 2016-12-17 20:29:6:500 Level[WARN] magic[3362781472 684]:PubEvt_Close Getting a socket[161] from the Socket-table Failed!
12-17 20:29:06.502   633 31870 I SDK     : <2016-12-17 20:29:06> [WARN] SDK: UE-SeC 2016-12-17 20:29:6:502 Level[WARN] magic[3362781472 684]:PubEvt_Close Getting a socket[175] from the Socket-table Failed!
12-17 20:29:06.509   633 31870 I SDK     : <2016-12-17 20:29:06> [WARN] SDK: UE-SeC 2016-12-17 20:29:6:509 Level[WARN] magic[3362781472 684]:PubEvt_Close Getting a socket[225] from the Socket-table Failed!
12-17 20:29:06.537  2852  2852 I NotificationGroupManager: onEntryUpdated:0|com.huawei.health|10010|null|10099
12-17 20:29:06.618   633 31868 I SDK     : 
12-17 20:29:09.883  5224  5283 I Step_HSNH: 20002302|rebuild notification
12-17 20:29:30.931  1795  2323 E UsbDeviceManager: 	at android.os.UEventObserver$UEventThread.sendEvent(UEventObserver.java:210)
12-17 20:30:07.509   633 31870 I SDK     : 
12-17 20:30:07.534   633 31870 I SDK     : <2016-12-17 20:30:07> [WARN] SDK: UE-SeC 2016-12-17 20:30:7:534 Level[WARN] magic[3362781472 684]:PubEvt_Close Getting a socket[177] from the Socket-table Failed!
12-17 20:30:07.546   633 31870 I SDK     : 
12-17 20:30:07.550   633 31870 I SDK     : 
12-17 20:30:07.552   633 31870 I SDK     : <2016-12-17 20:30:07> [WARN] SDK: UE-SeC 2016-12-17 20:30:7:552 Level[WARN] magic[3362781472 684]:PubEvt_Close Getting a socket[249] from the Socket-table Failed!
12-17 20:30:08.302  1795  2323 E UsbDeviceManager: 	at com.android.server.usb.UsbDeviceManager$2.onUEvent(UsbDeviceManager.java:328)
12-17 20:30:46.934  1795  1819 D NetdConnector: RCV unsolicited event from native daemon, event = 613 IfaceClass idle 0 446367914801438
12-17 20:30:52.786  5224  5283 I Step_DataCache: 20002302|getTodayTotalSteps 6956
12-17 20:30:53.524  2852  2852 D StatusBar: applyInPlace=true shouldPeek=false alertAgain=true
12-17 20:30:55.491  2852  2852 D StatusBar: updateNotification(StatusBarNotification(pkg=com.huawei.health user=UserHandle{0} id=10010 tag=null key=0|com.huawei.health|10010|null|10099: Notification(pri=0 contentView=null vibrate=null sound=null defaults=0x0 flags=0x62 color=0x00000000 vis=PRIVATE)))
12-17 20:30:55.496  2852  2852 D HwCust  : Create obj success use class android.app.HwCustNotificationImpl
12-17 20:30:58.822  3626  3626 E PTM.FileNodeInfo: getTempInfo error: null, 0
12-17 20:30:59.116  1795  2323 E UsbDeviceManager: Error reading charge file
12-17 20:31:00.320  1795  3238 D HwPowerManagerService: startWakeUpReadyInternal, mBrightnessWaitModeEnabled = false
12-17 20:31:00.482   835  2385 E libteec : qsc_decode end
12-17 20:31:00.607   606  2379 E libteec : qsc_send_cmd finish
12-17 20:31:00.608  2852  2914 I PanelBar: INTENT_STATUSBAR_VISIBLE_CHANGE sended, EXTRA_VISIBLE = false
12-17 20:31:00.636   835  2385 E libteec : begin
12-17 20:31:00.693  1795  6985 D HwPFWLogger: AutoStartupDataMgr:isUnderControll third party not in whitelist: com.netease.newsreader.activity
12-17 20:31:00.710  1795  2778 D ActivityManager: getRecentTasks: num=1,flags=5,totalTasks=47
12-17 20:31:00.730 32607 32607 I UX      : CollectorManager--isCollectorEnabled--getBoolean: false
12-17 20:31:00.765   633 24085 E SDK     : <2016-12-17 20:31:00> [ERR] SDK: UE-SeC 2016-12-17 20:31:0:765 Level[ERR] magic[2474563872 1818]:get =>FSM_Tool_CreateFileHandle error [-1000]
12-17 20:31:00.804  1795  6986 I HwActivityManagerService: keyAppBroadcastQueueForIntent intent Intent { act=com.tencent.mm.ui.ACTION_ACTIVE flg=0x10 (has extras) } on bgkeyapp queue
12-17 20:31:00.812  2852  2852 I StackScrollAlgorithm: updateClipping isOverlap:true
12-17 20:31:00.855  1795  3975 E LocSvc_libulp: I/===> int ulp_brain_turn_onoff_dr_provider() line 848 
12-17 20:31:00.861  1795 17831 I NotificationManager: cancelNotificationWithTag pid 4492,uid = 10105,tag = null,pkg =com.tencent.mm,id =4097
12-17 20:31:00.872  2852  2852 I ActivatableNotificationView: setOverlap mOverlap:false, mDimmed:false
12-17 20:31:01.457  1795  2665 D NetdConnector: RCV <- {200 11732 Tethering stats list completed}
12-17 20:31:01.559  1795 15988 I ActivityManager: new Process app=ProcessRecord{ff5a0d 0:com.huawei.betaclub:loguploadservice/1000}, name: com.huawei.betaclub:loguploadservice, euid: 0
12-17 20:31:01.623  1795 20747 D ActivityManager: ActivityManagerService,attachApplication,callingPid = 24093
12-17 20:31:01.634 22280 22387 I memcheck: needTrimMemory: trimFrom = 0, avail = 948724, vmSize = 2199232, vssLimit = 4190896, totalPss = 84848, pssLimit = 2876772, agressiveGrowthLimit = 1150708, gentleGrowthLimit = 2013740, availablePmThreshold = 221184, availableVmThreshold = 153600
12-17 20:31:01.666  3180  3578 I ash     : perform running actions!
12-17 20:31:02.144  2852  2852 D DateTimeView: Change to single clock mode!
12-17 20:31:03.852  1795  2748 D HwAmbientLuxFilterAlgo: earliestValidTime + POWER_ON_DARKENING_LIGHT_DEBOUNCE
12-17 20:31:04.135   633 31868 I SDK     : <2016-12-17 20:31:04> [NOTICE] SDK: UE-SeC 2016-12-17 20:31:4:135 Level[NOTICE] magic[3365677344 8910]:Set local private IP is:[10.6.111.33]
12-17 20:31:04.176  3879  5007 I HwLauncher: ProviderCallUtils callBadge isCloned = false
12-17 20:31:04.181   633 31868 I SDK     : 
12-17 20:31:04.247   633 31870 I SDK     : 
12-17 20:31:04.260   633 31870 I SDK     : 
12-17 20:31:04.265   633 31870 I SDK     : <2016-12-17 20:31:04> [WARN] SDK: UE-SeC 2016-12-17 20:31:4:265 Level[WARN] magic[3362781472 684]:PubEvt_Close Getting a socket[163] from the Socket-table Failed!
12-17 20:31:04.453  1795  2748 D HwAmbientLuxFilterAlgo: earliestValidTime + POWER_ON_BRIGHTENING_LIGHT_DEBOUNCE
12-17 20:31:05.350   633 24123 E SDK     : <2016-12-17 20:31:05> [ERR] SDK: UE-SeC 2016-12-17 20:31:5:350 Level[ERR] magic[2475632928 1992]:get =>FSM_Tool_CreateFileHandle error [-1000]
12-17 20:31:05.698 31949 31967 I TCP     : tcp.recv{4790} TcpClientThread.onReceiverWork(TcpClientThread.java:292) connected
12-17 20:31:05.979   633 31868 E SDK     : .
12-17 20:31:05.983   633 31868 I SDK     : <2016-12-17 20:31:05> [NOTICE] SDK: UE-SeC 2016-12-17 20:31:5:983 Level[NOTICE] magic[3365677344 2421]:FileSec: have right to open file due to cur app sec level = 0 is higher than file app(&5ߢ[@ñ?z]) sec level = 0.
12-17 20:31:05.985   633 31868 I SDK     : 
12-17 20:31:05.986   633 31868 I SDK     : 
12-17 20:31:06.758  1795  3884 I SendBroadcastPermission: action:android.intent.action.SIG_STR, mPermissionType:0
12-17 20:31:07.854  2852  2852 D HwCustMobileSignalControllerImpl: isCurrentBySim()=false
12-17 20:31:12.335   533  3739 E ANDR-PERF-MPCTL: Invalid profile no. 0, total profiles 0 only
12-17 20:31:15.286  1795  2748 D HwAmbientLuxFilterAlgo: t=123828983,BT=123829983,DT=123832983,BT1=123832983,DT1=123836983,Bn=false,Dn=false,lx=[6.0/123827480, 6.0/123827780, 7.0/123828081, 7.0/123828382, 7.0/123828683, 7.0/123828983],mLx=5.0,s=5.0,ss=0.032967035,AuIntervened=false,mProximityState=false,bLux=15.0,dLux=0.0,bLux1=15.0,dLux1=0.0
12-17 20:31:18.344  1795  3253 V SecInputMethodManagerService: Client requesting input be hidden, pid=4492
12-17 20:31:18.759  1795  3110 I SendBroadcastPermission: action:android.intent.action.SIG_STR, mPermissionType:0
12-17 20:31:25.544  1795  3111 V SecInputMethodManagerService: Client requesting input be hidden, pid=4492
12-17 20:31:27.478  4690  4690 D KeyEvent: obtain, mHwFlags=-1291845632
12-17 20:31:27.760   816 24189 D DnsProxyListener: GetAddrInfoHandler addr: loc.map.baidu.com {307, 917811, 10028} 183.232.231.44
12-17 20:31:28.406 16628 16649 I TotemWeather: TaskController:notifyTaskSuccess cityCode= null
12-17 20:31:28.524  3879  4071 I HwLauncher: WeatherDynamicUpdater update before : mDrawingData[3] = tempc:96, 192, 0
12-17 20:31:29.358  1795  2380 D PowerManagerService: userActivityNoUpdateLocked: eventTime=123843046, event=2, flags=0x0, uid=1000
12-17 20:31:31.955  1795  1795 I NotificationManager: cancelNotification,index:-1
12-17 20:31:33.542  2852  2852 I PhoneStatusBar: suspendAutohide
12-17 20:31:33.667  1795  2381 D libfingersense_wrapper: Calling fingersense_touch_up()
12-17 20:31:35.256  1795  1795 I NotificationManager: cancelNotification,index:-1
12-17 20:31:37.384  1795  2380 I PowerManager_screenOn: PowerManagerNotifier onUserActivity: event=2, uid=1000
12-17 20:31:38.738  1795 16500 D ActivityManager: Skipping, withExcluded: false, tr.intent:Intent { act=android.media.action.STILL_IMAGE_CAMERA_SECURE flg=0x34800000 pkg=com.huawei.camera cmp=com.huawei.camera/.controller.SecureCameraActivity (has extras) }
12-17 20:31:39.808  2852  3556 D NetworkController.MobileSignalController(0): mSimSubId:0 onDataActivity: direction=3
12-17 20:31:39.826  2852  2852 I HwSignalClusterView: setMobileDataIndicatorsHuawei subId:0 visible:true strengthIcon:2130839311 typeIcon:2130839195 contentDescription:手机信号满格。 typeContentDescription:4G isTypeIconWide:true showActivity:true activityIn:true activityOut:true isRoaming:false
12-17 20:31:40.118  3879  3879 I HwLauncher:  FPSMonitor startScroll xMoved = true  xPaged = false xDiff =  25
12-17 20:31:40.818  2852  2852 D HwCustMobileSignalControllerImpl: isCurrentBySim()=false
12-17 20:31:40.819  2852  2852 I HwSignalClusterView: getOrInflateState subId:0
12-17 20:31:41.352  1795  3110 D PowerManagerService: ready=true,policy=3,wakefulness=1,wksummary=0x1,uasummary=0x1,bootcompleted=true,boostinprogress=false,waitmodeenable=false,mode=true,manual=33,auto=-1,adj=0.0userId=0
12-17 20:31:42.100  3858  4126 I amsnl   : t:false, fl: false, p: 2147483647000, ce: true, we: false
12-17 20:31:42.263 24266 24384 I HomeDataController: [qiyi_LOG_INFO HomeDataController]  rowToCache home_top_menu->1481889866279
12-17 20:31:42.309 24266 24386 I Utility : [qiyi_LOG_INFO Utility] isQiyiPackage ret:true
12-17 20:31:42.574  2852  3556 I NetworkController.MobileSignalController(0): onSignalStrengthsChanged signalStrength=SignalStrength: -1 0 -1 255 -1 255 -1 255 255 18 -104 -10 54 2147483647 2147483647 false gw|lte level=4 isSuspend=false levelOld=4,mSignalStrength level=4
12-17 20:31:42.634 24266 24286 D qiyippsplay: org.qiyi.android.coreplayer.b.com1.o()<-1> : 初始化 zip中的so ：>> so : /data/user/0/com.qiyi.video/files/libs-5_104_A355B546_3579050_/libiqiyi_media_player.so
12-17 20:31:42.724 24266 24286 I CLog    : 2016-12-17 20:31:42.724 T:24286   DEBUG: [CUPID]void CUPID::SetMemberStatus(const CUPID::CupidMemberParam&)(): is vip: 0, passport id: , passport cookie:
12-17 20:31:42.769 24266 24266 E HW-JPEG-DEC: [HME_JPEG_DEC_Delete](3298): HME_JPEG_DEC_Delete: decoder_ctx=null
12-17 20:31:42.937 24266 24266 I qiyi_LifeCycle_LOG: [qiyi_LifeCycle_LOG]-PhoneIndexUINew in lifecycle: onActivityCreated
12-17 20:31:42.989 24266 24266 I Utility : [qiyi_LOG_INFO Utility] isQiyiPackage ret:true
12-17 20:31:43.014 24266 24425 I CLog    : 2016-12-17 20:31:43.014 T:24425    INFO: Online Config Data Error : http://puma.api.iqiyi.com/merlin/fetch
12-17 20:31:43.020 24266 24413 E LayoutFetcher:  null
12-17 20:31:43.061 24368 24368 E Ad_Module: HCDN_LOG: [2016/12/17-20:31:43:061]:~AdModule ...
12-17 20:31:43.116 24266 24507 I JniNetDoctor: [2016-12-17 20:31:43.116] <INFO> [_F] [c409f920] ReqListServer(297) req list server: http://112.17.1.8/d?dn=hd.cloud.iqiyi.com
12-17 20:31:43.134 24266 24271 I art     : Method exceeds compiler instruction limit: 32188 in int com.d.a.c.c.b(int, int)
12-17 20:31:43.149 24368 24368 D download.appstore.gamedownload.DownloadService: newTransferData = null
12-17 20:31:43.169 24368 24483 E setparam: HCDN_LOG: [2016/12/17-20:31:43:169]:ON_MSG_DE2P2P_SetParam:background_no_task:1 
12-17 20:31:43.333 24266 24543 D QYVideoLib: org.qiyi.android.corejar.QYVideoLib.getSid()<-1> : getSid: lk3lkzqc2nae7bue
12-17 20:31:43.365 24266 24384 D DubiSkinController: org.qiyi.android.video.skin.com3.b()<-1> : init # 
12-17 20:31:43.680 24266 24312 I DEVICE_MD5_QYID: org.qiyi.android.corejar.utils.DeviceUtils.getAndroidIdV2()<-1> : getAndroidIdV2 memory:db72ce0a35db8d3b
12-17 20:31:43.838 24266 24415 I DEVICE_MD5_QYID: org.qiyi.android.corejar.utils.DeviceUtils.getImeiV2()<-1> : getImeiV2 memory:868404020067521
12-17 20:31:43.938 24266 24266 I QiyiDownloadManager: [qiyi_LOG_INFO QiyiDownloadManager] setMainUIHandler>>mHandler
12-17 20:31:44.003 24266 24635 I plugin_IPCPlugNative: [qiyi_LOG_INFO plugin_IPCPlugNative] sendCachedData plugin is ready with com.qiyi.video.reader
12-17 20:31:44.007 24266 24415 I Utility : [qiyi_LOG_INFO Utility] isQiyiPackage PackageName:com.qiyi.video
12-17 20:31:44.047  3218  3439 W System.err: 	at android.content.ContextWrapper.enforceCallingOrSelfPermission(ContextWrapper.java:707)
12-17 20:31:44.199  3218 13036 W System.err: 	at android.os.Binder.execTransact(Binder.java:565)
12-17 20:31:44.213  3218  4159 W System.err: 	at com.android.providers.telephony.TpProviderHw.query(TpProviderHw.java:572)
12-17 20:31:44.225 24593 24593 D Tinker.DefaultAppLike: onTrimMemory level:5
12-17 20:31:44.266 24368 24633 W System.err: 	at java.util.concurrent.ThreadPoolExecutor.runWorker(ThreadPoolExecutor.java:1133)
12-17 20:31:44.379 24266 24266 D PushMessage/ParseTool: org.iqiyi.video.livechat.a.nul.b()<-1> : emotion [18] = Emotion@595a916mOrder = 19,mId = 18,mName = [lm],mContent = ,mImagePath = null,mImageUrl = 
12-17 20:31:44.413 24266 24543 I Utility : [qiyi_LOG_INFO Utility] isQiyiPackage PackageName:com.qiyi.video
12-17 20:31:44.477 24266 24650 W System.err: 	at java.lang.Thread.run(Thread.java:776)
12-17 20:31:44.500 24266 24733 D qiyi_daemon: start try to lock file >> /data/user/0/com.qiyi.video/app_indicators/indicator_p <<
12-17 20:31:44.790  2883  2895 I HwSystemManager: HoldService:checkBeforeShowDialogWithPid, current value:2, type:33554432, pkg:com.qiyi.video
12-17 20:31:44.904 24266 24266 D PaoPaoStarVisitPop: com.qiyi.video.homepage.popup.h.b.lpt8.onSuccessResponse()<-1> : Add to Queue -> 122
12-17 20:31:44.924 24266 24266 D VideoJobSwitcher: org.iqiyi.video.livechat.b.a.a.com4.a()<-1> : link(org.iqiyi.video.livechat.b.a.b.com6@4df8f24, org.iqiyi.video.livechat.b.a.a.com9@aa51a8d)
12-17 20:31:44.925 24266 24266 D cocoslibJob/LibLoader: org.iqiyi.video.livechat.b.a.b.com5.a()<-1> : soupdatetime = 7011004 ,lastupdateTime=7011004
12-17 20:31:44.936 24766 24766 I nativeProcess: iqiyi message: failed to open /proc/64/cmdline
12-17 20:31:44.936 24766 24766 I nativeProcess: iqiyi message: failed to open /proc/66/cmdline
12-17 20:31:44.937 24766 24766 I nativeProcess: iqiyi message: failed to open /proc/118/cmdline
12-17 20:31:44.940 24766 24766 I nativeProcess: iqiyi message: failed to open /proc/183/cmdline
12-17 20:31:44.941 24766 24766 I nativeProcess: iqiyi message: failed to open /proc/223/cmdline
12-17 20:31:44.943 24766 24766 I nativeProcess: iqiyi message: failed to open /proc/255/cmdline
12-17 20:31:44.949 24766 24766 I nativeProcess: iqiyi message: failed to open /proc/379/cmdline
12-17 20:31:44.949 24766 24766 I nativeProcess: iqiyi message: failed to open /proc/380/cmdline
12-17 20:31:44.950 24766 24766 I nativeProcess: iqiyi message: failed to open /proc/399/cmdline
12-17 20:31:44.952 24766 24766 I nativeProcess: iqiyi message: failed to open /proc/433/cmdline
12-17 20:31:44.955 24766 24766 I nativeProcess: iqiyi message: failed to open /proc/467/cmdline
12-17 20:31:44.963 24766 24766 I nativeProcess: iqiyi message: failed to open /proc/819/cmdline
12-17 20:31:44.975 24766 24766 I nativeProcess: iqiyi message: failed to open /proc/24065/cmdline
12-17 20:31:45.010 24766 24803 D GlobalPush: [PushService] call disconnect
12-17 20:31:45.034  1795  2709 I ActivityManager_service: retrieveServiceLocked, callerApp: ProcessRecord{34bf34f 0:system/1000}, flags: 10000400
12-17 20:31:45.044 24266 24266 D Feed    : com.iqiyi.qyplayercardview.j.nul.c()<-1> : emotion [13] = Emotion@f1c9bmOrder = 14,mId = 13,mName = pp_icon_expression_14,mContent = [冷汗],mImagePath = null,mImageUrl = http://img5.qiyipic.com/image/qitan/qitan_pp_icon_expression_14_default.png
12-17 20:31:45.056 24266 24266 I Feed    : [qiyi_LOG_INFO Feed] EmotionTool - fetchFeedEmotion readFile
12-17 20:31:45.190 24766 24833 D IM_PS   : host = tcp://223.99.251.207:7534
12-17 20:31:45.232  2883  6521 I HwSystemManager: HoldService:checkBeforeShowDialogWithPid, current value:2, type:33554432, pkg:com.qiyi.video
12-17 20:31:45.269 24766 24819 D GlobalPush: [PushService] stopTryConnectTask
12-17 20:31:45.601  1795 24845 D ActivityManager: cleanUpApplicationRecord -- 22062
12-17 20:31:45.643  1795 24845 I AwareLog: AwareMem_EventTracker: [APP_ACTIVITY_FINISH_123859267] kill uid:10025, proc:com.huawei.hwvplayer.youku
12-17 20:31:45.936 24266 24266 D baidu_location_client: baidu location connected ...
12-17 20:31:46.039 24266 24266 I Utility : [qiyi_LOG_INFO Utility] isQiyiPackage ret:true
12-17 20:31:46.043 24266 24266 I DEVICE_MD5_QYID: org.qiyi.android.corejar.utils.DeviceUtils.getQyIdV2()<-1> : getQyIdV2:from memory...
12-17 20:31:46.055 24266 24266 I Utility : [qiyi_LOG_INFO Utility] isQiyiPackage PackageName:com.qiyi.video
12-17 20:31:46.090 24266 24266 I Utility : [qiyi_LOG_INFO Utility] isQiyiPackage ret:true
12-17 20:31:46.104  3218  4070 W System.err: 	at android.os.Binder.execTransact(Binder.java:565)
12-17 20:31:46.150 24266 24543 I DEVICE_MD5_QYID: org.qiyi.android.corejar.utils.DeviceUtils.getQyIdV2()<-1> : getQyIdV2:from memory...
12-17 20:31:46.274 24266 24266 I QimoPluginProxy: org.qiyi.android.plugin.qimo.f.kpgTotalNonDisplayedItems()<-1> : kpgTotalNonDisplayedItems # 
12-17 20:31:46.862  1795  2748 D HwAmbientLuxFilterAlgo: t=123860559,BT=123861559,DT=123864559,BT1=123864559,DT1=123868559,Bn=false,Dn=false,lx=[12.0/123859055, 11.0/123859356, 10.0/123859656, 10.0/123859957, 11.0/123860258, 11.0/123860559],mLx=5.0,s=5.0,ss=0.024258755,AuIntervened=false,mProximityState=false,bLux=15.0,dLux=0.0,bLux1=15.0,dLux1=0.0
12-17 20:31:47.791 24266 24266 E HW-JPEG-DEC: [HME_JPEG_DEC_Delete](3298): HME_JPEG_DEC_Delete: decoder_ctx=null
12-17 20:31:47.814 24266 24266 I UIPageLoadingController: org.qiyi.android.video.pagemgr.lpt8.a()<-1> : showLoadingBar start :PhoneDownloadEpisodeActivity
12-17 20:31:47.848 24266 24266 E HW-JPEG-DEC: [HME_JPEG_DEC_Delete](3298): HME_JPEG_DEC_Delete: decoder_ctx=null
12-17 20:31:47.871 24266 24266 D HwRTBlurUtils: check blur style for HwPhoneWindow-, themeResId : 0x0103047c, context : android.view.ContextThemeWrapper@1d291e7, Nhwext : 0, get Blur : disable with , null
12-17 20:31:48.011 24266 24266 I DownloadEpisodeAdapter: [qiyi_LOG_INFO DownloadEpisodeAdapter] localPath = /storage/emulated/0/Android/data/com.qiyi.video/files/203364601_573642100/203364601_573642100.jpg
12-17 20:31:48.083 24266 24266 I DownloadEpisodeAdapter: [qiyi_LOG_INFO DownloadEpisodeAdapter] loadImage
12-17 20:31:48.095 24266 24266 I DownloadEpisodeAdapter: [qiyi_LOG_INFO DownloadEpisodeAdapter] localPath = /storage/emulated/0/Android/data/com.qiyi.video/files/203364601_574748300/203364601_574748300.jpg
12-17 20:31:48.124 24266 24266 I DownloadEpisodeAdapter: [qiyi_LOG_INFO DownloadEpisodeAdapter] loadImage
12-17 20:31:48.129 24266 24266 I DownloadEpisodeAdapter: [qiyi_LOG_INFO DownloadEpisodeAdapter] setEpisodeTitle
12-17 20:31:48.154 24266 24266 I DownloadEpisodeAdapter: [qiyi_LOG_INFO DownloadEpisodeAdapter] 锦绣未央第26集 = 下载完成
12-17 20:31:48.160 24266 24266 I DownloadEpisodeAdapter: [qiyi_LOG_INFO DownloadEpisodeAdapter] setEpisodeTitle
12-17 20:31:48.184 24266 24266 I DownloadEpisodeAdapter: [qiyi_LOG_INFO DownloadEpisodeAdapter] setUnFinishedText:DownloadObject{albumId='203364601', tvId='575629000', res_type=4, _id=32, vid='67b7069c80fe9294892839fa0b767325', fileName='203364601_575629000.qsv', downloadFileDir='/storage/emulated/0/Android/data/com.qiyi.video/files/203364601_575629000/', imgUrl='http://m.qiyipic.com/image/20161128/c5/ce/v_111373770_m_601_320_180.jpg', text='锦绣未央第32集', subTitle='未央悉心照料拓跋浚', DOWNLOAD_KEY='203364601_575629000', downloadWay=8, downloadRequestUrl='', displayType=TV_TYPE, fileSize=132544887, progress=100.0, status=FINISHED, clicked=1, videoDuration=2705, clm='锦绣未央', _a_t='锦绣未央', episode=32, year='2016', playRc=1, taskStatus=2, mNeedDel=0, isDownloadPlay=true, speed=0, errorCode='', downloadTime=0, _pc=0, auto=0, cid=0, fDownloadRequestUrl='http://pic2.qiyipic.com/image/20161211/9a/b4/a_100018961_m_601_m3_284_160.jpg', downloadSource=DOWNLOAD_DEFAULT, f4vJsonUrl='http://cache.video.qiyi.com/vp/575629000/67b7069c80fe9294892839fa0b767325/?src=2_22_222&t=1481876587347&vf=d1664e603e6a5ad1f7d7c0582e386244&vt=1', f4vSections=null, svrip='null', segidx='null', accelerate_speed0'}
12-17 20:31:48.199 24266 24266 I DownloadEpisodeAdapter: [qiyi_LOG_INFO DownloadEpisodeAdapter] 锦绣未央第29集>>showFinishedStatusView
12-17 20:31:48.219 24266 24266 I DownloadEpisodeAdapter: [qiyi_LOG_INFO DownloadEpisodeAdapter] setUnFinishedText:DownloadObject{albumId='203364601', tvId='574748300', res_type=4, _id=29, vid='d7b2bc5333c90fa91d8297f30d0dc81c', fileName='203364601_574748300.qsv', downloadFileDir='/storage/emulated/0/Android/data/com.qiyi.video/files/203364601_574748300/', imgUrl='http://m.qiyipic.com/image/20161126/74/66/v_111364706_m_601_320_180.jpg', text='锦绣未央第29集', subTitle='未央被迫接受和亲', DOWNLOAD_KEY='203364601_574748300', downloadWay=8, downloadRequestUrl='', displayType=TV_TYPE, fileSize=132899312, progress=99.0, status=FINISHED, clicked=1, videoDuration=2696, clm='锦绣未央', _a_t='锦绣未央', episode=29, year='2016', playRc=316, taskStatus=2, mNeedDel=0, isDownloadPlay=true, speed=0, errorCode='', downloadTime=0, _pc=0, auto=0, cid=0, fDownloadRequestUrl='http://pic2.qiyipic.com/image/20161211/9a/b4/a_100018961_m_601_m3_284_160.jpg', downloadSource=DOWNLOAD_DEFAULT, f4vJsonUrl='http://cache.video.qiyi.com/vp/574748300/d7b2bc5333c90fa91d8297f30d0dc81c/?src=2_22_222&t=1481526113011&vf=28c615a87e8bd78cd1aff9122d2cc497&vt=1', f4vSections=null, svrip='null', segidx='null', accelerate_speed0'}
12-17 20:31:48.245 24266 24266 I DownloadEpisodeAdapter: [qiyi_LOG_INFO DownloadEpisodeAdapter] loadImage
12-17 20:31:48.426 24266 24266 I DownloadEpisodeAdapter: [qiyi_LOG_INFO DownloadEpisodeAdapter] 锦绣未央第30集 = 下载完成
12-17 20:31:48.500 24266 24266 D Feed    : com.iqiyi.qyplayercardview.j.nul.c()<-1> : emotion [18] = Emotion@a2f1a04mOrder = 19,mId = 18,mName = pp_icon_expression_19,mContent = [悠闲],mImagePath = null,mImageUrl = http://img5.qiyipic.com/image/qitan/qitan_pp_icon_expression_19_default.png
12-17 20:31:48.501 24266 24266 D Feed    : com.iqiyi.qyplayercardview.j.nul.c()<-1> : emotion [25] = Emotion@5dc310fmOrder = 26,mId = 25,mName = pp_icon_expression_26,mContent = [坏笑],mImagePath = null,mImageUrl = http://img5.qiyipic.com/image/qitan/qitan_pp_icon_expression_26_default.png
12-17 20:31:49.517  3218  3236 W System.err: 	at android.content.ContextWrapper.enforceCallingOrSelfPermission(ContextWrapper.java:707)
12-17 20:31:53.481   803   803 W Pged-CGroup: Classify cgroup warning: No such process
12-17 20:31:54.263  1795  1795 I MQoS    : rtt=360,tcp_tx_pkts=1485554,tcp_rx_pkts=1771325
12-17 20:31:55.995  1795  2380 D PowerManagerService: ready=true,policy=3,wakefulness=1,wksummary=0x0,uasummary=0x1,bootcompleted=true,boostinprogress=false,waitmodeenable=false,mode=true,manual=33,auto=-1,adj=0.0userId=0
12-17 20:31:57.890  2852  2852 D HwCustMobileSignalControllerImpl: sub =0,strMccMnc =null,hashMccMnc =[],strPlmn =hw_show_4g
12-17 20:32:00.010  2852  2852 I HwDateUtils: formatChinaDateTime, change to China normalTime:晚上8:32
12-17 20:32:04.436   816 24956 D DnsProxyListener: GetAddrInfoHandler addr: m.qiyipic.com {307, 917811, 10140} 120.198.231.3
12-17 20:32:04.679  1795 16499 W ActivityManager: Sending non-protected broadcast com.huawei.instantshare.action.INSTANTSHARE_STATE_CHANGED from system 24958:com.huawei.android.instantshare/1000 pkg com.huawei.android.instantshare
12-17 20:32:07.945  2852  2852 D NetWorkUtils: is3GCalling is false,mCdmaSlot is -1
12-17 20:32:07.973  1795 11746 W ActivityManager: getTasks: caller 10140 does not hold REAL_GET_TASKS; limiting output
12-17 20:32:10.369  1795 24845 I AwareLog: AwareMem_Kill: execute: killing count=1
12-17 20:32:14.734 24994 24994 D CAMERA3_CameraApplication: [schedule] onCreate! end.
12-17 20:32:15.420  2852  2852 E DateLunarView: mDateString is: 12月17日星期六
12-17 20:32:15.473 24266 24266 E HW-JPEG-DEC: [HME_JPEG_DEC_Delete](3298): HME_JPEG_DEC_Delete: decoder_ctx=null
12-17 20:32:15.690 24266 24266 I QiyiDownloadManager: com.iqiyi.video.download.g.com2.e()<-1> : checkActionModule:4194304
12-17 20:32:15.715 24266 24266 D qiyippsplay: org.iqiyi.video.w.prn.a()<-1> : prepareAdPlayTask() >>>  codeRate = CONSTRUCTION_LOCAL_CODERATE; playType = BIGCORE_LOCAL
12-17 20:32:15.718 24266 24266 D playModeTask: org.iqiyi.video.x.aux.<init>()<-1> : AbsPlayMode()
12-17 20:32:15.743 24266 24266 D cqx1225 : org.iqiyi.video.z.com2.a()<-1> : CardViewRequestV3>> 取消请求
12-17 20:32:15.799   816 25037 D DnsProxyListener: GetAddrInfoHandler addr: iface2.iqiyi.com {307, 917811, 10140} 223.99.245.161
12-17 20:32:17.096  3180  3332 D HwMultiWindowEx: isInMultiWindowMode ret: 0
12-17 20:32:17.121 24266 24266 I QimoPluginAction.Host: [qiyi_LOG_INFO QimoPluginAction.Host] getDevices method call return size:0
12-17 20:32:17.130 24266 24419 I CLog    : 2016-12-17 20:32:17.130 T:24419   DEBUG: [CUPID]void CUPID::Slot::Init(const Value&)(): slot id: 33554688, type: 1, start time: 0, init ads count: 0
12-17 20:32:17.179 24266 24756 D JOBS    : adding another consumer
12-17 20:32:17.180 24266 24266 D OKHttpRequestAdapter: org.iqiyi.video.v.a.con.onResponse()<-1> : sendSuccessResultCallback, Thread :main , playerRequest = org.iqiyi.video.v.b.b.aux@79b678f
12-17 20:32:17.183 24266 24756 D JOBS    : pool-11-thread-1: load factor check. false = (8 < 8)|| (8 * 3 < 0 + 3). consumer thread: false
12-17 20:32:17.194 24266 24312 I DEVICE_MD5_QYID: org.qiyi.android.corejar.utils.DeviceUtils.getQyIdV2()<-1> : getQyIdV2:from memory...
12-17 20:32:17.239  1795 11745 D PowerManagerService: acquire lock=93844408, flags=0x1, tag="AudioMix", name=audioserver, ws=null, uid=1041, pid=0
12-17 20:32:17.301 24266 24266 I PlayerLogic: [qiyi_LOG_INFO PlayerLogic] revisePlayIndexForEpisode +tid=null  aid=null
12-17 20:32:17.303 24266 24266 I PlayerLogic: [qiyi_LOG_INFO PlayerLogic] revisePlayIndexForEpisode +tid=null  aid=null
12-17 20:32:17.311  1795  3139 I DisplayManagerService: stopWifiDisplayScanLocked record.mWifiDisplayScanRequested=false
12-17 20:32:17.338 24266 24266 I PlayerLogic: [qiyi_LOG_INFO PlayerLogic] revisePlayIndexForEpisode +tid=null  aid=null
12-17 20:32:17.387  1046  9752 V APM_AudioPolicyManager: setStreamMute() stream 3, mute 0, mMuteCount 1 device 0002
12-17 20:32:17.410 24266 24266 D FeedsRequest: org.iqiyi.video.v.b.a.lpt1.a()<-1> : feeds url = http://iface2.iqiyi.com/views_sns/3.0/paopao_feeds?tvid=575628500&categoryid=2&wallId=209066947&paopao_device_id=0&tvct=1&albumid=203364601&app_k=591a3d5e95c34d3f4e2373d2df3fd506&app_v=7.11&platform_id=10&dev_os=7.0&dev_ua=MLA-AL00&net_sts=14&qyid=868404020067521&cupid_v=3.4.005&psp_uid=&psp_cki=&secure_p=GPhone&secure_v=1&core=1&api_v=4.5&profile=%7B%22group%22%3A%221%2C2%22%2C%22counter%22%3A1%7D&unlog_sub=0&cust_count=&dev_hw=%7B%22cpu%22%3A0%2C%22gpu%22%3A%22%22%2C%22mem%22%3A%22459.6MB%22%7D&net_ip=%7B%22country%22%3A%22%E4%B8%AD%E5%9B%BD%22%2C%22province%22%3A%22%E5%B9%BF%E4%B8%9C%22%2C%22city%22%3A%22None%22%2C%22cc%22%3A%22%E7%A7%BB%E5%8A%A8%22%2C%22area%22%3A%22%E5%8D%8E%E5%8D%97%22%2C%22timeout%22%3A0%2C%22respcode%22%3A0%7D&scrn_sts=0&scrn_res=1080,1800&scrn_dpi=480&cupid_id=868404020067521&psp_vip=0&app_t=0&service_filter=&service_sort=&paopao_device_id=3b18e7b1defcf7afa5f86a20cf0269f5
12-17 20:32:17.441 24266 24266 I DEVICE_MD5_QYID: org.qiyi.android.corejar.utils.DeviceUtils.getQyIdV2()<-1> : getQyIdV2:from memory...
12-17 20:32:17.496 24266 24266 I PlayerLogic: [qiyi_LOG_INFO PlayerLogic] revisePlayIndexForEpisode +tid=null  aid=null
12-17 20:32:17.548  1046  1131 V audio_hw_primary: adev_set_parameters: exit with code(0)
12-17 20:32:17.692 24266 24312 I DBAdapter: [qiyi_LOG_INFO DBAdapter] getPingbacks: []
12-17 20:32:17.693 25067 25067 I         : power log dlsym ok
12-17 20:32:17.870 24266 24266 I plugin  : [qiyi_LOG_INFO plugin] startAndBindService
12-17 20:32:18.006 25067 25098 D AndroidCommon: [SdcardManager.isMounted]Mounted:/storage/emulated/0:true
12-17 20:32:18.019  1795  3225 I ActivityManager: new Process app=ProcessRecord{5ab4fa6 0:com.tencent.mm:push/u0a105}, name: com.tencent.mm:push, euid: 0
12-17 20:32:19.888   835  2385 E libteec : begin
12-17 20:32:19.905   835  2385 E libteec : begin
12-17 20:32:21.304  1795  2381 I WindowManager: takeScreenshot cancelPendingScreenshotChordAction
12-17 20:32:21.318  2852  3361 V AudioManager: getDevicesForStream  streamType: 3
12-17 20:32:21.657  1795  2381 D Telecom : TelecomServiceImpl: isInCall callState is 0: TSI.iIC@Ew8
12-17 20:32:22.031  2852  2852 D NetWorkUtils: is3GCalling is false,mCdmaSlot is -1
12-17 20:32:22.112  1795  2381 D Telecom : TelecomServiceImpl: isInCall callState is 0: TSI.iIC@ExA
12-17 20:32:22.746  1795  2701 E HwAudioService: setLVMMode abort
12-17 20:32:29.273   633 31867 I SDK     : 
12-17 20:32:30.064  2852  2852 D HwCustMobileSignalControllerImpl: sub =0,strMccMnc =null,hashMccMnc =[],strPlmn =hw_show_4g
12-17 20:32:31.079  2852  2852 I HwMobileSignalController: notifyListenerHuawei::origin typeIcon:2130839195 icons.mName:4G isSuspend:false, showDataIcon=true, dataConnected=true, isRoaming=false
12-17 20:32:34.073  2852  3556 D NetworkController.MobileSignalController(0): mSimSubId:0 onDataActivity: direction=3
12-17 20:32:36.856 24266 24266 D seekbar : org.iqiyi.video.ui.ci.onProgressChanged()<-1> : 当前进度：1020573 缓冲大小:1747699 缓冲进度：2768272
12-17 20:32:38.114  2852  2852 D HwCustMobileSignalControllerImpl: sub =0,strMccMnc =null,hashMccMnc =[],strPlmn =hw_show_4_5G_for_mcc
12-17 20:32:38.117  2852  2852 I HwMobileSignalController: notifyListenerHuawei::origin typeIcon:2130839195 icons.mName:4G isSuspend:false, showDataIcon=true, dataConnected=true, isRoaming=false
12-17 20:32:39.860 24266 24266 D seekbar : org.iqiyi.video.ui.ci.onProgressChanged()<-1> : 当前进度：1023684 缓冲大小:1744588 缓冲进度：2768272
12-17 20:32:41.893  1795  1795 D PowerManagerService: ready=true,policy=3,wakefulness=1,wksummary=0x23,uasummary=0x1,bootcompleted=true,boostinprogress=false,waitmodeenable=false,mode=true,manual=33,auto=-1,adj=0.0userId=0
12-17 20:32:43.746  2852  2852 D HwCustMobileSignalControllerImpl: sub =0,strMccMnc =null,hashMccMnc =[],strPlmn =hw_hspap_show_4g
12-17 20:32:44.769  2852  2852 D NetWorkUtils: mVSimCurCardType is -1
12-17 20:32:46.771  2852  2852 D NetWorkUtils: mVSimCurCardType is -1
12-17 20:32:49.780  1795  1809 I WindowManager: Application requested orientation 6, got rotation 1 which has compatible metrics
12-17 20:32:49.874 24266 24266 I qiyippsplay: org.iqiyi.video.ui.bf.h()<-1> : 当前时间1033602
12-17 20:32:54.882  3382  3399 D QcrilMsgTunnelSocket: To broadcast an Intent via the notifier to external apps
12-17 20:32:54.942  2852  2852 D HwCustMobileSignalControllerImpl: isCurrentBySim()=false
12-17 20:32:54.989  1795 16501 W ActivityManager: getTasks: caller 10140 does not hold REAL_GET_TASKS; limiting output
12-17 20:33:03.573  2852  2852 D HwCustMobileSignalControllerImpl: sub =0,strMccMnc =null,hashMccMnc =[],strPlmn =hw_mcc_mnc
12-17 20:33:03.573  2852  2852 D HwCustMobileSignalControllerImpl: isCurrentBySim()=false
12-17 20:33:03.873  1795 15987 W ActivityManager: getRunningAppProcesses: caller 10102 does not hold REAL_GET_TASKS; limiting output
12-17 20:33:04.596  2852  2852 I HwSignalClusterView: apply hwPhoneState.mSubId:0 anyMobileVisible:false mIsAirplaneMode:false, mobileGroupVisible=true
12-17 20:33:04.816  2852  2852 I HwMobileSignalController: notifyListenerHuawei::origin typeIcon:2130839197 icons.mName:4GPLUS isSuspend:false, showDataIcon=true, dataConnected=true, isRoaming=false
12-17 20:33:06.612  2852  2852 D NetWorkUtils: mVSimCurCardType is -1
12-17 20:33:08.995  1795  6985 W ActivityManager: getTasks: caller 10140 does not hold REAL_GET_TASKS; limiting output
12-17 20:33:11.631  1795  1795 I MQoS    : received cell-signal:5
12-17 20:33:12.683  1795 17832 D PowerManagerService: ready=true,policy=3,wakefulness=1,wksummary=0x23,uasummary=0x4,bootcompleted=true,boostinprogress=false,waitmodeenable=false,mode=true,manual=33,auto=-1,adj=0.0userId=0
12-17 20:33:16.745  1795  3225 D NetdConnector: SND -> {11742 firewall set_uid_rule standby 10014 deny}
12-17 20:33:18.956  2852  2914 I HwMobileSignalController: subId:0 phoneType:1 networktype:13 targetClass:3 masterLevel:5 slaveLevel:-1
12-17 20:33:22.170  3858  4126 I amsnl   : m1: false
12-17 20:33:23.865  3180  3578 I ash     : Unfreeze com.huawei.camera OK !
12-17 20:33:24.987 25293 25293 V CAMERA3_MediaSaveManager: bindMediaSaveService
12-17 20:33:24.997 24802 24802 I nativeProcess: iqiyi message: ==== do something  executeCmd isProcessExist true =====
12-17 20:33:27.952  1795  2748 D HwAmbientLuxFilterAlgo: t=123961649,BT=123962649,DT=123965649,BT1=123965649,DT1=123969649,Bn=false,Dn=false,lx=[9.0/123960145, 8.0/123960446, 8.0/123960747, 8.0/123961047, 8.0/123961349, 8.0/123961649],mLx=5.0,s=5.0,ss=0.0082644615,AuIntervened=false,mProximityState=false,bLux=15.0,dLux=0.0,bLux1=15.0,dLux1=0.0
