12-17 21:48:25.019  2852  2852 I StackScrollAlgorithm: updateDimmedActivatedHideSensitive overlap:false
12-17 21:48:25.208  1795  1795 I MQoS    : onSignal: mSubId=0,currDataSubID=0
12-17 21:48:25.453  1795  1809 I WindowManager: MyOrientationListener: updateRotation.
12-17 21:48:26.946  1795  1795 V NotificationService: disableEffects=null canInterrupt=false once update: false
12-17 21:48:28.914  5224  5283 I Step_HSNH: 20002302|upDateHealthNotification()|211|7.02|9884
12-17 21:48:30.198  2852  2852 W WallpaperPagerAdapter: loadPagerImageView loadType:1 mCurrentPosition:1073741823
12-17 21:48:30.549  1795  1795 D HwWifiP2pService: onReceive, action:android.intent.action.SCREEN_OFF
12-17 21:48:30.592  2852  2925 I ExifParser: mTiffStream skip = 0
12-17 21:48:30.648  2852  2852 D HwCustMobileSignalControllerImpl: isCurrentBySim()=false
12-17 21:48:30.808  1795  3247 I ActivityManager_broadcast: dispatch ordered broadcast [foreground] BroadcastRecord{3337f14 u-1 android.intent.action.SCREEN_OFF}, has 1 receivers
12-17 21:48:36.002   606  1699 E libteec : end
12-17 21:50:13.900  1795  2323 E UsbDeviceManager: Error reading charge file
12-17 21:50:13.921  1795  1819 D NetworkManagement: notifyInterfaceClassActivity: client is android.net.INetworkManagementEventObserver$Stub$Proxy@c0acf8b
12-17 21:50:13.980   633 31870 I SDK     : 
12-17 21:50:14.284   633 31868 I SDK     : <2016-12-17 21:50:14> [NOTICE] SDK: UE-SeC 2016-12-17 21:50:14:284 Level[NOTICE] magic[3365677344 2487]:FSM_OpenFile => [END]
12-17 21:50:14.286   633 31868 E SDK     : 
12-17 21:50:14.292   633  1723 I SDK     : <2016-12-17 21:50:14> [NOTICE] SDK: UE-SeC 2016-12-17 21:50:14:292 Level[NOTICE] magic[2410924320 830]:End to proc tunnel status change: result=0
12-17 21:50:19.017  5224  5283 I Step_HSNH: 20002302|rebuild notification
12-17 21:50:19.034  2852  2852 W ResourceType: Failure getting entry for 0xffffffff (t=254 e=65535) (error -2147483647)
12-17 21:50:28.106  1795  1825 W LightSensor: LightSensor, enable, 283: en=1
12-17 21:50:28.219  1795  1821 I WindowManager: All windows ready for display!
12-17 21:50:28.317   835  2385 E libteec : begin
12-17 21:50:28.317   606  2379 E libteec : receive data len = 256
12-17 21:50:28.334  2852  2852 W KeyguardUpdateMonitor: Fingerprint RunningStateChanged. 0
12-17 21:50:28.464  1795  3139 D SmartHeartBeat: setAlarmsAdjust ...
12-17 21:50:28.465  1795 11746 D PowerManagerService: Acquiring suspend blocker "PowerManagerService.WakeLocks".
12-17 21:50:28.486  2883  3040 E HwSystemManager: TrafficNotifyAfterLocked:screen notification will not notify
12-17 21:50:28.597  2852  2852 I KeyguardUpdateMonitor: KGSvcCall TrustManager TrustChanged 0
12-17 21:50:28.692  3626  4889 E PTM.FileNodeInfo: getTempInfo error: null, 0
12-17 21:50:28.791  3218  3234 W PhoneInterfaceManager: shouldBlockLocation running ...
12-17 21:50:28.814   633 31868 I SDK     : <2016-12-17 21:50:28> [NOTICE] SDK: UE-SeC 2016-12-17 21:50:28:814 Level[NOTICE] magic[3365677344 5250]:Switch tunnel mode to [3]!
12-17 21:50:28.841   633 31868 I SDK     : <2016-12-17 21:50:28> [NOTICE] SDK: UE-SeC 2016-12-17 21:50:28:841 Level[NOTICE] magic[3365677344 11583]:Proc DNS response successfully!, URL=login.huawei.com, ip=167979558
12-17 21:50:28.949   816  1799 D DnsProxyListener: GetAddrInfoHandler addr: loc.map.baidu.com {307, 917811, 10028} 183.232.231.44
12-17 21:50:29.605  3218 13036 I PhoneInterfaceManager: shouldBlockLocation  ret:false
12-17 21:50:29.793   633  1871 E SDK     : 
12-17 21:50:29.834  1795 16232 W ActivityManager: getRunningAppProcesses: caller 10102 does not hold REAL_GET_TASKS; limiting output
12-17 21:50:30.079  1795 16500 D NotificationService: clearEffects CurrentUser AFWuser or AllUser :0|com.android.server.telecom|2|null|1000
12-17 21:50:30.084  1795  2748 D HwAmbientLuxFilterAlgo: earliestValidTime + POWER_ON_DARKENING_LIGHT_DEBOUNCE
12-17 21:50:30.366  2852  2852 I StackScrollAlgorithm: updateDimmedActivatedHideSensitive overlap:true
12-17 21:50:32.594  1795 17831 I NotificationManager: onNotificationVisibilityChanged called
12-17 21:50:32.924  1795  1795 I NotificationManager: cancelNotification,cancelNotificationLocked,callingUid = 1000,callingPid = 1795
12-17 21:50:32.935  2852  2852 I StackScrollAlgorithm: updateClipping isOverlap:true
12-17 21:50:33.472  3466  3466 I Contacts: PLog CallLogFragment refreshData
12-17 21:50:33.474  3118  3825 I ctaifs<存储已屏蔽的号码>[存储已屏蔽的号码][com.android.providers.blockednumber[query] Query CallLog
12-17 21:50:34.726  3466  3466 D HwCust  : Create obj success use class com.android.contacts.HwCustPhoneCallDetailsImpl
12-17 21:50:37.062  3879  3879 I HwLauncher: DynamicIcon onResume  isvisible = false   mAttachedToWindow:true    mWindowVisible:falsecom.android.deskclock
12-17 21:50:37.209  2852  2852 I PhoneStatusBar: setSystemUiVisibility vis=c0000700 mask=ffffffff oldVal=708 newVal=c0000700 diff=c0000008
12-17 21:50:39.212  2852  2852 D StatusBar: updateNotification(StatusBarNotification(pkg=com.huawei.health user=UserHandle{0} id=10010 tag=null key=0|com.huawei.health|10010|null|10099: Notification(pri=0 contentView=null vibrate=null sound=null defaults=0x0 flags=0x62 color=0x00000000 vis=PRIVATE)))
12-17 21:50:39.848  1795 16500 D ActivityManager: Skipping, withExcluded: false, tr.intent:Intent { act=android.intent.action.VIEW dat=https://service.10046.mi.com/... flg=0x10800000 cmp=com.android.browser/.BrowserActivity (has extras) }
12-17 21:50:40.071  5224  5283 I Step_DataCache: 20002302|getTodayTotalSteps 10094
12-17 21:50:40.988  2852  2914 I SimCardMethod: isCardAbsent slot:0 slotState:5
12-17 21:50:41.796  1795  1821 I ActivityManager: Displayed com.huawei.espacev2/com.huawei.espace.module.media.ui.CallOutActivity: +368ms
12-17 21:50:42.166  5224  5283 I Step_HSNH: 20002302|rebuild notification
12-17 21:50:42.553  3218  3218 I QImsService: ImsServiceSub : broadcastVopsSsacIntent Vops = true , Ssac = false
12-17 21:50:42.706  2852  2852 D HwCustMobileSignalControllerImpl: isCurrentBySim()=false
12-17 21:50:43.853   633 31868 I SDK     : <2016-12-17 21:50:43> [NOTICE] SDK: UE-SeC 2016-12-17 21:50:43:853 Level[NOTICE] magic[3365677344 7509]:Currently udp detect response ok,detect id is [5],ack id is [5]!
12-17 21:50:43.855   633 31868 I SDK     : <2016-12-17 21:50:43> [NOTICE] SDK: UE-SeC 2016-12-17 21:50:43:855 Level[NOTICE] magic[3365677344 7509]:Currently udp detect response ok,detect id is [5],ack id is [5]!
12-17 21:50:43.859  2852  2852 I ToggleSlider:  mSeekListener onProgressChanged progress:1931 fromUser:false
12-17 21:50:44.826   633  1954 I SDK     : 
12-17 21:50:45.393  2852  2852 D HwCustMobileSignalControllerImpl: isCurrentBySim()=false
12-17 21:50:45.398  2852  2852 I HwSignalClusterView: getOrInflateState subId:0
12-17 21:50:47.755  3218  3218 I QImsService: ImsServiceStateReceiver : isShowHDIconSupported config showHDIcon : true
12-17 21:50:47.795  1795 16501 I SendBroadcastPermission: action:android.intent.action.SERVICE_STATE, mPermissionType:0
12-17 21:50:47.798  2852  2852 D KeyguardUpdateMonitor: received broadcast android.intent.action.SERVICE_STATE
12-17 21:50:47.860  1795  2685 D ConnectivityService: Invalid tcpBufferSizes string: null, using defaults
12-17 21:50:47.944  3168  3309 E CHR_HWASDiv: getAsdivWorkState: error!
12-17 21:50:47.982  3168  3330 E         : ######  output 1
12-17 21:50:47.982  3168  3330 D QmiChr_Native: GetProtocolInfo, result =1, outputLen =16
12-17 21:50:48.025  1795  2709 I ActivityManager_service: retrieveServiceLocked, callerApp: ProcessRecord{34bf34f 0:system/1000}, flags: 10000400
12-17 21:50:48.086   935   935 E Parcel  : Reading a NULL string not supported here.
12-17 21:50:48.531   633 31870 I SDK     : 
12-17 21:50:48.539  3168  3168 I CHR_ChrVolte: onCallStateChanged: new state is: 1
12-17 21:50:48.543   633 31870 I SDK     : <2016-12-17 21:50:48> [WARN] SDK: UE-SeC 2016-12-17 21:50:48:543 Level[WARN] magic[3362781472 684]:PubEvt_Close Getting a socket[53] from the Socket-table Failed!
12-17 21:50:48.552   633 31870 I SDK     : 
12-17 21:50:48.565   633 31870 I SDK     : 
12-17 21:50:48.567   633 31870 I SDK     : <2016-12-17 21:50:48> [WARN] SDK: UE-SeC 2016-12-17 21:50:48:567 Level[WARN] magic[3362781472 684]:PubEvt_Close Getting a socket[132] from the Socket-table Failed!
12-17 21:50:48.595   633 31870 I SDK     : <2016-12-17 21:50:48> [WARN] SDK: UE-SeC 2016-12-17 21:50:48:595 Level[WARN] magic[3362781472 684]:PubEvt_Close Getting a socket[186] from the Socket-table Failed!
12-17 21:50:48.603   935   935 E Parcel  : Reading a NULL string not supported here.
12-17 21:50:48.623   633 31870 I SDK     : <2016-12-17 21:50:48> [WARN] SDK: UE-SeC 2016-12-17 21:50:48:623 Level[WARN] magic[3362781472 684]:PubEvt_Close Getting a socket[238] from the Socket-table Failed!
12-17 21:50:48.631  1795 16232 D Telecom : CallsManager: isEncryptEnabled able = false: CSW.hCCC@FCU
12-17 21:50:48.631  1795 16232 I Telecom : Event: Call TC@15: FILTERING_INITIATED, null: CSW.hCCC@FCU
12-17 21:50:48.829  1795  1795 I HwActivityManagerService: Split enqueueing broadcast [callerApp]:ProcessRecord{34bf34f 0:system/1000}
12-17 21:50:48.834  1046  2704 I APM_AudioPolicyManager: getOutput() device 2, stream 8, samplingRate 0, format 1, channelMask 1, flags 4
12-17 21:50:48.835  1046 26554 I hash_map_utils: key: 'mode' value: ''
12-17 21:50:49.180  1795  1805 D HwActivityManagerService: handleANRFilterFIFO,uid = 10103cmd = 0
12-17 21:50:49.183  1795 16498 E PF_API_NATIVE: check perfhub service fail! 
12-17 21:50:49.330  3608  3608 I InCall  : CallCardFragment - showEncryptCallButton show =false
12-17 21:50:49.402  3608  3608 I InCall  : VideoCallPresenter - isVideoCallWorking, state is: 4
12-17 21:50:49.420  2852  2852 W CfgFilePolicy: No config file found for:/themes/diff/icons
12-17 21:50:50.951  3218  3218 D Telephony: TelephonyConferenceController: Recalculate conference calls null [].
12-17 21:50:50.981  3608  3608 D InCall  : CallList - onUpdateCall
12-17 21:50:50.984   633   692 I ECS     : Thread-1765{6430} TcpClient.connect(TcpClient.java:162) ==================== TCP CLIENT CONNECT [2] ====================
12-17 21:50:50.991  1795  1825 I PowerManager_screenOn: DisplayPowerController updatePowerState mPendingRequestLocked=policy=BRIGHT, useProximitySensor=true, useProximitySensorbyPhone=true, screenBrightness=33, screenAutoBrightnessAdjustment=0.0, brightnessSetByUser=true, useAutoBrightness=true, blockScreenOn=false, lowPowerMode=false, boostScreenBrightness=false, dozeScreenBrightness=-1, dozeScreenState=UNKNOWN, useTwilight=false, useSmartBacklight=true, brightnessWaitMode=false, brightnessWaitRet=true, screenAutoBrightness=-1, userId=0
12-17 21:50:51.000  1795  2778 D MotionDetectionManager: stopMotionAppsRecoAsUser motionApps: 201
12-17 21:50:51.027  1795  1806 I ActivityManager_service: retrieveServiceLocked, callerApp: ProcessRecord{bc1cd93 25067:com.huawei.betaclub/1000}, flags: 10000400
12-17 21:50:51.028  1795  1806 I ActivityManager_service: bindServiceLocked, r: ServiceRecord{66de07 u0 euid: 0 com.huawei.betaclub/.receiver.LogCapService}, euid: 0
12-17 21:50:52.127  5224  5283 I SendBroadcastPermission: action:android.com.huawei.bone.NOTIFY_SPORT_DATA, mPermissionType:0
12-17 21:50:52.131  2852  2852 I EventCenter: EventCenter Get :android.com.huawei.bone.NOTIFY_SPORT_DATA
12-17 21:50:52.142  1795 16232 I NotificationManager: enqueueNotificationInternal: pkg=com.huawei.health id=10010 notification=Notification(pri=0 contentView=null vibrate=null sound=null defaults=0x0 flags=0x2 color=0x00000000 vis=PRIVATE)
12-17 21:50:52.426   802   802 E Thermal-daemon: [Thermal_Hw] temperature_filter: get invalid temperature, use old temp
12-17 21:50:53.931  1795 20747 D PowerManagerService: ready=true,policy=3,wakefulness=1,wksummary=0x11,uasummary=0x1,bootcompleted=true,boostinprogress=false,waitmodeenable=false,mode=true,manual=33,auto=-1,adj=0.0userId=0
12-17 21:50:54.378  1795  6988 D PowerManagerService: acquire lock=17601692, flags=0x1, tag="RILJ_ACK_WL", name=com.android.phone, ws=null, uid=1001, pid=3218
12-17 21:50:54.554  1795  1825 D Sensors : activate called handle:3 enable:0
12-17 21:50:54.724  2852  2852 I KeyguardUpdateMonitor: Ignore update FP: 0 false
12-17 21:50:54.725  2852  2852 D TimeKeeper: getTimeTickInfo:[mMillisUntilFinished:0, mHour:0, mMinute:0, mSecond:0]
12-17 21:50:54.784  1795  3238 D PowerManagerService: ready=false,policy=3,wakefulness=1,wksummary=0x11,uasummary=0x1,bootcompleted=true,boostinprogress=false,waitmodeenable=false,mode=true,manual=33,auto=-1,adj=0.0userId=0
12-17 21:50:54.845  1795  2371 E LightSensor: read Events lux:  8.0
12-17 21:50:54.850  1795  1825 I PowerManager_screenOn: DisplayPowerController updatePowerState mPendingRequestLocked=policy=BRIGHT, useProximitySensor=true, useProximitySensorbyPhone=true, screenBrightness=33, screenAutoBrightnessAdjustment=0.0, brightnessSetByUser=true, useAutoBrightness=true, blockScreenOn=false, lowPowerMode=false, boostScreenBrightness=false, dozeScreenBrightness=-1, dozeScreenState=UNKNOWN, useTwilight=false, useSmartBacklight=true, brightnessWaitMode=false, brightnessWaitRet=true, screenAutoBrightness=-1, userId=0
12-17 21:50:55.153  1795  2736 E hwintelligencewifi: getCurrentCellid PHONE_TYPE_GSM cellidString = 460004341
12-17 21:50:55.183  3180  3578 I ThermalStateManager: handle action thermal policy:208
12-17 21:50:58.401   633 31867 I SDK     : 
12-17 21:51:00.035  2852  2852 E DateLunarView: mDateString is: 12月17日星期六
12-17 21:51:00.201  3180  3578 I BlackListAlarmRestrict: [resume] no net alarms
12-17 21:51:00.351  1795  6986 I qti_sensors_hal: batch,376,handle 0, timeout:0 ,period_ns:66667000
12-17 21:51:00.640   606  2379 E libteec : QSEECom_send_cmd return!
12-17 21:51:00.708  2852  2852 D StatusBar: applyInPlace=true shouldPeek=false alertAgain=true
12-17 21:51:00.971  1795  1825 D Sensors : activate called handle:3 enable:1
12-17 21:51:00.991  3608  3608 I InCall  : ProximitySensor - Proximity wake lock already acquired
12-17 21:51:01.500  2852  2925 I EventCenter: ContentChange for slot: 1
12-17 21:51:01.547  2852  2852 I HwBrightnessController: onChange selfChange:false uri.toString():content://settings/system/screen_auto_brightness mIsObserveAutoBrightnessChange:true
12-17 21:51:01.761  2852  2925 I EventCenter: ContentChange for slot: 1
12-17 21:51:02.925  1795  2377 I AwareLog: AwareMem_EventTracker: [POLLING_TIMEOUT_127407494] is abandoned for memory low 901508 but policy can not execute
12-17 21:51:02.977  5224  5283 I Step_DataCache: 20002302|getTodayTotalSteps 10121
12-17 21:51:02.979  5224  5283 I Step_ExtendStepDataManager: 20002302|compensate 24699711 5
12-17 21:51:03.097  2852  2852 I PhoneStatusBar: removeNotificationChildren
12-17 21:51:08.080  2852  2852 D StatusBar: reusing notification for key: 0|com.huawei.health|10010|null|10099
12-17 21:51:08.101  2852  2852 I NotificationContentView: transferRemoteInputFocus: 0
12-17 21:51:08.431  1795  2748 D HwAmbientLuxFilterAlgo: t=127412999,BT=127413499,DT=127413999,BT1=127416999,DT1=127420999,Bn=false,Dn=false,lx=[0.0/127411492, 0.0/127411793, 0.0/127412095, 0.0/127412396, 0.0/127412698, 0.0/127412999],mLx=0.0,s=5.0,ss=3.1428561,AuIntervened=false,mProximityState=false,bLux=6.0,dLux=-1.0,bLux1=6.0,dLux1=-1.0
12-17 21:51:08.954  5224  5283 I Step_DataCache: 20002302|getTodayTotalSteps 10130
12-17 21:51:10.181 30820 30820 D AbsServerRequest: doRequest
12-17 21:51:10.959  5224  5283 I Step_DataCache: 20002302|getTodayTotalSteps 10134
12-17 21:51:13.032  5224  5283 I Step_HSNH: 20002302|upDateHealthNotification()|217|7.22|10135
12-17 21:51:17.944   800  1015 D         : oem-qmi: Waiting to accept connection
12-17 21:51:17.967  3168  2149 D CommunicateRecord : getRcvData() Data_RAT :  LTE
12-17 21:51:20.125   633 31868 I SDK     : <2016-12-17 21:51:20> [NOTICE] SDK: UE-SeC 2016-12-17 21:51:20:125 Level[NOTICE] magic[3365677344 1210]:waiting for useful network..........
12-17 21:51:21.541  1795  1825 D AutomaticBrightnessController: Disable LightSensor at time:127426111
12-17 21:51:21.806  1795  1795 I NotificationManager: updateLightsLocked,turn off notificationLight
12-17 21:51:21.853  1795  3077 I GnssLocationProvider: disableGps:false  isEnabled()=true
12-17 21:51:22.832  1795  2396 I HwActivityManagerService: Split enqueueing broadcast [callerApp]:ProcessRecord{580cfb2 5224:com.huawei.health:DaemonService/u0a99}
12-17 21:51:28.724  5224  5283 I SendBroadcastPermission: action:android.com.huawei.bone.NOTIFY_SPORT_DATA, mPermissionType:0
12-17 21:51:49.648   835  2385 E libteec : begin
12-17 21:51:49.678  1795  6988 D PowerManagerService: ready=false,policy=3,wakefulness=1,wksummary=0x11,uasummary=0x1,bootcompleted=true,boostinprogress=false,waitmodeenable=false,mode=true,manual=33,auto=-1,adj=0.0userId=0
12-17 21:51:49.859  1795  1821 I WindowManger_keyguard: Setting mDismissKeyguard true by win Window{e6a6b5e u0 com.android.incallui/com.android.incallui.InCallActivity}
12-17 21:51:50.069  2883  2996 E HwSystemManager: NotificationUtil:Month Warning Notification not create
12-17 21:51:50.069  3608  3608 I InCall  : InCallPresenter - updateStatusBar: state = 0x0
12-17 21:51:50.359  2852  2852 I HwPhoneStatusBar: updateNotificationShade
12-17 21:51:50.470  2883  2996 I HwSystemManager: NormalTrafficAnalysis:alert byte = 0 last alert byte = 1050325341
12-17 21:51:51.599   633 31868 I SDK     : <2016-12-17 21:51:51> [NOTICE] SDK: UE-SeC 2016-12-17 21:51:51:599 Level[NOTICE] magic[3365677344 1210]:waiting for useful network..........
12-17 21:52:11.071  3218  3218 E QtiImsExtUtils: getImsPhoneId failed. Exception = org.codeaurora.ims.QtiImsException: ImsService is not running
12-17 21:52:11.141  1795  2326 V FingerprintService: ClientMonitor destroy
12-17 21:52:11.177  1795  2691 D HwConnectivityService: handleFilterMsg action: 3mFilterMsgFlag3
12-17 21:52:11.193  1795  1795 D HwPFWLogger: PFW.HwPFWService:mBroadcastReceiver action = android.intent.action.SCREEN_ON
12-17 21:52:11.202  1795  2396 D PowerManagerService: ready=false,policy=3,wakefulness=1,wksummary=0x11,uasummary=0x1,bootcompleted=true,boostinprogress=false,waitmodeenable=false,mode=true,manual=33,auto=-1,adj=0.0userId=0
12-17 21:52:11.202  3608  3608 I SendBroadcastPermission: action:InCallScreenIsForegroundActivity, mPermissionType:0
12-17 21:52:11.208  3608  3608 D InCall  : AnswerPresenter - onCallListChange callList=com.android.incallui.CallList@86c7f97
12-17 21:52:11.316  2852  2925 I EventCenter: ContentChange for slot: 1
12-17 21:52:11.435  3218 13036 W PhoneInterfaceManager: shouldBlockLocation running ...
12-17 21:52:11.999  2852  2852 D DateTimeView: Change to single clock mode!
12-17 21:52:14.504  3218  3218 E QtiImsExtUtils: isCarrierConfigEnabled bundle is null
12-17 21:52:14.868  2852  2852 I StatusBarIconView: updateTint: tint=1
12-17 21:52:14.871  1795 16498 I qti_sensors_hal: 0x0, 0x0, 0x0, 0x0
12-17 21:52:14.918  1795  1825 I WindowManger_keyguard: Setting mDismissKeyguard true by win Window{e6a6b5e u0 com.android.incallui/com.android.incallui.InCallActivity}
12-17 21:52:15.119  1795  1795 I DeviceIdleController: becomeActiveLocked, reason = screen
12-17 21:52:15.199  3626  4889 E PTM.FileNodeInfo: getTempInfo error: null, 0
12-17 21:52:15.362  1795  1825 I PowerManager_screenOn: DisplayPowerStatesetColorFadeLevel: level=1.0
12-17 21:52:15.432  1795  1795 I SendBroadcastPermission: action:android.intent.action.SCREEN_ON, mPermissionType:0
12-17 21:52:15.467  1046  1467 D audio_hw_spkr_prot: audio_extn_fbsp_set_parameters: Speaker protection disabled
12-17 21:52:15.503  3218 13036 I PhoneInterfaceManager: shouldBlockLocation  ret:false
12-17 21:52:15.849  3858  4126 I amsnl   : m1: false
12-17 21:52:16.119  1795  2396 I qti_sensors_hal: batch,376,handle 0, timeout:0 ,period_ns:66667000
12-17 21:52:16.378  1795  1795 D HwConnectivityService: receive screen off intent!
12-17 21:52:16.399   606  2379 E libteec : send data return = 1152
12-17 21:52:16.403   606  2379 E libteec : qsc_send_cmd finish
12-17 21:52:16.511   818  1152 I logserver: handle_exception_events enter
12-17 21:52:23.608  3608  3608 I InCall  : ProximitySensor - ProximitySensor{keybrd=0, dpad=0, offhook=1, hor=0, ui=1, aud=EARPIECE}
12-17 21:52:23.659  1795  2736 D hwintelligencewifi: current cell id is not monitor ..... cellid = 460004341
12-17 21:52:23.761  1795  1825 D DisplayPowerController: Animating brightness: target=7, rate=0
12-17 21:52:24.121  3608  3608 I InCall  : VideoCallFragment - onStop:
12-17 21:52:24.139  1795  1806 I qti_sensors_hal: batch:sensor(android.sensor.accelerometer) sample_rate=14.999925Hz report_rate_f=0.000000Hz curr sample rate:14.999925 cur rpt rate:0 max:400.000000 min:1.000000
12-17 21:52:24.263  2852  2852 I PhoneStatusBar: updateNotificationShade
12-17 21:52:24.426   835  2385 E libteec : begin
12-17 21:52:24.436   835  2385 D fingerprintd: onAcquired(2001)
12-17 21:52:24.647  1795  1795 I PowerManager_screenOn: PowerManagerNotifier Sending wake up broadcast.
12-17 21:52:24.678   835   835 I fingerprintd: FingerprintDaemonProxyEx::onTransact, code:2
12-17 21:52:24.683   835  2385 E libteec : qsc_decode end
12-17 21:52:24.718   835  2385 E libteec : begin
12-17 21:52:25.254  3626  3626 I iMonitor: create: 903001010
12-17 21:52:25.306  1795  1795 I qti_sensors_hal: 0xc0, 0x2a, 0x7c, 0x3f
12-17 21:52:25.310  2852  2852 I PhoneStatusBar: onFinishedGoingToSleep
12-17 21:52:25.383  1795  2671 D PowerManagerService: ready=true,policy=0,wakefulness=0,wksummary=0x11,uasummary=0x0,bootcompleted=true,boostinprogress=false,waitmodeenable=false,mode=true,manual=33,auto=-1,adj=0.0userId=0
12-17 21:52:29.270   835  2385 E libteec : receive data len = 128
12-17 21:52:29.281  1795  2326 V FingerprintService: Done with client: com.android.systemui
12-17 21:52:29.287  1795  1825 I WindowManger_keyguard: Screen turned on for keyguard
12-17 21:52:29.289  1795  6985 I WindowManger_keyguard: hideScrim()
12-17 21:52:29.293  1795  1825 D HwNormalizedAutomaticBrightnessController: mWakeupFromSleep= true,currentTime=127461141,mLightSensorEnableTime=127461137
12-17 21:52:29.334  1795  1795 I Sensor  : updateLight --> mIsNotificationExisting: false ledOnMS: 0 ledOffMS :0
12-17 21:52:29.584  1795 11745 I AlarmManager: remove(PendingIntent{a3bc91c: PendingIntentRecord{7f86237 com.huawei.espacev2 broadcastIntent}}) changed bounds; rebatching
12-17 21:52:29.861  1795  2332 I qti_sensors_hal: [ACC]processReportInd: X: 2.017895 Y: 8.054159 Z: 5.180457  x_offset:0.160831 y_offset:0.184366 z_offset:0.985027
12-17 21:52:36.000  2852  2852 I BadgedIconHelper: isCloneProcess = false
12-17 21:52:36.007  2852  2852 D HwCust  : Create obj success use class com.android.systemui.statusbar.HwCustExpandableNotificationRowImpl
12-17 21:52:36.219  1795  2396 I HwActivityManagerService: Split enqueueing broadcast [callerApp]:ProcessRecord{ec55919 3608:com.android.incallui/1001}
12-17 21:52:36.256  1795  2377 I AwareLog: AwareMem_DMEServer: stop
12-17 21:52:36.391  3180  4303 I AwareLog: MemoryRecoveryDMEPlugin: reportScene typeId = 2002
12-17 21:52:36.453  1795  3110 I ActivityManager_broadcast: dispatch ordered broadcast [foreground] BroadcastRecord{d97c5ac u-1 android.intent.action.SCREEN_OFF}, has 1 receivers
12-17 21:52:36.453  3180  3578 I ash     : unproxy com.tencent.mm broadcast OK !
12-17 21:52:36.490  1795  3238 I GnssLocationProvider: stopNavigating, mStarted=false
12-17 21:52:42.935  2852  2852 W DisabledFeatureUtils: Dis-Feature : 0
12-17 21:52:42.960   606  2379 E libteec : send data return = 128
12-17 21:52:43.017  1795  3249 I SendBroadcastPermission: action:android.intent.action.SIG_STR, mPermissionType:0
12-17 21:52:43.038  2852  2852 I NotificationGroupManager: summary = null
12-17 21:52:43.126  2883  2996 I HwSystemManager: NormalTraffic:update notification type = -1
12-17 21:52:43.230  1795  1809 I qti_sensors_hal: 0xcd, 0xb0, 0x24, 0x3e
12-17 21:52:44.282 31949 31967 I TCP     : tcp.conn{4787} TcpSocket.connect_i(TcpSocket.java:84) connecting to ip address uc.huawei.com/45.249.213.63
12-17 21:52:46.456  1795  2750 I HwLightsService: back light level before map = 0
12-17 21:52:46.510  3608  3608 I InCall  : VideoCallFragment - onStop:
12-17 21:52:46.510  3608  3608 D InCall  : InCallActivity - onStop()...
12-17 21:52:46.738   633   692 I TCP     : Watch Thread{4481} TcpClientThread.disconnectSocket(TcpClientThread.java:369) disconnecting to 45.249.213.63:7801
12-17 21:52:46.850  3180  4303 I AwareLog: MemoryRecoveryDMEPlugin: receive sceen off event
12-17 21:52:47.385  1795  1825 D DisplayPowerController: Animating brightness: target=0, rate=0
12-17 21:52:47.388  1795 17832 D HwInputMethodManagerService: ------------startInput--------------
12-17 21:52:47.426   606  2379 E libteec : send data return = 128
12-17 21:52:47.485  1046  9752 V ThreadsEx: HDebug print the key screen_state
12-17 21:52:47.747  1795  1809 I qti_sensors_hal: 0x55, 0x0, 0x0, 0x0
12-17 21:52:47.798  3180  3578 I ash     : ash->screen unlock
12-17 21:52:48.133  1795  1795 I SendBroadcastPermission: action:android.intent.action.SCREEN_ON, mPermissionType:0
12-17 21:52:48.137  2883  2996 I HwSystemManager: NormalTraffic:update notification type = -1
12-17 21:52:48.166  1046  1046 V audio_hw_primary: adev_set_parameters: exit with code(0)
12-17 21:52:48.180  1795  1795 D WifiProStatisticsManager: sendScreenOnEvent enter.
12-17 21:52:48.250  2883  2996 E HwSystemManager: LeisureTrafficSetting:result is empty
12-17 21:52:50.336  1795  2748 D HwAmbientLuxFilterAlgo: earliestValidTime + POWER_ON_BRIGHTENING_LIGHT_DEBOUNCE
12-17 21:52:51.523  1795  3237 W ActivityManager: getRunningAppProcesses: caller 10102 does not hold REAL_GET_TASKS; limiting output
12-17 21:52:55.185  1795  1825 D AutomaticBrightnessController: Disable LightSensor at time:127487033
12-17 21:52:55.201  2852  2852 I StatusBarIconView: updateTint: tint=0
12-17 21:52:55.320  2852  2852 I StackScroller: generateAddAnimation:null, false
12-17 21:52:55.441   835   835 I fingerprintd: fingerprintd
12-17 21:52:55.459  1795  1795 D HwConnectivityService: CtrlSocket Receiver,disable: false locked: true action: android.intent.action.SCREEN_OFF mSmartKeyguardLevel: normal_level mStartPowerSaving: false
12-17 21:52:55.497  1795  2326 W FingerprintService: onAcquired 2
12-17 21:52:55.579  3180  4303 I AwareLog: MemoryRecoveryDMEPlugin: reportScene typeId = 2002
12-17 21:53:00.235  1795  2737 I QosMonitor: postEventFromNative: msg=100,arg1=0,arg2=9
12-17 21:53:02.255  1795  1825 I PowerManager_screenOn: DisplayPowerController updatePowerState mPendingRequestLocked=policy=OFF, useProximitySensor=true, useProximitySensorbyPhone=true, screenBrightness=33, screenAutoBrightnessAdjustment=0.0, brightnessSetByUser=true, useAutoBrightness=true, blockScreenOn=false, lowPowerMode=false, boostScreenBrightness=false, dozeScreenBrightness=-1, dozeScreenState=UNKNOWN, useTwilight=false, useSmartBacklight=true, brightnessWaitMode=false, brightnessWaitRet=true, screenAutoBrightness=-1, userId=0
12-17 21:53:02.278  2852  2852 W HwLockScreenPanel: Handle message: 14
12-17 21:53:02.353  3608  3608 D InCall  : AnswerPresenter - onCallListChange callList=com.android.incallui.CallList@86c7f97
12-17 21:53:02.448  2883  2996 I HwSystemManager: ExtraTrafficSetting:result is empty
12-17 21:53:02.599   818  1152 I logserver: handle_exception_events enter
12-17 21:53:02.630  2852  2852 I NotificationGroupManager: onEntryAdded:0|com.huawei.health|10010|null|10099, group=0|com.huawei.health|10010|null|10099
12-17 21:53:02.654 31949 31967 I TCP     : 	at java.net.AbstractPlainSocketImpl.connectToAddress(AbstractPlainSocketImpl.java:196)
12-17 21:53:02.654 31949 31967 I TCP     : 	at com.huawei.ecs.mip.proxy.TcpClientThread.connectSocket(TcpClientThread.java:350)
12-17 21:53:03.690  3858  4126 I amsnl   : c: true, w: false, t: false, l: false
12-17 21:53:04.511  2852  2852 I PhoneStatusBar: removeNotificationChildren
12-17 21:53:05.877  1795  1825 D lux trace:: [6.0/127494701, 4.0/127495054, 5.0/127495408, 3.0/127495761, 4.0/127496114, 27.0/127496471, 26.0/127496843, 24.0/127497567]
12-17 21:53:06.169   835  2385 D fpc_fingerprint_hal: worker idle
12-17 21:53:06.215  2852  3556 I NetworkController.MobileSignalController(0): onDataActivity: direction=0
12-17 21:53:06.705   633 31868 I SDK     : <2016-12-17 21:53:06> [NOTICE] SDK: UE-SeC 2016-12-17 21:53:6:704 Level[NOTICE] magic[3365677344 1210]:waiting for useful network..........
12-17 21:53:06.766  3858  4126 I amsnl   : m1: false
12-17 21:53:17.593  1795  1825 W HwScreenOnProximityLock: releaseLock: return because sensor listener is held = false
12-17 21:53:17.622  2852  2852 V KeyguardStatusView: Enable transport text marquee
12-17 21:53:17.626  1795  1821 I WindowManger_keyguard: Setting mDismissKeyguard true by win Window{e6a6b5e u0 com.android.incallui/com.android.incallui.InCallActivity}
12-17 21:53:17.727  2852  2852 I ActivatableNotificationView: setOverlap mOverlap:false, mDimmed:false
12-17 21:53:18.855  1795 16232 V SecInputMethodManagerService: Client requesting input be hidden, pid=3608
12-17 21:53:18.861  3608  3608 D InCall  : DialpadFragment - Notifying dtmf key up.
12-17 21:53:18.889  3608  3608 E WindowManagerEx: ret: 0
12-17 21:53:18.911  1795  1825 W LightSensor: LightSensor, enable, 284: flags=0
12-17 21:53:19.078  2852  2852 I NotificationContentView: transferRemoteInputFocus: 0
12-17 21:53:19.164   835  2385 D fpc_fingerprint_hal: worker idle
12-17 21:53:19.205  1795 11747 D PowerManagerService: acquire lock=184063844, flags=0x1, tag="NetworkStats", name=android, ws=null, uid=1000, pid=1795
12-17 21:53:23.160  5224  5283 I Step_LSC: 20002302|REPORT : 10162 217479 7252 0
12-17 21:53:27.842  1795  1825 D PowerManagerService: ready=false,policy=3,wakefulness=1,wksummary=0x10,uasummary=0x1,bootcompleted=true,boostinprogress=false,waitmodeenable=false,mode=true,manual=33,auto=-1,adj=0.0userId=0
12-17 21:53:27.910  1795  1795 D HwConnectivityService: mFilterMsgFlag: 0,msg.arg1: 3
12-17 21:53:27.924  1046  1046 V msm8916_platform: platform_set_parameters: enter: - screen_state=on
12-17 21:53:27.925  1795  6985 D PowerManagerService: Releasing suspend blocker "PowerManagerService.WakeLocks".
12-17 21:53:27.937  1795 17832 D PowerManagerService: acquire lock=168701558, flags=0x1, tag="RILJ_ACK_WL", name=com.android.phone, ws=null, uid=1001, pid=3218
12-17 21:53:28.171  1795  1825 D FpDataCollector: case xxx, not a fingerprint unlock 
12-17 21:53:28.201  2852  2852 I HwNotificationIconAreaController: showNotificationAll
12-17 21:53:28.217  3218  4070 I PhoneInterfaceManager: shouldBlockLocation  ret:false
12-17 21:53:28.286  1795  2332 I qti_sensors_hal: [ACC]processReportInd: X: 6.398999 Y: 7.526724 Z: 0.765344  x_offset:0.160831 y_offset:0.184366 z_offset:0.985027
12-17 21:53:28.856   633   692 I eSpaceService: LoginThread{6437} LoginC.doLoginByStep(LoginC.java:203) Login_By_Step-> at SVNConnect
12-17 21:53:28.895   633   692 I ECS     : Thread-1773{6438} TcpClient.connect(TcpClient.java:162) ==================== TCP CLIENT CONNECT [2] ====================
12-17 21:53:29.256  1795  3111 I qti_sensors_hal: batch:sensor(android.sensor.accelerometer) handle:0 flags:0x0 period_ns 66667000
12-17 21:53:29.513   835  2385 D fpc_fingerprint_hal: worker idle
12-17 21:53:29.520   606  2379 E libteec : receive data len = 128
12-17 21:53:29.541  1795  1795 D HwPFWLogger: PFW.HwPFWService:mBroadcastReceiver action = android.intent.action.SCREEN_OFF
12-17 21:53:30.432  1795  3884 I WindowManger_keyguard: **** SHOWN CALLED ****
12-17 21:53:30.465  3608  3608 I InCall  : ProximitySensor - isDisplayOn: true
12-17 21:53:30.491  2852  2852 I BackgrounCallingLayout: updateCallLayout:isBackground=false, isInteractive=true
12-17 21:53:30.714  5224  5283 I Step_HSNH: 20002302|upDateHealthNotification()|217|7.25|10162
12-17 21:53:31.694  2852  2852 W HwPhoneLayoutInflater: onCreateView : ClassNotFoundException, In this case we want to let the base class take a crack at it
12-17 21:53:31.829  1795  1795 I qti_sensors_hal: batch,376,handle 0, timeout:0 ,period_ns:200000000
12-17 21:53:31.847  2852  2852 W DisabledFeatureUtils: Dis-Feature : 0
12-17 21:53:31.998  2883  2996 I HwSystemManager: NatTrafficNotifyService:delta byte = 0 no traffic delta = 0Traffic state is 301
12-17 21:53:32.357  1795  1821 I WindowManger_keyguard: Setting mDismissKeyguard true by win Window{e6a6b5e u0 com.android.incallui/com.android.incallui.InCallActivity}
12-17 21:53:32.412  3608  3608 E HW-JPEG-DEC: [HME_JPEG_DEC_Delete](3298): HME_JPEG_DEC_Delete: decoder_ctx=null
12-17 21:53:32.455  1795  3077 I GnssLocationProvider: updateLowPowerMode,isPowerSaveMode:falseisInteractive:true
12-17 21:53:32.912  1795  1825 D DisplayPowerController: Animating brightness: target=16, rate=40
12-17 21:53:33.682 31949 31967 I TCP     : WatchThread{4786} TcpSocket.close(TcpSocket.java:158) shutdown output: java.net.SocketException: Socket is not connected
12-17 21:53:35.180  1795  1825 I PowerManager_screenOn: PowerManagerServiceonProximityPositivebyPhone -> updatePowerStateLocked
12-17 21:53:35.187  1795  3253 D HwInputMethodManagerService: ------------startInput--------------
12-17 21:53:35.467  1795  1825 I PowerManager_screenOn: DisplayPowerController updatePowerState mPendingRequestLocked=policy=OFF, useProximitySensor=true, useProximitySensorbyPhone=true, screenBrightness=33, screenAutoBrightnessAdjustment=0.0, brightnessSetByUser=true, useAutoBrightness=true, blockScreenOn=false, lowPowerMode=false, boostScreenBrightness=false, dozeScreenBrightness=-1, dozeScreenState=UNKNOWN, useTwilight=false, useSmartBacklight=true, brightnessWaitMode=false, brightnessWaitRet=true, screenAutoBrightness=-1, userId=0
12-17 21:53:35.504  1795  2668 D WifiP2pService: P2pDisabledState{ when=0 what=143467 target=com.android.internal.util.StateMachine$SmHandler }
12-17 21:53:35.547  1046  2703 V msm8916_platform: platform_set_parameters: enter: - screen_state=off
12-17 21:53:35.583  1795  3247 D PowerManagerService: ready=true,policy=0,wakefulness=0,wksummary=0x11,uasummary=0x0,bootcompleted=true,boostinprogress=false,waitmodeenable=false,mode=true,manual=33,auto=-1,adj=0.0userId=0
12-17 21:53:35.640  3218  4159 E HW-JPEG-DEC: [HME_JPEG_DEC_Delete](3298): HME_JPEG_DEC_Delete: decoder_ctx=null
12-17 21:53:36.057  1795  1825 D PowerManagerService: Acquiring suspend blocker "PowerManagerService.Broadcasts".
12-17 21:53:36.094  1795  1795 D HwConnectivityService: TurnOffDCState: false
12-17 21:53:36.199  2852  2852 I StackScrollAlgorithm: updateClipping isOverlap:false
12-17 21:53:36.703  1795  1819 I InputDispatcher: frozenCheckLocked mDispatchFrozen=0 mNextUnblockedEvent=0
12-17 21:53:39.003  1795  2750 I PowerManager_screenOn: DisplayPowerState Updating screen state: state=ON, backlight=0
12-17 21:53:39.003  1795  2750 I HwLightsService: back light level before map = 0
12-17 21:53:39.292  1795  1795 D DeviceIdleController: stopMonitoringMotionLocked()
12-17 21:53:39.298  1795  1795 I Sensor  : updateLight --> mIsNotificationExisting: false ledOnMS: 0 ledOffMS :0
12-17 21:53:39.306  1795 17832 I qti_sensors_hal: flush,395,handle 0
12-17 21:53:39.400  1795  1825 I PowerManager_screenOn: DisplayPowerController updatePowerState mPendingRequestLocked=policy=OFF, useProximitySensor=true, useProximitySensorbyPhone=true, screenBrightness=33, screenAutoBrightnessAdjustment=0.0, brightnessSetByUser=true, useAutoBrightness=true, blockScreenOn=false, lowPowerMode=false, boostScreenBrightness=false, dozeScreenBrightness=-1, dozeScreenState=UNKNOWN, useTwilight=false, useSmartBacklight=true, brightnessWaitMode=false, brightnessWaitRet=true, screenAutoBrightness=-1, userId=0
12-17 21:53:39.955   606  2379 E libteec : receive data len = 128
12-17 21:53:40.171  3218 13114 I PhoneInterfaceManager: shouldBlockLocation  ret:false
12-17 21:53:46.128   802   802 E Thermal-daemon: [Thermal_Hw] temperature_filter: get invalid temperature, use old temp
12-17 21:54:58.809  1795  1825 D HwPowerManagerService: setColorTemperatureAccordingToSetting
12-17 21:54:58.820  1795  1795 I WindowManger_keyguard: Started waking up...
12-17 21:54:58.905  3608  3608 D InCall  : AnswerPresenter - onCallListChange callList=com.android.incallui.CallList@86c7f97
12-17 21:54:58.914  1795  1795 I Sensor  : updateLightsLocked --> mBatteryLight.turnOff
12-17 21:54:58.914  1046  2704 D audio_hw_primary: adev_set_parameters: enter: screen_state=on
12-17 21:54:59.182  2852  3328 D KeyguardService: KGSvcCall onFinishedGoingToSleep.
12-17 21:54:59.215   606  2379 E libteec : qsc_send_cmd finish
12-17 21:54:59.241  1795  2736 E hwintelligencewifi: stopScanAp mIsScaning = false
12-17 21:54:59.252  2852  3556 I NetworkController.MobileSignalController(0): onDataActivity: direction=0
12-17 21:54:59.257  2852  2852 I HwMobileSignalController: notifyListenerHuawei::origin typeIcon:2130839153 icons.mName:G isSuspend:false, showDataIcon=false, dataConnected=false, isRoaming=false
12-17 21:54:59.313  5224  5283 I Step_StandStepCounter: 20002302|flush sensor data
12-17 21:54:59.315  5224  5283 I Step_SharedPerferenceUtils: 20002302|setTodayTotalDetailSteps to Prefence todaySendorSteps=1481982780000##10165##178311##0##0##451435679
12-17 21:54:59.468  3608  3608 E InCall  : StatusBarNotifier - buildAndSendNotification state=3 showHeadUpNotification=false mHeadupViewShow=false
12-17 21:54:59.733   835  2385 E libteec : begin
12-17 21:54:59.796  3626  3626 I HourObserver: left handleScrnOnOffTimeStats, mScrnOffAccTime = 1527822, mScrnOffAccTime = 1527822, mScrnOnAccTime = 1771956
12-17 21:54:59.949  1795  2736 E hwintelligencewifi: getCurrentCellid type is PHONE_TYPE_GSM
12-17 21:55:00.065 31949 31967 I TCP     : WatchThread{4786} TcpSocket.close(TcpSocket.java:170) shutdown input: java.net.SocketException: Socket is not connected
12-17 21:55:00.312  1795  3077 I GnssLocationProvider: updateLowPowerMode,isPowerSaveMode:falseisInteractive:false
12-17 21:55:00.886  3626  3729 I NCCHR_LogServiceSetting: is Beta User, userType = 3
12-17 21:55:04.544  1795  1795 I MQoS    : onSignal: mSubId=1,currDataSubID=0
12-17 21:56:33.894  3626  3626 E PTM.FileNodeInfo: getTempInfo error: null, 0
12-17 21:56:33.895  3626  3626 E PTM.FileNodeInfo: getTempInfo error: null, 0
12-17 21:56:33.895  3626  3626 E PTM.FileNodeInfo: getTempInfo error: null, 0
12-17 21:56:33.919   633   692 I TCP     : java.net.SocketException: Socket closed
12-17 21:56:46.572  1795  2791 D PFW.HwPFWAppRestartPolicy: failed to get application info
12-17 21:56:47.254  1795  2737 D WifiProJNI: Received kernel message payload: event 0
12-17 21:56:47.308   802   802 E Thermal-daemon: [charger_ic] temp_new :26  temp_old :25
12-17 21:57:34.832  1795  2323 D HwBatteryService: onUEvent fcpStatus = 0,scpStatus =0,ovpStatus=0
12-17 21:57:38.119  7741  7758 D TmoMonitor: Cache monitor msg as screen_off
12-17 21:57:58.259  2852  2852 D KeyguardUpdateMonitor: handleBatteryUpdate
12-17 21:57:58.263  1795  1825 D DisplayPowerController: handleProximitySensorEvent positive:false
12-17 21:57:58.267  1795  1825 I PowerManager_screenOn: DisplayPowerStatesetScreenState: state=2
12-17 21:57:58.267  3626  3626 E PTM.FileNodeInfo: getTempInfo error: null, 0
12-17 21:57:58.315  1795  1825 W LightSensor: LightSensor, enable, 283: en=1
12-17 21:57:58.315   835  2385 E libteec : receive data len = 128
12-17 21:57:58.359  1795  1795 D DeviceIdleController: updateDisplayLocked: screenOn=true
12-17 21:57:58.369  3858  4126 I amsnl   : m1: false
12-17 21:57:58.400  1795  2736 E hwintelligencewifi: stopScanAp mIsScaning = false
12-17 21:57:58.597  5224  5283 I Step_LSC: 20002302|calculateAltitudeWithCache totalAltitude=0
12-17 21:57:58.612 31949 31967 I eSpaceService: WatchThread{4786} TcpCirChannel.shutdown(TcpCirChannel.java:257) Login_By_Step-> shut down now connect
12-17 21:57:58.619  1795 11746 I HwActivityManagerService: Split enqueueing broadcast [callerApp]:ProcessRecord{580cfb2 5224:com.huawei.health:DaemonService/u0a99}
12-17 21:57:58.682  2852  2852 I HwDateUtils: formatChinaDateTime, change to China normalTime:晚上9:57
12-17 21:57:59.196  2852  2852 D DateTimeView: Change to single clock mode!
12-17 21:58:02.132  1795 15987 D PowerManagerService: ready=false,policy=0,wakefulness=0,wksummary=0x11,uasummary=0x0,bootcompleted=true,boostinprogress=false,waitmodeenable=false,mode=true,manual=33,auto=-1,adj=0.0userId=0
12-17 21:58:02.269  2852  2852 I HwNotificationIconAreaController: showNotificationAll
12-17 21:58:02.362  2852  2852 W DisabledFeatureUtils: Dis-Feature : 0
12-17 21:58:02.383  1795  1795 D HwConnectivityService: start powersaving action!
12-17 21:58:03.401  2852  2866 D KeyguardService: KGSvcCall onScreenTurnedOff.
12-17 21:58:03.457  1795  1795 D PowerManagerService: Acquiring suspend blocker "PowerManagerService.WakeLocks".
12-17 21:58:03.728  1795  3111 I AlarmManager: remove(PendingIntent{55d3702: PendingIntentRecord{601e5f3 com.huawei.indexsearch.observer broadcastIntent}}) changed bounds; rebatching
12-17 21:58:03.860  2852  2852 I TimeManager: chinaDateTime:晚上9:58
12-17 21:58:03.927  1795  1795 D PowerManagerService: ready=true,policy=3,wakefulness=1,wksummary=0x10,uasummary=0x1,bootcompleted=true,boostinprogress=false,waitmodeenable=false,mode=true,manual=33,auto=-1,adj=0.0userId=0
12-17 21:58:03.985  2852  2852 D DateTimeView: Change to single clock mode!
12-17 21:58:07.330  1795  1825 I PowerManager_screenOn: DisplayPowerController updatePowerState mPendingRequestLocked=policy=BRIGHT, useProximitySensor=true, useProximitySensorbyPhone=true, screenBrightness=33, screenAutoBrightnessAdjustment=0.0, brightnessSetByUser=true, useAutoBrightness=true, blockScreenOn=false, lowPowerMode=false, boostScreenBrightness=false, dozeScreenBrightness=-1, dozeScreenState=UNKNOWN, useTwilight=false, useSmartBacklight=true, brightnessWaitMode=false, brightnessWaitRet=true, screenAutoBrightness=-1, userId=0
12-17 21:58:07.680   835  2385 D fingerprintd: onAcquired(2001)
12-17 21:58:21.680  1046  9752 V ThreadsEx: HDebug print the key screen_state
12-17 21:58:22.023 31949 31967 I ECS     : WatchThread{4786} TcpClient.connect(TcpClient.java:162) ==================== TCP CLIENT CONNECT [2] ====================
12-17 21:58:22.206  2852  2866 D CommandQueue: CommandQueue, setBarBackgroundColor
12-17 21:58:22.236  3608  3608 D InCall  : GlowPadWrapper - stopPing
12-17 21:58:22.270  2852  2852 I HwBrightnessUtils:  getSeekBarProgress isAutoMode:true current brightness:0 percentage:NaN
12-17 21:58:23.241  1795  2332 I qti_sensors_hal: [ACC]processReportInd: X: 5.024930 Y: 8.123831 Z: 0.270471  x_offset:0.160831 y_offset:0.184366 z_offset:0.985027
12-17 21:58:23.437  1795  2332 I qti_sensors_hal: [ACC]processReportInd: X: 2.490887 Y: 8.319967 Z: 2.673835  x_offset:0.160831 y_offset:0.184366 z_offset:0.985027
12-17 21:58:25.968  3180  3578 D ApplicationPackageManager: queryIntentActivitiesAsUser size results:1, for package:com.tencent.mm
12-17 21:58:26.724  1795  5350 I MQoS    : QOS_level:4(4),use RTTLvl:4;RATLvl:2
12-17 21:58:27.733  2852  2914 I HwMobileSignalController: updateSignalStrength: signalStrength=SignalStrength: -85 0 -1 255 -1 255 -1 255 255 99 2147483647 2147483647 2147483647 2147483647 2147483647 false gw|lte
12-17 21:58:28.017  1795  1825 D HwPowerManagerService: setColorTemperatureAccordingToSetting
12-17 21:58:28.017  1795  1825 D HwPowerManagerService: isDisplayFeatureSupported feature:1
12-17 21:58:28.018  1795  1825 D HwPowerManagerService: ColorTemperature read from old setting:128
12-17 21:58:28.023  1795  1795 I WindowManger_keyguard: Setting mDismissKeyguard true by win Window{e6a6b5e u0 com.android.incallui/com.android.incallui.InCallActivity}
12-17 21:58:28.055   606  2379 E libteec : receive data len = 128
12-17 21:58:28.085  1795  2671 D WifiStateMachine:  InitialState !CMD_SET_SUSPEND_OPT_ENABLED  rt=127573524/451644449 0 0
12-17 21:58:28.093  1795  2691 D HwConnectivityService: stopFilter m_filterIsStarted:false
12-17 21:58:28.255  1795  2332 I qti_sensors_hal: [ACC]processReportInd: X: -8.154544 Y: 3.584219 Z: 2.301594  x_offset:0.160831 y_offset:0.184366 z_offset:0.985027
12-17 21:58:28.330  3608  3608 D InCall  : AnswerPresenter - onCallListChange callList=com.android.incallui.CallList@86c7f97
12-17 21:58:28.373  1795  2736 E hwintelligencewifi: getCurrentCellid PHONE_TYPE_GSM cellidString = 460004341
12-17 21:58:28.502  1795  1806 D GpsFreezeProc: removeFreezeProcess pkg:com.android.browser
12-17 21:58:30.244   633   692 I TCP     : 	at com.huawei.ecs.mtk.util.SimpleThread.run(SimpleThread.java:42)
12-17 21:58:30.245  1795  1821 I WindowManger_keyguard: Setting mDismissKeyguard true by win Window{e6a6b5e u0 com.android.incallui/com.android.incallui.InCallActivity}
12-17 21:58:30.347  1795  1825 I PowerManager_screenOn: DisplayPowerStatesetScreenState: state=2
12-17 21:58:30.431  2852  2852 I StatusBar: removeNotificationViews:0|com.android.incallui|2|null|1001
12-17 21:58:30.779  1795  1795 I ActivityManager_broadcast: Enqueueing ordered broadcast[foreground] BroadcastRecord{6a66f91 u-1 android.intent.action.SCREEN_ON}: prev had 0
12-17 21:58:30.819  1795  2332 I qti_sensors_hal: [ACC]processReportInd: X: 2.623791 Y: 8.115591 Z: 2.703820  x_offset:0.160831 y_offset:0.184366 z_offset:0.985027
12-17 21:58:30.891  5224  5283 I Step_StandStepCounter: 20002302|flush sensor data
12-17 21:58:30.928  2852  2852 I PhoneStatusBar: updateNotificationShade
12-17 21:58:32.356  1795  1825 D PowerManagerService: setColorTemperatureAccordingToSetting
12-17 21:58:32.409   633 31868 I SDK     : 
12-17 21:58:32.545  1795 11745 I HwActivityManagerService: Split enqueueing broadcast [callerApp]:ProcessRecord{34bf34f 0:system/1000}
12-17 21:58:32.563  2852  3556 I NetworkController.MobileSignalController(0): onDataActivity: direction=0
12-17 21:58:32.579  1795  3957 E IzatSvc_OSObserver: I/LocTech-Value :: Data Item Value: IS_SCREEN_ON: false
12-17 21:58:32.846  1795  2736 E hwintelligencewifi: stopScanAp mIsScaning = false
12-17 21:58:33.814  1795  1805 D HwInputMethodManagerService: hideSecSoftInput = false
12-17 21:58:33.903  1795  6985 I qti_sensors_hal: batch,376,handle 0, timeout:0 ,period_ns:66667000
12-17 21:58:34.124  1795  1825 D HwPowerManagerService: setColorTemperature:128
12-17 21:58:34.178  2852  2852 I PhoneStatusBar: updateNotificationShade
12-17 21:58:34.204  3382  3399 D QcrilMsgTunnelSocket: readRilMessage: Buffer = [B@204bb9f HexData = [010000000404000012000000514f454d484f4f4b1d04080002000000ffff]
12-17 21:58:34.460  2852  3361 I vol.VolumeDialogControl: C onScreenOff 
12-17 21:58:34.774  3608  3608 I InCall  : CallList - hasAnyLiveCall call = [Call_14, ACTIVE, [Capabilities: CAPABILITY_HOLD CAPABILITY_SUPPORT_HOLD CAPABILITY_MUTE CAPABILITY_CANNOT_DOWNGRADE_VIDEO_TO_AUDIO], children:[], parent:null, conferenceable:[], videoState:Audio Only, mSessionModificationState:0, VideoSettings:(CameraDir:-1)]
12-17 21:58:34.774  3608  3608 I InCall  : ProximitySensor - isDisplayOn: false
12-17 21:58:34.952  1795  1825 D DisplayPowerController: handleProximitySensorEvent positive:false
12-17 21:58:35.038  1795  1825 I WindowManger_keyguard: Screen turned on for keyguard
12-17 21:58:35.055  1795  1795 I WindowManger_keyguard: onFinishedGoingToSleep(6)
12-17 21:58:35.155  2852  2852 I NotificationGroupManager: onEntryAdded:0|com.android.incallui|2|null|1001, group=0|com.android.incallui|2|null|1001
12-17 21:58:35.298  2852  2852 D KeyguardViewMediator: handleNotifyScreenTurningOn
12-17 21:58:35.367  1795  1809 I qti_sensors_hal: 0x0, 0x0, 0x0, 0x0
12-17 21:58:35.427  1795  2332 I qti_sensors_hal: [ACC]processReportInd: X: 8.104169 Y: 6.269598 Z: -0.832379  x_offset:0.160831 y_offset:0.184366 z_offset:0.985027
12-17 21:58:35.543  2852  3361 I vol.VolumeDialogControl: C onScreenOff 
12-17 21:58:35.906  2883  2996 I HwSystemManager: ITrafficInfo:ITrafficInfo create 301updateBytes = 1773889467
12-17 21:58:37.621  1795  1825 D DisplayPowerController: Unfinished business...
12-17 21:58:37.622  1795  2750 D HW_DISPLAY_EFFECT: presently, hw_update_color_temp_for_rg_led interface not achieved.
12-17 21:58:37.643  3608  3608 I InCall  : ProximitySensor - ProximitySensor{keybrd=0, dpad=0, offhook=1, hor=0, ui=1, aud=EARPIECE}
12-17 21:58:37.710  1795  2332 I qti_sensors_hal: [ACC]processReportInd: X: 7.074020 Y: 6.827316 Z: -0.403610  x_offset:0.000000 y_offset:0.000000 z_offset:1.000000
12-17 21:58:37.741  1795  1825 I PowerManager_screenOn: DisplayPowerController updatePowerState mPendingRequestLocked=policy=OFF, useProximitySensor=true, useProximitySensorbyPhone=true, screenBrightness=33, screenAutoBrightnessAdjustment=0.0, brightnessSetByUser=true, useAutoBrightness=true, blockScreenOn=false, lowPowerMode=false, boostScreenBrightness=false, dozeScreenBrightness=-1, dozeScreenState=UNKNOWN, useTwilight=false, useSmartBacklight=true, brightnessWaitMode=false, brightnessWaitRet=true, screenAutoBrightness=-1, userId=0
12-17 21:58:37.747  1795  1825 V KeyguardServiceDelegate: onScreenTurnedOff()
12-17 21:58:37.747  2852  2866 D KeyguardViewMediator: notifyScreenTurnedOff
12-17 21:58:37.749  3608  3608 I InCall  : InCallPresenter - updateStatusBar: state = 0x0
12-17 21:58:37.764  2852  2852 I HwPhoneStatusBar: updateNotificationShade
12-17 21:58:37.768  1795  1825 I WindowManger_keyguard: Setting mDismissKeyguard true by win Window{e6a6b5e u0 com.android.incallui/com.android.incallui.InCallActivity}
12-17 21:58:37.853  1795  2750 D SurfaceControl: Excessive delay in setPowerMode(): 206ms
12-17 21:58:38.124  2852  3344 D KeyguardViewMediator: notifyScreenTurnedOn
12-17 21:58:38.173  1795  1795 D HwConnectivityService: TurnOffDCState: false
12-17 21:58:38.183  1795  2708 D HwPFWLogger: PFW.HwPFWService:handle PFW_MSG_SYSTEM
