12-17 21:32:53.793  5224  5283 I Step_DataCache: 20002302|getTodayTotalSteps 7956
12-17 21:32:53.803  2852  2852 W HwKeyguardDragHelper: HwKyguardDragHelper onInterceptTouchEvent: 0
12-17 21:32:53.894  2852  2852 I PhoneStatusBar: updateNotificationShade
12-17 21:32:56.066 16628 16649 I SendBroadcastPermission: action:com.huawei.android.action.launcher_weather_icon_change, mPermissionType:0
12-17 21:32:58.534  1795  3253 D PowerManagerService: ready=true,policy=3,wakefulness=1,wksummary=0x0,uasummary=0x1,bootcompleted=true,boostinprogress=false,waitmodeenable=false,mode=true,manual=33,auto=-1,adj=0.0userId=0
12-17 21:32:59.002  1795  2381 D libfingersense_wrapper: Calling fingersense_classify_touch()
12-17 21:32:59.576  2852  2852 V AudioManager: querySoundEffectsEnabled...
12-17 21:32:59.592  1795  2778 D PowerManagerService: userActivityNoUpdateLocked: eventTime=127138767, event=0, flags=0x0, uid=10033
12-17 21:32:59.593  1795  6985 I PowerManager_screenOn: PowerManagerNotifier onUserActivity: event=0, uid=10033
12-17 21:33:03.290  1795  2381 D libfingersense_wrapper: Calling fingersense_classify_touch()
12-17 21:33:03.839  2852  2852 D HwCust  : Create obj success use class android.app.HwCustNotificationImpl
12-17 21:33:04.540  2852  2852 I StackScrollAlgorithm: state.clipTopAmount:299, i:0
12-17 21:33:04.834  2852  2852 I StatusBarIconView: updateTint: tint=0
12-17 21:33:04.846  2852  2852 W PanelView: set notification panel padding = 1675
12-17 21:33:07.529  2852  2852 V AudioManager: querySoundEffectsEnabled...
12-17 21:33:07.531  1795  3237 D PowerManagerService: userActivityNoUpdateLocked: eventTime=127146705, event=0, flags=0x0, uid=10033
12-17 21:33:07.834  2852  2852 I StatusBar: onNotificationPosted: StatusBarNotification(pkg=com.huawei.health user=UserHandle{0} id=10010 tag=null key=0|com.huawei.health|10010|null|10099: Notification(pri=0 contentView=null vibrate=null sound=null defaults=0x0 flags=0x62 color=0x00000000 vis=PRIVATE)) important=2, post=1481981587830, when=1481531589202, vis=0, userid=0
12-17 21:33:07.852  2852  2852 I StackScrollAlgorithm: overlapAmount:323.0, previousNotificationEnd:0.0, newYTranslation:-323.0, location:4, i:0, getTopPadding:837.0, getLocationOnScreen():-499
12-17 21:33:10.274  2852  2852 D HwCustMobileSignalControllerImpl: sub =0,strMccMnc =null,hashMccMnc =[],strPlmn =hw_show_4_5G_for_mcc
12-17 21:33:11.279  2852  2852 D HwCustMobileSignalControllerImpl: sub =0,strMccMnc =null,hashMccMnc =[],strPlmn =hw_show_lte
12-17 21:33:11.693  5224  5283 I Step_DataCache: 20002302|getTodayTotalSteps 7991
12-17 21:33:11.797  2852  2852 I StatusBar: onNotificationPosted: StatusBarNotification(pkg=com.huawei.health user=UserHandle{0} id=10010 tag=null key=0|com.huawei.health|10010|null|10099: Notification(pri=0 contentView=null vibrate=null sound=null defaults=0x0 flags=0x62 color=0x00000000 vis=PRIVATE)) important=2, post=1481981591794, when=1481531589202, vis=0, userid=0
12-17 21:33:12.854  2852  3577 D KG_Policy: getRemainingChance 2
12-17 21:33:13.788  2852  2852 D StatusBar: updateNotification(StatusBarNotification(pkg=com.huawei.health user=UserHandle{0} id=10010 tag=null key=0|com.huawei.health|10010|null|10099: Notification(pri=0 contentView=null vibrate=null sound=null defaults=0x0 flags=0x62 color=0x00000000 vis=PRIVATE)))
12-17 21:33:16.763  5224  5283 I Step_LSC: 20002302|REPORT : 8001 170664 5691 0
12-17 21:33:19.681  1795  6986 D PowerManagerService: userActivityNoUpdateLocked: eventTime=127158856, event=0, flags=0x0, uid=10033
12-17 21:33:21.789  2852  2852 I StackScrollAlgorithm: updateDimmedActivatedHideSensitive overlap:true
12-17 21:33:22.753  2852  2852 I PhoneStatusBar: removeNotificationChildren
12-17 21:33:23.412  3180  3578 D ApplicationPackageManager: queryIntentActivitiesAsUser size results:1, for package:com.android.browser
12-17 21:33:23.796   633 31867 I SDK     : <2016-12-17 21:33:23> [NOTICE] SDK: UE-SeC 2016-12-17 21:33:23:796 Level[NOTICE] magic[3368294688 1013]:s(0, 0),r(0, 0)in 20s;vsock(151147B, 11955B, 0, 0), sock(956, 1003, 0, 0), times(38, 0, 223, 63), delay(0, 0)ms, m(0, 6144)KB, p:43897, s:43897, t(172, 1, 36702B, 57894B), u(0, 0, 196456B, 53538B), c(2412, 2672, 0, 0), e(77317, 1851)/(1513, 1851), k:83, d(671, 759), de(0), s(online, 2, 1), SSL(0), UDP(0), r_d(0), s_d(0), c_d(0), dur(1504 m), vs(0, 0, 0), sysFM(0 KB), ls(2009, 2009),bypass[0]:[0]
12-17 21:33:24.729  2852  2852 I EventCenter: EventCenter Get :android.com.huawei.bone.NOTIFY_SPORT_DATA
12-17 21:33:27.722  5224  5283 I Step_ExtendStepDataManager: 20002302|after compensate: cache step_8020
12-17 21:33:28.741  2852  2852 D HwCustMobileSignalControllerImpl: sub =0,strMccMnc =null,hashMccMnc =[],strPlmn =hw_hspap_show_4g
12-17 21:33:30.699  1795  6985 I HwActivityManagerService: Split enqueueing broadcast [callerApp]:ProcessRecord{580cfb2 5224:com.huawei.health:DaemonService/u0a99}
12-17 21:33:33.709  2852  2852 I HwNotificationIconAreaController: showNotificationAll
12-17 21:33:33.952  1795  2381 D libfingersense_wrapper: Calling fingersense_touch_up()
12-17 21:33:33.958  2852  3577 D TimeKeeper: getTimeTickInfo:[mMillisUntilFinished:0, mHour:0, mMinute:0, mSecond:0]
12-17 21:33:34.682  2852  3556 I NetworkController.MobileSignalController(0): onDataActivity: direction=4
12-17 21:33:36.674  2852  2852 I EventCenter: EventCenter Get :android.com.huawei.bone.NOTIFY_SPORT_DATA
12-17 21:33:37.953  1795  3884 D PowerManagerService: userActivityNoUpdateLocked: eventTime=127177127, event=0, flags=0x0, uid=10033
12-17 21:33:38.671  1795  1795 V NotificationService: disableEffects=null canInterrupt=false once update: false
12-17 21:33:38.676  2852  2852 D HwCust  : Create obj success use class android.app.HwCustNotificationImpl
12-17 21:33:39.122  1795  1819 D NetworkManagement: notifyInterfaceClassActivity: client is com.android.server.connectivity.Tethering@ff4a50f
12-17 21:33:39.665  1795  6986 I NotificationManager: enqueueNotificationInternal: pkg=com.huawei.health id=10010 notification=Notification(pri=0 contentView=null vibrate=null sound=null defaults=0x0 flags=0x2 color=0x00000000 vis=PRIVATE)
12-17 21:33:40.553  5224  5224 I Step_LSC: 20002302|compensate received
12-17 21:33:42.552  5224  5283 I Step_DataCache: 20002302|getTodayTotalSteps 8047
12-17 21:33:44.662  2852  2852 W PanelView: set notification panel padding = 1675
12-17 21:33:47.635  5224  5283 I Step_ExtendStepDataManager: 20002302|compensate 24699693 88
12-17 21:33:47.674  2852  2852 W HwLockScreenPanel: Handle message: 4
12-17 21:33:50.634  2852  2852 I HwPhoneStatusBar: updateNotificationShade
12-17 21:33:51.558   802   802 E Thermal-daemon: [Thermal_Hw] temperature_filter: get invalid temperature, use old temp
12-17 21:33:52.339  1795  1825 D HwGradualBrightnessAlgo: AutoMode=true,Target=274,Current=272,amount=0.06616298,duration=0.5
12-17 21:33:52.627  2852  2852 I StackScrollAlgorithm: updateDimmedActivatedHideSensitive overlap:true
12-17 21:33:54.564  1795  3247 D PowerManagerService: userActivityNoUpdateLocked: eventTime=127193738, event=0, flags=0x0, uid=10033
12-17 21:33:54.815  1795  2381 D libfingersense_wrapper: Calling fingersense_classify_touch()
12-17 21:33:57.595  2852  2852 D StatusBar: No peeking: not in use: 0|com.huawei.health|10010|null|10099
12-17 21:33:58.576  5224  5283 I Step_LSC: 20002302|REPORT : 8077 170664 5691 0
12-17 21:33:58.591  2852  2852 I NotificationGroupManager: onEntryUpdated:0|com.huawei.health|10010|null|10099
12-17 21:33:59.475  5224  5283 I Step_DataCache: 20002302|getTodayTotalSteps 8077
12-17 21:33:59.601  2852  2852 I StackScrollAlgorithm: updateClipping isOverlap:true
12-17 21:34:00.001  1795  1795 I AlarmManager: scheduleTimeTickEvent triggerAtTime = 450236364
12-17 21:34:03.459  5224  5283 I Step_ExtendStepDataManager: 20002302|compensate 24699694 7
12-17 21:34:03.532  1795 17831 D PowerManagerService: ready=true,policy=3,wakefulness=1,wksummary=0x0,uasummary=0x1,bootcompleted=true,boostinprogress=false,waitmodeenable=false,mode=true,manual=33,auto=-1,adj=0.0userId=0
12-17 21:34:03.567  2852  2852 D HwCust  : Create obj success use class android.app.HwCustNotificationImpl
12-17 21:34:03.577  2852  2852 I PhoneStatusBar: removeNotificationChildren
12-17 21:34:04.443  2852  2852 D KeyguardViewMediator: handleKeyguardDoneDrawing
12-17 21:34:04.452  5224  5224 I Step_LSC: 20002302|compensate received
12-17 21:34:04.568  2852  2852 D StatusBar: No peeking: not in use: 0|com.huawei.health|10010|null|10099
12-17 21:34:05.558  1795  1795 I NotificationManager: enqueueNotificationInternal: n.getKey = 0|com.huawei.health|10010|null|10099
12-17 21:34:06.444  5224  5283 I Step_DataCache: 20002302|getTodayTotalSteps 8090
12-17 21:34:07.221  1795 16500 I SendBroadcastPermission: action:android.intent.action.SIG_STR, mPermissionType:0
12-17 21:34:09.556  2852  2852 I TrafficPanelManager: hideTraffic
12-17 21:34:11.526  2852  2852 D StepCounterView: onStepCounterChange stepsNum:8100
12-17 21:34:11.547  2852  2852 W PanelView: set notification panel padding = 1675
12-17 21:34:11.548  2852  2852 I StackScrollAlgorithm: state.clipTopAmount:299, i:0
12-17 21:34:12.338  3858  4126 I amsnl   : m1: false
12-17 21:34:12.395  1795  2381 D libfingersense_wrapper: fingersense_touch_up() finished
12-17 21:34:14.539  2852  2852 W PanelView: set notification panel padding = 1675
12-17 21:34:15.130  1795  6988 D PowerManagerService: ready=true,policy=3,wakefulness=1,wksummary=0x0,uasummary=0x1,bootcompleted=true,boostinprogress=false,waitmodeenable=false,mode=true,manual=33,auto=-1,adj=0.0userId=0
12-17 21:34:15.518  2852  2852 D StatusBar: applyInPlace=true shouldPeek=false alertAgain=true
12-17 21:34:16.514  2852  2852 I StatusBarIconView: updateTint: tint=0
12-17 21:34:17.411  5224  5283 I Step_ExtendStepDataManager: 20002302|before compensate: cache step_8110
12-17 21:34:19.199  3858  4126 I amsnl   : t:false, fl: false, p: 2147483647000, ce: true, we: false
12-17 21:34:20.521  2852  2852 I StackScrollAlgorithm: overlapAmount:323.0, previousNotificationEnd:0.0, newYTranslation:-323.0, location:4, i:0, getTopPadding:837.0, getLocationOnScreen():-499
12-17 21:34:22.374  5224  5224 I Step_LSC: 20002302|compensate received
12-17 21:34:24.364  5224  5224 I Step_LSC: 20002302|onStandStepChanged 69499
12-17 21:34:24.366  5224  5283 I Step_DataCache: 20002302|getTodayTotalSteps 8123
12-17 21:34:25.482  2852  2852 I PhoneStatusBar: updateNotificationShade
12-17 21:34:29.190   633 31870 I SDK     : 
12-17 21:34:29.191   633 31870 I SDK     : <2016-12-17 21:34:29> [WARN] SDK: UE-SeC 2016-12-17 21:34:29:191 Level[WARN] magic[3362781472 684]:PubEvt_Close Getting a socket[47] from the Socket-table Failed!
12-17 21:34:29.195   633 31870 I SDK     : 
12-17 21:34:29.198   633 31870 I SDK     : <2016-12-17 21:34:29> [WARN] SDK: UE-SeC 2016-12-17 21:34:29:198 Level[WARN] magic[3362781472 684]:PubEvt_Close Getting a socket[114] from the Socket-table Failed!
12-17 21:34:29.198   633 31870 I SDK     : 
12-17 21:34:29.204   633 31870 I SDK     : <2016-12-17 21:34:29> [WARN] SDK: UE-SeC 2016-12-17 21:34:29:204 Level[WARN] magic[3362781472 684]:PubEvt_Close Getting a socket[169] from the Socket-table Failed!
12-17 21:34:29.207   633 31870 I SDK     : <2016-12-17 21:34:29> [WARN] SDK: UE-SeC 2016-12-17 21:34:29:207 Level[WARN] magic[3362781472 684]:PubEvt_Close Getting a socket[199] from the Socket-table Failed!
12-17 21:34:29.209   633 31870 I SDK     : 
12-17 21:34:29.209   633 31870 I SDK     : 
12-17 21:34:30.347  5224  5283 I Step_ExtendStepDataManager: 20002302|before compensate: cache step_8135
12-17 21:34:30.463  2852  2852 I PhoneStatusBar: removeNotificationChildren
12-17 21:34:30.463  2852  2852 I HwNotificationIconAreaController: showNotificationAll
12-17 21:34:31.186  2852  2852 I HwSignalClusterView: setMobileDataIndicatorsHuawei subId:0 visible:true strengthIcon:2130839311 typeIcon:2130839195 contentDescription:手机信号满格。 typeContentDescription:4G isTypeIconWide:true showActivity:true activityIn:false activityOut:false isRoaming:false
12-17 21:34:32.214   633   692 I eSpaceService: Thread-1696{6352} TcpCirChannel.connect(TcpCirChannel.java:219) Connect to server  address = [45.249.213.63,]  port = 7801
12-17 21:34:32.458  1795  3884 I NotificationManager: enqueueNotificationInternal: pkg=com.huawei.health id=10010 notification=Notification(pri=0 contentView=null vibrate=null sound=null defaults=0x0 flags=0x2 color=0x00000000 vis=PRIVATE)
12-17 21:34:35.319  5224  5283 I Step_DataCache: 20002302|getTodayTotalSteps 8143
12-17 21:34:36.186  1795  1825 D DisplayPowerController: Animating brightness: target=4, rate=200
12-17 21:34:37.447  2852  2852 W HwLockScreenPanel: Handle message: 4
12-17 21:34:38.187  1795  1825 D PowerManagerService: reallyGoToSleepNoUpdateLocked: eventTime=127237362, uid=1000
12-17 21:34:38.359  2852 32575 E HW-JPEG-DEC: [HME_JPEG_DEC_Delete](3298): HME_JPEG_DEC_Delete: decoder_ctx=null
12-17 21:34:38.408  2852  2852 D StepCounterView: onStepCounterChange stepsNum:8150
12-17 21:34:38.414  1795  1795 D DeviceIdleController: Moved from LIGHT_STATE_ACTIVE to LIGHT_STATE_INACTIVE
12-17 21:34:38.637  2852  2852 I StackScroller: setScrollingEnabled: false
12-17 21:34:38.672  1795  3111 I ActivityManager_broadcast: Enqueueing ordered broadcast[background] BroadcastRecord{66e8c44 u-1 com.android.systemui.statusbar.visible.change}: prev had 0
12-17 21:34:38.686  2852  2925 I ExifParser: mTiffStream skip = 0
12-17 21:34:38.688  2852  2925 D KGWallpaper_Magazine: getNextIndex: 0; from 15 to 15; size: 44
12-17 21:34:38.759  3626  4889 E PTM.FileNodeInfo: getTempInfo error: null, 0
12-17 21:35:42.139  1795  2323 E UsbDeviceManager: 	at android.os.UEventObserver$UEventThread.run(UEventObserver.java:187)
12-17 21:35:42.184   633 31870 I SDK     : 
12-17 21:35:42.194   633 31870 I SDK     : <2016-12-17 21:35:42> [WARN] SDK: UE-SeC 2016-12-17 21:35:42:194 Level[WARN] magic[3362781472 684]:PubEvt_Close Getting a socket[111] from the Socket-table Failed!
12-17 21:35:42.197   633 31870 I SDK     : 
12-17 21:35:42.198   633 31870 I SDK     : <2016-12-17 21:35:42> [WARN] SDK: UE-SeC 2016-12-17 21:35:42:198 Level[WARN] magic[3362781472 684]:PubEvt_Close Getting a socket[144] from the Socket-table Failed!
12-17 21:35:42.222   633 31870 I SDK     : 
12-17 21:35:42.490   633 32601 I SDK     : <2016-12-17 21:35:42> [NOTICE] SDK: UE-SeC 2016-12-17 21:35:42:489 Level[NOTICE] magic[2426714400 1019]:SDK:net change notify: old=2, new=1, errCode=0
12-17 21:35:43.330  3382  3399 D QcrilMsgTunnelSocket: readRilMessage: Buffer = [B@204bb9f HexData = [010000000404000012000000514f454d484f4f4b1d04080002000000ffff]
12-17 21:36:43.585   633 31868 E SDK     : <2016-12-17 21:36:43> [ERR] SDK: UE-SeC 2016-12-17 21:36:43:585 Level[ERR] magic[3365677344 345]:svn_closeAll pstSockTbl->ulTblCapacity = 256
12-17 21:36:43.602  2852  2852 D HwCust  : Create obj success use class android.app.HwCustNotificationImpl
12-17 21:36:43.613   633 31870 I SDK     : <2016-12-17 21:36:43> [WARN] SDK: UE-SeC 2016-12-17 21:36:43:613 Level[WARN] magic[3362781472 684]:PubEvt_Close Getting a socket[60] from the Socket-table Failed!
12-17 21:36:43.614   633 31870 I SDK     : 
12-17 21:36:43.636   633 31870 I SDK     : 
12-17 21:36:43.647   633 31870 I SDK     : <2016-12-17 21:36:43> [WARN] SDK: UE-SeC 2016-12-17 21:36:43:647 Level[WARN] magic[3362781472 684]:PubEvt_Close Getting a socket[149] from the Socket-table Failed!
12-17 21:36:43.653   633 31870 I SDK     : 
12-17 21:36:43.687   633 31870 I SDK     : 
12-17 21:36:43.958  2852  2852 I PhoneStatusBar: removeNotificationChildren
12-17 21:36:43.962   633 32634 I SDK     : 
12-17 21:36:44.168  2852  2852 W AppHandler: sendMessage 4
12-17 21:36:44.505   633   692 I eSpaceService: Watch Thread{4481} WatchThread.onLoop(WatchThread.java:94) watch thread onLoop... 
12-17 21:36:44.511   633   692 I eSpaceService: Watch Thread{4481} LoginC.doReconnect(LoginC.java:957) Login_By_Step->--> setStep(LoginStep.BeginConnect);
12-17 21:36:44.665   633   692 I ECS     : LoginThread{6364} XmlMsg.encodeBuf(XmlMsg.java:215) SEND 1044 bytes [16]_00_00_04_10_00_03_01_00_01_00_88_59_00_00_00_00 cmdCode(CC_VersionCheck.0x0001)msgType(MT_ARG.1)msgClass(MC_VersionCheck.0)sender(ST_Mobile.0)crypted(false)zipped(false)nobase64(false)length(1040)version(3)sno(8859)
12-17 21:36:44.855   633   692 I TCP     : msg.recv{4490} TcpClientThread.onRecv(TcpClientThread.java:515) TCP Msg 79TCP_OK
12-17 21:36:46.085  3180 32196 I DownloadState: @@@@@@@@@@@@ uid :10102 download :true
12-17 21:36:46.554  1795  2323 E UsbDeviceManager: 	at android.os.UEventObserver$UEventThread.run(UEventObserver.java:187)
12-17 21:37:45.234  2852  2852 I TimeManager: chinaDateTime:晚上9:37
12-17 21:37:45.254  1795  1819 D NetworkManagement: notifyInterfaceClassActivity: client is com.android.server.ConnectivityService$1@e0f099c
12-17 21:37:45.354  2852  2852 D DateTimeView: Change to single clock mode!
12-17 21:37:45.792  1795 11747 D PowerManagerService: acquire lock=194959267, flags=0x1, tag="WakerLock:188385320", name=com.tencent.mm, ws=null, uid=10105, pid=25103
12-17 21:37:46.986   633 31870 I SDK     : 
12-17 21:37:47.038   633 31870 I SDK     : <2016-12-17 21:37:47> [WARN] SDK: UE-SeC 2016-12-17 21:37:47:38 Level[WARN] magic[3362781472 684]:PubEvt_Close Getting a socket[102] from the Socket-table Failed!
12-17 21:37:47.048   633 31870 I SDK     : 
12-17 21:37:47.073   633 31870 I SDK     : <2016-12-17 21:37:47> [WARN] SDK: UE-SeC 2016-12-17 21:37:47:73 Level[WARN] magic[3362781472 684]:PubEvt_Close Getting a socket[238] from the Socket-table Failed!
12-17 21:37:47.075   633 31870 I SDK     : <2016-12-17 21:37:47> [WARN] SDK: UE-SeC 2016-12-17 21:37:47:75 Level[WARN] magic[3362781472 684]:PubEvt_Close Getting a socket[253] from the Socket-table Failed!
12-17 21:37:47.076   633 31868 I SDK     : 
12-17 21:37:47.180   633 31868 I SDK     : <2016-12-17 21:37:47> [NOTICE] SDK: UE-SeC 2016-12-17 21:37:47:180 Level[NOTICE] magic[3365677344 2814]:Handshake start,SSL timeout is 20s
12-17 21:37:47.464   633 31868 I SDK     : <2016-12-17 21:37:47> [NOTICE] SDK: UE-SeC 2016-12-17 21:37:47:464 Level[NOTICE] magic[3365677344 2326]:FSM_OpenFile => [START],Mode[r]
12-17 21:37:47.482   633 32686 I SDK     : <2016-12-17 21:37:47> [NOTICE] SDK: UE-SeC 2016-12-17 21:37:47:482 Level[NOTICE] magic[2421467424 2579]:ReadSdkGroupItem: Succeed in fetching group item[w00290667_account] share[0]
12-17 21:37:47.501   633 32686 I SDK     : <2016-12-17 21:37:47> [NOTICE] SDK: UE-SeC 2016-12-17 21:37:47:501 Level[NOTICE] magic[2421467424 2326]:FSM_OpenFile => [START],Mode[r]
12-17 21:37:47.514   633 32686 I SDK     : 
12-17 21:37:47.517   633 32686 I SDK     : <2016-12-17 21:37:47> [NOTICE] SDK: UE-SeC 2016-12-17 21:37:47:517 Level[NOTICE] magic[2421467424 2326]:FSM_OpenFile => [START],Mode[r]
12-17 21:37:47.569   633 32689 I SDK     : <2016-12-17 21:37:47> [NOTICE] SDK: UE-SeC 2016-12-17 21:37:47:569 Level[NOTICE] magic[2418260256 7860]:CMTM_AddDNSRequest ok,pucURL =login.huawei.com,self =2418260256,iOldGatewayLock =0
12-17 21:38:47.778   633 31868 I SDK     : <2016-12-17 21:38:47> [NOTICE] SDK: UE-SeC 2016-12-17 21:38:47:778 Level[NOTICE] magic[3365677344 5488]:Tunnel is connecting!
12-17 21:38:47.800  1795  1805 D PowerManagerService: release:lock=178371034, flg=0x0, tag="hibernation", name=com.huawei.powergenie", ws=null, uid=1000, pid=3180
12-17 21:38:47.800   633 31870 I SDK     : 
12-17 21:38:47.804   633 31870 I SDK     : <2016-12-17 21:38:47> [WARN] SDK: UE-SeC 2016-12-17 21:38:47:803 Level[WARN] magic[3362781472 684]:PubEvt_Close Getting a socket[23] from the Socket-table Failed!
12-17 21:38:47.825   633 31870 I SDK     : <2016-12-17 21:38:47> [WARN] SDK: UE-SeC 2016-12-17 21:38:47:825 Level[WARN] magic[3362781472 684]:PubEvt_Close Getting a socket[145] from the Socket-table Failed!
12-17 21:38:48.086   633 31868 I SDK     : 
12-17 21:38:48.141   633 31868 I SDK     : <2016-12-17 21:38:48> [NOTICE] SDK: UE-SeC 2016-12-17 21:38:48:141 Level[NOTICE] magic[3365677344 8933]:Set local private port is:[40362]
12-17 21:38:48.641   633   692 I TCP     : tcp.conn{4485} TcpClientThread.connectSocket(TcpClientThread.java:349) connecting max 30000ms to 45.249.213.63:7801
12-17 21:38:48.732   633   692 I eSpaceService: LoginThread{6377} LoginC.doLoginByStep(LoginC.java:203) Login_By_Step-> at CheckVersionOK
12-17 21:38:49.754  2852  2852 D StepCounterView: onStepCounterChange stepsNum:8599
12-17 21:38:56.844  2852  2852 I HwSignalClusterView: getOrInflateState subId:0
12-17 21:38:56.857  1795  1819 I InputDispatcher: InputDispatcher::monitor frozen check!
12-17 21:38:56.874  3218  3218 E HW-JPEG-DEC: [HME_JPEG_DEC_Delete](3298): HME_JPEG_DEC_Delete: decoder_ctx=null
12-17 21:39:52.403   633 31868 I SDK     : 
12-17 21:39:52.423   633 31870 I SDK     : <2016-12-17 21:39:52> [WARN] SDK: UE-SeC 2016-12-17 21:39:52:423 Level[WARN] magic[3362781472 684]:PubEvt_Close Getting a socket[84] from the Socket-table Failed!
12-17 21:39:52.429   633 31870 I SDK     : <2016-12-17 21:39:52> [WARN] SDK: UE-SeC 2016-12-17 21:39:52:428 Level[WARN] magic[3362781472 684]:PubEvt_Close Getting a socket[116] from the Socket-table Failed!
12-17 21:39:52.437   633 31870 I SDK     : <2016-12-17 21:39:52> [WARN] SDK: UE-SeC 2016-12-17 21:39:52:437 Level[WARN] magic[3362781472 684]:PubEvt_Close Getting a socket[148] from the Socket-table Failed!
12-17 21:39:52.438  2852  2852 I NotificationGroupManager: onEntryAdded:0|com.huawei.health|10010|null|10099, group=0|com.huawei.health|10010|null|10099
12-17 21:39:52.470   633 31870 I SDK     : <2016-12-17 21:39:52> [WARN] SDK: UE-SeC 2016-12-17 21:39:52:470 Level[WARN] magic[3362781472 684]:PubEvt_Close Getting a socket[242] from the Socket-table Failed!
12-17 21:39:52.491  3879  3879 I HwLauncher: Launcher.Folder childCount: 2
12-17 21:39:53.618  1795  2323 E UsbDeviceManager: 	at android.os.UEventObserver$UEventThread.run(UEventObserver.java:187)
12-17 21:39:53.668  3218  3218 I SendBroadcastPermission: action:android.intent.action.LTE_CA_STATE, mPermissionType:0
12-17 21:39:53.719  1795 11745 I HwActivityManagerService: Split enqueueing broadcast [callerApp]:ProcessRecord{4ff57fc 3382:com.qualcomm.qcrilmsgtunnel/1001}
12-17 21:39:53.765  3218  3375 I SendBroadcastPermission: action:com.huawei.android.intent.action.RAC_CHANGED, mPermissionType:0
12-17 21:39:55.015  3218  3218 D QC_RIL_OEM_HOOK: Received Broadcast Intent ACTION_UNSOL_RESPONSE_OEM_HOOK_RAW
12-17 21:39:55.327  5224  5283 I Step_HSNH: 20002302|upDateHealthNotification()|184|6.15|8714
12-17 21:40:03.826   816  1562 W SocketListener: sending broadcast to Pid = 1795, Uid = 1000 
12-17 21:40:03.828  1795  2665 D NetdConnector: RCV <- {613 IfaceClass idle 0 450539339182211}
12-17 21:40:03.836  1795  1819 D NetworkManagement: notifyInterfaceClassActivity: client is com.android.server.ethernet.EthernetNetworkFactory$InterfaceObserver@fccfd35
12-17 21:40:03.858  3626  3753 I LogCollectService: msg = 103 received
12-17 21:40:03.863  1795  2665 D NetdConnector: RCV <- {613 IfaceClass active 0 450540224474810 10102}
12-17 21:40:03.943  1795  2736 E hwintelligencewifi: stopScanAp mIsScaning = false
12-17 21:40:03.947  3218  3234 W PhoneInterfaceManager: shouldBlockLocation running ...
12-17 21:40:04.053   633   692 I TCP     : tcp.conn{4485} TcpSocket.connect_i(TcpSocket.java:84) connecting to ip address /45.249.213.63
12-17 21:40:05.207  3382  3399 D QcrilMsgTunnelSocket: readRilMessage: Buffer = [B@204bb9f HexData = [010000000404000012000000514f454d484f4f4b1d04080002000000ffff]
12-17 21:40:05.223  1795  3111 D PowerManagerService: acquire lock=102284811, flags=0x1, tag="RILJ_ACK_WL", name=com.android.phone, ws=null, uid=1001, pid=3218
12-17 21:40:06.006  3218  3218 D QC_RIL_OEM_HOOK: Oem ID in QCRILHOOK UNSOL RESP is QOEMHOOK
12-17 21:40:07.275  1795  2323 E UsbDeviceManager: 	at java.io.FileInputStream.<init>(FileInputStream.java:146)
12-17 21:40:07.276  1795  2323 D HwBatteryService: onUEvent fcpStatus = 0,scpStatus =0,ovpStatus=0
12-17 21:40:07.355  1795  1806 D PowerManagerService: ready=true,policy=0,wakefulness=0,wksummary=0x1,uasummary=0x0,bootcompleted=true,boostinprogress=false,waitmodeenable=false,mode=true,manual=33,auto=-1,adj=0.0userId=0
12-17 21:40:11.308  3382  3399 D QcrilMsgTunnelSocket: Broadcasting intent ACTION_RAC_CHANGED
12-17 21:40:11.349  3180  3578 I ash     : pkg null calling: com.huawei.espacev2, pid: 0 ,type: acquire_provider
12-17 21:40:12.717  5224  5283 I Step_ExtendStepDataManager: 20002302|before compensate: cache step_8745
12-17 21:41:09.919   633 31870 I SDK     : 
12-17 21:41:09.920   633 31870 I SDK     : 
12-17 21:41:09.929   633 31870 I SDK     : <2016-12-17 21:41:09> [WARN] SDK: UE-SeC 2016-12-17 21:41:9:929 Level[WARN] magic[3362781472 684]:PubEvt_Close Getting a socket[118] from the Socket-table Failed!
12-17 21:41:09.934   633 31870 I SDK     : 
12-17 21:41:10.245   633 31870 I SDK     : <2016-12-17 21:41:10> [WARN] SDK: UE-SeC 2016-12-17 21:41:10:245 Level[WARN] magic[3362781472 684]:PubEvt_Close Getting a socket[13] from the Socket-table Failed!
12-17 21:41:10.247   633 31870 I SDK     : <2016-12-17 21:41:10> [WARN] SDK: UE-SeC 2016-12-17 21:41:10:247 Level[WARN] magic[3362781472 684]:PubEvt_Close Getting a socket[18] from the Socket-table Failed!
12-17 21:41:10.252   633 31870 I SDK     : 
12-17 21:41:10.264   633 31870 I SDK     : 
12-17 21:41:10.288   633 31870 I SDK     : 
12-17 21:41:10.598   633 31870 I SDK     : 
12-17 21:41:10.613   633 31870 I SDK     : 
12-17 21:41:10.614   633 31870 I SDK     : <2016-12-17 21:41:10> [WARN] SDK: UE-SeC 2016-12-17 21:41:10:614 Level[WARN] magic[3362781472 684]:PubEvt_Close Getting a socket[233] from the Socket-table Failed!
12-17 21:41:10.616   633 31870 I SDK     : 
12-17 21:41:10.617   633 31868 I SDK     : 
12-17 21:41:10.629   633 31868 I SDK     : 
12-17 21:41:29.530  1795  1819 D NetworkManagement: notifyInterfaceClassActivity: client is android.net.ip.IpManager$2@4c99c84
12-17 21:41:29.779   633   583 I SDK     : 
12-17 21:41:29.795   633 31869 I SDK     : 
12-17 21:41:30.024  5224 17475 I Step_SharedPerferenceUtils: 20002302|setWriteDBLastDataMinute to Prefence success
12-17 21:41:30.040  3858  4126 I amsnl   : csr
12-17 21:41:30.138  5224  5283 I Step_LSC: 20002302|calculateAltitudeWithCache datas.size=8502
12-17 21:41:30.162  2852  2852 I HwNotificationIconAreaController: showNotificationAll
12-17 21:41:31.389   633   692 I TCP     : tcp.conn{4485} TcpClientThread.connectSocket(TcpClientThread.java:360) notify user tcp connected successully at 41950 to 45.249.213.63(*):7801
12-17 21:41:32.378  3218  3218 E QtiImsExtUtils: getImsPhoneId failed. Exception = org.codeaurora.ims.QtiImsException: ImsService is not running
12-17 21:41:32.379  3626  3626 E PTM.FileNodeInfo: getTempInfo error: null, 0
12-17 21:41:32.589  5224  5283 I Step_ExtendStepDataManager: 20002302|after compensate: cache step_8889
12-17 21:41:32.675   633   628 V imssdk_CloudRecord: AFTER CALLBACK
12-17 21:42:02.564  2883  2883 I HwSystemManager: ScheduleRecordPowerConsumeReceiver:onReceive: Action = com.huawei.hwsystemmanager.power.SCHEDULE_RECORD_REMAING_TIME_SCENE
12-17 21:42:34.344   633 31870 I SDK     : 
12-17 21:42:34.346   633 31870 I SDK     : 
12-17 21:42:34.367   633   692 I eSpaceService: tcp.recv{4488} StatusManager.clearAll(StatusManager.java:227)  clear all friends' status
12-17 21:42:34.371   633 31870 I SDK     : 
12-17 21:42:34.373   633 31870 I SDK     : 
12-17 21:42:34.374   633 31870 I SDK     : <2016-12-17 21:42:34> [WARN] SDK: UE-SeC 2016-12-17 21:42:34:374 Level[WARN] magic[3362781472 684]:PubEvt_Close Getting a socket[99] from the Socket-table Failed!
12-17 21:42:34.379   633 31870 I SDK     : 
12-17 21:42:34.381   633 31870 I SDK     : <2016-12-17 21:42:34> [WARN] SDK: UE-SeC 2016-12-17 21:42:34:381 Level[WARN] magic[3362781472 684]:PubEvt_Close Getting a socket[155] from the Socket-table Failed!
12-17 21:42:34.395   633 31870 I SDK     : 
12-17 21:42:36.828   802   802 E Thermal-daemon: Report temperature: [pa_0] temp :21  report_threshold:1
12-17 21:42:37.041  3180  3578 I ash     : proxy app:com.huawei.espacev2,uid:10102,result:true
12-17 21:42:37.765  2852  2852 I NotificationGroupManager: onEntryUpdated:0|com.huawei.health|10010|null|10099
12-17 21:42:48.396  1795  2323 E UsbDeviceManager: 	at android.os.UEventObserver$UEventThread.run(UEventObserver.java:187)
12-17 21:42:55.398  1795  2323 E UsbDeviceManager: 	at android.os.FileUtils.readTextFile(FileUtils.java:267)
12-17 21:43:12.604  1795  2323 E UsbDeviceManager: 	at java.io.FileInputStream.open(Native Method)
12-17 21:43:12.604  1795  2323 E UsbDeviceManager: 	at android.os.UEventObserver$UEventThread.sendEvent(UEventObserver.java:210)
12-17 21:43:35.905  1795  2323 E UsbDeviceManager: Error reading charge file
12-17 21:43:41.018  1795  2323 E UsbDeviceManager: 	at java.io.FileInputStream.open(Native Method)
12-17 21:44:40.279  1795  1795 D HuaweiWifiWatchdogStateMachine:  not in link monitoring mode, ignore TCP result .
12-17 21:44:40.285  2852  2852 I TimeManager: chinaDateTime:晚上9:44
12-17 21:44:40.432  2852  2852 I TrafficPanelViewContent: onShowStatusChange show:false
12-17 21:44:41.919  1795  1805 D PowerManagerService: ready=true,policy=0,wakefulness=0,wksummary=0x1,uasummary=0x0,bootcompleted=true,boostinprogress=false,waitmodeenable=false,mode=true,manual=33,auto=-1,adj=0.0userId=0
12-17 21:44:42.128  5224  5283 I Step_HSNH: 20002302|rebuild notification
12-17 21:47:07.359  1795  2376 I AlarmManager: sending alarm Alarm{98151ae type 2 when 450958941 android},repeatInterval = 0,listenerTag =DeviceIdleController.light
12-17 21:47:07.404 30820   797 W PowerProfile: /data/cust/xml/power_profile.xml be read ! 
12-17 21:47:07.564 30820   797 I HwSystemManager: PowerStatsHelper: adjustBackupgroundResult before origin uid: 10018, power: 0.580885678702509, in sipper: 0.580885678702509, cpuPowerMah: 0.580885678702509, bgcpuPowerMah: 0.3502708333333333, cpuTime: 10965, fgCpuTime: 0
12-17 21:47:07.710  2852  2852 W PanelView: set notification panel padding = 1675
12-17 21:47:07.827  2852  2852 I StackScrollAlgorithm: updateClipping isOverlap:false
12-17 21:47:08.092  5224  5283 I SendBroadcastPermission: action:android.com.huawei.bone.NOTIFY_SPORT_DATA, mPermissionType:0
12-17 21:47:08.128  2852  2852 I TrafficPanelViewContent: onShowStatusChange show:false
12-17 21:47:08.529  1795  1819 D NetworkManagement: notifyInterfaceClassActivity: client is com.android.server.ethernet.EthernetNetworkFactory$InterfaceObserver@fccfd35
12-17 21:47:10.094  2852  2852 D StatusBar: updateNotification(StatusBarNotification(pkg=com.huawei.health user=UserHandle{0} id=10010 tag=null key=0|com.huawei.health|10010|null|10099: Notification(pri=0 contentView=null vibrate=null sound=null defaults=0x0 flags=0x62 color=0x00000000 vis=PRIVATE)))
12-17 21:47:11.077  2852  2852 I StatusBarIconView: updateTint: tint=0
12-17 21:47:12.328  3218  3439 I PhoneInterfaceManager: shouldBlockLocation  ret:false
12-17 21:47:12.872  2852  2852 D HwCustMobileSignalControllerImpl: sub =0,strMccMnc =null,hashMccMnc =[],strPlmn =hw_customized_networkType_entry
12-17 21:47:15.023  3626  3626 E PTM.FileNodeInfo: getTempInfo error: null, 0
12-17 21:47:17.820  3218  3517 I QImsService: ImsSenderRxr :  networkMode = -1 status = 0 restrictCause = 0 registered = 2[SUB0]
12-17 21:47:17.844  2852  2852 D HwPhoneStatusBarPolicy: state is UNREGISTERED
12-17 21:47:17.888  3858  4126 I amsnl   : m1: false
12-17 21:47:17.947 31532 31532 I HwIntelligent3_OverseasStateManager: notifyRamotingStateChanged check roaming state is not true
12-17 21:47:17.948  3218  3422 E HW-JPEG-DEC: [HME_JPEG_DEC_Delete](3298): HME_JPEG_DEC_Delete: decoder_ctx=null
12-17 21:47:17.951  3382  3399 D QcrilMsgTunnelSocket: To broadcast an Intent via the notifier to external apps
12-17 21:47:17.954  1795  2685 I HwPFWLogger: AppAutoStartupPolicy:prevent start receiver of package com.netease.newsreader.activity for action android.net.conn.CONNECTIVITY_CHANGE
12-17 21:47:17.990  1795  2685 D ConnectivityService: Setting tx/rx TCP buffers to 4096,87380,110208,4096,16384,110208
12-17 21:47:18.001   935   935 E Parcel  : Reading a NULL string not supported here.
12-17 21:47:18.003  1795  2685 D HwNetworkStatsService: mActiveIface: rmnet_data0
12-17 21:47:18.018  2852  2852 I HwSignalClusterView: apply hwPhoneState.mSubId:0 anyMobileVisible:false mIsAirplaneMode:false, mobileGroupVisible=true
12-17 21:47:18.134  1795  2709 I ActivityManager_service: retrieveServiceLocked, callerApp: ProcessRecord{34bf34f 0:system/1000}, flags: 10000400
12-17 21:47:18.143  1795  2736 E hwintelligencewifi: getCurrentCellid type type = PHONE_TYPE_GSM
12-17 21:47:18.147  1795  2736 E hwintelligencewifi: getCurrentCellid PHONE_TYPE_GSM cellidString = 460004162
12-17 21:47:18.966  1046 26554 V Huawei_audio_cust: huawei_cust_set_parameters: exit with code(0)
12-17 21:47:19.040  1795  3110 D PowerManagerService: acquire lock=164316755, flags=0x1, tag="GsmCdmaConnection", name=com.android.phone, ws=null, uid=1001, pid=3218
12-17 21:47:19.051  2852  2852 D HwMobileSignalController:  2G
12-17 21:47:19.128  1795  3249 D PowerManagerService: ready=true,policy=0,wakefulness=0,wksummary=0x1,uasummary=0x0,bootcompleted=true,boostinprogress=false,waitmodeenable=false,mode=true,manual=33,auto=-1,adj=0.0userId=0
12-17 21:47:19.243  2883  6116 I HwSystemManager: BlockCheckProvider:paramenter = [1, 16, 2000]
12-17 21:47:19.482 30932 30932 E AppLogApi/FeedbackUtils: packageInstalled true!
12-17 21:47:19.523 25067 25067 W ContextImpl: Calling a method in the system process without a qualified user: android.app.ContextImpl.startService:1527 android.content.ContextWrapper.startService:613 android.content.ContextWrapper.startService:613 com.huawei.betaclub.receiver.RouteReceiver.onReceive:17 android.app.ActivityThread.handleReceiver:3177 
12-17 21:47:19.887  5224  5283 I Step_LSC: 20002302|REPORT : 9761 208485 6952 0
12-17 21:47:24.329  1795  1795 I ActivityManager_broadcast: collectReceiverComponents, callerApp: ProcessRecord{34bf34f 0:system/1000}, intent:android.intent.action.PHONE_STATE, receiver size:4, flags: 10000400
12-17 21:47:24.412   803 15280 E Pged-IPgedBinderService: ****monitorNetworkPacket num is too larger,num is 0***
12-17 21:47:24.414  3180  3578 I ash     : android send broadcast:android.intent.action.PHONE_STATE notify package: com.huawei.espacev2, pid: -1
12-17 21:47:24.437  1795  1795 I HwActivityManagerService: Split enqueueing broadcast [callerApp]:ProcessRecord{34bf34f 0:system/1000}
12-17 21:47:24.569  1795  3111 I qti_sensors_hal: 0x66, 0xca, 0x3c, 0x3e
12-17 21:47:24.619  1795 11746 I qti_sensors_hal: batch,376,handle 34, timeout:0 ,period_ns:20000000
12-17 21:47:24.689  2852  2852 I StatusBar: onNotificationPosted: StatusBarNotification(pkg=com.android.incallui user=UserHandle{0} id=2 tag=null key=0|com.android.incallui|2|null|1001: Notification(pri=2 contentView=null vibrate=null sound=null defaults=0x0 flags=0x82 color=0x00000000 category=call actions=2 vis=PRIVATE publicVersion=Notification(pri=0 contentView=null vibrate=null sound=null defaults=0x0 flags=0x0 color=0xff33b5e5 vis=PRIVATE))) important=5, post=1481982444586, when=1481982444572, vis=0, userid=0
12-17 21:47:24.727  1795  1795 I NotificationManager: enqueueNotificationInternal: n.getKey = 0|com.huawei.health|10010|null|10099
12-17 21:47:24.798  3608  3608 D InCall  : CallButtonFragment - showSpeakerphoneOnIcon: false
12-17 21:47:24.801  3608  3608 I InCall  : VTCallButtonFragment - updateAudioButtons - speaker toggle mode
12-17 21:47:24.890  2852  2852 I HwNotificationIconAreaController: showNotificationAll
12-17 21:47:24.935  2852  2852 I QSContainer: updateQsState:false
12-17 21:47:24.945  1795  1795 I ActivityManager_broadcast: Enqueueing ordered broadcast[foreground] BroadcastRecord{8452675 u-1 android.intent.action.SCREEN_ON}: prev had 0
12-17 21:47:24.981  1795  1825 I WindowManger_keyguard: Screen turned on for keyguard
12-17 21:47:25.069  3608  3608 I InCall  : ProximitySensor - Proximity wake lock already released
12-17 21:47:25.261  2852  2852 I PhoneStatusBar: removeNotificationChildren
12-17 21:47:25.461  1046  9752 V msm8916_platform: platform_set_parameters: exit with code(0)
12-17 21:47:25.574   633   692 I eSpaceService: main{1} StatusManager.clearAll(StatusManager.java:227)  clear all friends' status
12-17 21:47:27.991  5224  5283 I Step_DataCache: 20002302|getTodayTotalSteps 9774
12-17 21:47:29.986  5224  5283 I Step_DataCache: 20002302|getTodayTotalSteps 9777
12-17 21:47:31.136  2852  2852 I StackScrollAlgorithm: overlapAmount:763.6, previousNotificationEnd:607.0, newYTranslation:-156.59998, location:2, i:1, getTopPadding:499.0, getLocationOnScreen():-36
12-17 21:47:36.452  1795  1809 I WindowManger_keyguard: Setting mHideLockScreen to true by win Window{e6a6b5e u0 com.android.incallui/com.android.incallui.InCallActivity}
12-17 21:47:37.088  1795  1795 V NotificationService: disableEffects=null canInterrupt=false once update: false
12-17 21:47:38.072  2852  2852 I EventCenter: EventCenter Get :android.com.huawei.bone.NOTIFY_SPORT_DATA
12-17 21:47:38.886  1795  1809 I WindowManager: onProposedRotationChanged, rotation=2
12-17 21:47:38.967  5224  5283 I Step_DataCache: 20002302|getTodayTotalSteps 9794
12-17 21:47:40.967  5224  5283 I Step_DataCache: 20002302|getTodayTotalSteps 9797
12-17 21:47:44.516  1795 17832 W ActivityManager: getRunningAppProcesses: caller 10102 does not hold REAL_GET_TASKS; limiting output
12-17 21:47:44.697  1795 20747 D PowerManagerService: ready=true,policy=3,wakefulness=1,wksummary=0x2b,uasummary=0x4,bootcompleted=true,boostinprogress=false,waitmodeenable=false,mode=true,manual=33,auto=-1,adj=0.0userId=0
12-17 21:47:44.706  1795 11746 I SendBroadcastPermission: action:android.intent.action.SIG_STR, mPermissionType:0
12-17 21:47:45.064  1795  1795 I NotificationManager: enqueueNotificationInternal: n.getKey = 0|com.huawei.health|10010|null|10099
12-17 21:47:47.080  2852  2852 I StatusBarIconView: updateTint: tint=0
12-17 21:47:47.841   802   802 E Thermal-daemon: [Thermal_Hw] temperature_valid, battery : temperature is invalid, invalid temperatrue is 23
12-17 21:47:48.111  3168  1332 D HwRepairHelper: onReceive broadcast thread began runProcess 
12-17 21:47:48.125  3168  1332 D CommunicateRecord : getRcvData() MNC :  02
12-17 21:47:49.219   633 31867 I SDK     : <2016-12-17 21:47:49> [NOTICE] SDK: UE-SeC 2016-12-17 21:47:49:219 Level[NOTICE] magic[3368294688 1013]:s(0, 0),r(0, 0)in 20s;vsock(158865B, 12551B, 0, 0), sock(983, 1027, 0, 0), times(39, 0, 231, 65), delay(0, 0)ms, m(0, 6144)KB, p:44299, s:44299, t(180, 1, 37605B, 59407B), u(0, 0, 205338B, 55202B), c(2444, 2770, 0, 0), e(77942, 1898)/(1557, 1898), k:84, d(684, 772), de(0), s(connecting, 2, 11), SSL(0), UDP(0), r_d(0), s_d(0), c_d(0), dur(1518 m), vs(0, 0, 0), sysFM(0 KB), ls(2058, 2058),bypass[0]:[0]
12-17 21:47:52.052  2852  2852 D StatusBar: updateNotification(StatusBarNotification(pkg=com.huawei.health user=UserHandle{0} id=10010 tag=null key=0|com.huawei.health|10010|null|10099: Notification(pri=0 contentView=null vibrate=null sound=null defaults=0x0 flags=0x62 color=0x00000000 vis=PRIVATE)))
12-17 21:47:53.109  3168  3307 I CHR_ProtocolLogManager: chrDateString:20161217214718, lastChrWithMdlogTime:20161217212608
12-17 21:47:55.493  1795  1809 I WindowManager: onProposedRotationChanged, rotation=2
12-17 21:47:56.066  2852  2852 I StackScrollAlgorithm: updateClipping isOverlap:true
12-17 21:47:56.551  1795  1809 I WindowManager: updateRotationUnchecked(alwaysSendConfiguration=false)
12-17 21:47:57.685  1795  1809 I WindowManager: MyOrientationListener: updateRotation.
12-17 21:47:57.923  5224  5283 I Step_DataCache: 20002302|getTodayTotalSteps 9829
12-17 21:47:59.063  2852  2852 I StackScrollAlgorithm: updateClipping isOverlap:true
12-17 21:47:59.700   633   692 I TCP     : Thread-1747{6408} TcpClientThread.disconnectSocket(TcpClientThread.java:369) disconnecting to uc.huawei.com:7801
12-17 21:48:00.003  2852  2852 I HwDateUtils:  formatChinaDateTime equals.
12-17 21:48:00.921  5224  5283 I Step_DataCache: 20002302|getTodayTotalSteps 9834
12-17 21:48:04.422  1795  1809 I WindowManager: MyOrientationListener: updateRotation.
12-17 21:48:06.839  1795  2381 D libfingersense_wrapper: Calling fingersense_classify_touch()
12-17 21:48:06.920  5224  5283 I Step_ExtendStepDataManager: 20002302|compensate 24699708 13
12-17 21:48:07.860   802   802 E Thermal-daemon: [Thermal_Hw] temperature_valid, battery : temperature is invalid, invalid temperatrue is 23
12-17 21:48:08.023  2852  2852 I HwNotificationIconAreaController: showNotificationAll
12-17 21:48:08.247  1795  1809 I WindowManager: onProposedRotationChanged, rotation=2
12-17 21:48:09.401  1795  1809 I WindowManager: updateRotationUnchecked(alwaysSendConfiguration=false)
12-17 21:48:13.014  2852  2852 D HwCust  : Create obj success use class android.app.HwCustNotificationImpl
12-17 21:48:13.027  2852  2852 I HwNotificationIconAreaController: showNotificationAll
12-17 21:48:13.039  1795  1809 I WindowManager: updateRotationUnchecked(alwaysSendConfiguration=false)
12-17 21:48:14.464  1795  1809 I WindowManager: updateRotationUnchecked(alwaysSendConfiguration=false)
12-17 21:48:15.007  2852  2852 I HwNotificationIconAreaController: showNotificationAll
12-17 21:48:15.880  1795  1809 I WindowManager: updateRotationUnchecked(alwaysSendConfiguration=false)
12-17 21:48:16.972  5224  5283 I SendBroadcastPermission: action:android.com.huawei.bone.NOTIFY_SPORT_DATA, mPermissionType:0
12-17 21:48:17.520  1795  1809 I WindowManager: onProposedRotationChanged, rotation=3
12-17 21:48:17.864  1795  1795 D HuaweiWifiWatchdogStateMachine:  not in link monitoring mode, ignore TCP result .
12-17 21:48:18.020  5224  5283 I Step_DataCache: 20002302|getTodayTotalSteps 9864
12-17 21:48:19.301  3180  3578 I ash     : Pending huawei.w3 alarm OK !
12-17 21:48:19.616  1046 26554 D audio_hw_spkr_prot: audio_extn_fbsp_set_parameters: Speaker protection disabled
12-17 21:48:19.619  3382  3399 D QcrilMsgTunnelSocket: AudioState data received: vsid=297816064;call_state=2;call_type=GSM
12-17 21:48:19.809  1795 17831 I ActivityManager_broadcast: Enqueueing ordered broadcast[background] BroadcastRecord{e569c2f u-1 android.intent.action.PRECISE_CALL_STATE}: prev had 0
12-17 21:48:19.810  1795 20747 D PowerManagerService: ready=true,policy=3,wakefulness=1,wksummary=0x2b,uasummary=0x4,bootcompleted=true,boostinprogress=false,waitmodeenable=false,mode=true,manual=33,auto=-1,adj=0.0userId=0
12-17 21:48:19.829  3168  3309 I CHR_QcomModemInfoCollector: handleMessage{ when=0 what=1 arg2=9002 target=com.huawei.android.chr.qcom.QcomModemInfoCollector$QcomModemInfoHandler }
12-17 21:48:19.836  3218  3218 V Telephony: TelephonyConferenceController: onStateChange triggered in Conf Controller : connection = [TelephonyConnection objId:113194277 telecomCallID:TC@14 type:gsm state:DISCONNECTED capabilities:[Capabilities: CAPABILITY_SUPPORT_HOLD CAPABILITY_MUTE CAPABILITY_CANNOT_DOWNGRADE_VIDEO_TO_AUDIO CAPABILITY_SPEED_UP_MT_AUDIO] properties:[Properties:] address:xxxxxxxxxxxxxxx originalConnection: callId: TC@14 incoming: true state: DISCONNECTED post dial state: NOT_STARTED partOfConf:N] state = 6
12-17 21:48:19.839  3218  3218 I Telephony: TelephonyConnection: close session while phone state IDLE
12-17 21:48:19.862  3608  3608 I InCall  : CallCardFragment - setEncryptCallButtonEnabled enabled =false
12-17 21:48:19.865  3168  3309 E         : come into oem_qmi_common_stream_from_modem_len --->modem 
12-17 21:48:19.907  1046  2704 D audio_hw_spkr_prot: audio_extn_fbsp_get_parameters: Speaker protection disabled
12-17 21:48:19.942  1795  3238 I CallVoiceAsisstant: onCallRemoved...currentSub = -1mIsReportingIncomingCall = false
12-17 21:48:20.002  2883  2992 I HwSystemManager: NotificationGuideService:handle MSG_ACTIVIY_FOREGROUND, uid:10061
12-17 21:48:20.015  3608  3608 D InCall  : VideoCallFragment - sCleanupSurfaces
12-17 21:48:20.020  3197  3197 I HwMotionRecognition: MotionService info:onStartCommand intent: Intent { cmp=com.huawei.motionservice/.MotionService (has extras) }
12-17 21:48:20.026  1795  6986 D HwPowerManagerService: setColorTemperatureAccordingToSetting new.
12-17 21:48:20.028  2852  2852 E KeyguardUpdateMonitor: isSimPinSecure mSimDatas is null or empty 
12-17 21:48:20.039  3168  1413 D CommunicateRecord : getRcvData() Reserve1 :  0
12-17 21:48:20.081  3608  3608 D InCall  : CallButtonFragment - showSpeakerphoneOnIcon: false
12-17 21:48:20.087  2852  2866 W AppHandler: sendMessage 15
12-17 21:48:20.108  1795  1806 I ActivityManager_service: bindServiceLocked, r: ServiceRecord{99a5b22 u0 euid: 0 com.huawei.android.totemweather/.service.WeatherService}, euid: 0
12-17 21:48:20.136  3879  4071 I HwLauncher: WeatherDynamicUpdater update before : mDrawingData[0] = mostlycloudy:0, 0, 0
12-17 21:48:20.143  3879  4071 I HwLauncher: WeatherDynamicUpdater update before : mDrawingData[3] = tempc:96, 192, 0
12-17 21:48:20.149 16628 16649 I TotemWeather: RetryTaskController:onTaskFailed, cityId = 1
12-17 21:48:20.197  1795  1795 I Sensor  : updateLight --> mIsNotificationExisting: true ledOnMS: 500 ledOffMS :2000
12-17 21:48:20.206  1046  2704 V msm8916_platform: platform_set_parameters: exit with code(0)
12-17 21:48:20.333  2852  2852 I TintManager: setKeyguardWallpaperAVGColor:3
12-17 21:48:20.409  2883  2883 I HwSystemManager: NatTrafficNotifyService:new sub = 0
12-17 21:48:20.562  2852  2852 I PowerUI : onReceive intent:act:android.intent.action.SCREEN_OFF  flag:1342177296 
12-17 21:48:20.567  2852  2925 I ExifParser: mTiffStream skip = 0
12-17 21:48:20.575  2852  2852 I PhoneStatusBar: setSystemUiVisibility vis=8608 mask=ffffffff oldVal=8708 newVal=8608 diff=100
12-17 21:48:20.653  3626  3626 I HourObserver: left handleScrnOnOffTimeStats, mScrnOffAccTime = 1229351, mScrnOffAccTime = 1229351, mScrnOnAccTime = 1671285
12-17 21:48:20.738  3382  3399 D QcrilMsgTunnelSocket: readRilMessage: Buffer = [B@204bb9f HexData = [010000000404000011000000514f454d484f4f4bfa0308000100000000]
12-17 21:48:20.765  3218  3517 I QImsService: ImsSenderRxr :  networkMode = -1 status = 0 restrictCause = 0 registered = 2[SUB0]
12-17 21:48:20.769  3382  3399 I SendBroadcastPermission: action:qualcomm.intent.action.ACTION_RAC_CHANGED, mPermissionType:0
12-17 21:48:20.774  1795  1795 D HwWifiP2pService: onReceive, action:android.intent.action.SCREEN_ON
12-17 21:48:20.820  1795  2685 D HwPFWLogger: AutoStartupDataMgr:retrieveStartupSettings type 0 of com.netease.newsreader.activity is 0
12-17 21:48:20.820  1795  2685 I HwPFWLogger: AppAutoStartupPolicy:prevent start receiver of package com.sina.weibo for action android.net.conn.CONNECTIVITY_CHANGE
12-17 21:48:20.876  7741  7741 D ConnectivityManager: getMobileDataEnabled()+ subId=0
12-17 21:48:20.886  3168  3309 E QmiChr_Native: GetAsdivWorkState error
12-17 21:48:20.910  3168  3307 I CHR_ProtocolLogManager: write chr success
12-17 21:48:21.079  7741  7741 D HwCust  : Create obj success use class com.huawei.mms.util.HwCustUpdateUserBehaviorImpl
12-17 21:48:21.119  1795  2736 E hwintelligencewifi: getCurrentCellid PHONE_TYPE_GSM cellidString = 46000176128782
12-17 21:48:21.120  2852  2852 I PhoneStatusBar: updateNotificationShade
12-17 21:48:21.182  3218  3218 I QImsService: ImsServiceSub : type = 10 status = 0 isValid = true
12-17 21:48:21.400  1795  3121 D PowerManagerService: Releasing suspend blocker "PowerManagerService.WakeLocks".
12-17 21:48:21.423 32294  1521 I HwOUC   : [Thread-4-5831]isABInstallingStatusExistInFirmwareDB is false(hwouc/HwOucUtility.java:4754)
12-17 21:48:21.511 31949 31967 I TCP     : tcp.conn{4787} TcpSocket.connect_i(TcpSocket.java:84) connecting to ip address uc.huawei.com/45.249.213.63
12-17 21:48:21.635  1795  3111 I ActivityManager_service: Removed service that is not running: ServiceRecord{a1f5f00 u0 euid: 0 com.huawei.betaclub/com.huawei.logupload.LogUploadService}
12-17 21:48:21.678 31949 31967 I ECS     : WatchThread{4786} TcpClient.connect(TcpClient.java:162) ==================== TCP CLIENT CONNECT [2] ====================
12-17 21:48:21.679 31949 31967 I TCP     : WatchThread{4786} TcpClientThread.connect(TcpClientThread.java:52) will connect to uc.huawei.com:7801
12-17 21:48:22.626  1795  2384 D CryptdConnector: RCV <- {200 208 0}
12-17 21:48:22.971  2852  2852 D StatusBar: reusing notification for key: 0|com.huawei.health|10010|null|10099
12-17 21:48:23.859  5224  5283 I Step_DataCache: 20002302|getTodayTotalSteps 9875
12-17 21:48:23.922  1795 16499 D PowerManagerService: acquire lock=259371257, flags=0x1, tag="WakerLock:218529747", name=com.tencent.mm, ws=null, uid=10105, pid=25103
12-17 21:48:24.018   633  1628 I SDK     : <2016-12-17 21:48:24> [NOTICE] SDK: UE-SeC 2016-12-17 21:48:24:18 Level[NOTICE] magic[2407741728 924]:runtime inner: dom[] ip[]!
12-17 21:48:24.254   633 31868 I SDK     : 
12-17 21:48:24.258  1795  3249 D PowerManagerService: acquire lock=241665585, flags=0x1, tag="WakerLock:188385320", name=com.tencent.mm, ws=null, uid=10105, pid=25103
12-17 21:48:24.407  3180  3578 I ash     : perform hibernation actions!
12-17 21:48:24.602 25067  1584 I ret     : 	<style media="screen" type="text/css"></style>
12-17 21:48:25.184 25067  1584 I ret     : 
12-17 21:48:25.184 25067  1584 I ret     : 
12-17 21:48:25.440  1795 16500 I PGManagerService: proxyBroadcast:[com.android.browser] proxy:true
12-17 21:48:25.452  1795  2778 D NetdConnector: SND -> {11819 firewall set_uid_rule standby 10029 deny}
12-17 21:48:27.939  1795  1795 V NotificationService: disableEffects=null canInterrupt=false once update: false
12-17 21:48:28.920  1795  1795 I NotificationManager: enqueueNotificationInternal: n.getKey = 0|com.huawei.health|10010|null|10099
