12-17 19:31:36.436  1795  2371 I huawei_ProximitySensor_CPP_Test: readEvents:345: ProximitySensor: getTimestamp,mPendingEvent.timestamp =196820760 
12-17 19:31:36.449  1795  2728 D hw_netstat: total/1090/643,com.huawei.espacev2/963/584,unknown:0/127/59
12-17 19:31:36.804   835   835 E libteec : begin
12-17 19:31:36.956  3608  3608 I SendBroadcastPermission: action:InCallScreenIsForegroundActivity, mPermissionType:0
12-17 19:31:37.816  1795 16232 I NotificationManager: enqueueNotificationInternal: pkg=com.huawei.health id=10010 notification=Notification(pri=0 contentView=null vibrate=null sound=null defaults=0x0 flags=0x2 color=0x00000000 vis=PRIVATE)
12-17 19:31:37.843  2852  2852 I StackScrollAlgorithm: updateClipping isOverlap:true
12-17 19:31:37.933  2852  2852 D KeyguardViewMediator: handleNotifyScreenTurningOn
12-17 19:31:38.264  1795  2671 D WifiStateMachine:  DriverStartedState CMD_SCREEN_STATE_CHANGED  rt=123011436/442834627 1 0
12-17 19:31:38.271  3608  3608 E HW-JPEG-DEC: [HME_JPEG_DEC_Delete](3298): HME_JPEG_DEC_Delete: decoder_ctx=null
12-17 19:31:38.452 31949 31967 I ECS     : WatchThread{4786} TcpClient.disconnect_i(TcpClient.java:202) ==================== TCP CLIENT DISCONNECT ====================
12-17 19:31:40.241  1795  2671 D PowerManagerService: ready=true,policy=0,wakefulness=0,wksummary=0x11,uasummary=0x0,bootcompleted=true,boostinprogress=false,waitmodeenable=false,mode=true,manual=33,auto=-1,adj=0.0userId=0
12-17 19:31:40.284  2852  2852 I StackScrollAlgorithm: overlapAmount:763.6, previousNotificationEnd:607.0, newYTranslation:-156.59998, location:2, i:1, getTopPadding:499.0, getLocationOnScreen():-36
12-17 19:31:40.303   835  2385 D fpc_fingerprint_hal: worker idle
12-17 19:31:40.996  2852  2852 W HwLockScreenPanel: Handle message: 14
12-17 19:31:41.028   835  2385 E libteec : receive data len = 128
12-17 19:31:41.099  2852  2852 D KeyguardViewMediator: handleNotifyScreenTurnedOn End with : 127
12-17 19:31:41.378  1795  1795 D DeviceIdleController: stopMonitoringMotionLocked()
12-17 19:31:41.379  2852  2852 I HwPhoneStatusBar: mNotifyStateChangedReceiver::onReceive:action=InCallScreenIsForegroundActivity, mBackgroundState=false
12-17 19:31:41.383  1795  1795 D HwPFWLogger: PFW.HwPFWService:mBroadcastReceiver action = android.intent.action.SCREEN_ON
12-17 19:31:41.405  2852  2852 I ActivatableNotificationView: setOverlap mOverlap:false, mDimmed:false
12-17 19:31:41.419  1795  3077 D GnssLocationProvider: receive broadcast intent, action: android.intent.action.SCREEN_ON
12-17 19:31:41.460  1795  2371 I huawei_ProximitySensor_CPP_Test: readEvents:345: ProximitySensor: getTimestamp,mPendingEvent.timestamp =926367316 
12-17 19:31:41.473  1795  1809 D HwPhoneWindowManager: Transact:setSystemUIColor to status bar service
12-17 19:31:41.513  1795  1825 I PowerManagerService: Sleeping (uid 1000)...
12-17 19:31:41.536  3608  3608 D InCall  : InCallActivity - onPause()...
12-17 19:31:41.568  1795  1825 I PowerManager_screenOn: DisplayPowerStatesetScreenState: state=1
12-17 19:31:41.582  1795  1825 D Sensors : activate called handle:3 enable:0
12-17 19:31:41.705 31949 31967 I TCP     : tcp.recv{4790} TcpClientThread.onReceiverWork(TcpClientThread.java:292) connected
12-17 19:31:41.825  3608  3608 I InCall  : ProximitySensor - ProximitySensor{keybrd=0, dpad=0, offhook=1, hor=0, ui=1, aud=EARPIECE}
12-17 19:31:41.846  2852  2852 D HwCust  : Create obj success use class com.android.systemui.statusbar.HwCustExpandableNotificationRowImpl
12-17 19:31:41.862  2852  3344 D KeyguardViewMediator: notifyScreenTurnedOff
12-17 19:31:41.863  1795  1825 I PowerManager_screenOn: PowerManagerServiceonProximityNegative -> updatePowerStateLocked
12-17 19:31:42.227  1795  1795 I NotificationManager: mIntentReceiver-ACTION_SCREEN_OFF
12-17 19:31:42.261  2883  2883 I HwSystemManager: AutoCleanReceiveServer:receive action:android.intent.action.SCREEN_OFF
12-17 19:31:42.294  2852  2852 E KeyguardUpdateMonitor: isSimPinSecure mSimDatas is null or empty 
12-17 19:31:42.337  2852  2852 I HwPhoneStatusBar: mNotifyStateChangedReceiver::onReceive:action=InCallScreenIsForegroundActivity, mBackgroundState=false
12-17 19:31:42.342  2852  2852 I BadgedIconHelper: isCloneProcess = false
12-17 19:31:42.398  1795  2750 I PowerManager_screenOn: DisplayPowerState Updating screen state: state=ON, backlight=1058
12-17 19:31:42.400  1795  1825 D PowerManagerService: ready=true,policy=3,wakefulness=1,wksummary=0x10,uasummary=0x1,bootcompleted=true,boostinprogress=false,waitmodeenable=false,mode=true,manual=33,auto=-1,adj=0.0userId=0
12-17 19:31:42.400  2852  2852 I ToggleSlider:  mSeekListener onProgressChanged progress:2586 fromUser:false
12-17 19:31:42.514  1795  1795 D HwConnectivityService: pid=1000, cmd=100, param=0
12-17 19:31:42.518  1046  9753 V Huawei_audio_cust: huawei_cust_set_parameters: exit with code(0)
12-17 19:31:42.549  1795 15988 D PowerManagerService: release:lock=184063844, flg=0x0, tag="NetworkStats", name=android", ws=null, uid=1000, pid=1795
12-17 19:31:43.037  1795  6986 D StatusBarManagerService: manageDisableList userId=0 what=0x0 pkg=com.android.incallui
12-17 19:31:43.131  2852  2852 W HwPhoneLayoutInflater: onCreateView : ClassNotFoundException, In this case we want to let the base class take a crack at it
12-17 19:31:43.375   606  2379 E libteec : receive data len = 128
12-17 19:31:43.380   835   835 V fingerprintd: authenticate(sid=0, gid=0)
12-17 19:31:43.402   835  2385 E libteec : begin
12-17 19:31:44.630  1795  1825 D HwPowerManagerService: ColorTemperature read from old setting:128
12-17 19:31:44.633  1795  2326 V FingerprintService: stop client com.android.systemui
12-17 19:31:44.657  2852  2852 I NetworkController.WifiSignalController: 	to: connected=true,enabled=true,level=4,inetCondition=1,iconGroup=IconGroup(Wi-Fi Icons),activityIn=true,activityOut=true,rssi=-48,lastModified=12-17 07:31:42,isChaged:false,wifiNoInternet=false,ssid="Huawei-Employee"
12-17 19:31:44.671  1795  1795 D HwConnectivityService: CtrlSocket processCtrlSocket pid = 1000 cmd = 100 param = 0 ret = 0
12-17 19:31:44.773  1795  1795 I Sensor  : updateLightsLocked --> mBatteryLight.turnOff
12-17 19:31:45.015  3608  3608 I InCall  : VideoCallPresenter - isVideoCallWorking, state is: 3
12-17 19:31:45.026  2852  2852 I HwPhoneStatusBarTransitions: restoreBackgroundColor:new=1711276032, old=0
12-17 19:31:45.080  2852  2925 I EventCenter: ContentChange for slot: 1
12-17 19:31:45.136  1795  1795 I WindowManger_keyguard: Finished going to sleep... (why=6)
12-17 19:31:45.149  1795  1809 I qti_sensors_hal: 0xc0, 0x2a, 0x7c, 0x3f
12-17 19:31:45.155  1795  1795 E qti_sensors_hal: Final value: x_offset=0.160831, y_offset=0.184366, z_offset=0.985027
12-17 19:31:45.159  2852  2852 W HwLockScreenPanel: Handle message: 15
12-17 19:31:45.175   835   835 E libteec : receive data len = 128
12-17 19:31:45.198   835  2385 E libteec : receive data len = 192
12-17 19:31:45.198   606  2379 E libteec : receive data len = 128
12-17 19:31:45.243   835  2385 E libteec : begin
12-17 19:31:45.321  2883  2996 I HwSystemManager: ITrafficInfo:ITrafficInfo create 301updateBytes = 1769320345
12-17 19:31:45.365 31949 31967 I TCP     : tcp.conn{4787} TcpClientThread.connectSocket(TcpClientThread.java:360) notify user tcp connected successully at 36826 to uc.huawei.com:7801
12-17 19:31:45.424  1795  2671 D WifiStateMachine:  L2ConnectedState CMD_ENABLE_RSSI_POLL  rt=123018596/442841788 0 0
12-17 19:31:45.436  1795  2670 D WifiController: set idle timer: 1800000 ms
12-17 19:31:45.609  1795  2671 D WifiStateMachine:  SupplicantStartedState CMD_SCREEN_STATE_CHANGED  rt=123018781/442841973 1 0
12-17 19:31:45.611  1795  1795 D HwConnectivityService: CtrlSocket receive screen on intent!
12-17 19:31:45.633  1795  1795 I EyeProtectionControllerImpl: onReceive intent action = android.intent.action.SCREEN_ON
12-17 19:31:45.644  1795 15987 W NetworkStatsFactory: mStatsXtProcUid: /proc/net/comm/stats does not exist!
12-17 19:31:45.671  5215  5215 D wpa_supplicant: nl80211: Drv Event 79 (NL80211_CMD_SET_REKEY_OFFLOAD) received for wlan0
12-17 19:31:45.693  1795  6986 I qti_sensors_hal: flush,395,handle 49
12-17 19:31:45.693  1795  6986 I qti_sensors_hal: flush:sensor(android.sensor.step_counter) handle:49
12-17 19:31:45.704  5224  5283 I Step_HSNH: 20002302|upDateHealthNotification()|89|2.98|4181
12-17 19:31:45.846  3608  3608 D InCall  : InCallActivity -  bgCallTwinkingSwitch is true inQuickExiting is false mIsForegroundActivity is false
12-17 19:31:46.078  1795  1795 I ActivityManager_broadcast: Enqueueing ordered broadcast[foreground] BroadcastRecord{8f0d28b u-1 android.intent.action.SCREEN_OFF}: prev had 0
12-17 19:31:46.107   835   835 E libteec : receive data len = 128
12-17 19:31:46.129   835  2385 E libteec : begin
12-17 19:31:46.134  1795 15987 W FingerprintService: onAcquired 1
12-17 19:31:46.160  1795  3077 I GnssLocationProvider: disableGps:false  isEnabled()=true
12-17 19:31:46.194  3879  3879 I HwLauncher: Launcher receiver screen off broadcast sendmessage true
12-17 19:31:46.209  5215  5215 D wpa_supplicant: nl80211: Event message available
12-17 19:31:46.210  5215  5215 D wpa_supplicant: IEs - hexdump(len=194): 00 0f 48 75 61 77 65 69 2d 45 6d 70 6c 6f 79 65 65 01 08 82 84 0b 16 0c 12 18 24 03 01 09 05 04 ...
12-17 19:31:46.210  5215  5215 D wpa_supplicant: Beacon IEs - hexdump(len=194): 00 0f 48 75 61 77 65 69 2d 45 6d 70 6c 6f 79 65 65 01 08 82 84 0b 16 0c 12 18 24 03 01 09 05 04 ...
12-17 19:31:46.213  5215  5215 D wpa_supplicant: wlan0: BSS: Remove id 438 BSSID 80:38:bc:0b:22:a0 SSID 'wlanaccessv2.0' due to no match in scan
12-17 19:31:46.213  5215  5215 D wpa_supplicant: random pool - hexdump(len=128): [REMOVED]
12-17 19:31:46.213  5215  5215 D wpa_supplicant: random pool - hexdump(len=128): [REMOVED]
12-17 19:31:46.250  3626  3753 I LogCollectService: msg = 103 received
12-17 19:31:50.447  2852  2852 W KeyguardUpdateMonitor: Fingerprint RunningStateChanged. 2
12-17 19:31:50.448   835  2385 D fpc_fingerprint_hal: fpc poll irq interupt
12-17 19:31:50.461   835  2385 E libteec : begin
12-17 19:31:50.563  2852  2867 D KeyguardService: Caller checkPermission fail
12-17 19:31:50.592  1046 26554 D audio_hw_spkr_prot: audio_extn_fbsp_set_parameters: Speaker protection disabled
12-17 19:31:50.749  1795  1825 D HwAmbientLuxFilterAlgo: t=123023919,BT=123024419,DT=123024919,BT1=123027919,DT1=123031919,Bn=false,Dn=false,lx=[7.0/123023919],mLx=7.0,s=5.0,ss=0.0,AuIntervened=false,mProximityState=false,bLux=20.6,dLux=0.0,bLux1=20.6,dLux1=0.0
12-17 19:31:50.845  1795 15982 I SendBroadcastPermission: action:com.android.server.action.NETWORK_STATS_UPDATED, mPermissionType:0
12-17 19:31:50.847  1795 15982 I HwActivityManagerService: Split enqueueing broadcast [callerApp]:ProcessRecord{34bf34f 0:system/1000}
12-17 19:31:50.881  1795  3957 E IzatSvc_OSObserver: I/LocTech-Label :: OSOBSERVER :: Data Items In
12-17 19:31:50.893  3180  4303 I AwareLog: MemoryRecoveryDMEPlugin: reportScene typeId = 2002
12-17 19:31:50.937  1795  1795 I WindowManger_windowChange: oldFocusWindow: Window{e71ca6c u0 com.android.phone}, currentFocusWindow: Window{c5d22bd u0 android}, currentFocusApp: AppWindowToken{844a0b2 token=Token{2fd6a14 ActivityRecord{b46dc67 u0 com.android.incallui/.InCallActivity t310}}}
12-17 19:31:50.938  3626  3753 I LogCollectService: msg = 103 received
12-17 19:31:51.040  1795  1809 I WindowManager: Finished screen turning on...
12-17 19:31:51.055  1795  1825 I WindowManger_keyguard: onScreenTurnedOn()
12-17 19:31:51.072   835   835 D fpc_fingerprint_hal: fpc_cancel
12-17 19:31:51.075   606  2379 E libteec : QSEECom_send_cmd return!
12-17 19:31:51.188  2883  2883 I HwSystemManager: AutoCleanReceiveServer:receive action:android.intent.action.SCREEN_OFF
12-17 19:31:51.190  1795  1806 W NetworkStatsFactory: mStatsXtProcUid: /proc/net/comm/stats does not exist!
12-17 19:31:51.302  2883  2996 I HwSystemManager: ITrafficInfo:ITrafficInfo create 301updateBytes = 1769320345
12-17 19:31:51.442  1795  3077 I GnssLocationProvider: updateLowPowerMode,isPowerSaveMode:falseisInteractive:true
12-17 19:31:51.454  3626  3626 I iMonitor: send: 903001011
12-17 19:31:51.530  2852  2852 D HwCust  : Create obj success use class android.app.HwCustNotificationImpl
12-17 19:31:51.866  1795  1795 D DeviceIdleController: stopMonitoringMotionLocked()
12-17 19:31:52.109  1795  2668 E HwWifiP2pService: Unhandled message when=123025281 what=143467 arg1=0 arg2=0
12-17 19:31:52.117  1795  2671 D WifiStateMachine:  ConnectModeState CMD_SET_SUSPEND_OPT_ENABLED  rt=123025289/442848481 1 0
12-17 19:31:52.170  2852  2852 V KeyguardStatusView: Disable transport text marquee
12-17 19:31:52.195  2883  2996 E HwSystemManager: NormalTrafficAnalysis:alert byte = 0, so return
12-17 19:31:52.200   606  2379 E libteec : qsc_send_cmd finish
12-17 19:31:52.577  1795  2728 D HwArpVerifier: mAccessWebStatus : rx = 0, tx = 0
12-17 19:31:55.136  1795  1795 I TrafficMonitor: start expired. level:-1
12-17 19:31:55.359  2852  2852 W HwLockScreenPanel: createLockScreenView when reset
12-17 19:31:55.371   606  2379 E libteec : qsc_send_cmd finish
12-17 19:31:55.389  1795  2326 V FingerprintService: handleError(client=com.android.systemui, error = 5)
12-17 19:31:55.400   835  2385 E libteec : begin
12-17 19:31:55.504  5215  5215 D wpa_supplicant: CTRL-DEBUG: global_ctrl_sock-sendto: sock=16 sndbuf=229376 outq=0 send_len=48
12-17 19:31:55.837  1795  1809 E qti_sensors_hal: read from oem info: data_valid_flag=0x55
12-17 19:31:55.855  3466  3466 I Contacts: DialpadFragment mBroadcastReceiver action:android.intent.action.SCREEN_ON
12-17 19:31:55.888 31949 31967 I TCP     : WatchThread{4786} TcpSocket.close(TcpSocket.java:158) shutdown output: java.net.SocketException: Socket is closed
12-17 19:31:56.062  1795  2750 D HW_DISPLAY_EFFECT: presently, hw_update_color_temp_for_rg_led interface not achieved.
12-17 19:31:56.248  5215  5215 D wpa_supplicant: wlan0: Scan completed in 0.447589 seconds
12-17 19:31:56.251  5215  5215 D wpa_supplicant: wlan0: BSS: Add new id 471 BSSID 80:38:bc:0b:22:20 SSID 'wlanaccessv2.0' freq 2432
12-17 19:31:56.252  5215  5215 D wpa_supplicant: random pool - hexdump(len=128): [REMOVED]
12-17 19:31:56.252  5215  5215 D wpa_supplicant: random_mix_pool - hexdump(len=16): [REMOVED]
12-17 19:31:56.258  5215  5215 E wpa_supplicant: bssid=80:38:bc:0b:29:e1;freq=2452;level=-73;flags=11;ssid=Huawei-Employee;
12-17 19:31:56.262  5215  5215 D wpa_supplicant: CTRL-DEBUG: global_ctrl_sock-sendto: sock=16 sndbuf=229376 outq=0 send_len=3676
12-17 19:31:56.417  3608  3608 D InCall  : VideoPauseController: - VideoPauseController:onPause
12-17 19:31:56.438  2852  2852 I PhoneStatusBar: setSystemUiVisibility vis=80000300 mask=ffffffff oldVal=c0000000 newVal=80000300 diff=40000300
12-17 19:31:56.491  1795  2671 D WifiStateMachine:  DriverStartedState !CMD_SCREEN_STATE_CHANGED  rt=123029663/442852854 0 0
12-17 19:31:56.547  2883  2883 I HwSystemManager: AutoCleanReceiveServer:telemamanger state isIdle:true
12-17 19:31:56.551  2852  2852 W HwPhoneLayoutInflater: onCreateView : ClassNotFoundException, In this case we want to let the base class take a crack at it
12-17 19:31:56.680  1795  1825 I PowerManager_screenOn: PowerManagerServiceonProximityNegative -> updatePowerStateLocked
12-17 19:31:56.697   835  2385 E libteec : begin
12-17 19:31:56.701   835  2385 E libteec : begin
12-17 19:31:56.809  1795  1825 D AutomaticBrightnessController: mAmbientLuxValid= false,sensor is not ready
12-17 19:31:57.074  2852  2852 I TintManager: updateBarBgColor:emuiStyle=0,statusBarColor=#00000000,navigationBarColor=#00000000, isEmuiLight=-1
12-17 19:31:57.086  3608  3608 D InCall  : StatusBarNotifier - cancelInCall()...
12-17 19:31:57.152   832  1840 E Parcel  : Reading a NULL string not supported here.
12-17 19:31:57.154  2852  2852 I QSContainer: updateQsState:false
12-17 19:31:57.549  1795  3249 I qti_sensors_hal: batch:sensor(android.sensor.accelerometer) sample_rate=14.999925Hz report_rate_f=0.000000Hz curr sample rate:14.999925 cur rpt rate:0 max:400.000000 min:1.000000
12-17 19:31:57.737  2852  2852 D KeyguardViewMediator: handleNotifyFinishedGoingToSleep
12-17 19:31:57.747  1795  1795 I WindowManger_windowChange: oldFocusWindow: Window{334bb79 u0 android}, currentFocusWindow: Window{e71ca6c u0 com.android.phone}, currentFocusApp: AppWindowToken{844a0b2 token=Token{2fd6a14 ActivityRecord{b46dc67 u0 com.android.incallui/.InCallActivity t310}}}
12-17 19:31:57.767   835  2385 D fpc_fingerprint_hal: workerFunction STATE_AUTHENTICATE
12-17 19:31:57.769  1795  1825 W HwScreenOnProximityLock: releaseLock: return because sensor listener is held = false
12-17 19:31:57.838   835  2385 D fpc_fingerprint_hal: workerFunction STATE_NAVIGATION
12-17 19:31:57.869  1795  1795 I NotificationManager: updateLightsLocked,turn off notificationLight
12-17 19:31:57.881  3608  3608 D InCall  : InCallPresenter - notifyInCallScreenIsForeground: true
12-17 19:31:57.887  3608  3608 I InCall  : ProximitySensor - ProximitySensor{keybrd=0, dpad=0, offhook=1, hor=0, ui=1, aud=EARPIECE}
12-17 19:31:58.232  1795  1809 I WindowManager: Finished screen turning on...
12-17 19:31:58.335  1795  6988 I HwActivityManagerService: Split enqueueing broadcast [callerApp]:ProcessRecord{34bf34f 0:system/1000}
12-17 19:31:58.339  2883  3040 E HwSystemManager: TrafficNotifyAfterLocked:screen notification will not notify
12-17 19:31:58.392  1795 15987 I qti_sensors_hal: flush:sensor(android.sensor.step_counter) handle:49
12-17 19:31:58.443  2852  2852 I HwNotificationIconAreaController: showNotificationAll
12-17 19:31:58.470 31949 31985 I PushService: connect :true
12-17 19:31:59.501 31949 31967 I ECS     : msg.recv{4791} XmlMsg.decodeBuf(XmlMsg.java:237) RECV 663 bytes [12]_00_03_02_05_01_04_81_B8_98_A3_C1_15 cmdCode(CC_PCheckVersion.0x0501)msgType(MT_ACK.2)msgClass(MC_Push.5)sender(ST_Mobile.0)crypted(false)zipped(false)nobase64(true)length(659)version(3)sno(81B8)
12-17 19:32:01.145  2852  2852 I HwBrightnessController: onChange selfChange:false uri.toString():content://settings/system/screen_auto_brightness mIsObserveAutoBrightnessChange:true
12-17 19:32:01.226  1795 17831 I qti_sensors_hal: 0x66, 0xca, 0x3c, 0x3e
12-17 19:32:01.322  2852  2852 W HwPhoneLayoutInflater: onCreateView : ClassNotFoundException, In this case we want to let the base class take a crack at it
12-17 19:32:01.432   625   718 E libnav  : AbaSuspend skips CABL deactivate: state was 3
12-17 19:32:01.448  1795  1795 I qti_sensors_hal: batch:load_acc_oeminf_data x_offset:0.160831 y_offset:0.184366 z_offset:0.985027
12-17 19:32:01.452  2852  2852 V KeyguardStatusView: Disable transport text marquee
12-17 19:32:01.498  1795  2671 D WifiStateMachine:  L2ConnectedState CMD_ENABLE_RSSI_POLL  rt=123034670/442857862 0 0
12-17 19:32:01.509   835  2385 I fpc_tac : fpc_tac_send_get_indices_cmd indices:0x7f9860c000, index_count:1
12-17 19:32:01.530  1795  2671 D PowerManagerService: release:lock=244575063, flg=0x0, tag="WifiSuspend", name=android", ws=null, uid=1000, pid=1795
12-17 19:32:01.549  1795 16232 D HwNetworkStatsService: mActiveIface: null
12-17 19:32:01.626  2883  2996 I HwSystemManager: NatTrafficNotifyService:delta byte = 0 no traffic delta = 0Traffic state is 301
12-17 19:32:02.596  1795  2728 E HwCHRWebMonitor: HwCHRWifiUIDWebSpeed [appName=com.huawei.espacev2 UID=10102  WEBSENDSEGS=0  WEBRESENDSEGS=0  WEBRECVSEGS=0  WEBERRSEGS=0  WEBOUTRSTS=0  WEBESTABLISRST=0  WEBRTTDURATION=0  WEBRTTSEGS=0  WEBSNDDUPACKS=0  suckTimes=0 recovage_times=0]
12-17 19:32:04.408  7741  7758 D TmoMonitor: Cache monitor msg as screen_off
12-17 19:32:04.875  1795  1795 I WifiProJNI: ######### CMD_QUERY_PKTS ########
12-17 19:32:05.818  1795  1825 D PowerManagerService: ready=false,policy=3,wakefulness=1,wksummary=0x10,uasummary=0x1,bootcompleted=true,boostinprogress=false,waitmodeenable=false,mode=true,manual=33,auto=-1,adj=0.0userId=0
12-17 19:32:05.844  1795  1825 I PowerManager_screenOn: DisplayPowerController Blocking screen on until initial contents have been drawn.
12-17 19:32:05.942  1795  2671 D WifiStateMachine:  ConnectModeState CMD_SCREEN_STATE_CHANGED  rt=123039114/442862305 1 0
12-17 19:32:05.951  1795  1795 D HwConnectivityService: CtrlSocket receive screen on intent!
12-17 19:32:05.951  1795  2691 D HwConnectivityService: handleFilterMsg action: 3mFilterMsgFlag3
12-17 19:32:05.952  1795  5219 E WifiMonitor: WifiMonitor:wlan0 cnt=30976 dispatchEvent: CTRL-EVENT-SCAN-STARTED 
12-17 19:32:06.194  2852  2852 I BackgrounCallingLayout: simCount:2 phoneState:2
12-17 19:32:06.287  1795  3975 E LocSvc_libulp: I/===> int ulp_brain_turn_onoff_dr_provider() line 848 
12-17 19:32:06.354  1795 16232 D StubTelephonyRegistry: uid:10028 pid:16628 PhoneStateListener.LISTEN_CELL_LOCATION:16 events:16
12-17 19:32:06.361  1795  1825 I PowerManager_screenOn: DisplayPowerController updatePowerState mPendingRequestLocked=policy=BRIGHT, useProximitySensor=true, useProximitySensorbyPhone=true, screenBrightness=33, screenAutoBrightnessAdjustment=0.0, brightnessSetByUser=true, useAutoBrightness=true, blockScreenOn=false, lowPowerMode=false, boostScreenBrightness=false, dozeScreenBrightness=-1, dozeScreenState=UNKNOWN, useTwilight=false, useSmartBacklight=true, brightnessWaitMode=false, brightnessWaitRet=true, screenAutoBrightness=-1, userId=0
12-17 19:32:06.418  5215  5215 D wpa_supplicant: 80:38:bc:0a:f1:e1 freq=2472 qual=0 noise=-89~ level=-87 snr=2 flags=0xb age=0 est=6500
12-17 19:32:07.746  2852  3556 I NetworkController.MobileSignalController(0): onSignalStrengthsChanged signalStrength=SignalStrength: -65 0 -1 255 -1 255 -1 255 255 99 2147483647 2147483647 2147483647 2147483647 2147483647 false gw|lte level=5 isSuspend=false levelOld=5,mSignalStrength level=5
12-17 19:32:08.062   533  3739 E ANDR-PERF-MPCTL: Invalid profile no. 0, total profiles 0 only
12-17 19:32:08.099  1795  2671 D WifiStateMachine:  DriverStartedState CMD_SET_SUSPEND_OPT_ENABLED  rt=123041270/442864462 1 0
12-17 19:32:08.117  1795  2708 D HwPFWLogger: PFW.HwPFWService:handle PFW_MSG_SYSTEM
12-17 19:32:08.148  1795  2326 W HwFingerprintService: checkNeedLivenessList:start
12-17 19:32:08.165  2852  2852 I NotificationContentView: transferRemoteInputFocus: 1
12-17 19:32:08.170   606  2379 E libteec : QSEECom_send_cmd return!
12-17 19:32:08.183   606  2379 E libteec : receive data len = 1152
12-17 19:32:08.187   606  2379 E libteec : QSEECom_send_cmd return!
12-17 19:32:11.273  7741  7758 D TmoMonitor: Cache monitor msg as screen_off
12-17 19:32:12.863  1795  2739 I HuaweiWifiWatchdogStateMachine: rs ota tcp lr rttvb bad: false, false, false, false, false; rsth:-75
12-17 19:32:13.613  1795  2728 E HwCHRWebMonitor: WebMonitor [mNetWorkIsSuck=0 mUIDIsSuck=]  WebSpeed [WEBSENDSEGS=0  WEBRESENDSEGS=0  WEBRECVSEGS=0  WEBERRSEGS=0  WEBOUTRSTS=0  WEBESTABLISRST=0  WEBRTTDURATION=0  WEBRTTSEGS=0  WEBSRTT=250  WEBSNDDUPACKS=0  SENDSEGS=0  RESENDSEGS=0  RECVSEGS=0  ERRSEGS=0  OUTRSTS=0  ESTABLISRST=0  RTTDURATION=0  RTTSEGS=0  SNDDUPACKS=0  suckTimes=0 recovage_times=0]
12-17 19:32:23.289  1795  2670 D WifiController: DeviceActiveState{ when=-1ms what=155652 target=com.android.internal.util.StateMachine$SmHandler }
12-17 19:32:23.298  1795  1825 I PowerManager_screenOn: PowerManagerNotifier onUserActivity: event=0, uid=1000
12-17 19:32:23.329  5215  5215 D wpa_supplicant: wlan0: Control interface command 'SCAN TYPE=ONLY'
12-17 19:32:23.347  2852  2852 W DisabledFeatureUtils: Dis-Feature : 0
12-17 19:32:23.445  1795  3884 D PowerManagerService: ready=false,policy=3,wakefulness=1,wksummary=0x11,uasummary=0x1,bootcompleted=true,boostinprogress=false,waitmodeenable=false,mode=true,manual=33,auto=-1,adj=0.0userId=0
12-17 19:32:23.743  2852  2852 I StackScrollAlgorithm: updateDimmedActivatedHideSensitive overlap:false
12-17 19:32:23.745  1795  2778 D PowerManagerService: release:lock=184063844, flg=0x0, tag="NetworkStats", name=android", ws=null, uid=1000, pid=1795
12-17 19:32:23.782  5215  5215 D wpa_supplicant: IEs - hexdump(len=193): 00 0e 77 6c 61 6e 61 63 63 65 73 73 76 32 2e 30 01 08 82 84 0b 16 0c 12 18 24 03 01 0d 05 04 00 ...
12-17 19:32:23.783  5215  5215 D wpa_supplicant: Beacon IEs - hexdump(len=194): 00 0f 48 75 61 77 65 69 2d 45 6d 70 6c 6f 79 65 65 01 08 82 84 0b 16 0c 12 18 24 03 01 0d 05 04 ...
12-17 19:32:23.784  5215  5215 D wpa_supplicant: 80:38:bc:0b:37:20 freq=2412 qual=0 noise=-89~ level=-92 snr=-3 flags=0xb age=20 est=6500
12-17 19:32:23.789  1795  1821 I WindowManager: All windows ready for display!
12-17 19:32:23.802  5215  5215 E wpa_supplicant: bssid=80:38:bc:0a:f1:e1;freq=2472;level=-87;flags=11;ssid=Huawei-Employee;
12-17 19:32:23.826  5215  5215 E wpa_supplicant: bssid=80:38:bc:0b:14:80;freq=2452;level=-91;flags=11;ssid=wlanaccessv2.0;
12-17 19:32:23.934 17238 17238 D Bth     : BtChrStatisticsManager:sendScreenOnEvent enter.
12-17 19:32:23.968  1795  3249 I GnssLocationProvider: stopNavigating, mStarted=false
12-17 19:32:24.565  5224  5283 I SendBroadcastPermission: action:android.com.huawei.bone.NOTIFY_SPORT_DATA, mPermissionType:0
12-17 19:32:26.459  1795  1825 I PowerManager_screenOn: PowerManagerNotifier onWakefulnessChangeStarted: wakefulness=3, reason=7, interactive=false, mInteractive=true, mInteractiveChanging=false
12-17 19:32:26.527  2852  2852 I HwBrightnessController: updateSlider1 seekBarProgress:0
12-17 19:32:26.544  1795  1825 I PowerManager_screenOn: DisplayPowerController updatePowerState mPendingRequestLocked=policy=OFF, useProximitySensor=true, useProximitySensorbyPhone=true, screenBrightness=33, screenAutoBrightnessAdjustment=0.0, brightnessSetByUser=true, useAutoBrightness=true, blockScreenOn=false, lowPowerMode=false, boostScreenBrightness=false, dozeScreenBrightness=-1, dozeScreenState=UNKNOWN, useTwilight=false, useSmartBacklight=true, brightnessWaitMode=false, brightnessWaitRet=true, screenAutoBrightness=-1, userId=0
12-17 19:32:26.887   835  2385 D fpc_fingerprint_hal: wait_finger_down, took 3536 ms
12-17 19:32:28.330  1795  2739 I HuaweiWifiWatchdogStateMachine:  pkt chk not bad, reset sc to 0.
12-17 19:32:29.779  1795  1825 D HwPowerManagerService: setColorTemperatureAccordingToSetting
12-17 19:32:29.785  2852  2852 W HwLockScreenPanel: createLockScreenView when reset
12-17 19:32:29.812  1795  2326 V FingerprintService: Done with client: com.android.systemui
12-17 19:32:29.931  1795 16499 D ActivityManager: setExcludeFromRecents:pkgName=null
12-17 19:32:29.980  5215  5215 D wpa_supplicant: nl80211: Event message available
12-17 19:32:30.139  3608  3608 D InCall  : InCallActivity - doOrientationChanged prevOrientation=1 newOrientation=1
12-17 19:32:30.191  3608  3608 I InCall  : CallList - hasAnyLiveCall call = [Call_10, ACTIVE, [Capabilities: CAPABILITY_HOLD CAPABILITY_SUPPORT_HOLD CAPABILITY_MUTE CAPABILITY_CANNOT_DOWNGRADE_VIDEO_TO_AUDIO], children:[], parent:null, conferenceable:[], videoState:Audio Only, mSessionModificationState:0, VideoSettings:(CameraDir:-1)]
12-17 19:32:30.192  1795 16498 I qti_sensors_hal: flush,260 handle 0
12-17 19:32:30.323  2852  2852 I PhoneStatusBar: removeNotificationChildren
12-17 19:32:30.426  3608  3608 E WindowManagerEx: ret: 0
12-17 19:32:30.646  3608  3608 D InCall  : InCallActivity - onStop()...
12-17 19:32:30.673  2852  2852 E KeyguardUpdateMonitor: isSimPinSecure mSimDatas is null or empty 
12-17 19:32:30.690   606  2379 E libteec : QSEECom_send_cmd return!
12-17 19:32:30.706   835  2385 D fpc_fingerprint_hal: worker idle
12-17 19:32:30.726  1795 15982 W FingerprintService: onAcquired 1
12-17 19:32:30.889  2852  2852 I StackScrollAlgorithm: overlapAmount:763.6, previousNotificationEnd:607.0, newYTranslation:-156.59998, location:2, i:1, getTopPadding:499.0, getLocationOnScreen():-36
12-17 19:32:34.213  3180  3578 I ash     : com.tencent.mm { doze duration=37472 } transition to: hibernation reason:
12-17 19:32:36.131  1795  2728 D HwArpVerifier: doCheckAccessInternet
12-17 19:32:59.902  3782  3862 W QCNEJ   : |CORE| CNE received unexpected action: android.intent.action.BATTERY_CHANGED
12-17 19:32:59.908  2852  2852 I PowerUI : onReceive intent:act:android.intent.action.BATTERY_CHANGED  flag:1610612752 technology=Li-ion icon-small=17303220 max_charging_voltage=0 health=2 max_charging_current=0 status=3 plugged=0 present=true charge_counter=0 level=78 scale=100 temperature=275 voltage=4072 invalid_charger=0 
12-17 19:33:00.180  1795  3884 I WindowManger_keyguard: **** SHOWN CALLED ****
12-17 19:33:00.251  2852  2852 W DisabledFeatureUtils: Dis-Feature : 0
12-17 19:33:00.279  1795 15987 D PowerManagerService: ready=false,policy=3,wakefulness=3,wksummary=0x11,uasummary=0x1,bootcompleted=true,boostinprogress=false,waitmodeenable=false,mode=true,manual=33,auto=-1,adj=0.0userId=0
12-17 19:33:00.408  5215  5215 D wpa_supplicant: Scan requested (ret=0) - scan timeout 30 seconds
12-17 19:33:00.421  1046  9752 I Huawei_audio_cust: get_spk_pa_type: pa is max98925
12-17 19:33:00.543  1795 11745 I PGManagerService: proxyWakeLockByPidUid, pid: 4634, uid: 10105, proxy: false
12-17 19:33:00.819  7741  7741 D Mms_TX_NOTIFY: Get no-perm notification callback android.intent.action.SCREEN_ON
12-17 19:33:00.862   835   835 E libteec : begin
12-17 19:33:00.871 31949 31967 I TCP     : WatchThread{4786} TcpSocket.close(TcpSocket.java:158) shutdown output: java.net.SocketException: Socket is closed
12-17 19:33:00.890   606  2379 E libteec : QSEECom_send_cmd return!
12-17 19:33:00.895  5215  5215 D wpa_supplicant: CTRL-DEBUG: ctrl_sock-sendmsg: sock=16 sndbuf=229376 outq=0 send_len=42
12-17 19:33:00.895   835  2385 I fpc_tac : fpc_tac_send_set_arbitrary_data_cmd:ok, response:0
12-17 19:33:00.904  5215  5215 E wpa_supplicant: bssid=80:38:bc:0a:f4:60;freq=2472;level=-95;flags=11;ssid=wlanaccessv2.0;
12-17 19:33:00.924  5215  5215 D wpa_supplicant: wlan0: Control interface command 'BSS RANGE=489- MASK=0x3029d87'
12-17 19:33:00.946  2852  2852 I TimeManager: act:android.intent.action.TIME_TICK  flag:1342177300 FLAG_IS_FIRST_POWER_OFF_ALARM=false android.intent.extra.ALARM_COUNT=1 
12-17 19:33:00.949  2852  2852 I HwDateUtils: formatChinaDateTime, change to China normalTime:晚上7:33
12-17 19:33:01.023  1795  2671 D PowerManagerService: Acquiring suspend blocker "PowerManagerService.WakeLocks".
12-17 19:33:01.095  3180  3578 I ThermalStateManager: handle action thermal policy:301
12-17 19:33:01.130  3626  3626 I iMonitor: create: 903001010
12-17 19:33:01.675  1795  1795 D HwWifiP2pService: onReceive, action:android.intent.action.SCREEN_ON
12-17 19:33:01.749  5215  5215 D wpa_supplicant: nl80211: Rekey offload - Replay Counter - hexdump(len=8): 00 00 00 00 00 00 00 02
12-17 19:33:01.851  1795  1825 D HwAmbientLuxFilterAlgo: earliestValidTime + POWER_ON_DARKENING_LIGHT_DEBOUNCE
12-17 19:33:01.950  3608  3608 D InCall  : StatusBarNotifier - updateInCallNotification: timer cleared
12-17 19:33:01.952  2852  2852 I StackScrollAlgorithm: updateClipping isOverlap:true
12-17 19:33:01.973  1795 20747 D PowerManagerService: ready=false,policy=3,wakefulness=3,wksummary=0x11,uasummary=0x1,bootcompleted=true,boostinprogress=false,waitmodeenable=false,mode=true,manual=33,auto=-1,adj=0.0userId=0
12-17 19:33:02.005  2852  2914 I HwMobileSignalController: subId:0 phoneType:1 networktype:16 targetClass:1 masterLevel:5 slaveLevel:-1
12-17 19:33:02.136  3608  3608 E InCall  : StatusBarNotifier - buildAndSendNotification state=3 showHeadUpNotification=false mHeadupViewShow=false
12-17 19:33:02.151  2852  2852 I HwBrightnessUtils:  getSeekBarProgress isAutoMode:true current brightness:0 percentage:NaN
12-17 19:33:02.172  1795 15987 D PowerManagerService: ready=false,policy=0,wakefulness=0,wksummary=0x11,uasummary=0x0,bootcompleted=true,boostinprogress=false,waitmodeenable=false,mode=true,manual=33,auto=-1,adj=0.0userId=0
12-17 19:33:02.431  3626  3626 I HourObserver: left handleScrnOnOffTimeStats, mScrnOffAccTime = 1796592, mScrnOffAccTime = 1796592, mScrnOnAccTime = 121421
12-17 19:33:02.696  3626  3626 I iMonitor: create: 903001010
12-17 19:33:03.524  2852  2852 V KeyguardUpdateMonitor: FingerStat Visible: false; Interactive: true; Switching: false; Bouncer:false; GoingToSleep: false Occluded: false; dreaming: false; Authenticated: false
12-17 19:33:03.536  1795  1795 I AlarmManager: remove(null) changed bounds; rebatching
12-17 19:33:03.562  2852  2852 W StatusBarWindowManager: Apply window Height 72
12-17 19:33:03.582  1046  9753 V msm8916_platform: platform_set_parameters: enter: - screen_state=on
12-17 19:33:03.591  2852  2852 I HwLockScreenReporter: report msg is :{picture: Deepwater-05-2.3.001-bigpicture_05_8.jpg}
12-17 19:33:03.592  2852  2852 I ToggleSlider:  mSeekListener onProgressChanged progress:2167 fromUser:false
12-17 19:33:03.657  3180  4303 I AwareLog: MemoryRecoveryDMEPlugin: reportScene typeId = 2002
12-17 19:33:03.692  2852  2852 D StatusBar: No peeking: unimportant notification: 0|com.huawei.health|10010|null|10099
12-17 19:33:03.714  3608  3608 D InCall  : ProximitySensor - Turning on proximity sensor
12-17 19:33:03.722 31949 31967 I PushService: main{1} PushService.onStartCommand(PushService.java:87) Push Service Start by  userEvent
12-17 19:33:03.945  3608  3608 E WindowManagerEx: ret: 0
12-17 19:33:04.177  1795  2750 D SurfaceControl: Excessive delay in setPowerMode(): 212ms
12-17 19:33:04.209  1795  1795 I qti_sensors_hal: batch:sensor(android.sensor.accelerometer) handle:0 flags:0x0 period_ns 200000000
12-17 19:33:04.212  3608  3608 I InCall  : InCallPresenter - updateStatusBar: state = 0x0
12-17 19:33:04.294  1795  2326 W FingerprintService: client com.android.systemui is authenticating...
12-17 19:33:04.436  2852  2852 I ActivatableNotificationView: setOverlap mOverlap:true, mDimmed:false
12-17 19:33:05.372  1795  1795 V HwNotificationManagerService: isHwVibrateAllow pkg=com.tencent.mm, userId=0, cfg=3
12-17 19:33:05.489  3858  4126 I amsnl   : m2: false, m3: false
12-17 19:33:05.491  2852  2852 I StackScrollAlgorithm: updateDimmedActivatedHideSensitive overlap:true
12-17 19:33:06.165  3879  4071 I HwLauncher: Launcher.LauncherProvider  queried count: 1
12-17 19:33:10.212  1795  1825 I WindowManger_keyguard: onScreenTurnedOff()
12-17 19:33:10.242  2852  2866 D KeyguardService: Caller checkPermission fail
12-17 19:33:10.553  2852  2852 I BarTransitions.HwPhoneStatusBarView: transitionTo: mode=MODE_TRANSLUCENT, animate=false
12-17 19:33:10.558  3608  3608 D InCall  : InCallPresenter - notifyVideoPauseController
12-17 19:33:10.580   606  2379 E libteec : send data return = 128
12-17 19:33:10.682  3218 13114 E HW-JPEG-DEC: [HME_JPEG_DEC_Delete](3298): HME_JPEG_DEC_Delete: decoder_ctx=null
12-17 19:33:10.729  1795  1795 V NotificationService: disableEffects=null canInterrupt=false once update: false
12-17 19:33:10.790  1795  1825 I PowerManager_screenOn: DisplayPowerController updatePowerState mPendingRequestLocked=policy=BRIGHT, useProximitySensor=true, useProximitySensorbyPhone=true, screenBrightness=33, screenAutoBrightnessAdjustment=0.0, brightnessSetByUser=true, useAutoBrightness=true, blockScreenOn=false, lowPowerMode=false, boostScreenBrightness=false, dozeScreenBrightness=-1, dozeScreenState=UNKNOWN, useTwilight=false, useSmartBacklight=true, brightnessWaitMode=false, brightnessWaitRet=true, screenAutoBrightness=-1, userId=0
12-17 19:33:10.846  1795  2750 I HwLightsService: back light level before map = 0
12-17 19:33:11.030  5215  5215 D wpa_supplicant: IEs - hexdump(len=193): 00 0e 77 6c 61 6e 61 63 63 65 73 73 76 32 2e 30 01 08 82 84 0b 16 0c 12 18 24 03 01 01 05 04 00 ...
12-17 19:33:11.032  5215  5215 D wpa_supplicant: IEs - hexdump(len=193): 00 0e 77 6c 61 6e 61 63 63 65 73 73 76 32 2e 30 01 08 82 84 0b 16 0c 12 18 24 03 01 0d 05 04 00 ...
12-17 19:33:11.033  5215  5215 D wpa_supplicant: CTRL-DEBUG: ctrl_sock-sendmsg: sock=16 sndbuf=229376 outq=0 send_len=44
12-17 19:33:11.034  5215  5215 D wpa_supplicant: wlan0: BSS: Remove id 447 BSSID 80:38:bc:0a:f1:e1 SSID 'Huawei-Employee' due to no match in scan
12-17 19:33:11.034  5215  5215 D wpa_supplicant: Add randomness: count=862 entropy=465
12-17 19:33:11.038  5215  5215 D wpa_supplicant: wlan0: Control interface command 'BSS RANGE=0- MASK=0x3029d87'
12-17 19:33:11.050  5215  5215 E wpa_supplicant: bssid=80:38:bc:0a:f0:c1;freq=2452;level=-95;flags=11;ssid=Huawei-Employee;
12-17 19:33:11.059  5215  5215 E wpa_supplicant: bssid=80:38:bc:0b:34:a1;freq=2472;level=-86;flags=11;ssid=Huawei-Employee;
12-17 19:33:11.100  1795 11747 I qti_sensors_hal: 0xcd, 0xb0, 0x24, 0x3e
12-17 19:33:11.177  2852  2852 I HwPhoneStatusBar: updateNotificationShade
12-17 19:33:11.178  2852  2852 I PhoneStatusBar: updateNotificationShade
12-17 19:33:11.266  3168  3168 I CHR_TelStatusListenr1: [Timer serviceState:1 simReady:false] suspend
12-17 19:33:11.411  2852  2852 I BackgrounCallingLayout: mCallingStatusReceiver:onReceive::action=InCallScreenIsForegroundActivity, isForegroundActivity=false, mPhoneState=2
12-17 19:33:11.425  2852  2852 I PanelView: instantCollapse
12-17 19:33:11.618  7741  7741 D Mms_TX_NOTIFY: Get no-perm notification callback android.intent.action.SCREEN_OFF
12-17 19:33:13.167  2852  2852 I NotificationGroupManager: onEntryAdded:0|com.huawei.health|10010|null|10099, group=0|com.huawei.health|10010|null|10099
12-17 19:33:13.367  1795  1795 D Sensors : pa2240-proximity calling driver setDelay 20 ms
12-17 19:33:13.379  1795  1825 D PowerManagerService: ready=false,policy=3,wakefulness=1,wksummary=0x10,uasummary=0x1,bootcompleted=true,boostinprogress=false,waitmodeenable=false,mode=true,manual=33,auto=-1,adj=0.0userId=0
12-17 19:33:13.416   835  2385 E libteec : begin
12-17 19:33:13.437  1795  1825 I WindowManger_keyguard: Setting mDismissKeyguard true by win Window{e6a6b5e u0 com.android.incallui/com.android.incallui.InCallActivity}
12-17 19:33:13.532  3608  3608 D InCall  : InCallActivity - doOrientationChanged prevOrientation=1 newOrientation=1
12-17 19:33:13.563  3218  3422 W PhoneInterfaceManager: shouldBlockLocation running ...
12-17 19:33:13.763  2852  2852 I HwNavigationBarTransitions: restoreBackgroundColor:new=0, old=0
12-17 19:33:13.838  2883  2996 I HwSystemManager: ExtraTrafficSetting:result is empty
12-17 19:33:13.883  3626  3626 I HourObserver: left handleScrnOnOffTimeStats, mScrnOffAccTime = 1806075, mScrnOffAccTime = 1806075, mScrnOnAccTime = 123389
12-17 19:33:13.960  1795  1795 D DeviceIdleController: scheduleLightAlarmLocked(300000)
12-17 19:33:13.985 31949 31967 I eSpaceService: WatchThread{4786} TcpCirChannel.shutdown(TcpCirChannel.java:257) Login_By_Step-> shut down now connect
12-17 19:33:13.998  1795 17832 E qti_sensors_hal: read from oem info: x_offset=0.160831, y_offset=0.184366, z_offset=0.985027
12-17 19:33:14.314  1795  6985 D PowerManagerService: Releasing suspend blocker "PowerManagerService.WakeLocks".
12-17 19:33:14.372  3626  3626 E PTM.FileNodeInfo: getTempInfo error: null, 0
12-17 19:33:14.383  1795  5350 I MQoS    : skip-low-Level:0(0),DataDisable;use level-0
12-17 19:33:42.230   606  2379 E libteec : receive data len = 128
12-17 19:33:42.259  1795  1825 W LightSensor: LightSensor, enable, 285: mEnabled=0
12-17 19:33:42.262  1795  1825 D AutomaticBrightnessController: mAmbientLuxValid= false,sensor is not ready
12-17 19:33:42.262  1795  1825 D HwNormalizedAutomaticBrightnessController: mWakeupFromSleep= true,currentTime=123084815,mLightSensorEnableTime=123084811
12-17 19:33:42.282  5215  5215 D wpa_supplicant: wlan0: Starting AP scan for wildcard SSID
12-17 19:33:42.434  1795  1825 D HwNormalizedSpline: interpolate:mPosBrightness=0.0lux=44.0,mIsReboot=true,mIsUserChange=false,mDelta=0.0
12-17 19:33:42.547  1795  1821 I ActivityManager_activity: windowsGone(): ActivityRecord{b46dc67 u0 com.android.incallui/.InCallActivity t310}
12-17 19:33:42.554  1795 17831 D PowerManagerService: ready=false,policy=3,wakefulness=1,wksummary=0x11,uasummary=0x1,bootcompleted=true,boostinprogress=false,waitmodeenable=false,mode=true,manual=33,auto=-1,adj=0.0userId=0
12-17 19:33:42.632  5224  5283 I SendBroadcastPermission: action:android.com.huawei.bone.NOTIFY_SPORT_DATA, mPermissionType:0
12-17 19:33:42.670 16628 16628 I TotemWeather: RetryTaskController:mTaskList is null
12-17 19:33:42.748 31949 31967 I TCP     : tcp.recv{4790} TcpClientThread.onReceiverWork(TcpClientThread.java:314) disconnected
12-17 19:33:42.750  5215  5215 D wpa_supplicant: CTRL_IFACE monitor sent successfully to /data/misc/wifi/sockets/wpa_ctrl_1795-194\x00
12-17 19:33:42.785  1795  2371 E LightSensor: read Events lux: 60.0
12-17 19:33:42.795 31949 31967 I TCP     : tcp.recv{4790} TcpClientThread.onReceiverWork(TcpClientThread.java:307) get tcp message 659
12-17 19:33:42.795  5215  5215 D wpa_supplicant: wlan0: Control interface command 'BSS RANGE=513- MASK=0x3029d87'
12-17 19:33:43.301  1795  1795 D HwInputMethodManagerService: hideSecSoftInput = false
12-17 19:33:43.323  1795 17832 I qti_sensors_hal: batch,376,handle 0, timeout:0 ,period_ns:200000000
12-17 19:33:43.332   606  2379 E libteec : receive data len = 128
12-17 19:33:43.372   835  2385 E libteec : begin
12-17 19:33:43.385  1795  2671 D WifiStateMachine:  DriverStartedState CMD_SET_SUSPEND_OPT_ENABLED  rt=123085937/442959748 1 0
12-17 19:33:43.390  1795  1795 I Sensor  : updateLightsLocked --> mBatteryLight.turnOff
12-17 19:33:43.514  2852  2852 I NotificationContentView: transferRemoteInputFocus: 0
12-17 19:33:43.890  1795  1795 I TrafficMonitor: start expired. level:-1
12-17 19:34:55.853  1795  6988 I WindowManger_keyguard: Setting mDismissKeyguard true by win Window{e6a6b5e u0 com.android.incallui/com.android.incallui.InCallActivity}
12-17 19:34:55.887   606  2379 E libteec : send data return = 128
12-17 19:34:55.930  1795  2671 D WifiStateMachine:  DriverStartedState CMD_SCREEN_STATE_CHANGED  rt=123093547/443032293 1 0
12-17 19:34:55.932  1795  1795 D HwConnectivityService: mIntentReceiver begin
12-17 19:34:56.094  1795  1825 D AutomaticBrightnessController: updateAutoBrightness: mScreenAutoBrightness=43, newScreenAutoBrightness=44
12-17 19:34:56.142   832   832 E Parcel  : Reading a NULL string not supported here.
12-17 19:34:56.234  3218  3218 V Telephony: TelephonyConferenceController: recalculateConferenceable : 1
12-17 19:34:56.273  3608  3608 D InCall  : InCallPresenter - Notify com.android.incallui.CallButtonPresenter@f67e3ef of state INCALL
12-17 19:34:56.288  3608  3608 D InCall  : InCallActivity - showCurrentOperatorInfo
12-17 19:34:56.300   835  2386 D fpc_fingerprint_hal: ldh run_socket_server() str=0
12-17 19:34:56.383  1046  1046 V APM_AudioPolicyManager: setBeaconMute(1) mBeaconMuteRefCount=1 mBeaconPlayingRefCount=0
12-17 19:34:56.393  5215  5215 D wpa_supplicant: 80:38:bc:08:42:e1 freq=2472 qual=0 noise=-89~ level=-43 snr=46* flags=0xb age=30 est=65000
12-17 19:34:56.394  5215  5215 D wpa_supplicant: wlan0: BSS: Remove id 491 BSSID 80:38:bc:0a:f0:20 SSID 'wlanaccessv2.0' due to no match in scan
12-17 19:34:56.404  5215  5215 E wpa_supplicant: bssid=80:38:bc:08:42:e1;freq=2472;level=-43;flags=11;ssid=Huawei-Employee;
12-17 19:34:56.404  5215  5215 E wpa_supplicant: bssid=80:38:bc:0a:f9:21;freq=2472;level=-78;flags=11;ssid=Huawei-Employee;
12-17 19:34:56.420  5215  5215 D wpa_supplicant: CTRL-DEBUG: global_ctrl_sock-sendto: sock=16 sndbuf=229376 outq=0 send_len=3676
12-17 19:34:56.702  1046  1124 I AudioMixer: Pid:1046 deleteTrackName(1)
12-17 19:34:56.712  1046  9753 D voice_extn: update_calls: cur_state=1 new_state=1 vsid=10803000
12-17 19:34:56.737  1795  1795 D HwCHRWifiCellID: 0 1 voice home data home 中国移动 中国移动 46000 中国移动 中国移动 46000  GSM Unknown CSS not supported -1 -1 RoamInd=-1 DefRoamInd=-1 EmergOnly=false IsDataRoamingFromRegistration=false
12-17 19:34:56.744  2852  3556 I HwNetworkControllerImpl: onReceive: action = android.intent.action.SERVICE_STATE
12-17 19:34:56.776  3218  3218 D HwCustPhoneGlobalsImpl: full network is true old serivce state is 0 new service state is 0 subid is 0 hasNotification is false
12-17 19:34:56.813  1046  1125 V msm8916_platform: platform_send_audio_calibration: sending audio calibration for snd_device(1) acdb_id(7)
12-17 19:34:57.589  1795  1821 I ActivityManager_activity: windowsGone(): ActivityRecord{b46dc67 u0 com.android.incallui/.InCallActivity t310}
12-17 19:34:57.590  2852  3556 I NetworkController.MobileSignalController(0): onSignalStrengthsChanged signalStrength=SignalStrength: -1 0 -1 255 -1 255 -1 255 255 31 -67 -7 14 2147483647 2147483647 false gw|lte level=5 isSuspend=false levelOld=5,mSignalStrength level=5
12-17 19:34:57.644  3218  3218 W CfgFilePolicy: No config file found for:xml/VirtualNet_cust.xml
12-17 19:34:57.702  1795  2736 E hwintelligencewifi: getCurrentCellid type type = PHONE_TYPE_GSM
12-17 19:34:57.719  3466  3466 I Contacts: DialpadFragment mBroadcastReceiver action:huawei.intent.action.IMS_SERVICE_STATE_CHANGED
12-17 19:34:57.724  2852  2852 I HwSignalClusterView: getOrInflateState subId:0
12-17 19:34:57.872  3168  3168 I CHR_ChrCallService: CHR Info, handleMessage, Error, INVALID FaultID.
12-17 19:34:57.903  3858  4126 I amsnl   : m1: false
12-17 19:34:57.940  1795 11746 W ActivityManager: getRunningAppProcesses: caller 10009 does not hold REAL_GET_TASKS; limiting output
12-17 19:34:58.636  1795  2778 D PowerManagerService: ready=true,policy=3,wakefulness=1,wksummary=0x1,uasummary=0x1,bootcompleted=true,boostinprogress=false,waitmodeenable=false,mode=true,manual=33,auto=-1,adj=0.0userId=0
12-17 19:34:58.729  3879  4160 I Adreno  : OpenGL ES Shader Compiler Version: XE031.09.00.03
12-17 19:34:58.746  1795  2380 D KeyEvent: obtain, mHwFlags=1874117200
12-17 19:34:58.747  1795  2380 I TransactionSponsor: Transact:getHwAdminCachedValue to device policy manager service.
12-17 19:34:58.749  3218  7071 W PhoneInterfaceManager: shouldBlockLocation running ...
12-17 19:34:58.818  1795  1805 D ActivityManager: Skipping, home stack task: TaskRecord{37babfb #297 A=com.huawei.android.launcher U=0 StackId=0 sz=1}
12-17 19:34:58.873  4690  4690 I SendBroadcastPermission: action:com.baidu.input.entry.launcer, mPermissionType:0
12-17 19:34:58.918 20602 20602 D baidu_location_service: baidu location service stop ...
12-17 19:34:58.934  2852  2852 I SignalClusterView: mWifiVisible is:truemWifiStrengthId is:2130839427mWifiDescription is:WLAN 信号强度满格。
12-17 19:34:59.675  3879  4071 I HwLauncher: WeatherDynamicUpdater receiver data is int[] = [0, 0, 96, 192, 96, 192, 96, 192] ; stringArray[] = [sunny, num1, num7, tempc] ; dynamic_gravity = center
12-17 19:35:00.158  1795 11745 I WindowManger_windowChange: oldFocusWindow: Window{773320 u0 com.huawei.android.launcher/com.huawei.android.launcher.unihome.UniHomeLauncher}, currentFocusWindow: null, currentFocusApp: AppWindowToken{b6efcd1 token=Token{a978b5b ActivityRecord{5f12a6a u0 com.tencent.mm/.ui.LauncherUI t383}}}
12-17 19:35:00.173   533  3739 E ANDR-PERF-MPCTL: Invalid profile no. 0, total profiles 0 only
12-17 19:35:00.261  1795  2778 I WindowManger_windowChange: oldFocusWindow: null, currentFocusWindow: Window{4e22340 u0 com.tencent.mm/com.tencent.mm.ui.LauncherUI}, currentFocusApp: AppWindowToken{b6efcd1 token=Token{a978b5b ActivityRecord{5f12a6a u0 com.tencent.mm/.ui.LauncherUI t383}}}
12-17 19:35:00.271  2852  2852 D TintTextView: #B3FFFFFF com.android.systemui.tint.TintTextView{280af00 V.ED..... ......ID 0,0-0,0 #7f1403e3 app:id/speed}
12-17 19:35:01.008  5224  5283 I Step_SharedPerferenceUtils: 20002302| getTodayTotalDetailSteps from Prefence success and todaySendorSteps= 1481974380000##4236##172189##0##0##443032537
12-17 19:35:01.106  1795  1795 V AlarmManager: Received TIME_TICK alarm; rescheduling
12-17 19:35:01.111  2852  2852 I HwDateUtils:  formatChinaDateTime equals.
12-17 19:35:01.908  5224  5283 I Step_DataCache: 20002302|getTodayTotalSteps 4239
12-17 19:35:02.777  4492  4492 V AudioManager: querySoundEffectsEnabled...
12-17 19:35:04.146  3879  4071 W CfgFilePolicy: CFG_DIRS length : 9
12-17 19:35:04.173  3879  3879 I HwLauncher: Launcher.Folder childCount: 6
12-17 19:35:04.515  1795  2748 D lux trace:: [179.0/123097994, 112.0/123098347, 32.0/123098702, 23.0/123099056, 24.0/123099418, 28.0/123099771, 34.0/123100128, 45.0/123100481, 70.0/123100834, 72.0/123101211, 49.0/123101580, 28.0/123101937]
12-17 19:35:09.347  1795  2750 D HW_DISPLAY_EFFECT: presently, hw_update_color_temp_for_rg_led interface not achieved.
12-17 19:35:09.754  2852  2925 I EventCenter: ContentChange for slot: 1
12-17 19:35:09.844  1795  1795 I TrafficMonitor: expired arrive. level:-1
12-17 19:35:09.981  1795  2750 D HW_DISPLAY_EFFECT: presently, hw_update_color_temp_for_rg_led interface not achieved.
12-17 19:35:09.998  5224  5283 I Step_DataCache: 20002302|getTodayTotalSteps 4249
12-17 19:35:10.401  2852  2852 I HwBrightnessUtils: APS brightness=30.0,ConvertToPercentage=0.28375545
12-17 19:35:10.734  2852  2852 I ToggleSlider:  mSeekListener onProgressChanged progress:2586 fromUser:false
12-17 19:35:11.374  2852  2925 I EventCenter: ContentChange for slot: 1
12-17 19:35:11.861  5224  5283 I Step_DataCache: 20002302|getTodayTotalSteps 4252
12-17 19:35:12.482  1795  1795 D WifiProJNI: send_cmd_kernel: cmd=1
12-17 19:35:13.734  1795  2371 E LightSensor: read Events lux: 12.0
12-17 19:35:15.299  1795  2665 D NetdConnector: RCV <- {200 11633 Firewall command succeeded}
12-17 19:35:15.660  1795  2750 D HW_DISPLAY_EFFECT: presently, hw_update_color_temp_for_rg_led interface not achieved.
12-17 19:35:16.405  1795  2728 D HwArpVerifier: mAccessWebStatus : rx = 2, tx = 1
12-17 19:35:16.487  5215  5215 D wpa_supplicant: nl80211: Associated on 2452 MHz
12-17 19:35:16.488  5215  5215 D wpa_supplicant: 80:38:bc:0a:f1:40 freq=2412 qual=0 noise=-89~ level=-68 snr=21 flags=0xb age=0 est=54000
12-17 19:35:16.499  5215  5215 D wpa_supplicant: CTRL-DEBUG: ctrl_sock-sendmsg: sock=16 sndbuf=229376 outq=0 send_len=44
