12-17 19:40:30.725  2852  2852 I SignalClusterView: mWifiVisible is:truemWifiStrengthId is:2130839427mWifiDescription is:WLAN 信号强度满格。
12-17 19:40:30.728  2852  2852 I SignalClusterView: mWifiVisible is:truemWifiStrengthId is:2130839427mWifiDescription is:WLAN 信号强度满格。
12-17 19:40:31.012  2852  3328 I KeyguardViewMediator: onStartedGoingToSleep(2) Lock : true reset: false
12-17 19:40:31.058  1795  2326 W HwFingerprintService: framework setLivenessSwitch is ok ---end
12-17 19:40:31.107  1795  1825 I PowerManager_screenOn: DisplayPowerStatesetColorFadeLevel: level=0.5936906
12-17 19:40:31.161  2852  2852 I BitmapUtils: 	at com.huawei.keyguard.util.BitmapUtils.getColorInfo(BitmapUtils.java:742)
12-17 19:40:31.503  1795  1795 I Sensor  : updateLightsLocked --> level:78, status:3
12-17 19:40:31.503  1795  1795 I Sensor  : updateLightsLocked --> mBatteryLight.turnOff
12-17 19:40:31.599  2852  2852 D TimeKeeper: getTimeTickInfo:[mMillisUntilFinished:0, mHour:0, mMinute:0, mSecond:0]
12-17 19:40:31.887  2852  2852 I StackScrollAlgorithm: updateDimmedActivatedHideSensitive overlap:false
12-17 19:41:30.538  1795  2323 E UsbDeviceManager: 	at java.io.FileInputStream.open(Native Method)
12-17 19:41:30.560  1795  1795 D WifiService: onReceive, action:android.intent.action.BATTERY_CHANGED
12-17 19:42:05.451  1795  2323 E UsbDeviceManager: 	at android.os.UEventObserver$UEventThread.sendEvent(UEventObserver.java:210)
12-17 19:42:05.452  1795  2323 E UsbDeviceManager: 	at android.os.FileUtils.readTextFile(FileUtils.java:267)
12-17 19:42:05.468 32607 32607 I BetaClub: [StoreProgressUtils.startTask]start upload task success
12-17 19:42:05.487  3180  3578 I ash     : com.tencent.mm { running duration=101825 } transition to: doze reason:
12-17 19:42:08.252  1795  2323 E UsbDeviceManager: 	at java.io.FileInputStream.open(Native Method)
12-17 19:42:24.306 20894 20910 D UploadFile: key:deviceType value:MLA-AL00
12-17 19:42:24.325 20894 20910 D UploadFile: key:logType value:1
12-17 19:42:24.435 20894 20910 I ChinaUploader: actionUrl:http://118.194.62.168/dlv2/psrv01/hwdevlogbeta/1/2016/12/17/19/311c0568-9640-4e62-aa1d-e128f37cfb3d.zip?resume
12-17 19:42:24.572 20894 20910 I ChinaUploader: source: PUT&%2Fdlv2%2Fpsrv01%2Fhwdevlogbeta%2F1%2F2016%2F12%2F17%2F19%2F311c0568-9640-4e62-aa1d-e128f37cfb3d.zip%3Fresume&nsp-callback%3Dhttp%3A%2F%2Flogservice.vmall.com%2Fosg%2FlogServerAction%21uf.htm%3FlsId%3D1481974942524130501%26st%3D8wYDXBHvqwtRIMPzaak0xm8vajH2LtMrgAgGZBSx8Uw%253D%26dsKey%3D3%26tblName%3D17%26nsp-callback-status%3D200%26nsp-file-md5%3Dce3ba8e9487367f0a3559157d1018385%26nsp-file-size%3D6476143%26nsp-ts%3D1481974942; token:4e364b730cb4de4a553596b3b7ef800337900bb1
12-17 19:42:26.335   633 31868 I SDK     : <2016-12-17 19:42:26> [NOTICE] SDK: UE-SeC 2016-12-17 19:42:26:335 Level[NOTICE] magic[3365677344 863]:Process close request msg ok!
12-17 19:42:27.394   633 31869 E SDK     : <2016-12-17 19:42:27> [ERR] SDK: UE-SeC 2016-12-17 19:42:27:394 Level[ERR] magic[3367250208 2893]:engine 0, id = "gmt", name = "GMT engine support"
12-17 19:42:27.445   633 31869 I SDK     : <2016-12-17 19:42:27> [NOTICE] SDK: UE-SeC 2016-12-17 19:42:27:445 Level[NOTICE] magic[3367250208 4610]:Send Register Tunnel Request MSG !
12-17 19:42:27.922   633 31875 I SDK     : 
12-17 19:42:28.081 20894 20910 I ChinaUploader: completeRange[0,4095999]
12-17 19:42:44.494  1795  1795 I MQoS    : received cell-signal:5
12-17 19:42:44.506  3168  3307 I iMonitor: send: 904000000
12-17 19:42:44.513  3218  3218 I QImsService: ImsServiceSub : Call Type 3has num updates = 1
12-17 19:42:44.514  3218  3218 I QImsService: ImsServiceClassTracker : updateFeatureCapabilities video false voice false
12-17 19:42:44.546  3218  3218 D ImsViceParser: getCallPullInfo mDialogIds null
12-17 19:42:44.551  2852  2914 I HwMobileSignalController: subId:0 phoneType:1 networktype:13 targetClass:3 masterLevel:5 slaveLevel:-1
12-17 19:42:44.946  2852  2914 I HwMobileSignalController: subId:0 phoneType:1 networktype:13 targetClass:3 masterLevel:5 slaveLevel:-1
12-17 19:42:44.961   817  1099 D QC-time-services: Lib:time_genoff_operation: Send to server  passed!!
12-17 19:42:44.968  1795  3110 D PowerManagerService: acquire lock=15081967, flags=0x1, tag="RILJ_ACK_WL", name=com.android.phone, ws=null, uid=1001, pid=3218
12-17 19:42:45.531  1795  1808 I ActivityManager_broadcast: dispatch ordered broadcast [background] BroadcastRecord{e1cee0b u0 com.huawei.lcagent.UPLOAD_RESULT}, has 1 receivers
12-17 19:42:46.224  2852  2852 D HwMobileSignalController: getTypeIcon type:3
12-17 19:42:46.225  3382  3399 D QcrilMsgTunnelSocket: Broadcasting intent ACTION_RAC_CHANGED
12-17 19:42:46.303  1795  1795 I TrafficMonitor: update:rxPkts:649,txPkts:1232,rxBytes:34167,txBytes:1719095
12-17 19:42:54.718  1795  1795 D HuaweiWifiWatchdogStateMachine: speed: rxpkt:649, rxSpd:17066B/s, txpkt:1232, txSpd:858688
12-17 19:42:54.720  1795  2323 E UsbDeviceManager: 	at java.io.FileInputStream.<init>(FileInputStream.java:146)
12-17 19:42:54.740  3382  3399 I SendBroadcastPermission: action:qualcomm.intent.action.ACTION_RAC_CHANGED, mPermissionType:0
12-17 19:43:01.583  1795  6988 D PowerManagerService: ready=true,policy=0,wakefulness=0,wksummary=0x1,uasummary=0x0,bootcompleted=true,boostinprogress=false,waitmodeenable=false,mode=true,manual=33,auto=-1,adj=0.0userId=0
12-17 19:43:15.859  1795  2323 E UsbDeviceManager: 	at com.android.server.usb.UsbDeviceManager$2.onUEvent(UsbDeviceManager.java:328)
12-17 19:44:55.950   802   802 E Thermal-daemon: Report temperature: [ap] temp :27  report_threshold:1
12-17 19:44:57.251  3858  4126 I amsnl   : csr
12-17 19:45:27.765  3626  3626 E PTM.FileNodeInfo: getTempInfo error: null, 0
12-17 19:47:16.288  1795  2376 I AlarmManager: sending alarm Alarm{f8479e8 type 2 when 443769897 android},repeatInterval = 0,listenerTag =WifiConnectivityManager Schedule Watchdog Timer
12-17 19:47:16.460  1795  2665 D NetdConnector: RCV <- {200 11651 Firewall command succeeded}
12-17 19:47:16.485   633 31870 I SDK     : 
12-17 19:47:16.498   633 31870 I SDK     : 
12-17 19:48:16.289   633 31870 I SDK     : <2016-12-17 19:48:16> [WARN] SDK: UE-SeC 2016-12-17 19:48:16:289 Level[WARN] magic[3362781472 684]:PubEvt_Close Getting a socket[155] from the Socket-table Failed!
12-17 19:48:16.325   633 31870 I SDK     : <2016-12-17 19:48:16> [WARN] SDK: UE-SeC 2016-12-17 19:48:16:325 Level[WARN] magic[3362781472 684]:PubEvt_Close Getting a socket[185] from the Socket-table Failed!
12-17 19:48:16.327   633 31870 I SDK     : <2016-12-17 19:48:16> [WARN] SDK: UE-SeC 2016-12-17 19:48:16:327 Level[WARN] magic[3362781472 684]:PubEvt_Close Getting a socket[196] from the Socket-table Failed!
12-17 19:48:16.336   633 31870 I SDK     : 
12-17 19:50:31.209  5224  5283 I Step_LSC: 20002302|REPORT : 4257 91131 3039 0
12-17 19:51:04.454  1795  1819 D NetworkManagement: notifyInterfaceClassActivity: client is android.net.ip.IpManager$2@4c99c84
12-17 19:52:46.128  1795  1807 D DeviceIdleController: handleMessage(4)
12-17 19:52:46.147   597   597 I rmt_storage: rmt_storage_disconnect_cb: clnt_h=0x129 conn_h=0x7f8862a370
12-17 19:54:27.362  1795  1795 D WifiService: onReceive, action:android.intent.action.BATTERY_CHANGED
12-17 19:54:27.362  2852  2852 W AppHandler: sendMessage with obj100
12-17 19:54:27.365  1795  2323 E UsbDeviceManager: 	at java.io.FileInputStream.open(Native Method)
12-17 19:54:27.367  3626  3626 E PTM.FileNodeInfo: getTempInfo error: null, 0
12-17 19:54:27.405  3626  3626 E PTM.FileNodeInfo: getTempInfo error: null, 0
12-17 19:54:27.842  1795  1819 D NetworkManagement: notifyInterfaceClassActivity: client is android.net.INetworkManagementEventObserver$Stub$Proxy@c0acf8b
12-17 19:54:27.872  1795 17832 I AlarmManager: set(PendingIntent{cf59cfe: PendingIntentRecord{3c38496 android broadcastIntent}}) : type=0 triggerAtTime=1481976237872 win=0 tElapsed=444774236 maxElapsed=444774236 interval=0 flags=0x9
12-17 19:55:46.063  1795  2323 E UsbDeviceManager: 	at android.os.UEventObserver$UEventThread.sendEvent(UEventObserver.java:210)
12-17 19:55:46.776  1795 20747 D PowerManagerService: ready=false,policy=3,wakefulness=1,wksummary=0x1,uasummary=0x1,bootcompleted=true,boostinprogress=false,waitmodeenable=true,mode=true,manual=33,auto=-1,adj=0.0userId=0
12-17 19:55:46.942  2852  2852 W StatusBarWindowManager: Apply window without WALLPAPER
12-17 19:55:46.956  2852  2852 W HwKeyguardPolicy: KGSvcCall updateKeyguardState 0->0; false false
12-17 19:55:46.970 17709 21067 D IntelligentIntentService: eventAction :class com.huawei.intelligent.main.receiver.action.ActionBarPullDownAction
12-17 19:55:46.984  2852  2852 I StackScrollAlgorithm: updateClipping isOverlap:true
12-17 19:55:47.104   835  2385 E libteec : begin
12-17 19:55:47.127  1795  2680 I AlarmManager: set(null) : type=2 triggerAtTime=444298484 win=11249 tElapsed=444298484 maxElapsed=444309733 interval=0 flags=0x8
12-17 19:55:47.239  1795  1825 D AutomaticBrightnessController: ambient lux=97.0,timeStamp =444283602624000
12-17 19:55:47.241  1795 15982 I GnssLocationProvider: stopNavigating, mStarted=false
12-17 19:55:47.570  5215  5215 D wpa_supplicant: CTRL-DEBUG: ctrl_sock-sendmsg: sock=16 sndbuf=229376 outq=2304 send_len=42
12-17 19:55:47.959  1795  3139 D ActivityManager: ActivityManagerService,attachApplication,callingPid = 21081
12-17 19:55:48.139 21081 21081 D AndroidCommon: [SdcardManager.isMounted]Mounted:/storage/emulated/0:true
12-17 19:55:48.161 21081 21081 D BetaClub_LogUpload: [LogUploadService.resumeUpload]
12-17 19:55:48.217  1795  2728 D hw_netstat: total/6829/6839,com.huawei.espacev2/3780/3402,com.tencent.mm/2603/3255,unknown:0/323/59,android.uid.system:1000/123/123
12-17 19:55:48.382   633 31868 E SDK     : <2016-12-17 19:55:48> [ERR] SDK: UE-SeC 2016-12-17 19:55:48:382 Level[ERR] magic[3365677344 436]:libcSeekFile => fseek[22]:[-64][0][EA60400C]
12-17 19:55:48.384   633 31868 I SDK     : 
12-17 19:55:48.402   633 21104 I SDK     : <2016-12-17 19:55:48> [NOTICE] SDK: UE-SeC 2016-12-17 19:55:48:402 Level[NOTICE] magic[2517518624 6458]:FSM_Tool_TreatFolderEncEx => [START]: pcFileName [anyofficeuserorgcode] 
12-17 19:55:48.417   633 21104 I SDK     : 
12-17 19:55:48.419   633 21104 I SDK     : <2016-12-17 19:55:48> [NOTICE] SDK: UE-SeC 2016-12-17 19:55:48:419 Level[NOTICE] magic[2517518624 1541]:FSM_Tool_Tree_Enc_Path =>Access [/mnt/sdcard/sandbox/AnyOfficeSDK/sdk/QDJ7lEGuRlJb2r2mqrSExBTDjN4QhUgEPVptBL0HnX4=] real path  ok 
12-17 19:55:48.637   633   692 I TCP     : tcp.recv{4488} TcpClientThread.onReceiverWork(TcpClientThread.java:307) get tcp message 44
12-17 19:55:49.257  3879 21112 W HwLauncher: Launcher.MotionManager stopMotionAppsReco service flg 403 is unavailable
12-17 19:55:49.294  1795  2748 D HwAmbientLuxFilterAlgo: earliestValidTime + POWER_ON_BRIGHTENING_LIGHT_DEBOUNCE
12-17 19:55:49.380  2852  2852 D HwRecentsLockUtils: search
12-17 19:55:49.399  2852  2852 I PhoneStatusBar: setSystemUiVisibility vis=8708 mask=ffffffff oldVal=80000708 newVal=8708 diff=80008000
12-17 19:55:49.401  1795 17831 I HwActivityManagerService: Split enqueueing broadcast [callerApp]:ProcessRecord{5299443 4690:com.baidu.input_huawei/u0a74}
12-17 19:55:52.001  5215  5215 D wpa_supplicant: CTRL-DEBUG: global_ctrl_sock-sendto: sock=16 sndbuf=229376 outq=0 send_len=35
12-17 19:55:54.838  1795 15982 I SendBroadcastPermission: action:android.intent.action.SIG_STR, mPermissionType:0
12-17 19:55:55.611  1795  3225 W ActivityManager: getRunningAppProcesses: caller 10105 does not hold REAL_GET_TASKS; limiting output
12-17 19:55:56.219  1795  2671 V HwWifiServiceFactory: get AllImpl object = com.android.server.wifi.HwWifiServiceFactoryImpl@c332618
12-17 19:55:58.808  1795 15987 I HwActivityManagerService: Split enqueueing broadcast [callerApp]:ProcessRecord{580cfb2 5224:com.huawei.health:DaemonService/u0a99}
12-17 19:55:58.834  2852  2852 I NotificationGroupManager: onEntryUpdated:0|com.huawei.health|10010|null|10099
12-17 19:56:02.924  2852  2852 I HwBrightnessController: onChange selfChange:false uri.toString():content://settings/system/screen_auto_brightness mIsObserveAutoBrightnessChange:true
12-17 19:56:03.262  5215  5215 D wpa_supplicant: CTRL-DEBUG: global_ctrl_sock-sendto: sock=16 sndbuf=229376 outq=0 send_len=35
12-17 19:56:03.263  4492  4492 E HW-JPEG-DEC: [HME_JPEG_DEC_Delete](3298): HME_JPEG_DEC_Delete: decoder_ctx=null
12-17 19:56:03.267  1795  2750 D HW_DISPLAY_EFFECT: presently, hw_update_color_temp_for_rg_led interface not achieved.
12-17 19:56:03.638  1795  2376 D PowerManagerService: ready=true,policy=3,wakefulness=1,wksummary=0x1,uasummary=0x1,bootcompleted=true,boostinprogress=false,waitmodeenable=false,mode=true,manual=33,auto=-1,adj=0.0userId=0
12-17 19:56:03.748  1795  2750 D HW_DISPLAY_EFFECT: presently, hw_update_color_temp_for_rg_led interface not achieved.
12-17 19:56:03.751  2852  2852 I HwBrightnessUtils: APS brightness=29.0,ConvertToPercentage=0.2776395
12-17 19:56:03.897  1795  2750 D HW_DISPLAY_EFFECT: presently, hw_update_color_temp_for_rg_led interface not achieved.
12-17 19:56:04.165  2852  2852 I HwBrightnessUtils: APS brightness=24.0,ConvertToPercentage=0.24526884
12-17 19:56:04.560  1795  2750 D HW_DISPLAY_EFFECT: presently, hw_update_color_temp_for_rg_led interface not achieved.
12-17 19:56:04.973  1795  2750 D HW_DISPLAY_EFFECT: presently, hw_update_color_temp_for_rg_led interface not achieved.
12-17 19:56:05.146  2852  2852 D NetWorkUtils: mVSimCurCardType is -1
12-17 19:56:05.275  1795  2671 E WifiConfigManager: updateConfiguration freq=2452 BSSID=80:38:bc:08:42:c1 RSSI=-47 "Huawei-Employee"WPA_EAP
12-17 19:56:05.337  4492  4492 E HW-JPEG-DEC: [HME_JPEG_DEC_Delete](3298): HME_JPEG_DEC_Delete: decoder_ctx=null
12-17 19:56:07.276  5215  5215 D wpa_supplicant: random pool - hexdump(len=128): [REMOVED]
12-17 19:56:07.276  5215  5215 D wpa_supplicant: random_mix_pool - hexdump(len=5): [REMOVED]
12-17 19:56:07.291  5215  5215 E wpa_supplicant: bssid=80:38:bc:0b:29:61;freq=2412;level=-68;flags=11;ssid=Huawei-Employee;
12-17 19:56:07.985  5215  5215 D wpa_supplicant: wlan0: Control interface command 'PKTCNT_POLL'
12-17 19:56:11.311  1795  2671 D WifiHW  : wifi_send_command: cmd:'IFNAME=wlan0 SIGNAL_POLL'
12-17 19:56:15.990  1795  2671 V HwWifiServiceFactory: get AllImpl object = com.android.server.wifi.HwWifiServiceFactoryImpl@c332618
12-17 19:56:18.420  2852  2914 I HwMobileSignalController: updateSignalStrength: signalStrength=SignalStrength: -1 0 -1 255 -1 255 -1 255 255 29 -75 -6 298 2147483647 2147483647 false gw|lte
12-17 19:56:19.177  2852  2852 I SignalClusterView: mWifiVisible is:truemWifiStrengthId is:2130839427mWifiDescription is:WLAN 信号强度满格。
12-17 19:56:19.234  1795  2728 D HwArpVerifier: getGateWayARPResponses: arp rtt = 18
12-17 19:56:19.281  5215  5215 D wpa_supplicant: CTRL-DEBUG: global_ctrl_sock-sendto: sock=16 sndbuf=229376 outq=0 send_len=35
12-17 19:56:20.603  2852  2852 I HwNavigationBarTransitions: restoreBackgroundColor:new=0, old=0
12-17 19:56:22.676  1795  2750 D HW_DISPLAY_EFFECT: presently, hw_update_color_temp_for_rg_led interface not achieved.
12-17 19:56:22.694  2852  2925 I EventCenter: ContentChange for slot: 1
12-17 19:56:23.058  1795  2750 D HW_DISPLAY_EFFECT: presently, hw_update_color_temp_for_rg_led interface not achieved.
12-17 19:56:24.356  1795  2381 D libfingersense_wrapper: fingersense_touch_up() finished
12-17 19:56:24.959  1795 20747 I HwActivityManagerService: Split enqueueing broadcast [callerApp]:ProcessRecord{5299443 4690:com.baidu.input_huawei/u0a74}
12-17 19:56:25.189  2852  2852 I SignalClusterView: mWifiVisible is:truemWifiStrengthId is:2130839427mWifiDescription is:WLAN 信号强度满格。
12-17 19:56:26.880  4492  4492 V BoostFramework: BoostFramework() : mPerf = com.qualcomm.qti.Performance@b771de
12-17 19:56:29.213  1795  3884 W ActivityManager: getRunningAppProcesses: caller 10105 does not hold REAL_GET_TASKS; limiting output
12-17 19:56:32.022  1795  2739 D HuaweiWifiWatchdogStateMachine: 80:38:bc:08:42:c1 current loss[-64]=0%, volume=5
12-17 19:56:32.024  1795  1795 D HuaweiWifiWatchdogStateMachine: 80:38:bc:08:42:c1 current RTT[-64]=100, volume=3
12-17 19:56:32.672   533  3739 E ANDR-PERF-MPCTL: Invalid profile no. 0, total profiles 0 only
12-17 19:56:33.759  2852  2852 D StatusBar: No peeking: unimportant notification: 0|com.huawei.health|10010|null|10099
12-17 19:56:34.858  1795  1795 I MQoS    : received cell-signal:1
12-17 19:56:41.454  3858  4126 I amsnl   : t:false, fl: false, p: 2147483647000, ce: true, we: true
12-17 19:56:43.250  2852  2852 I HwBrightnessUtils: APS brightness=52.0,ConvertToPercentage=0.39890626
12-17 19:56:43.346  1795  2750 D HW_DISPLAY_EFFECT: presently, hw_update_color_temp_for_rg_led interface not achieved.
12-17 19:56:43.782  1795  1813 E BatteryStatsService: no controller energy info supplied
12-17 19:56:44.851  1795  3247 W ActivityManager: getRunningAppProcesses: caller 10105 does not hold REAL_GET_TASKS; limiting output
12-17 19:56:45.229  2852  2852 I SystemServicesProxy: get the task from ActivityManager size is 20 AMS:getRecentTasksForUser,args:numTasksToQuery=20,flags=62,userId=-2
12-17 19:56:45.357  3879  4071 I HwLauncher: Launcher.LauncherProvider  queried count: 1
12-17 19:56:47.667  5215  5215 D wpa_supplicant: wlan0: Event SCAN_RESULTS (3) received
12-17 19:56:47.669  5215  5215 D wpa_supplicant: Add randomness: count=943 entropy=546
12-17 19:56:47.669  5215  5215 D wpa_supplicant: random_mix_pool - hexdump(len=5): [REMOVED]
12-17 19:56:47.687  1795  2671 D HwWifiStateMachine: isWifiProEvaluatingAP, isTempCreated = false, evaluating = false, wifiConnectedBackgroundReason = 0
12-17 19:56:50.691   802   802 E Thermal-daemon: [Thermal_Hw] temperature_filter: get invalid temperature, use old temp
12-17 19:56:53.840  5215  5215 D wpa_supplicant: wlan0: Event ASSOC (0) received
12-17 19:56:53.844  5215  5215 D wpa_supplicant: 80:38:bc:0b:22:a1 freq=2452 qual=0 noise=-89~ level=-82 snr=7 flags=0xb age=6170 est=18000
12-17 19:56:53.853  5215  5215 D wpa_supplicant: CTRL-DEBUG: global_ctrl_sock-sendto: sock=16 sndbuf=229376 outq=1536 send_len=12
12-17 19:56:53.873  5215  5215 D wpa_supplicant: SSL: SSL_connect:error in SSLv3 read server hello A
12-17 19:56:53.881  1795  2739 D HuaweiWifiWatchdogStateMachine:  RTT[-52]=424, volume=8537
12-17 19:56:53.979  1795  5214 I WifiHAL : Unknown EAPOL message type 
12-17 19:56:54.034  5215  5215 D wpa_supplicant: SSL: (where=0x1001 ret=0x1)
12-17 19:56:54.130  5215  5215 D wpa_supplicant: WPA: Renewed SNonce - hexdump(len=32): c3 50 e3 69 10 4c 8a 18 41 6f 22 8f fc e2 38 4d 52 d4 42 d3 35 e6 c1 bb 09 b1 fd 0f 50 ff f7 15
12-17 19:56:54.142  5215  5215 D wpa_supplicant: WPA: Derived Key MIC - hexdump(len=16): 9c 7e 6e 36 d6 bd 11 2a 4b 89 7c ec 8b cc 3b d3
12-17 19:56:54.147  5215  5215 D wpa_supplicant: CTRL-DEBUG: ctrl_sock-sendmsg: sock=16 sndbuf=229376 outq=2048 send_len=81
12-17 19:56:54.161  5215  5215 D wpa_supplicant: P2P: Channels - hexdump(len=13): 01 02 03 04 05 06 07 08 09 0a 0b 0c 0d
12-17 19:56:54.162  5215  5215 D wpa_supplicant: RTM_NEWLINK: ifi_index=118 ifname=wlan0 operstate=6 linkmode=1 ifi_family=0 ifi_flags=0x11043 ([UP][RUNNING][LOWER_UP])
12-17 19:56:54.177  1795  1819 D Tethering: interfaceStatusChanged wlan0, true
12-17 19:56:55.921  1795  3253 I ActivityManager_activity: Moving to PAUSED: ActivityRecord{fbf0e0f u0 com.tencent.mm/.plugin.luckymoney.ui.LuckyMoneyIndexUI t383 f} (pause complete)
12-17 19:56:57.317  1795 16499 W ActivityManager: getRunningAppProcesses: caller 10105 does not hold REAL_GET_TASKS; limiting output
12-17 19:56:59.343  4492  4492 I ActivityManager_activity: Reporting idle of ActivityRecord{50977f4 token=android.os.BinderProxy@4e2962b {com.tencent.mm/com.tencent.mm.ui.LauncherUI}} finished=false
12-17 19:57:00.009  2852  2852 I HwDateUtils: begin of formatChinaDateRange chinaDate:晚上7:57
12-17 19:57:00.067  5215  5215 D wpa_supplicant: Sorted scan results
12-17 19:57:00.068  5215  5215 D wpa_supplicant: wlan0: BSS: Start scan result update 120
12-17 19:57:00.115  5215  5215 D wpa_supplicant: CTRL_IFACE: value - hexdump(len=17): [REMOVED]
12-17 19:57:00.116  5215  5215 D wpa_supplicant: CTRL-DEBUG: global_ctrl_sock-sendto: sock=16 sndbuf=229376 outq=0 send_len=3
12-17 19:57:00.120  5215  5215 D wpa_supplicant: wlan0: BSS: Remove id 548 BSSID 80:38:bc:08:38:e1 SSID 'Huawei-Employee' due to no match in scan
12-17 19:57:00.121  5215  5215 D wpa_supplicant: wlan0: BSS: Remove id 550 BSSID 80:38:bc:0b:29:e1 SSID 'Huawei-Employee' due to no match in scan
12-17 19:57:00.122  5215  5215 D wpa_supplicant: wlan0: 2: 8c:a6:df:4a:8c:e2 ssid='IOT-HUAWEI' wpa_ie_len=22 rsn_ie_len=20 caps=0x431 level=-82 freq=2462 
12-17 19:57:00.125  1795 16499 W ActivityManager: getRunningAppProcesses: caller 10009 does not hold REAL_GET_TASKS; limiting output
12-17 19:57:00.125  5215  5215 D wpa_supplicant: random pool - hexdump(len=128): [REMOVED]
12-17 19:57:01.917  1795  1795 I MQoS    : rtt=160,tcp_tx_pkts=1485433,tcp_rx_pkts=1771227
12-17 19:57:02.653  1795  1795 D HuaweiWifiWatchdogStateMachine: 80:38:bc:0b:30:21 current RTT[-79]=80, volume=1
12-17 19:57:03.905  2852  2852 I NetworkController.WifiSignalController: 	to: connected=true,enabled=true,level=1,inetCondition=1,iconGroup=IconGroup(Wi-Fi Icons),activityIn=false,activityOut=false,rssi=-85,lastModified=12-17 07:57:02,isChaged:false,wifiNoInternet=false,ssid="Huawei-Employee"
12-17 19:57:04.929  2852  2852 W DisabledFeatureUtils: Dis-Feature : 0
12-17 19:57:04.932  2852  2852 W KeyguardUpdateMonitor: Fingerprint RunningStateChanged. 1
12-17 19:57:04.934   606  2379 E libteec : receive data len = 128
12-17 19:57:04.978  1795 11745 W FingerprintService: onAcquired 1
12-17 19:57:05.096  2852  2852 I HwBrightnessController: onChange selfChange:false uri.toString():content://settings/system/screen_auto_brightness mIsObserveAutoBrightnessChange:true
12-17 19:57:05.339  1795  1825 I PowerManager_screenOn: DisplayPowerController updatePowerState mPendingRequestLocked=policy=OFF, useProximitySensor=false, useProximitySensorbyPhone=true, screenBrightness=33, screenAutoBrightnessAdjustment=0.0, brightnessSetByUser=true, useAutoBrightness=true, blockScreenOn=false, lowPowerMode=false, boostScreenBrightness=false, dozeScreenBrightness=-1, dozeScreenState=UNKNOWN, useTwilight=false, useSmartBacklight=true, brightnessWaitMode=false, brightnessWaitRet=true, screenAutoBrightness=-1, userId=0
12-17 19:57:05.349  2852  2852 I StatusBarKeyguardViewManager: show
12-17 19:57:05.368  1795  2671 D WifiStateMachine:  RoamingState CMD_SET_SUSPEND_OPT_ENABLED  rt=123279814/444361731 1 0
12-17 19:57:05.442  1795  3077 D GnssLocationProvider: receive broadcast intent, action: android.intent.action.SCREEN_OFF
12-17 19:57:05.463  3858  4126 I amsnl   : m1: false
12-17 19:57:05.466  2852  2852 I StatusBarWindowManager: apply skiped :0
12-17 19:57:05.548  2852  2852 I KeyguardUpdateMonitor: hasFingerprintUnlockTimedOut = true
12-17 19:57:05.620  1795 17831 D PowerManagerService: ready=false,policy=3,wakefulness=1,wksummary=0x0,uasummary=0x1,bootcompleted=true,boostinprogress=false,waitmodeenable=true,mode=true,manual=33,auto=-1,adj=0.0userId=0
12-17 19:57:05.645  2852  2925 D KGWallpaper_Magazine: getNextIndex: 0; from 8 to 8; size: 44
12-17 19:57:05.765  1795  6986 D PowerManagerService: ready=false,policy=3,wakefulness=1,wksummary=0x1,uasummary=0x1,bootcompleted=true,boostinprogress=false,waitmodeenable=true,mode=true,manual=33,auto=-1,adj=0.0userId=0
12-17 19:57:05.928  2852  2852 I HwStatusBarIconController: applyIconTint
12-17 19:57:14.406  2852  2852 I PhoneStatusBar: removeNotificationChildren
12-17 19:57:15.149  1795  2671 I HwActivityManagerService: Split enqueueing broadcast [callerApp]:ProcessRecord{34bf34f 0:system/1000}
12-17 19:57:15.168  1795  2733 I ipQos   : stopMonitor
12-17 19:57:15.169  1795  2739 D HuaweiWifiWatchdogStateMachine:  RTT[-86]=0, volume=0
12-17 19:57:15.189  1795  1795 D HwConnectivityService: [PS filter] should not power save
12-17 19:57:15.297  7194 19339 E PushLog2824: 	at java.net.SocketInputStream.socketRead0(Native Method)
12-17 19:57:15.305  1795  2685 D PowerManagerService: ready=true,policy=0,wakefulness=0,wksummary=0x1,uasummary=0x0,bootcompleted=true,boostinprogress=false,waitmodeenable=false,mode=true,manual=33,auto=-1,adj=0.0userId=0
12-17 19:57:15.317   633 31870 I SDK     : <2016-12-17 19:57:15> [WARN] SDK: UE-SeC 2016-12-17 19:57:15:316 Level[WARN] magic[3362781472 684]:PubEvt_Close Getting a socket[18] from the Socket-table Failed!
12-17 19:57:15.322  1795  2733 D _AutoLogin: onStopReceiveSms, mIsAutoFillSmsEnabled = false, mIsReceiverRegistered = false
12-17 19:57:15.322  1795  2671 D WifiStateMachine:  DisconnectedState CMD_ENABLE_AUTOJOIN_WHEN_ASSOCIATED  rt=123289769/444371686 1 0
12-17 19:57:15.365   633 31870 I SDK     : 
12-17 19:57:15.377  1795  2685 I HwPFWLogger: AppAutoStartupPolicy:prevent start receiver of package cn.wps.moffice_eng for action android.net.conn.CONNECTIVITY_CHANGE
12-17 19:57:15.379  1795  2685 D HwPFWLogger: AutoStartupDataMgr:retrieveStartupSettings type 0 of com.ss.android.article.news is 0
12-17 19:57:15.382   633 31870 I SDK     : 
12-17 19:57:15.427   633 31870 I SDK     : 
12-17 19:57:15.501   633 31870 I SDK     : <2016-12-17 19:57:15> [WARN] SDK: UE-SeC 2016-12-17 19:57:15:501 Level[WARN] magic[3362781472 684]:PubEvt_Close Getting a socket[199] from the Socket-table Failed!
12-17 19:57:15.508   633 31870 I SDK     : <2016-12-17 19:57:15> [WARN] SDK: UE-SeC 2016-12-17 19:57:15:508 Level[WARN] magic[3362781472 684]:PubEvt_Close Getting a socket[211] from the Socket-table Failed!
12-17 19:57:15.510  2883  2883 I HwSystemManager: PreferenceHelper:lastAlarmTime: 1481954787399
12-17 19:57:15.535  1795  3111 W ActivityManager: getRunningAppProcesses: caller 10105 does not hold REAL_GET_TASKS; limiting output
12-17 19:57:15.580   633 31868 I SDK     : 
12-17 19:57:15.610  1795  2709 I ActivityManager_service: retrieveServiceLocked, callerApp: ProcessRecord{34bf34f 0:system/1000}, flags: 10000400
12-17 19:57:15.965  5215  5215 D wpa_supplicant: CTRL-DEBUG: global_ctrl_sock-sendto: sock=16 sndbuf=229376 outq=0 send_len=1858
12-17 19:57:16.011  2852  3556 I HwWifiSignalController: wifi handleBroadcast action:android.net.wifi.STATE_CHANGEwifi state: mCurrentState.inetCondition:0 mCurrentState.level:1 mCurrentState.rssi:-85 mCurrentState.ssid:null mCurrentState.time:1481975835454 mCurrentState.activityIn:false mCurrentState.activityOut:false mCurrentState.connected:false mCurrentState.enabled:true mIsWifiCharged:false mIsWifiNoInternet:false
12-17 19:57:17.269  3180  3578 I ash     : proxy app:com.huawei.espacev2,uid:10102,result:true
12-17 19:57:17.289  2852  2852 D HwCust  : Create obj success use class android.app.HwCustNotificationImpl
12-17 19:57:20.380  5215  5215 D wpa_supplicant: wlan0: nl80211: Sched scan started
12-17 19:57:21.462  5215  5215 D wpa_supplicant: wlan0: New scan results available (own=0 ext=0)
12-17 19:57:21.465  5215  5215 D wpa_supplicant: p2p0: BSS: Add new id 9 BSSID 80:38:bc:0a:f9:e1 SSID 'Huawei-Employee' freq 2412
12-17 19:57:21.479  5215  5215 D wpa_supplicant: WPS: attr type=0x1041 len=1
12-17 19:57:21.481  5215  5215 D wpa_supplicant: wlan0: Control interface command 'BSS RANGE=563- MASK=0x3029d87'
12-17 19:57:21.515  5215  5215 D wpa_supplicant: CTRL_IFACE: GET_NETWORK id=0 name='wep_key2'
12-17 19:57:21.520  5215  5215 D wpa_supplicant: wlan0: Control interface command 'GET_NETWORK 0 as_cert_file'
12-17 19:57:21.528  5215  5215 D wpa_supplicant: CTRL_IFACE: value - hexdump(len=51): [REMOVED]
12-17 19:57:21.534  5215  5215 D wpa_supplicant: CTRL-DEBUG: global_ctrl_sock-sendto: sock=16 sndbuf=229376 outq=0 send_len=5
12-17 19:57:21.541  1795  2671 D WifiConfiguration: Get IpAssignment (nid: 0, SSID: "Huawei-Employee") IpAssignment: DHCP
12-17 19:57:21.558  5215  5215 D wpa_supplicant: CTRL_IFACE: SAVE_CONFIG - Configuration updated
12-17 19:57:21.567  5215  5215 D wpa_supplicant: wlan0:    selected based on RSN IE
12-17 19:57:21.567  5215  5215 D wpa_supplicant: wlan0: Request association with 80:38:bc:0a:fa:21
12-17 19:57:25.023  5224  5283 I Step_ExtendStepDataManager: 20002302|before compensate: cache step_4286
12-17 19:57:27.083  2852  2852 D StatusBar: No peeking: not in use: 0|com.huawei.health|10010|null|10099
12-17 19:57:31.076  1795 16499 I NotificationManager: enqueueNotificationInternal: pkg=com.huawei.health id=10010 notification=Notification(pri=0 contentView=null vibrate=null sound=null defaults=0x0 flags=0x2 color=0x00000000 vis=PRIVATE)
12-17 19:57:32.844  5215  5215 D wpa_supplicant: wlan0: nl80211: New sched scan results available
12-17 19:57:32.852  5215  5215 D wpa_supplicant: WPS: attr type=0x1011 len=9
12-17 19:57:32.884  5215  5215 D wpa_supplicant: wlan0: Control interface command 'GET_NETWORK 0 proto'
12-17 19:57:32.886  5215  5215 D wpa_supplicant: wlan0: Control interface command 'GET_NETWORK 0 auth_alg'
12-17 19:57:32.903  1795  2671 D WifiConfigStore: current Eap Method:1, eap Method:1
12-17 19:57:32.908  1795  2671 D WifiConfigStore: current Eap Method:1, eap Method:1
12-17 19:57:32.910  1795  2671 D WifiNative-wlan0: disprint SET_NETWORK log
12-17 19:57:33.003  5215  5215 D wpa_supplicant: nl80211: Register frame type=0xd0 (WLAN_FC_STYPE_ACTION) nl_handle=0x7fb504d600 match=1102
12-17 19:57:33.004  5215  5215 D wpa_supplicant: nl80211: Connect request send successfully
12-17 19:57:33.027  3626  3626 E PTM.FileNodeInfo: getTempInfo error: null, 0
12-17 19:57:33.311 10324 10324 D MagicLink: MagicLink2-BroadcastReceiver:====>NETWORK_STATE_CHANGED_ACTION
12-17 19:57:44.487  5215  5215 D wpa_supplicant: wlan0:    skip - disabled
12-17 19:57:44.490  1795  5219 D WifiMonitor: Dispatching event to interface: p2p0
12-17 19:57:44.512  5215  5215 D wpa_supplicant: CTRL_IFACE: GET_NETWORK id=0 name='ca_cert'
12-17 19:57:44.522  5215  5215 D wpa_supplicant: CTRL-DEBUG: global_ctrl_sock-sendto: sock=16 sndbuf=229376 outq=0 send_len=3
12-17 19:57:44.543  1795  2671 D WifiStateMachine: CMD_AUTO_CONNECT did save config ->  nid=0
12-17 19:57:44.547  1795  1795 E HwWifiStatStore: This method is no longer use
12-17 19:57:44.548  1795  1795 E HwCHRWifiRSSIGroup: HwCHRWifiRSSIGroup [rssi_index=1, rtt_tcp_packets=0, rtt_tcp_duration=0, rtt_lan_duration=0, rtt_lan_failures=0, rtt_lan_succ=0, rtt_lan_max=0, rtt_lan_min=2147483647,same_area_frequency=3,adjacent_area_frequency=0]
12-17 19:57:44.548  5215  5215 D wpa_supplicant: TDLS: TDLS channel switch allowed in the target BSS
12-17 19:57:44.549  5215  5215 D wpa_supplicant: wlan0: Automatic auth_alg selection: 0x1
12-17 19:57:44.565  2852  2852 I HwPhoneStatusBar: updateNotificationShade
12-17 19:57:44.567  1795  2671 I HwActivityManagerService: Split enqueueing broadcast [callerApp]:ProcessRecord{34bf34f 0:system/1000}
12-17 19:57:44.579  1795  2671 I HwActivityManagerService: Split enqueueing broadcast [callerApp]:ProcessRecord{34bf34f 0:system/1000}
12-17 19:57:44.770  5215  5215 D wpa_supplicant: CTRL-DEBUG: ctrl_sock-sendmsg: sock=16 sndbuf=229376 outq=768 send_len=104
12-17 19:57:44.773  1795  2671 E SupplicantStateTracker: Ignoring { when=0 what=147499 target=com.android.internal.util.StateMachine$SmHandler }
12-17 19:58:26.687  2852  2852 I HwDateUtils: begin of formatChinaDateRange chinaDate:晚上7:58
12-17 19:58:26.751  3180  3578 I ash     : proxy app:com.android.browser,uid:10029,result:true
12-17 19:58:32.092  1795  2323 E UsbDeviceManager: 	at android.os.UEventObserver$UEventThread.sendEvent(UEventObserver.java:210)
12-17 19:58:33.294  1795  2671 D WifiConfigStore: current Eap Method:1, eap Method:1
12-17 19:58:33.344  5215  5215 D wpa_supplicant: nl80211: Unsubscribe mgmt frames handle 0x888888f73d8c5e89 (mode change)
12-17 19:58:33.345  5215  5215 D wpa_supplicant: nl80211: Register frame type=0xd0 (WLAN_FC_STYPE_ACTION) nl_handle=0x7fb504d600 match=090c
12-17 19:58:33.533   791   791 I CNSS_DEBUG:   process_diaghost_msg diag_type = 0 event_id =0
12-17 19:58:33.591  5215  5215 D wpa_supplicant: WPA: set AP RSN IE - hexdump(len=22): 30 14 01 00 00 0f ac 04 01 00 00 0f ac 04 01 00 00 0f ac 01 00 00
12-17 19:58:33.593  1795  3238 D Tethering: upstreamIfaceTypes.add:1
12-17 19:58:35.903  1795  2323 E UsbDeviceManager: 	at android.os.UEventObserver$UEventThread.sendEvent(UEventObserver.java:210)
12-17 19:58:37.660  5224  5283 I SendBroadcastPermission: action:android.com.huawei.bone.NOTIFY_SPORT_DATA, mPermissionType:0
12-17 19:58:38.804  5215  5215 D wpa_supplicant: EAP: Status notification: remote certificate verification (param=success)
12-17 19:58:39.079  5215  5215 D wpa_supplicant: wlan0: WPA: RX message 1 of 4-Way Handshake from 80:38:bc:0b:2d:61 (ver=2)
12-17 19:58:39.095  5215  5215 D wpa_supplicant: RSN: encrypted key data - hexdump(len=56): 3c ad 28 e4 d3 8a e7 5e b7 8b 96 3c 7e 90 ae 69 1c 9a c9 a2 c6 e1 9c 4e 45 70 f6 76 e6 14 85 11 ...
12-17 19:58:39.099  5215  5215 D wpa_supplicant: WPA: Group Key - hexdump(len=16): [REMOVED]
12-17 19:58:39.106  5215  5215 D wpa_supplicant: nl80211: Set rekey offload
12-17 19:58:39.107  1795  1819 D NetdConnector: RCV unsolicited event from native daemon, event = 600 Iface linkstate wlan0 up
12-17 19:58:39.127  2852  2914 I NetworkSpeedManagerEx: receive:android.net.wifi.STATE_CHANGE
12-17 19:58:39.136  5215  5215 D wpa_supplicant: wlan0: WPA: RX message 1 of Group Key Handshake from 80:38:bc:0b:2d:61 (ver=2)
12-17 19:58:39.199  1795  2671 D WifiHW  : wifi_send_command: cmd:'IFNAME=wlan0 DRIVER RXFILTER-STOP'
12-17 19:58:39.202   802   802 E ThermalBinder: mThermalService is NULL!
12-17 19:58:39.235  1795  2671 D WifiStateMachine:  L2ConnectedState CMD_PRE_DHCP_ACTION  rt=123320245/444455598 0 0 txpkts=1719327,0,0
12-17 19:58:39.309  1795  2671 D WifiStateMachine:  ObtainingIpState CMD_PRE_DHCP_ACTION_COMPLETE  rt=123320319/444455672 0 0
12-17 19:58:41.958  1795  2323 E UsbDeviceManager: 	at android.os.UEventObserver$UEventThread.run(UEventObserver.java:187)
12-17 19:58:43.149  5215  5215 D wpa_supplicant: RTM_NEWLINK: ifi_index=118 ifname=wlan0 operstate=2 linkmode=1 ifi_family=0 ifi_flags=0x1003 ([UP])
12-17 19:58:43.160  1795  1819 D NetworkManagement: notifyInterfaceLinkStateChanged 9
12-17 19:58:43.188  1795  2739 D HuaweiWifiWatchdogStateMachine:  RTT[-73]=0, volume=0
12-17 19:58:43.189  1795  2671 W WifiScanGenie_Controller: reSetCurrentAPInfo !
12-17 19:58:43.191  1795  2739 D HuaweiWifiWatchdogStateMachine:  loss[-57]=0%, volume=0
12-17 19:58:45.332  5215  5215 E wpa_supplicant: bssid=80:38:bc:0b:2d:61;freq=2432;level=-75;flags=11;ssid=Huawei-Employee;
12-17 19:58:45.333  5215  5215 D wpa_supplicant: wlan0: Control interface command 'BSS RANGE=0- MASK=0x3029d87'
12-17 19:58:45.347  3626  3725 D NCCHR_NcLogCollectService: LogEntry received, metricID = 15
12-17 19:58:45.352  5215  5215 D wpa_supplicant: Do not allow key_data field to be exposed
12-17 19:58:45.353  5215  5215 D wpa_supplicant: CTRL_IFACE: GET_NETWORK id=0 name='ca_cert'
12-17 19:58:45.357  1795  2671 D WifiNative-wlan0: disprint SET_NETWORK log
12-17 19:58:45.371  5215  5215 D wpa_supplicant: wlan0: Control interface command 'GET_NETWORK 0 key_mgmt'
12-17 19:58:45.391  5215  5215 E wpa_supplicant: eap_proxy: eap_proxy_notify_config
12-17 19:58:45.412  1795  2671 I HwPFWLogger: AppAutoStartupPolicy:prevent start receiver of package com.huawei.gamebox for action android.net.wifi.STATE_CHANGE
12-17 19:58:56.685  5215  5215 D wpa_supplicant: CTRL-DEBUG: global_ctrl_sock-sendto: sock=16 sndbuf=229376 outq=0 send_len=1
12-17 19:58:56.687  5215  5215 D wpa_supplicant: CTRL_IFACE: Failed to get network variable 'wep_key0'
12-17 19:58:56.701  5215  5215 D wpa_supplicant: CTRL-DEBUG: global_ctrl_sock-sendto: sock=16 sndbuf=229376 outq=0 send_len=2
12-17 19:58:56.704  5215  5215 D wpa_supplicant: CTRL_IFACE: SET_NETWORK id=0 name='id_str'
12-17 19:58:56.708  5215  5215 D wpa_supplicant: CTRL_IFACE: value - hexdump(len=62): [REMOVED]
12-17 19:58:56.725  5215  5215 D wpa_supplicant: wlan0: Control interface command 'GET_NETWORK 0 subject_match'
12-17 19:58:56.744  1795  2671 I HwActivityManagerService: Split enqueueing broadcast [callerApp]:ProcessRecord{34bf34f 0:system/1000}
12-17 19:58:56.774  5215  5215 D wpa_supplicant: CTRL-DEBUG: global_ctrl_sock-sendto: sock=16 sndbuf=229376 outq=0 send_len=313
12-17 19:58:56.991  1795  1808 I ActivityManager_broadcast: dispatch ordered broadcast [background] BroadcastRecord{106df1d u-1 android.net.wifi.supplicant.STATE_CHANGE}, has 1 receivers
12-17 19:58:57.028  2883  2996 I HwSystemManager: ExtraTrafficSetting:result is empty
12-17 19:58:57.112  5215  5215 D wpa_supplicant: EAPOL: getSuppRsp
12-17 19:58:57.133  5215  5215 D wpa_supplicant: EAP: method process -> ignore=FALSE methodState=MAY_CONT decision=FAIL eapRespData=0x7fb512a1b0
12-17 19:58:57.151  5215  5215 D wpa_supplicant: TLS: tls_verify_cb - preverify_ok=1 err=0 (ok) ca_cert_verify=1 depth=2 buf='/O=Huawei IT/CN=Huawei IT Root CA'
12-17 19:58:57.205  5215  5215 D wpa_supplicant: EAP: method process -> ignore=FALSE methodState=MAY_CONT decision=FAIL eapRespData=0x7fb5079c00
12-17 19:58:57.302  5215  5215 D wpa_supplicant: WPA: Nonce1 - hexdump(len=32): ab 67 f8 fc 77 9f 44 f4 f1 99 17 58 e5 ef 33 0e b7 c2 87 29 b9 1f 05 54 04 c9 be 2e a4 fb d2 45
12-17 19:58:57.302  5215  5215 D wpa_supplicant: WPA: KEK - hexdump(len=16): [REMOVED]
12-17 19:58:57.318  5215  5215 D wpa_supplicant: WPA: RX EAPOL-Key - hexdump(len=155): 02 03 00 97 02 13 ca 00 10 00 00 00 00 00 00 00 01 98 f4 a6 99 10 c5 4f 66 20 b4 74 95 6c d3 09 ...
12-17 19:58:57.320  5215  5215 D wpa_supplicant: WPA: TX EAPOL-Key - hexdump(len=99): 01 03 00 5f 02 03 0a 00 00 00 00 00 00 00 00 00 01 00 00 00 00 00 00 00 00 00 00 00 00 00 00 00 ...
12-17 19:58:57.322  5215  5215 D wpa_supplicant: CTRL-DEBUG: ctrl_sock-sendmsg: sock=16 sndbuf=229376 outq=0 send_len=81
12-17 19:58:57.323  1795  5219 D WifiMonitor: Dispatching event to interface: wlan0
12-17 19:58:57.337  1795  1819 D NetworkManagement: notifyInterfaceLinkStateChanged 9
12-17 19:58:57.354  5215  5215 D wpa_supplicant: nl80211: Drv Event 78 (NL80211_CMD_SCHED_SCAN_STOPPED) received for wlan0
12-17 19:58:57.365  1795  1808 V HwBroadcastQueue: trim and enqueue foreground Parallel:(2) Ordered:(1)(BroadcastRecord{58509bc u-1 android.net.wifi.STATE_CHANGE})
12-17 19:58:57.372  1795  2671 I SendBroadcastPermission: action:android.net.wifi.STATE_CHANGE, mPermissionType:0
12-17 19:58:57.445  1795  2739 D HuaweiWifiWatchdogStateMachine:  RTT[-77]=0, volume=0
12-17 19:58:57.446  1795  2739 D HuaweiWifiWatchdogStateMachine: DefaultState ignore cmd: 135175
12-17 19:58:57.549  1795  1795 D HwWifiService: onReceive, action:android.net.wifi.STATE_CHANGE
12-17 19:58:57.552  1795  2739 D HuaweiWifiWatchdogStateMachine:  loss[-64]=0%, volume=0
12-17 19:58:57.552  1795  2739 D HuaweiWifiWatchdogStateMachine:  RTT[-54]=0, volume=0
12-17 19:58:57.697  1795  1795 D WifiService: onReceive, action:android.net.wifi.STATE_CHANGE
12-17 19:58:57.704  1795  2739 D HuaweiWifiWatchdogStateMachine:  RTT[-89]=0, volume=0
12-17 19:58:57.733  2852  2852 I NetworkSpeedManagerEx: mIsNetworkSpeedEnabled = false, mIsAirplaneMode = false, mIsWifiConnected = true, mIsHasIccCard = true, mIsNetworkValid = false, mIsDataSwitchEnabled = false, mIsVsimEnable = false
12-17 19:58:57.740  1795  2671 I HwActivityManagerService: Split enqueueing broadcast [callerApp]:ProcessRecord{34bf34f 0:system/1000}
12-17 19:58:57.752  1795  3253 W ActivityManager: getRunningAppProcesses: caller 10102 does not hold REAL_GET_TASKS; limiting output
12-17 19:59:02.148  3180  3578 I AppManager: check dependency pid: 4690 is depended by pid: 1795
12-17 19:59:02.298  1795  1795 D WifiProJNI: send_cmd_kernel: cmd=1
12-17 19:59:02.369  1795  1819 D NetworkManagement: notifyInterfaceClassActivity: client is com.android.server.connectivity.Vpn$2@e40aefb
12-17 19:59:02.386  1795  2685 I HwPFWLogger: AppAutoStartupPolicy:prevent start receiver of package cn.wps.moffice_eng for action android.net.conn.CONNECTIVITY_CHANGE
12-17 19:59:02.388  1795  2685 I HwPFWLogger: AppAutoStartupPolicy:prevent start receiver of package com.sina.weibo for action android.net.conn.CONNECTIVITY_CHANGE
12-17 19:59:02.389  1795  2685 D HwPFWLogger: AutoStartupDataMgr:retrieveStartupSettings type 0 of com.ss.android.article.news is 0
12-17 19:59:02.435  3168  3168 I CHR_ChrDataServiceTracker: Broadcast received: ignore android.net.conn.CONNECTIVITY_CHANGE
12-17 19:59:02.532   633   692 I eSpaceService: LoginThread{6143} SvnWapper.getSSOInfoOk(SvnWapper.java:310) [HWUC SSO] ---> Get sso Login params succeed
12-17 19:59:02.535  1795  2685 D ConnectivityService: rematching NetworkAgentInfo [WIFI () - 306]
12-17 19:59:02.544  3858  4126 I amsnl   : we: true
12-17 19:59:02.546  1795  1795 I HwPFWLogger: AppAutoStartupPolicy:prevent start package com.icbc.im, serviceInfo com.icbc.im.service.Keep2 by callerPid 1795, callerUid 1000, scene:jobService
12-17 19:59:02.547  1795  1795 D HwPFWLogger: PFW.HwPFWGoogleServicePolicy:mWakelockMonitor mCheckDuration = 1800000
12-17 19:59:02.564  5215  5215 D wpa_supplicant: wlan0: Control interface command 'PKTCNT_POLL'
12-17 19:59:03.147 21618 21618 E HwOUC   : [main-1]isAllFirmwareInSameStatus cacheContents is null, return false(/HwOucUtility.java:4781)
12-17 19:59:03.338   633 21651 I SDK     : <2016-12-17 19:59:03> [NOTICE] SDK: UE-SeC 2016-12-17 19:59:3:337 Level[NOTICE] magic[2509089056 1019]:SDK:net change notify: old=2, new=1, errCode=0
12-17 19:59:03.788  1795  1795 D PowerManagerService: ready=true,policy=0,wakefulness=0,wksummary=0x1,uasummary=0x0,bootcompleted=true,boostinprogress=false,waitmodeenable=false,mode=true,manual=33,auto=-1,adj=0.0userId=0
12-17 19:59:03.899  1795  2728 D HwArpVerifier: There are 1 mac address for gateway 
12-17 19:59:03.997 21618 21643 I OUC_COTA: {"status":"1"}(/HttpCommunicator.java:312)
12-17 19:59:06.067  1795  2728 D HwArpVerifier: getStaticIpStatus:4
12-17 19:59:06.978  5224  5224 I Step_LSC: 20002302|compensate received
12-17 19:59:07.030  1795  1805 D PowerManagerService: release:lock=180285767, flg=0x0, tag="WakerLock:218529747", name=com.tencent.mm", ws=null, uid=10105, pid=4634
12-17 19:59:07.054  1795 16500 D PowerManagerService: ready=true,policy=0,wakefulness=0,wksummary=0x1,uasummary=0x0,bootcompleted=true,boostinprogress=false,waitmodeenable=false,mode=true,manual=33,auto=-1,adj=0.0userId=0
12-17 19:59:07.137  2852  2852 W HwLockScreenPanel: Handle message: 4
12-17 19:59:08.277  3626  3639 D NCCHR_NcLogCollectServiceImpl: submitMetric metricID = 15 level 1
12-17 19:59:10.858  3626  3729 D NCCHR_LogDatabaseNc: updateLogFileHeader enter for 15
12-17 19:59:11.311  1795  2323 E UsbDeviceManager: java.io.FileNotFoundException: sys/class/hw_power/charger/charge_data/water_intrused (No such file or directory)
12-17 19:59:16.666  1795  2323 E UsbDeviceManager: java.io.FileNotFoundException: sys/class/hw_power/charger/charge_data/water_intrused (No such file or directory)
12-17 19:59:16.748  1795  2737 D WifiProJNI: Received kernel message payload: event 0
12-17 19:59:20.350  1795  2323 E UsbDeviceManager: 	at java.io.FileInputStream.open(Native Method)
12-17 19:59:20.352  1795  2323 E UsbDeviceManager: 	at java.io.FileInputStream.open(Native Method)
12-17 19:59:27.130   606 21740 E libteec : send data return = 108
12-17 19:59:27.582  1795  2323 E UsbDeviceManager: 	at com.android.server.usb.UsbDeviceManager$2.onUEvent(UsbDeviceManager.java:328)
12-17 19:59:29.623  1795  2677 D CONNECTIVITY_LOG: The event is: 1
12-17 19:59:29.624  1795  2323 E UsbDeviceManager: 	at java.io.FileInputStream.<init>(FileInputStream.java:146)
12-17 19:59:30.243  1795  2323 E UsbDeviceManager: java.io.FileNotFoundException: sys/class/hw_power/charger/charge_data/water_intrused (No such file or directory)
12-17 19:59:36.939  1795  2323 D HwBatteryService: onUEvent fcpStatus = 0,scpStatus =0,ovpStatus=0
12-17 19:59:37.882  5215  5215 D wpa_supplicant: nl80211: Add PMKID for 80:38:bc:0b:28:e1
12-17 19:59:38.010   816  1563 W SocketListener: sending broadcast to Pid = 1795, Uid = 1000 
12-17 19:59:38.013  5215  5215 D wpa_supplicant: wlan0: BSS: Start scan result update 130
12-17 19:59:38.044  5215  5215 D wpa_supplicant: EAPOL: Received EAP-Packet frame
12-17 19:59:38.045  5215  5215 D wpa_supplicant: CTRL_IFACE monitor sent successfully to /data/misc/wifi/sockets/wpa_ctrl_1795-194\x00
12-17 19:59:38.171  5215  5215 D wpa_supplicant: CTRL-DEBUG: ctrl_sock-sendmsg: sock=16 sndbuf=229376 outq=6144 send_len=146
12-17 19:59:38.183  5215  5215 D wpa_supplicant: OpenSSL: Message - hexdump(len=5): [REMOVED]
12-17 19:59:38.231  1795  2671 D HwWifiStateMachine: isWifiProEvaluatingAP, isTempCreated = false, evaluating = false, wifiConnectedBackgroundReason = 0
12-17 19:59:38.235  1795  2709 I ActivityManager_service: retrieveServiceLocked, callerApp: ProcessRecord{34bf34f 0:system/1000}, flags: 10000400
12-17 19:59:38.239  1795  1795 D HwConnectivityService: [PS filter] should not power save
12-17 19:59:38.247  1795  2739 D HuaweiWifiWatchdogStateMachine:  RTT[-57]=0, volume=0
12-17 19:59:38.248  3626  3626 E PTM.FileNodeInfo: getTempInfo error: null, 0
12-17 19:59:38.251  3626  3626 E PTM.FileNodeInfo: getTempInfo error: null, 0
12-17 19:59:38.270  5215  5215 D wpa_supplicant: EAP-TLS: Derived Session-Id - hexdump(len=65): 0d 5d 66 09 1b 63 c1 3a ff 38 28 32 fa 3c 84 b6 dc f3 6b 4f cc de 89 33 85 3b 08 55 eb 5c 98 2a ...
12-17 19:59:38.318  5215  5215 D wpa_supplicant: P2P: cli_channels:
12-17 19:59:38.344  1795  5219 D HwWifiCHRStateManager: handleSupplicantStateChange updateAPMAC: 80:38:bc:0b:28:e1
12-17 19:59:38.346  1795  2671 I SendBroadcastPermission: action:android.net.wifi.supplicant.STATE_CHANGE, mPermissionType:0
12-17 19:59:38.357  3626  3640 I NCCHR_NcLogCollectServiceImpl: getUserType = 3
12-17 19:59:38.358  5215  5215 D wpa_supplicant: WPA: Group Key - hexdump(len=16): [REMOVED]
12-17 19:59:38.360  1795  5219 E WifiMonitor: WifiMonitor:wlan0 cnt=31409 dispatchEvent: WPA: Group rekeying completed with 80:38:bc:0b:28:e1 [GTK=CCMP]
12-17 19:59:38.371  1795  5219 D HwWifiCHRStateManager: Update AP_MAC:80:38:bc:0b:28:e1
12-17 19:59:57.983  2852  2852 D KeyguardUpdateMonitor: handleBatteryUpdate
12-17 20:00:16.821  1795  2323 E UsbDeviceManager: 	at android.os.FileUtils.readTextFile(FileUtils.java:267)
12-17 20:00:17.131  1795  2323 D HwBatteryService: onUEvent fcpStatus = 0,scpStatus =0,ovpStatus=0
12-17 20:00:17.134  1795  2323 E UsbDeviceManager: 	at android.os.UEventObserver$UEventThread.run(UEventObserver.java:187)
12-17 20:00:17.468  1795  2323 E UsbDeviceManager: 	at android.os.FileUtils.readTextFile(FileUtils.java:267)
12-17 20:00:19.019  5215  5215 D wpa_supplicant: EAP: Received EAP-Request id=194 method=13 vendor=0 vendorMethod=0
12-17 20:00:19.023  1795  2671 D HwPFWLogger: AutoStartupDataMgr:isUnderControll third party not in whitelist: com.huawei.gamebox
12-17 20:00:19.024  1795  2671 I ActivityManager_broadcast: Enqueueing ordered broadcast[foreground] BroadcastRecord{9664f55 u-1 android.net.wifi.STATE_CHANGE}: prev had 0
12-17 20:00:19.041  1795  2739 D HuaweiWifiWatchdogStateMachine: afterConnectProcess enter for bssid:10:51:72:1f:f0:01
12-17 20:00:19.087  5215  5215 D wpa_supplicant: EAPOL: SUPP_BE entering state RESPONSE
12-17 20:00:19.217  5215  5215 D wpa_supplicant: SSL: SSL_connect:SSLv3 write certificate verify A
12-17 20:00:19.217  5215  5215 D wpa_supplicant: OpenSSL: TX ver=0x0 content_type=256 (TLS header info/)
12-17 20:00:19.251  5215  5215 D wpa_supplicant: EAPOL: txSuppRsp
12-17 20:00:19.332  5215  5215 D wpa_supplicant: WPA: PMKID in EAPOL-Key - hexdump(len=22): dd 14 00 0f ac 04 00 69 88 63 ef 90 7f c9 e6 9b b3 7b e4 73 48 ef
12-17 20:00:19.335  5215  5215 D wpa_supplicant: WPA: Nonce2 - hexdump(len=32): 20 c0 9e d7 be 8a 7a 32 4d e7 25 c3 a9 2c d0 6d 7c 8b 31 fc a1 16 1c 5e 80 f5 e4 9c 74 ed 3e 9f
12-17 20:00:19.369  1795  2671 D HwWifiRoamingEngine: ENTER: notifyWifiRoamingCompleted()
12-17 20:00:19.373  1795  2671 D HwWifiCHRStateManager: Update AP_Ssid Huawei-Employee
12-17 20:01:32.281  1795  5219 E WifiMonitor: WifiMonitor:wlan0 cnt=31438 dispatchEvent: CTRL-EVENT-STATE-CHANGE id=0 state=0 BSSID=10:51:72:1f:f0:01 SSID=Huawei-Employee
12-17 20:01:32.289  1795  2671 D HwWifiStateMachine: isWifiProEvaluatingAP, connectedConfig = "Huawei-Employee", selectedConfig = null
12-17 20:01:32.332   633 31870 I SDK     : 
12-17 20:01:32.344  2852  2852 I SignalClusterView: mWifiVisible is:falsemWifiStrengthId is:2130839428mWifiDescription is:WLAN 连接已断开。
12-17 20:01:32.362   633 31870 I SDK     : 
12-17 20:01:32.364  1795  2733 I ipQos   : stopMonitor
12-17 20:01:32.389  1795  1805 D Tethering: upstreamIfaceTypes.add:1
12-17 20:01:32.401   633 31870 I SDK     : 
12-17 20:01:32.404   633 31870 I SDK     : 
12-17 20:01:32.417   633 31870 I SDK     : <2016-12-17 20:01:32> [WARN] SDK: UE-SeC 2016-12-17 20:1:32:417 Level[WARN] magic[3362781472 684]:PubEvt_Close Getting a socket[152] from the Socket-table Failed!
12-17 20:01:32.427   633 31870 I SDK     : <2016-12-17 20:01:32> [WARN] SDK: UE-SeC 2016-12-17 20:1:32:427 Level[WARN] magic[3362781472 684]:PubEvt_Close Getting a socket[218] from the Socket-table Failed!
12-17 20:01:32.454  3218 13114 D PhoneInterfaceManager: [PhoneIntfMgr] getDataEnabled: subId=0 phoneId=0
12-17 20:01:32.605  2883  2996 I HwSystemManager: ITrafficInfo:ITrafficInfo create 301updateBytes = 1769320345
12-17 20:01:32.629  2883  3125 I HwSystemManager: StartupResidentService:InnerHandler Message:7
12-17 20:01:32.641  2883  3125 I HwSystemManager: StartupResidentService:InnerHandler Message:7
12-17 20:01:32.672 21790 21790 I DataMigrateUtils: moveDataForNVersion isNVersion
