12-18 18:23:27.389  2852  2852 I HwSignalClusterView: getOrInflateState subId:0
12-18 18:23:29.882  2852  2852 W MonitorImpl: database changes while still querying, cancel last query com.huawei.keyguard.events.WeatherLocationMonitor@fc3b028
12-18 18:23:30.189  1046  1125 V audio_hw_primary: out_get_latency: Latency 8
12-18 18:23:31.571  3879  4071 I HwLauncher: Workspace updateCustomizeShortcuts view invalidate ShortcutInfo(title=微信)
12-18 18:23:31.630  1046  1125 D aud_dev_arbi: releaseOneDevice: not sending command, device argument (2) does not match any registered device
12-18 18:23:33.661 19907 19986 W beacon  : startQuery: query times arrive max, return!
12-18 18:23:34.340  1795  1807 I AwareLog: 18145,1000,5,13,800;10477,1001,6,6,906;11005,10007,5,18,902;10530,10016,5,18,906;18651,10146,6,5,200;18903,10146,6,6,904;19053,10146,6,6,902;18347,10020,6,6,800;19310,10017,6,6,900;
12-18 18:23:34.758  3858  4126 I amsnl   : t:false, fl: false, p: 2147483647000, ce: true, we: false
12-18 18:23:43.646  2852  2852 W CfgFilePolicy: CFG_DIRS length : 9
12-18 18:23:46.244  3218  3422 W PhoneInterfaceManager: shouldBlockLocation running ...
12-18 18:23:51.992  1795  1806 W ActivityManager: getRunningAppProcesses: caller 10146 does not hold REAL_GET_TASKS; limiting output
12-18 18:23:56.521  2852  3556 I NetworkController.MobileSignalController(0): onDataActivity: direction=0
12-18 18:24:20.353  2852  3556 I NetworkController.MobileSignalController(0): onDataActivity: direction=3
12-18 18:24:21.064  2852  2852 I NotificationContentView: transferRemoteInputFocus: 0
12-18 18:24:23.850  3879  4071 I HwLauncher: BadgeContentObserver  getBadgeNumber: 0 mComponentName :ComponentInfo{com.tencent.mm/com.tencent.mm.ui.LauncherUI}
12-18 18:24:30.610  1795  6985 I NotificationManager: onNotificationExpansionChanged called
12-18 18:24:39.132  1795  3225 E HsmCoreServiceImpl: onTransact in code is: 102
12-18 18:24:40.278  2852  2852 I NotificationContentView: transferRemoteInputFocus: 0
12-18 18:24:42.103  1795  3110 I ActivityManager_broadcast: Enqueueing ordered broadcast[background] BroadcastRecord{549adc9 u0 com.tencent.mm.plugin.openapi.Intent.ACTION_HANDLE_APP_REGISTER}: prev had 0
12-18 18:24:47.519  2852  2852 D HwCustMobileSignalControllerImpl: sub =0,strMccMnc =null,hashMccMnc =[],strPlmn =hw_hspap_show_4g
12-18 18:24:55.976  1795 17831 V SecInputMethodManagerService: Client requesting input be hidden, pid=4492
12-18 18:24:59.126  1795  3238 D PowerManagerService: ready=true,policy=3,wakefulness=1,wksummary=0x1,uasummary=0x1,bootcompleted=true,boostinprogress=false,waitmodeenable=false,mode=true,manual=33,auto=-1,adj=0.0userId=0
12-18 18:24:59.717  1795  2381 D libfingersense_wrapper: fingersense_touch_up() finished
12-18 18:25:08.998  1795  1795 I MQoS    : onSignal: mSubId=0,currDataSubID=0
12-18 18:25:17.963  3180  3332 I ScenarioAction: new ScenarioAction sPoolSize: 0
12-18 18:25:18.577  1795 11745 V InputMethodManagerService: Client requesting input be hidden, pid=4492
12-18 18:25:28.440  4492  4544 D 2DSDR   : APS: 2DSDR: CanvasContext::setSDRZoomout(), the SDR ratio from ViewRootImpl is 1.000000, native window width = 1080, height = 1920
12-18 18:25:29.583  2852  2852 I PhoneStatusBar: removeNotificationChildren
12-18 18:25:36.619  1795  3253 V InputMethodManagerService: Client requesting input be hidden, pid=4492
12-18 18:26:09.758  3218  3218 I QImsService: ImsServiceSubHandler : Message received: what = 27
12-18 18:26:29.377  2852  2852 I HwSignalClusterView: apply hwPhoneState.mSubId:0 anyMobileVisible:false mIsAirplaneMode:false, mobileGroupVisible=true
12-18 18:26:35.223  2852  3556 I NetworkController.MobileSignalController(0): onSignalStrengthsChanged signalStrength=SignalStrength: -1 0 -1 255 -1 255 -1 255 255 31 -74 -7 224 2147483647 2147483647 false gw|lte level=5 isSuspend=false levelOld=5,mSignalStrength level=5
12-18 18:26:48.636  2852  2852 D HwCustMobileSignalControllerImpl: isCurrentBySim()=false
12-18 18:26:50.878  1795 20929 D ProcessCleaner: [aware_mem] process cleaner success pid:20444,uid:10146,com.sankuai.meituan:dppushservice,[com.sankuai.meituan],mHasShownUi:false,base,class:6,5,6,5,adj:200 is killed
12-18 18:27:00.011  2852  2852 I HwDateUtils:  formatChinaDateTime equals.
12-18 18:27:04.101  3626  3626 E PTM.FileNodeInfo: getTempInfo error: null, 0
12-18 18:27:09.572  2852  2852 I NotificationGroupManager: summary = null
12-18 18:27:10.107  2852  3556 I NetworkController.MobileSignalController(0): onSignalStrengthsChanged signalStrength=SignalStrength: -1 0 -1 255 -1 255 -1 255 255 31 -70 -7 220 2147483647 2147483647 false gw|lte level=5 isSuspend=false levelOld=5,mSignalStrength level=5
12-18 18:27:10.338  1795  1809 D HwPhoneWindowManager: Transact:setSystemUIColor to status bar service
12-18 18:27:10.398  2852  2852 D HwRecentsLockUtils: search
12-18 18:27:19.827  1795  2380 D KeyEvent: obtain, mHwFlags=238422193
12-18 18:27:34.877  2852  2852 D HwCustMobileSignalControllerImpl: sub =0,strMccMnc =null,hashMccMnc =[],strPlmn =hw_show_4g
12-18 18:27:42.578  2852  2852 I HwPowerUI: doTemperatueWarning, health:2
12-18 18:27:46.558  2852  2852 I StatusBar: removeNotificationViews:0|com.sankuai.meituan|2147483647|null|10146
12-18 18:27:48.743  1795  2380 D PowerManagerService: userActivityNoUpdateLocked: eventTime=142263320, event=2, flags=0x0, uid=1000
12-18 18:28:01.262  1795  1795 I MQoS    : received cell-signal:1
12-18 18:28:13.214  2852  2852 I NotificationGroupManager: onEntryAdded:0|com.sankuai.meituan|2147483647|null|10146, group=0|com.sankuai.meituan|2147483647|null|10146
12-18 18:28:20.936  1795  6986 I DisplayManagerService: stopWifiDisplayScanLocked record.mWifiDisplayScanRequested=false
12-18 18:28:27.772 31949 31967 I ECS     : WatchThread{4786} TcpClient.connect(TcpClient.java:162) ==================== TCP CLIENT CONNECT [2] ====================
12-18 18:28:42.766  1795  5350 I MQoS    : QOS_level:4(4),use RTTLvl:4;RATLvl:5
12-18 18:28:44.432   533  3739 E ANDR-PERF-MPCTL: Invalid profile no. 0, total profiles 0 only
12-18 18:29:06.241   816 21664 D DnsProxyListener: GetAddrInfoHandler addr: catdot.dianping.com {317, 917821, 10146} 115.159.129.148
12-18 18:29:20.125  1795  2380 D PowerManagerService: userActivityNoUpdateLocked: eventTime=142354706, event=2, flags=0x0, uid=1000
12-18 18:29:53.711  2852  2852 I HwSignalClusterView: getOrInflateState subId:0
12-18 18:29:58.569  2852  2852 I HwNotificationIconAreaController: showNotificationAll
12-18 18:30:00.557  2852  2852 I StackScrollAlgorithm: updateClipping isOverlap:false
12-18 18:30:06.710  2852  2852 I HwPhoneStatusBar: updateNotificationShade
12-18 18:30:11.656  1795  1819 I InputDispatcher: InputDispatcher::monitor frozen check!
12-18 18:30:15.206  1795  1795 V NotificationService: disableEffects=null canInterrupt=false once update: false
12-18 18:30:15.288  2852  2852 I ActivatableNotificationView: setOverlap mOverlap:true, mDimmed:false
12-18 18:30:15.402  1795  1795 I NotificationManager: updateLightsLocked,mInCall =false,mScreenOn = true,ledNotification == null?true
12-18 18:30:22.866  2852  2852 D HwCustMobileSignalControllerImpl: isCurrentBySim()=false
12-18 18:30:22.867  2852  2852 I HwSignalClusterView: getOrInflateState subId:0
12-18 18:30:41.188  2852  2852 D HwPhoneStatusBar: No peeking: not allowed notification: 0|com.sankuai.meituan|2147483647|null|10146
12-18 18:30:55.034  2852  3556 D NetworkController.MobileSignalController(0): mSimSubId:0 onDataActivity: direction=3
12-18 18:30:56.334  1795 16500 D WindowManager: interceptKeyBeforeQueueing: key 4 , result : 1
12-18 18:30:58.284  2852  2852 D HwCust  : Create obj success use class android.app.HwCustNotificationImpl
12-18 18:31:15.174   802   802 E Thermal-daemon: [Thermal_Hw] temperature_filter: get invalid temperature, use old temp
12-18 18:31:15.210  1795  1808 I ActivityManager: Start proc 22340:com.sankuai.meituan:dppushservice/u0a146 for service com.sankuai.meituan/com.dianping.base.push.pushservice.dp.DPPushService
12-18 18:31:41.407  1795 15988 D PowerManagerService: ready=true,policy=3,wakefulness=1,wksummary=0x0,uasummary=0x1,bootcompleted=true,boostinprogress=false,waitmodeenable=false,mode=true,manual=33,auto=-1,adj=0.0userId=0
12-18 18:32:04.363   533  3739 E ANDR-PERF-MPCTL: Invalid profile no. 0, total profiles 0 only
12-18 18:32:06.788  2852  2852 D StatusBar: updateNotification(StatusBarNotification(pkg=com.sankuai.meituan user=UserHandle{0} id=2147483647 tag=null key=0|com.sankuai.meituan|2147483647|null|10146: Notification(pri=-2 contentView=null vibrate=null sound=null defaults=0x0 flags=0x62 color=0xff607d8b vis=PRIVATE)))
12-18 18:32:06.789  2852  2852 D StatusBar: applyInPlace=true shouldPeek=false alertAgain=true
12-18 18:32:06.822  2852  2852 I HwPhoneStatusBar: updateNotificationShade
12-18 18:32:14.498  2852  2852 D HwCustMobileSignalControllerImpl: isCurrentBySim()=false
12-18 18:32:14.752  2852  2852 I HwSignalClusterView: setMobileDataIndicatorsHuawei subId:0 visible:true strengthIcon:2130839311 typeIcon:2130839197 contentDescription:手机信号满格。 typeContentDescription:LTE isTypeIconWide:true showActivity:true activityIn:true activityOut:true isRoaming:false
12-18 18:32:19.192  2852  2852 D HwCustMobileSignalControllerImpl: sub =0,strMccMnc =null,hashMccMnc =[],strPlmn =hw_show_lte
12-18 18:32:19.279  3218 13036 I PhoneInterfaceManager: shouldBlockLocation  ret:false
12-18 18:32:30.261   802   802 E Thermal-daemon: [pa_0] temp_new :34  temp_old :33
12-18 18:32:39.086  3879  4071 I HwLauncher: WeatherDynamicUpdater update before : mDrawingData[2] = num0:96, 192, 0
12-18 18:32:40.602 22846 22846 D HwIntelligent3_BitmapUtil: bmp is null : false
12-18 18:32:40.943   835   835 E libteec : begin
12-18 18:32:41.470   835  2385 E libteec : begin
12-18 18:32:41.650  1795  1795 D HwConnectivityService: mIntentReceiver begin
12-18 18:32:41.721  2852  2852 D TimeKeeper: getTimeTickInfo:[mMillisUntilFinished:0, mHour:0, mMinute:0, mSecond:0]
12-18 18:32:46.261  1795  2778 E BatteryStatsService: no controller energy info supplied
12-18 18:32:57.461  1795  3111 D ActivityManager: getRecentTasks: num=1,flags=5,totalTasks=48
12-18 18:32:57.509  1795  2668 D WifiP2pService: P2pDisabledState{ when=0 what=143468 target=com.android.internal.util.StateMachine$SmHandler }
12-18 18:33:00.734 22846 22846 D HwIntelligent3_IntelligentReceiver: onReceive ,intent:Intent { act=com.android.systemui.statusbar.visible.change flg=0x10 cmp=com.huawei.intelligent/.main.receiver.IntelligentReceiver (has extras) }
12-18 18:33:00.817  3180  3578 I ThermalStateManager: handle action thermal policy:301
12-18 18:33:00.885  2852  2852 I StackScrollAlgorithm: updateDimmedActivatedHideSensitive overlap:false
12-18 18:33:01.781  5224  5283 I Step_HSNH: 20002302|upDateHealthNotification()|309|10.31|14439
12-18 18:33:19.810  2852  2852 D HwCustMobileSignalControllerImpl: sub =0,strMccMnc =null,hashMccMnc =[],strPlmn =hw_show_lte
12-18 18:33:19.814  3382  3399 I SendBroadcastPermission: action:qualcomm.intent.action.ACTION_RAC_CHANGED, mPermissionType:0
12-18 18:33:47.916  1795  2323 E UsbDeviceManager: java.io.FileNotFoundException: sys/class/hw_power/charger/charge_data/water_intrused (No such file or directory)
12-18 18:34:15.674  1795  1819 D NetworkManagement: notifyInterfaceClassActivity: client is com.android.server.connectivity.Vpn$2@e40aefb
12-18 18:34:45.458  1795  2323 D HwBatteryService: onUEvent fcpStatus = 0,scpStatus =0,ovpStatus=0
12-18 18:34:45.544  3218  3218 D HwCust  : Create obj success use class com.android.settings.deviceinfo.HwCustStatusImpl
12-18 18:35:03.691  2852  2852 D HwCust  : Create obj success use class android.app.HwCustNotificationImpl
12-18 18:35:04.549  1795  2778 D PowerManagerService: Acquiring suspend blocker "PowerManagerService.WakeLocks".
12-18 18:35:22.902  3858  4126 I amsnl   : c: true, w: false, t: false, l: false
12-18 18:35:23.849  1795 16232 D PowerManagerService: ready=true,policy=0,wakefulness=0,wksummary=0x1,uasummary=0x0,bootcompleted=true,boostinprogress=false,waitmodeenable=false,mode=true,manual=33,auto=-1,adj=0.0userId=0
12-18 18:35:23.867  2852  2852 D NetWorkUtils: mVSimCurCardType is -1
12-18 18:35:42.052  1795  2323 E UsbDeviceManager: 	at com.android.server.usb.UsbDeviceManager$2.onUEvent(UsbDeviceManager.java:328)
12-18 18:35:42.055  3626  3626 E PTM.FileNodeInfo: getTempInfo error: null, 0
12-18 18:38:01.192  1795 15988 D PowerManagerService: acquire lock=213739095, flags=0x1, tag="RILJ_ACK_WL", name=com.android.phone, ws=null, uid=1001, pid=3218
12-18 18:38:01.272  2852  2852 I SignalClusterView: applyIconTint ignore
12-18 18:40:37.944  3180  3578 I ash     : Proxy wakelock uid = 10102 pid = 11429
12-18 18:40:38.593  1795  3110 I HwActivityManagerService: Split enqueueing broadcast [callerApp]:ProcessRecord{24cdca7 3218:com.android.phone/1001}
12-18 18:40:38.626  1795 17831 I SendBroadcastPermission: action:android.intent.action.SIG_STR, mPermissionType:0
12-18 18:41:02.377   633 31870 I SDK     : <2016-12-18 18:41:02> [WARN] SDK: UE-SeC 2016-12-18 18:41:2:377 Level[WARN] magic[3362781472 684]:PubEvt_Close Getting a socket[169] from the Socket-table Failed!
12-18 18:41:46.625  7194  7208 W PushLog2824: 	at com.huawei.android.bastet.HwBastet.prepareHeartbeatProxy(HwBastet.java:366)
12-18 18:42:07.032  1795  6985 D PowerManagerService: acquire lock=213739095, flags=0x1, tag="RILJ_ACK_WL", name=com.android.phone, ws=null, uid=1001, pid=3218
12-18 18:43:04.091  1795 16232 D PowerManagerService: ready=true,policy=0,wakefulness=0,wksummary=0x1,uasummary=0x0,bootcompleted=true,boostinprogress=false,waitmodeenable=false,mode=true,manual=33,auto=-1,adj=0.0userId=0
12-18 18:43:13.041  1795  2778 D PowerManagerService: ready=true,policy=0,wakefulness=0,wksummary=0x1,uasummary=0x0,bootcompleted=true,boostinprogress=false,waitmodeenable=false,mode=true,manual=33,auto=-1,adj=0.0userId=0
12-18 18:46:03.992  1795  1806 I PGManagerService: proxyWakeLockByPidUid, pid: 11429, uid: 10102, proxy: false
12-18 18:47:06.862  1795 11745 I AwareLog: AwareUserHabit: getMostFrequentUsedApp is called
12-18 18:47:06.867  2852  2852 I TrafficPanelViewContent: onShowStatusChange show:false
12-18 18:47:12.264  1795  2323 E UsbDeviceManager: 	at java.io.FileInputStream.<init>(FileInputStream.java:146)
12-18 18:47:12.264  1795  2323 E UsbDeviceManager: 	at android.os.FileUtils.readTextFile(FileUtils.java:267)
12-18 18:47:47.765  1795  1819 D NetdConnector: RCV unsolicited event from native daemon, event = 613 IfaceClass idle 0 526606485825248
12-18 18:49:53.335  1795  1819 D NetdConnector: RCV unsolicited event from native daemon, event = 613 IfaceClass idle 0 526732055467069
12-18 18:50:25.548  1795  3253 I NotificationManager: enqueueNotificationInternal: pkg=com.huawei.health id=10010 notification=Notification(pri=0 contentView=null vibrate=null sound=null defaults=0x0 flags=0x2 color=0x00000000 vis=PRIVATE)
12-18 18:50:25.557  2852  2852 I StatusBar: onNotificationPosted: StatusBarNotification(pkg=com.huawei.health user=UserHandle{0} id=10010 tag=null key=0|com.huawei.health|10010|null|10099: Notification(pri=0 contentView=null vibrate=null sound=null defaults=0x0 flags=0x62 color=0x00000000 vis=PRIVATE)) important=2, post=1482058225549, when=1481531589202, vis=0, userid=0
12-18 18:50:32.480  3218  3375 I SendBroadcastPermission: action:com.huawei.android.intent.action.RAC_CHANGED, mPermissionType:0
12-18 18:50:57.246  1795  2323 E UsbDeviceManager: 	at android.os.UEventObserver$UEventThread.sendEvent(UEventObserver.java:210)
12-18 18:51:10.695  1795  2323 E UsbDeviceManager: 	at com.android.server.usb.UsbDeviceManager$2.onUEvent(UsbDeviceManager.java:328)
12-18 18:52:05.600  2852  2852 I StackScrollAlgorithm: updateClipping isOverlap:false
12-18 18:52:11.475  1795 16501 D PowerManagerService: release:lock=84772245, flg=0x0, tag="eventloop", name=android", ws=null, uid=1000, pid=7194
12-18 18:57:21.175  1795 17831 D PowerManagerService: Acquiring suspend blocker "PowerManagerService.WakeLocks".
12-18 18:57:21.851  1795  3110 D PowerManagerService: ready=true,policy=0,wakefulness=0,wksummary=0x1,uasummary=0x0,bootcompleted=true,boostinprogress=false,waitmodeenable=false,mode=true,manual=33,auto=-1,adj=0.0userId=0
12-18 19:01:05.640  2852  2852 I EventCenter: EventCenter Get :android.intent.action.TIME_TICK
12-18 19:01:07.545  1795  3111 D PowerManagerService: ready=true,policy=0,wakefulness=0,wksummary=0x1,uasummary=0x0,bootcompleted=true,boostinprogress=false,waitmodeenable=false,mode=true,manual=33,auto=-1,adj=0.0userId=0
12-18 19:01:10.385   633 31869 I SDK     : <2016-12-18 19:01:10> [NOTICE] SDK: UE-SeC 2016-12-18 19:1:10:385 Level[NOTICE] magic[3367250208 2316]:Send register tunnel request msg ok!
12-18 19:01:10.906   633 23973 I SDK     : <2016-12-18 19:01:10> [NOTICE] SDK: UE-SeC 2016-12-18 19:1:10:906 Level[NOTICE] magic[2057894176 6458]:FSM_Tool_TreatFolderEncEx => [START]: pcFileName [anyofficeuserorgcode] 
12-18 19:01:10.965   633 31870 I SDK     : <2016-12-18 19:01:10> [WARN] SDK: UE-SeC 2016-12-18 19:1:10:965 Level[WARN] magic[3362781472 684]:PubEvt_Close Getting a socket[23] from the Socket-table Failed!
12-18 19:01:11.003   633 31870 I SDK     : 
12-18 19:01:11.003   633 31870 I SDK     : 
12-18 19:01:14.005  1795  2323 E UsbDeviceManager: 	at android.os.FileUtils.readTextFile(FileUtils.java:267)
12-18 19:01:27.595   802   802 E Thermal-daemon: [Thermal_Hw] temperature_valid, battery : temperature is invalid, invalid temperatrue is 31
12-18 19:01:39.764  1795  1819 D NetworkManagement: notifyInterfaceClassActivity: client is com.android.server.ConnectivityService$1@e0f099c
12-18 19:01:45.162  1795  2323 E UsbDeviceManager: 	at java.io.FileInputStream.<init>(FileInputStream.java:146)
12-18 19:01:57.403  3382  3382 D QcrilMsgTunnelIfaceManager: handleMessage what = 0
12-18 19:02:12.391  1795  6988 D PowerManagerService: Releasing suspend blocker "PowerManagerService.WakeLocks".
12-18 19:02:13.611  2852  2852 D HwCustMobileSignalControllerImpl: sub =0,strMccMnc =null,hashMccMnc =[],strPlmn =hw_show_4_5G_for_mcc
12-18 19:02:35.554  2852  2852 I HwSignalClusterView: setMobileDataIndicatorsHuawei subId:0 visible:true strengthIcon:2130839311 typeIcon:2130839195 contentDescription:手机信号满格。 typeContentDescription:4G isTypeIconWide:true showActivity:true activityIn:false activityOut:false isRoaming:false
12-18 19:06:03.200  1795  1795 I MQoS    : onDataConn: mSubId=0,state=0,networkType=13
12-18 19:06:03.422  3218  3218 E HW-JPEG-DEC: [HME_JPEG_DEC_Delete](3298): HME_JPEG_DEC_Delete: decoder_ctx=null
12-18 19:06:04.393  2883  3125 I HwSystemManager: StartupResidentService:InnerHandler Message:7
12-18 19:16:30.321  3168  3307 E         : come into oem_qmi_common_stream_from_modem_len --->modem 
12-18 19:16:41.389   818  1152 I logserver: handle_exception_events enter
12-18 19:16:41.421   818  1089 I iMonitor: create: 902500004
12-18 19:16:41.422   818  1089 I iMonitor: create: 902500004
12-18 19:22:03.360  2883  3847 I HwSystemManager: RemainingTimeSceneHelper:invalid condition, do not update time scene.
12-18 19:22:03.395  3180  3578 I ash     : proxy app:com.huawei.espacev2,uid:10102,result:true
12-18 19:25:13.647  1795  2750 D PowerManagerService: Setting HAL auto-suspend mode to false
12-18 19:25:13.745  3626  3770 I LSC_902500001: process buffer and get message
12-18 19:25:14.037  3180  3578 I ash     : Unfreeze com.android.gallery3d OK !
12-18 19:25:14.098  1795  2691 D HwConnectivityService: [tiger]setBastetFilterInfo action 3pid 1000
12-18 19:25:14.284 10477 22921 I CloudAlbum[5.0.0.322]: [ReceiverManager] ReceiverManager action: android.intent.action.SCREEN_ON
12-18 19:25:14.846  1795 24338 E FpDataCollector: STATS_UNLOCK_FILE doesn't exist!
12-18 19:25:14.945  7741  7741 V Mms_TX_SysEvent: wakeUpService: start transaction service ...
12-18 19:25:15.321  3180  3578 I ash     : Connectivity Change to notify im app: com.huawei.espacev2
12-18 19:25:15.821  1795  3237 I ActivityManager_service: retrieveServiceLocked, callerApp: ProcessRecord{bc1cd93 25067:com.huawei.betaclub/1000}, flags: 10000400
12-18 19:25:15.828 25067 24477 D BetaClub: [DisposeLogUploadProgress.dispose] exception is not null
12-18 19:25:16.494   633 31870 I SDK     : <2016-12-18 19:25:16> [WARN] SDK: UE-SeC 2016-12-18 19:25:16:494 Level[WARN] magic[3362781472 684]:PubEvt_Close Getting a socket[10] from the Socket-table Failed!
12-18 19:25:16.902 24511 24527 E SQLiteDatabase: 	at android.os.Looper.loop(Looper.java:156)
12-18 19:25:16.951 24511 24530 D NetworkSecurityConfig: No Network Security Config specified, using platform default
12-18 19:25:17.284 24533 24550 I System.out: [ls, -l, /system/priv-app/HwSystemManager/HwSystemManager.apk]
12-18 19:25:17.568   633 24505 I SDK     : <2016-12-18 19:25:17> [NOTICE] SDK: UE-SeC 2016-12-18 19:25:17:568 Level[NOTICE] magic[2048252192 2400]:SetRegisterAuthID : create tunnel service type is sdk
12-18 19:25:17.575   633 24505 I SDK     : <2016-12-18 19:25:17> [NOTICE] SDK: UE-SeC 2016-12-18 19:25:17:575 Level[NOTICE] magic[2048252192 542]:L4VPN Create Tunnel!
12-18 19:25:17.788  3879  3879 I TotemWeather: WidgetDataManager:colorType : 3
12-18 19:25:18.019  3180 24349 I PGServer: report state:5 event type:1 pid:0 uid:10105 pkg:null to pid: 1795
12-18 19:25:18.019  3180 24349 I DownloadState: @@@@@@@@@@@@ uid :10102 download :true
12-18 19:25:18.220   633 24622 I SDK     : 
12-18 19:25:18.461  4492  4492 I HwResourcesImpl: icon : com.baidu.input_huawei found in app
12-18 19:25:18.942  1795  1825 D HwGradualBrightnessAlgo: AutoMode=true,Target=1647,Current=627,amount=16.871561,duration=1.0
12-18 19:25:22.636  5224  5283 I Step_ExtendStepDataManager: 20002302|before compensate: cache step_14585
12-18 19:25:23.285  2852  2852 I HwSignalClusterView: setMobileDataIndicatorsHuawei subId:0 visible:true strengthIcon:2130839311 typeIcon:2130839197 contentDescription:手机信号满格。 typeContentDescription:LTE isTypeIconWide:true showActivity:true activityIn:false activityOut:true isRoaming:false
12-18 19:25:25.628  1795 15988 I ActivityManager_service: New app record ProcessRecord{1204f9e 24652:com.huawei.camera/u0a20} thread=android.os.BinderProxy@5383a7f pid=24652 procname=com.huawei.camera
12-18 19:25:29.351  2852  2852 I ToggleSlider:  mSeekListener onProgressChanged progress:2898 fromUser:false
12-18 19:25:29.608  5224  5283 I Step_ExtendStepDataManager: 20002302|before compensate: cache step_14596
12-18 19:25:31.216  1795  2750 D HW_DISPLAY_EFFECT: presently, hw_update_color_temp_for_rg_led interface not achieved.
12-18 19:25:31.747  2852  2852 I StackScrollAlgorithm: updateClipping isOverlap:false
12-18 19:25:32.102  4492  4492 D KeyEvent: obtain, mHwFlags=3
12-18 19:25:32.871  4492  4492 V AudioManager: isSpeakerphoneOn...
12-18 19:25:33.317  2852  2852 D NetWorkUtils: mVSimCurCardType is -1
12-18 19:25:35.164  1046  1125 V audio_hw_primary: out_get_latency: Latency 8
12-18 19:25:35.646  2852  2852 I vol.VolumeDialog: VolumeDialogController.Callbacks onScreenOff
12-18 19:25:42.399  1795 11745 D PowerManagerService: ready=true,policy=0,wakefulness=0,wksummary=0x1,uasummary=0x0,bootcompleted=true,boostinprogress=false,waitmodeenable=false,mode=true,manual=33,auto=-1,adj=0.0userId=0
12-18 19:26:36.249  3382  3399 D QcrilMsgTunnelSocket: readRilMessage: Buffer = [B@204bb9f HexData = [010000000404000011000000514f454d484f4f4bfa0308000100000000]
12-18 19:26:36.299  1795  1819 D NetworkManagement: notifyInterfaceClassActivity: client is android.net.INetworkManagementEventObserver$Stub$Proxy@c0acf8b
12-18 19:27:22.444  1795  2323 E UsbDeviceManager: 	at java.io.FileInputStream.open(Native Method)
12-18 19:27:22.658  5224  5283 I Step_ExtendStepDataManager: 20002302|before compensate: cache step_14801
12-18 19:28:07.944  1795  2376 W AlarmManager: mIsScreenOn is: false, WAKEUP alarm trigger action = ALARM_ACTION(23480) package name is: com.tencent.mm
12-18 19:28:08.050  1795 16499 D PowerManagerService: ready=true,policy=0,wakefulness=0,wksummary=0x1,uasummary=0x0,bootcompleted=true,boostinprogress=false,waitmodeenable=false,mode=true,manual=33,auto=-1,adj=0.0userId=0
12-18 19:28:17.388  1795  2323 E UsbDeviceManager: 	at java.io.FileInputStream.open(Native Method)
12-18 19:32:14.199  1795  2323 E UsbDeviceManager: java.io.FileNotFoundException: sys/class/hw_power/charger/charge_data/water_intrused (No such file or directory)
12-18 19:33:09.208   633 31870 I SDK     : <2016-12-18 19:33:09> [WARN] SDK: UE-SeC 2016-12-18 19:33:9:208 Level[WARN] magic[3362781472 684]:PubEvt_Close Getting a socket[12] from the Socket-table Failed!
12-18 19:33:48.293  1795  1819 D NetworkManagement: notifyInterfaceClassActivity: client is com.android.server.net.NetworkStatsService$6@5d6efc
12-18 19:33:48.578  5224  5283 I Step_SharedPerferenceUtils: 20002302| getTodayTotalDetailSteps from Prefence success and todaySendorSteps= 1482060660000##15265##185992##0##0##529268510
12-18 19:33:48.772  2852  2852 I StatusBarIconView: updateTint: tint=0
12-18 19:35:17.434  7194 24413 I PushLog2824: [SocketRead_19:25:15-15513]total connect Time:601951 process quit, so close socket(android/null:-1)
12-18 19:35:23.028  2852  2852 D StatusBar: applyInPlace=true shouldPeek=false alertAgain=true
12-18 19:35:27.850  1795  3249 D PowerManagerService: ready=true,policy=0,wakefulness=0,wksummary=0x1,uasummary=0x0,bootcompleted=true,boostinprogress=false,waitmodeenable=false,mode=true,manual=33,auto=-1,adj=0.0userId=0
12-18 19:35:44.165  1795  1806 D PowerManagerService: ready=true,policy=0,wakefulness=0,wksummary=0x1,uasummary=0x0,bootcompleted=true,boostinprogress=false,waitmodeenable=false,mode=true,manual=33,auto=-1,adj=0.0userId=0
12-18 19:37:21.813  2852  2852 I TrafficPanelManager: hideTraffic
12-18 19:41:03.088  1795  2376 I HwActivityManagerService: keyAppBroadcastQueueForIntent intent Intent { act=com.tencent.mm.TrafficStatsReceiver flg=0x14 (has extras) } on bgkeyapp queue
12-18 19:41:04.880  5224  5283 I Step_DataCache: 20002302|getTodayTotalSteps 16005
12-18 19:41:05.326  1795  3111 I AlarmManager: remove(PendingIntent{6c048f5: PendingIntentRecord{6bec239 com.tencent.mm broadcastIntent}}) changed bounds; rebatching
12-18 19:43:02.658   633   692 I ECS     : Heartbeat timer.timers{7317} SimpleThread.onDeath_i(SimpleThread.java:133) thread end
12-18 19:43:19.886  1795  2323 E UsbDeviceManager: java.io.FileNotFoundException: sys/class/hw_power/charger/charge_data/water_intrused (No such file or directory)
12-18 19:43:44.103  2852  2852 I EventCenter: EventCenter Get :android.com.huawei.bone.NOTIFY_SPORT_DATA
12-18 19:43:54.579  1795  1805 D PowerManagerService: ready=true,policy=0,wakefulness=0,wksummary=0x1,uasummary=0x0,bootcompleted=true,boostinprogress=false,waitmodeenable=false,mode=true,manual=33,auto=-1,adj=0.0userId=0
12-18 19:43:54.615  5224  5283 I SendBroadcastPermission: action:android.com.huawei.bone.NOTIFY_SPORT_DATA, mPermissionType:0
12-18 19:44:03.307  3218  3218 E QtiImsExtUtils: getConfigForPhoneId phoneId is invalid
12-18 19:44:03.311  3382  3399 D QcrilMsgTunnelSocket: Rcvd UNSOL response with 28 bytes data for SUB0
12-18 19:44:18.741  1795  6985 D PowerManagerService: ready=true,policy=0,wakefulness=0,wksummary=0x1,uasummary=0x0,bootcompleted=true,boostinprogress=false,waitmodeenable=false,mode=true,manual=33,auto=-1,adj=0.0userId=0
12-18 19:44:22.717  3382  3399 D QcrilMsgTunnelSocket: Rac Change (PDC) data: [-1, -1]
12-18 19:44:55.898  1795  2323 E UsbDeviceManager: 	at android.os.UEventObserver$UEventThread.sendEvent(UEventObserver.java:210)
12-18 19:44:57.135  2852  2852 I HwMobileSignalController: notifyListenerHuawei::origin typeIcon:2130839197 icons.mName:4GPLUS isSuspend:false, showDataIcon=true, dataConnected=true, isRoaming=false
12-18 19:45:15.141   633   692 I TCP     : 	at com.huawei.ecs.mip.proxy.TcpSocket.connect(TcpSocket.java:57)
12-18 19:45:16.406  2852  2852 D HwCustMobileSignalControllerImpl: sub =0,strMccMnc =null,hashMccMnc =[],strPlmn =hw_hspap_show_4g
12-18 19:45:20.261  2852  2852 I StatusBar: onNotificationPosted: StatusBarNotification(pkg=com.huawei.health user=UserHandle{0} id=10010 tag=null key=0|com.huawei.health|10010|null|10099: Notification(pri=0 contentView=null vibrate=null sound=null defaults=0x0 flags=0x62 color=0x00000000 vis=PRIVATE)) important=2, post=1482061520257, when=1481531589202, vis=0, userid=0
12-18 19:45:21.675  2852  2852 D NetWorkUtils: is3GCalling is false,mCdmaSlot is -1
12-18 19:45:25.471  3382  3399 D QcrilMsgTunnelSocket: Broadcasting intent ACTION_RAC_CHANGED
12-18 19:45:36.121  1795  2323 E UsbDeviceManager: 	at android.os.UEventObserver$UEventThread.run(UEventObserver.java:187)
12-18 19:45:36.140  1795  2665 D NetdConnector: RCV <- {613 IfaceClass active 0 530074864313167 10105}
12-18 19:45:36.327  5224  5283 I Step_LSC: 20002302|MSG_RECORD_DATA_TO_FILE datas.size()=9826
12-18 19:47:23.842  7194  7208 W PushLog2824: [ReceiverDispatcher-336]init bastet error(android/null:-1)
12-18 19:47:23.851  7194  7208 I PushLog2824: [ReceiverDispatcher-336]read to Send:DA(android/null:-1)
12-18 19:47:29.077  1795  2323 D HwBatteryService: onUEvent fcpStatus = 0,scpStatus =0,ovpStatus=0
12-18 19:47:30.714  3180  3578 I ash     : Proxy wakelock uid = 10105 pid = 23480
12-18 19:47:31.640  1795  1795 V NotificationService: disableEffects=null canInterrupt=false once update: false
12-18 19:47:40.654  2852  2852 I TrafficPanelManager: hideTraffic
12-18 19:49:13.205  2852  2852 D KeyguardViewMediator: handleKeyguardDone
12-18 19:49:13.208  2852  2852 W StatusBarWindowManager: Apply window without WALLPAPER
12-18 19:49:13.358  1046  1125 D ACDB-LOADER: ACDB -> ACDB_CMD_GET_AUDPROC_COMMON_TABLE
12-18 19:49:13.482  1795  2371 E LightSensor: read Events lux:  3.0
12-18 19:49:15.371   633 31870 I SDK     : 
12-18 19:49:16.082  1795  1805 I NotificationManager: enqueueNotificationInternal: pkg=com.huawei.health id=10010 notification=Notification(pri=0 contentView=null vibrate=null sound=null defaults=0x0 flags=0x2 color=0x00000000 vis=PRIVATE)
12-18 19:49:17.211   633 25625 I SDK     : 
12-18 19:49:21.104  2852  2852 I StackScrollAlgorithm: updateDimmedActivatedHideSensitive overlap:false
12-18 19:49:21.928  7741  7741 D Mms_View: ConversationListFragment @229191197  lifecycle onResume
12-18 19:49:25.726  1795  1809 I WindowManager: Application requested orientation -1, got rotation 0 which has compatible metrics
12-18 19:49:26.321  3608  3608 D InCall  : CallList - onUpdateCall
12-18 19:49:26.360  3608  3608 D InCall  : StatusBarNotifier - cancelInCall()...
12-18 19:49:26.464  3608  3608 D InCall  : CallButtonFragment - showSpeakerphoneOnIcon: false
12-18 19:49:26.565  1046  1046 D audio_hw_primary: check_usecases_capture_codec_backend:becf: force routing 0
12-18 19:49:29.464   633 31870 I SDK     : 
12-18 19:49:29.486   633 31870 I SDK     : 
12-18 19:49:29.522  1795  3253 D PowerManagerService: ready=true,policy=0,wakefulness=0,wksummary=0x11,uasummary=0x0,bootcompleted=true,boostinprogress=false,waitmodeenable=false,mode=true,manual=33,auto=-1,adj=0.0userId=0
12-18 19:49:29.914  1795  1795 I SendBroadcastPermission: action:android.intent.action.SCREEN_ON, mPermissionType:0
12-18 19:49:32.029  3626  3770 I LSC_903001010: process buffer and get message
12-18 19:49:32.845  5224  5283 I Step_ExtendStepDataManager: 20002302|compensate 24701029 94
12-18 19:49:34.931  3218  3218 V Telephony: TelephonyConnection: Update state from DIALING to ALERTING for [TelephonyConnection objId:149241627 telecomCallID:TC@16 type:gsm state:DIALING capabilities:[Capabilities: CAPABILITY_SUPPORT_HOLD CAPABILITY_MUTE CAPABILITY_CANNOT_DOWNGRADE_VIDEO_TO_AUDIO] properties:[Properties:] address:xxxxxxxxxxxxxxxxxxxx originalConnection: callId: TC@16 incoming: false state: ALERTING post dial state: NOT_STARTED partOfConf:N]
12-18 19:49:35.128  1795 15987 D PowerManagerService: release:lock=201325275, flg=0x0, tag="RILJ_ACK_WL", name=com.android.phone", ws=null, uid=1001, pid=3218
12-18 19:49:35.807  1795  2377 I AwareLog: AwareMem_EventTracker: [APP_ACTIVITY_FINISH_142853225] is abandoned for memory 824152
12-18 19:49:36.250   835  2385 I fpc_tac : fpc_tac_send_get_indices_cmd indices:0x7f9860c000, index_count:1
12-18 19:49:37.209  2852  2852 I TintManager: updateBarBgColor:emuiStyle=1,statusBarColor=#00000000,navigationBarColor=#00000000, isEmuiLight=1
12-18 19:49:37.539  1795  1825 I PowerManager_screenOn: DisplayPowerStatesetColorFadeLevel: level=1.0
12-18 19:49:37.888  1795  1795 I WindowManger_keyguard: onFinishedGoingToSleep(6)
12-18 19:49:37.920   835   835 D fpc_fingerprint_hal: fpc_get_authenticator_id id 14657234628792947271
12-18 19:49:38.058  3180  3578 I ScreenLockClean: call busy and not start clean apps.
12-18 19:49:40.037  2852  2852 I StatusBarIconView: updateTint: tint=0
12-18 19:49:42.425  3608  3608 I InCall  : StatusBarNotifier - isTopIsFullscreen = true--isTopIsFullscreenInput()--false
12-18 19:49:47.886  2852  2852 D StatusBar: updateNotification(StatusBarNotification(pkg=com.huawei.health user=UserHandle{0} id=10010 tag=null key=0|com.huawei.health|10010|null|10099: Notification(pri=0 contentView=null vibrate=null sound=null defaults=0x0 flags=0x62 color=0x00000000 vis=PRIVATE)))
12-18 19:49:49.085  1795  2326 W HwFingerprintService: framework setLivenessSwitch is ok ---end
12-18 19:49:49.801  1795  1821 I WindowManger_keyguard: Setting mDismissKeyguard true by win Window{e6a6b5e u0 com.android.incallui/com.android.incallui.InCallActivity}
12-18 19:49:50.278  7741  7758 D TmoMonitor: Cache monitor msg as screen_off
12-18 19:49:50.415  2883  2996 E HwSystemManager: NormalTrafficAnalysis:alert byte = 0, so return
12-18 19:49:50.612  2852  2852 I PhoneStatusBar: removeNotificationChildren
12-18 19:49:50.805  2883  2996 I HwSystemManager: TafficState:default sub id = 0slotIndex = 0 subscriptionId = 0
12-18 19:49:50.858  3626  3626 I iMonitor: send: 903001010
12-18 19:49:51.098  5224  5283 I SendBroadcastPermission: action:android.com.huawei.bone.NOTIFY_SPORT_DATA, mPermissionType:0
12-18 19:49:52.032  2852  2852 I HwNotificationIconAreaController: showNotificationAll
12-18 19:49:52.238  1795  1809 I WindowManager: MyOrientationListener: updateRotation.
12-18 19:49:53.767  1795  2381 D KeyEvent: obtain, mHwFlags=1
12-18 19:49:53.832  1046  1125 V msm8916_platform: platform_get_output_snd_device: exit: snd_device(voice-handset)
12-18 19:49:54.042   606  2379 E libteec : QSEECom_send_cmd return!
12-18 19:49:54.044  2852  2852 I EventCenter: EventCenter Get :android.com.huawei.bone.NOTIFY_SPORT_DATA
12-18 19:49:54.817   835  2385 E libteec : receive data len = 192
12-18 19:49:54.818  3608  3608 D InCall  : InCallPresenter - onCallListChange oldState= NO_CALLS newState=NO_CALLS
12-18 19:49:55.264   606  2379 E libteec : receive data len = 192
12-18 19:49:55.444   633   692 I eSpaceService: msg.recv{4490} TupHelper.configSip(TupHelper.java:975) getLocalIp = 10.22.97.61
12-18 19:49:55.971   835  2385 E libteec : begin
12-18 19:49:56.483   835  2385 E libteec : begin
12-18 19:49:56.527   606  2379 E libteec : send data return = 192
12-18 19:49:56.619   835  2385 E libteec : receive data len = 192
12-18 19:49:56.687   835  2385 E libteec : begin
12-18 19:49:56.808   606  2379 E libteec : qsc_send_cmd finish
12-18 19:49:56.869   606  2379 E libteec : QSEECom_send_cmd return!
12-18 19:49:57.106   606  2379 E libteec : QSEECom_send_cmd return!
12-18 19:49:57.504   835  2385 E libteec : begin
12-18 19:49:57.825   835  2385 E libteec : qsc_decode end
12-18 19:49:57.868   835  2385 E libteec : begin
12-18 19:49:57.981   606  2379 E libteec : send data return = 192
12-18 19:49:58.000   835  2385 E libteec : begin
12-18 19:49:58.885   633 31868 I SDK     : 
12-18 19:49:58.886   633 31870 I SDK     : <2016-12-18 19:49:58> [WARN] SDK: UE-SeC 2016-12-18 19:49:58:886 Level[WARN] magic[3362781472 684]:PubEvt_Close Getting a socket[1] from the Socket-table Failed!
12-18 19:49:58.889   633 31870 I SDK     : 
12-18 19:49:58.904   633 31870 I SDK     : 
12-18 19:49:58.915   633 31870 I SDK     : <2016-12-18 19:49:58> [WARN] SDK: UE-SeC 2016-12-18 19:49:58:915 Level[WARN] magic[3362781472 684]:PubEvt_Close Getting a socket[182] from the Socket-table Failed!
