12-17 19:31:36.777  1795  1795 I qti_sensors_hal: 0x66, 0xca, 0x3c, 0x3e
12-17 19:31:36.822   606  2379 E libteec : send data return = 128
12-17 19:31:36.823   835  2385 E libteec : qsc_decode end
12-17 19:31:36.832  1795  2671 D PowerManagerService: ready=true,policy=0,wakefulness=0,wksummary=0x11,uasummary=0x0,bootcompleted=true,boostinprogress=false,waitmodeenable=false,mode=true,manual=33,auto=-1,adj=0.0userId=0
12-17 19:31:36.861   835  2385 E libteec : qsc_decode end
12-17 19:31:37.932  1795  1825 I PowerManager_screenOn: DisplayPowerController Blocking screen on until initial contents have been drawn.
12-17 19:31:38.247  1795  1795 I DeviceIdleController: becomeActiveLocked, reason = screen
12-17 19:31:38.248  3608  3608 D HwCust  : Create obj success use class com.android.incallui.HwCustAnswerPresenterImpl
12-17 19:31:38.266  1795  3121 D PowerManagerService: Acquiring suspend blocker "PowerManagerService.WakeLocks".
12-17 19:31:38.294  2852  2852 I SignalClusterView: mWifiVisible is:truemWifiStrengthId is:2130839427mWifiDescription is:WLAN 信号强度满格。
12-17 19:31:38.413  5224  5283 I Step_HSNH: 20002302|rebuild notification
12-17 19:31:40.257  2852  2852 D StatusBar: No peeking: unimportant notification: 0|com.android.incallui|2|null|1001
12-17 19:31:40.273   835   835 D fpc_fingerprint_hal: fpc_get_authenticator_id
12-17 19:31:40.308   835  2385 E libteec : begin
12-17 19:31:40.395  2883  2996 I HwSystemManager: ITrafficInfo:ITrafficInfo create 301updateBytes = 1769320345
12-17 19:31:41.286  1795  1825 D AutomaticBrightnessController: updateAutoBrightness: mScreenAutoBrightness=16, newScreenAutoBrightness=42
12-17 19:31:41.582  1795  1825 D Sensors : bh1745-light calling driver disable
12-17 19:31:41.835  1795  1795 D DeviceIdleController: scheduleLightAlarmLocked(300000)
12-17 19:31:42.060  1795  1825 D AutomaticBrightnessController: ambient lux=15.0,timeStamp =442838423364000
12-17 19:31:42.061  1795  1825 D HwNormalizedSpline: write:userId=0,mPosBrightness =0.0,mOffsetBrightness_last=26.8,mIsUserChange=false,mDeltaNew=0.0,mStartLuxDefaultBrightness=26.8mLastLuxDefaultBrightness=26.8,mAmLux=15.0
12-17 19:31:42.061  1795  1825 I PowerManager_screenOn: DisplayPowerController updatePowerState mPendingRequestLocked=policy=BRIGHT, useProximitySensor=true, useProximitySensorbyPhone=true, screenBrightness=33, screenAutoBrightnessAdjustment=0.0, brightnessSetByUser=true, useAutoBrightness=true, blockScreenOn=false, lowPowerMode=false, boostScreenBrightness=false, dozeScreenBrightness=-1, dozeScreenState=UNKNOWN, useTwilight=false, useSmartBacklight=true, brightnessWaitMode=false, brightnessWaitRet=true, screenAutoBrightness=-1, userId=0
12-17 19:31:42.225  2852  2852 D MagazineDetailView: resetPagerState
12-17 19:31:42.259  1795  2665 D NetdConnector: RCV <- {200 11595 Tethering stats list completed}
12-17 19:31:42.365  2852  2852 I NotificationGroupManager: summary = null
12-17 19:31:42.383  1795  3121 D PowerManagerService: ready=false,policy=3,wakefulness=1,wksummary=0x10,uasummary=0x1,bootcompleted=true,boostinprogress=false,waitmodeenable=false,mode=true,manual=33,auto=-1,adj=0.0userId=0
12-17 19:31:42.396  1795  1825 I PowerManager_screenOn: DisplayPowerController updatePowerState mPendingRequestLocked=policy=BRIGHT, useProximitySensor=true, useProximitySensorbyPhone=true, screenBrightness=33, screenAutoBrightnessAdjustment=0.0, brightnessSetByUser=true, useAutoBrightness=true, blockScreenOn=false, lowPowerMode=false, boostScreenBrightness=false, dozeScreenBrightness=-1, dozeScreenState=UNKNOWN, useTwilight=false, useSmartBacklight=true, brightnessWaitMode=false, brightnessWaitRet=true, screenAutoBrightness=-1, userId=0
12-17 19:31:42.635  2852  2852 I StatusBar: onNotificationPosted: StatusBarNotification(pkg=com.huawei.health user=UserHandle{0} id=10010 tag=null key=0|com.huawei.health|10010|null|10099: Notification(pri=0 contentView=null vibrate=null sound=null defaults=0x0 flags=0x62 color=0x00000000 vis=PRIVATE)) important=2, post=1481974302630, when=1481531589202, vis=0, userid=0
12-17 19:31:43.003  3608  3608 E WindowManagerEx: ret: 0
12-17 19:31:43.021  1795  3121 I ActivityManager_activity: Moving to PAUSED: ActivityRecord{b46dc67 u0 com.android.incallui/.InCallActivity t310} (pause complete)
12-17 19:31:43.060  1795  1806 I qti_sensors_hal: batch:sensor(android.sensor.accelerometer) sample_rate=14.999925Hz report_rate_f=0.000000Hz curr sample rate:14.999925 cur rpt rate:0 max:400.000000 min:1.000000
12-17 19:31:43.255  1795  1795 D DeviceIdleController: Moved from LIGHT_STATE_ACTIVE to LIGHT_STATE_INACTIVE
12-17 19:31:43.311  1795  1795 I NotificationManager: updateLightsLocked,mInCall =true,mScreenOn = false,ledNotification == null?true
12-17 19:31:43.331  2852  2852 I StackScroller: generateAddAnimation:null, false
12-17 19:31:43.339  5215  5215 D wpa_supplicant: CTRL-DEBUG: global_ctrl_sock-sendto: sock=16 sndbuf=229376 outq=0 send_len=3
12-17 19:31:43.348  2852  2852 W HwPhoneStatusBar: mNotifyStateChangedReceiver do nothing
12-17 19:31:44.680   835  2385 E libteec : qsc_decode end
12-17 19:31:45.026  1795  1795 I DeviceIdleController: becomeActiveLocked, reason = screen
12-17 19:31:45.070  1795  1825 I PowerManager_screenOn: DisplayPowerController updatePowerState mPendingRequestLocked=policy=BRIGHT, useProximitySensor=true, useProximitySensorbyPhone=true, screenBrightness=33, screenAutoBrightnessAdjustment=0.0, brightnessSetByUser=true, useAutoBrightness=true, blockScreenOn=false, lowPowerMode=false, boostScreenBrightness=false, dozeScreenBrightness=-1, dozeScreenState=UNKNOWN, useTwilight=false, useSmartBacklight=true, brightnessWaitMode=false, brightnessWaitRet=true, screenAutoBrightness=-1, userId=0
12-17 19:31:45.127  3608  3608 I ActivityManager_activity: Reporting idle of ActivityRecord{fd45985 token=android.os.BinderProxy@af8ea9b {com.android.incallui/com.android.incallui.InCallActivity}} finished=false
12-17 19:31:45.151  1795  1795 I qti_sensors_hal: batch,376,handle 0, timeout:0 ,period_ns:200000000
12-17 19:31:45.231  2852  2852 I HwBrightnessUtils:  getSeekBarProgress isAutoMode:true current brightness:24 percentage:0.24526884
12-17 19:31:45.255   606  2379 E libteec : send data return = 128
12-17 19:31:45.841   612   612 I SDM     : HWCDisplay::SetPowerMode: display = 0, mode = 0
12-17 19:31:46.218  5215  5215 E wpa_supplicant: bssid=80:38:bc:0b:29:61;freq=2412;level=-54;flags=11;ssid=Huawei-Employee;
12-17 19:31:50.442  1795  1825 I PowerManager_screenOn: PowerManagerNotifier onWakeUp: event=android.server.power:POWER, reasonUid=1000 opPackageName=android opUid=1000
12-17 19:31:50.474  1795  2671 D WifiStateMachine:  DriverStartedState CMD_SCREEN_STATE_CHANGED  rt=123023646/442846837 1 0
12-17 19:31:50.577  1795  2750 I PowerManager_screenOn: DisplayPowerState Updating screen state: state=ON, backlight=0
12-17 19:31:51.121   835  2385 E libteec : begin
12-17 19:31:51.384  1795  1808 I ActivityManager_broadcast: dispatch ordered broadcast [foreground] BroadcastRecord{ee357ac u-1 android.intent.action.SCREEN_ON}, has 57 receivers
12-17 19:31:51.442  1795  3077 I GnssLocationProvider: updateLowPowerMode,isPowerSaveMode:falseisInteractive:true
12-17 19:31:51.542  2852  2852 I PhoneStatusBar: updateNotificationShade
12-17 19:31:51.626  2852  2914 I HwMobileSignalController: updateSignalStrength: signalStrength=SignalStrength: -67 0 -1 255 -1 255 -1 255 255 99 2147483647 2147483647 2147483647 2147483647 2147483647 false gw|lte
12-17 19:31:52.088  1795  2750 D PowerManagerService: Setting HAL interactive mode to false
12-17 19:31:52.144  1795  2736 E hwintelligencewifi:  DefaultState MSG_SCREEN_OFF mIsAutoOpenSearch = false
12-17 19:31:52.166  1795  3077 I GnssLocationProvider: updateLowPowerMode,isPowerSaveMode:falseisInteractive:false
12-17 19:31:55.531  1795  2708 D HwPFWLogger: PFW.HwPFWAppRestartPolicy:receive action = android.intent.action.SCREEN_ON
12-17 19:31:55.888 31949 31967 I TCP     : WatchThread{4786} TcpSocket.close(TcpSocket.java:158) shutdown output: java.net.SocketException: Socket is closed
12-17 19:31:55.898  3858  4126 I amsnl   : c: true, w: true, t: false, l: false
12-17 19:31:56.165  1795  1825 D HwNormalizedRampAnimator: bright trace:600/123029201,611/123029217,623/123029233,635/123029250,646/123029266,658/123029283,670/123029314,
12-17 19:31:56.275  5215  5215 E wpa_supplicant: bssid=80:38:bc:0a:f4:60;freq=2472;level=-95;flags=11;ssid=wlanaccessv2.0;
12-17 19:31:56.316  1795  2332 I qti_sensors_hal: [ACC]processReportInd: X: 4.310056 Y: 8.583487 Z: 0.725303  x_offset:0.160831 y_offset:0.184366 z_offset:0.985027
12-17 19:31:56.428  2852  2852 I QSContainer: updateQsState:false
12-17 19:31:56.496  1795  2671 D WifiStateMachine:  ConnectModeState CMD_SET_SUSPEND_OPT_ENABLED  rt=123029668/442852859 1 0
12-17 19:31:56.851  1795  1795 I MQoS    : rtt=250,tcp_tx_pkts=1480287,tcp_rx_pkts=1768498
12-17 19:31:56.853  1795  2739 D HuaweiWifiWatchdogStateMachine: mRssiBadCount =0, RSSI not bad.
12-17 19:31:57.669  2852  2865 I art     : Background partial concurrent mark sweep GC freed 20750(1477KB) AllocSpace objects, 4(208KB) LOS objects, 12% free, 55MB/63MB, paused 3.078ms total 109.744ms
12-17 19:31:57.810  1795 16232 I Security_fingerprint: FingerprintService cancelAuthentication
12-17 19:31:57.820  2852  2852 W KeyguardUpdateMonitor: onAuthenticationAcquired Fingerprint should stoped.2
12-17 19:31:57.901  2883  2883 D HwKeyguardManagerImpl: isLockScreenDisabled HwKeyguardManagerImpl result = false
12-17 19:31:58.396  1795  1825 D AutomaticBrightnessController: ambient lux=15.0,timeStamp =442854758916000
12-17 19:31:58.406  2852  2852 I EventCenter: EventCenter Get :android.com.huawei.bone.NOTIFY_SPORT_DATA
12-17 19:32:01.189  1795  1795 I TrafficMonitor: gettimer:interval=2000
12-17 19:32:01.431  1795  2750 I QTI PowerHAL: Got set_interactive hint
12-17 19:32:01.579  3180  3578 I ScreenLockClean: call busy and not start clean apps.
12-17 19:32:05.819  2852  2866 W AppHandler: sendMessage 14
12-17 19:32:05.937  2852  2866 D KeyguardViewMediator: notifyScreenOn
12-17 19:32:06.185  2852  2852 I StackScrollAlgorithm: overlapAmount:763.6, previousNotificationEnd:607.0, newYTranslation:-156.59998, location:2, i:1, getTopPadding:499.0, getLocationOnScreen():-36
12-17 19:32:06.359  2852  2852 I NotificationGroupManager: onEntryAdded:0|com.huawei.health|10010|null|10099, group=0|com.huawei.health|10010|null|10099
12-17 19:32:06.414  5215  5215 D wpa_supplicant: 80:38:bc:08:42:e0 freq=2472 qual=0 noise=-89~ level=-54 snr=35* flags=0xb age=0 est=65000
12-17 19:32:06.421 31949 31967 I ECS     : WatchThread{4786} TcpClient.clearAll(TcpClient.java:240) ==================== TCP CLIENT CLEAR ALL ====================
12-17 19:32:07.196  1795  1795 I TrafficMonitor: start expired. level:-1
12-17 19:32:07.876  1795 17831 I qti_sensors_hal: batch:load_acc_oeminf_data x_offset:0.160831 y_offset:0.184366 z_offset:0.985027
12-17 19:32:08.096  1795  1795 D HwKeyguardManagerImpl: isLockScreenDisabled HwKeyguardManagerImpl result = false
12-17 19:32:08.149  1795  6986 I SendBroadcastPermission: action:com.android.server.action.NETWORK_STATS_UPDATED, mPermissionType:0
12-17 19:32:08.150   835  2385 D fpc_fingerprint_hal: fpc poll irq interupt
12-17 19:32:08.196   835  2385 E libteec : receive data len = 192
12-17 19:32:23.297  3626  3626 E PTM.FileNodeInfo: getTempInfo error: null, 0
12-17 19:32:23.783  5215  5215 D wpa_supplicant: Beacon IEs - hexdump(len=194): 00 0f 48 75 61 77 65 69 2d 45 6d 70 6c 6f 79 65 65 01 08 82 84 0b 16 0c 12 18 24 03 01 01 05 04 ...
12-17 19:32:23.814  5224  5283 I Step_LSC: 20002302|REPORT : 4186 89506 2985 0
12-17 19:32:25.468  5224  5283 I Step_ExtendStepDataManager: 20002302|before compensate: cache step_4187
12-17 19:32:25.573  1795  1795 V NotificationService: disableEffects=null canInterrupt=false once update: false
12-17 19:32:26.879  2852  2852 I BackgrounCallingLayout: simCount:2 phoneState:2
12-17 19:32:27.066  3180  3578 I ash     : Unpending com.android.browser alarm OK !
12-17 19:32:27.488  3782 20362 V AudioManager: isWiredHeadsetOn...
12-17 19:32:29.738  1795  2396 D wifiserviceimpl: netmask =16580607
12-17 19:32:29.788  2852  2852 V KeyguardStatusView: Enable transport text marquee
12-17 19:32:29.810   835  2385 D fpc_fingerprint_hal: worker idle
12-17 19:32:29.838   835  2385 E libteec : begin
12-17 19:32:30.150  1795 16500 D PowerManagerService: Acquiring suspend blocker "PowerManagerService.WakeLocks".
12-17 19:32:30.619  1795  1825 I PowerManager_screenOn: DisplayPowerController updatePowerState mPendingRequestLocked=policy=OFF, useProximitySensor=true, useProximitySensorbyPhone=true, screenBrightness=33, screenAutoBrightnessAdjustment=0.0, brightnessSetByUser=true, useAutoBrightness=true, blockScreenOn=false, lowPowerMode=false, boostScreenBrightness=false, dozeScreenBrightness=-1, dozeScreenState=UNKNOWN, useTwilight=false, useSmartBacklight=true, brightnessWaitMode=false, brightnessWaitRet=true, screenAutoBrightness=-1, userId=0
12-17 19:32:30.651  2852  2852 I BarTransitions.HwPhoneStatusBarView: transitionTo: mode=MODE_OPAQUE, animate=false
12-17 19:32:30.716   606  2379 E libteec : receive data len = 128
12-17 19:32:59.900  2852  2852 W KeyguardUpdateMonitor: ChargingSpeed  Wattage: -1 ST: 5000000 --> 7500000
12-17 19:32:59.906  3218  3218 E QtiImsExtUtils: getImsPhoneId failed. Exception = org.codeaurora.ims.QtiImsException: ImsService is not running
12-17 19:32:59.912  2852  2852 I HwPowerUI: doTemperatueWarning, health:2
12-17 19:33:00.106  1795  2371 E LightSensor: read Events lux: 21.0
12-17 19:33:00.235  1795  1795 I WindowManger_keyguard: onStartedWakingUp()
12-17 19:33:00.267   835  2385 E libteec : begin
12-17 19:33:00.312  3218  3218 E HW-JPEG-DEC: [HME_JPEG_DEC_Delete](3298): HME_JPEG_DEC_Delete: decoder_ctx=null
12-17 19:33:00.779  1795  1795 E qti_sensors_hal: Final value: x_offset=0.160831, y_offset=0.184366, z_offset=0.985027
12-17 19:33:00.895  5215  5215 D wpa_supplicant: CTRL_IFACE monitor sent successfully to /data/misc/wifi/sockets/wpa_ctrl_1795-194\x00
12-17 19:33:00.896  5215  5215 D wpa_supplicant: Add randomness: count=853 entropy=456
12-17 19:33:00.896  5215  5215 D wpa_supplicant: random pool - hexdump(len=128): [REMOVED]
12-17 19:33:01.133  3626  3626 I iMonitor: send: 903001010
12-17 19:33:01.957  1795  1795 I HwScreenOnProximityLock: preparePoriximityView addView 
12-17 19:33:02.018  1795  1795 I DeviceIdleController: becomeActiveLocked, reason = screen
12-17 19:33:02.035  2852  2852 I PanelView: closeQs
12-17 19:33:02.186  2883  2996 E HwSystemManager: SimCardMethod:/getSimCardInfo: imsi is null
12-17 19:33:02.419  1795  1795 E qti_sensors_hal: read from oem info: data_valid_flag=0x55
12-17 19:33:02.482  2852  2852 I StackScroller: generateAddAnimation:null, false
12-17 19:33:02.540  2852  2852 I StackScrollAlgorithm: updateDimmedActivatedHideSensitive overlap:true
12-17 19:33:03.525   835   835 D fpc_fingerprint_hal: fpc_cancel
12-17 19:33:03.552  1795  1809 I qti_sensors_hal: read from oem info: data_readback
12-17 19:33:03.963  3608  3608 I InCall  : GlowPadAnswerFragment - showVideoAnswerButtonfalsefalse
12-17 19:33:04.200  2852  2852 I PanelView: closeQs
12-17 19:33:04.209  1795  1795 I qti_sensors_hal: batch,376,handle 0, timeout:0 ,period_ns:200000000
12-17 19:33:10.505  1795  1795 I WindowManger_keyguard: Setting mDismissKeyguard true by win Window{e6a6b5e u0 com.android.incallui/com.android.incallui.InCallActivity}
12-17 19:33:11.088  2852  2852 D BarTransitions.HwPhoneStatusBarView: MODE_TRANSPARENT -> MODE_TRANSLUCENT animate=false
12-17 19:33:11.094  1795  1808 I ActivityManager_broadcast: dispatch ordered broadcast [background] BroadcastRecord{208a159 u-1 android.net.wifi.SCAN_RESULTS}, has 1 receivers
12-17 19:33:11.178  1795  2326 W HwFingerprintService: framework setLivenessSwitch is ok ---end
12-17 19:33:11.207   835  2385 D fpc_fingerprint_hal: worker idle
12-17 19:33:11.244   835  2385 E libteec : begin
12-17 19:33:13.532  1046  1046 D audio_hw_extn: audio_extn_set_anc_parameters: anc_enabled:0
12-17 19:33:13.539  3608  3608 D InCall  : StatusBarNotifier - updateInCallNotification: timer cleared
12-17 19:33:13.566  1795  2736 E hwintelligencewifi: getCurrentCellid type type = PHONE_TYPE_GSM
12-17 19:33:13.673  1795  1825 D HwAmbientLuxFilterAlgo: updateAmbientLux: Initializing: mAmbientLightRingBuffer=[13.0 / 1ms], mAmbientLux=13.0
12-17 19:33:13.673  1795  1825 D HwAmbientLuxFilterAlgo: earliestValidTime + POWER_ON_BRIGHTENING_LIGHT_DEBOUNCE
12-17 19:33:13.904  1795  1795 I ActivityManager_activity: Start pausing: ActivityRecord{b46dc67 u0 com.android.incallui/.InCallActivity t310}
12-17 19:33:13.950  3608  3608 D InCall  : ProximitySensor - Turning on proximity sensor
12-17 19:33:13.952  1795 11746 I ActivityManager_activity: Moving to PAUSED: ActivityRecord{b46dc67 u0 com.android.incallui/.InCallActivity t310} (pause complete)
12-17 19:33:13.959   832  1840 E Parcel  : Reading a NULL string not supported here.
12-17 19:33:14.199  2852  3344 W AppHandler: sendMessage 15
12-17 19:33:14.259  2852  2852 W CameraLayout: Cameralayout setVisibility. true false  2
12-17 19:33:14.338  3180  3578 I ash     : Default InputMethod : com.baidu.input_huawei
12-17 19:33:42.135  3626  3626 E PTM.FileNodeInfo: getTempInfo error: null, 0
12-17 19:33:42.137  1795  1825 D FpDataCollector: DisplayPowerState :ON
12-17 19:33:42.186  1795  1825 I WindowManger_keyguard: Setting mDismissKeyguard true by win Window{e6a6b5e u0 com.android.incallui/com.android.incallui.InCallActivity}
12-17 19:33:42.230   835  2385 E libteec : qsc_decode end
12-17 19:33:42.520  1046  1046 V msm8916_platform: platform_set_parameters: enter: - screen_state=on
12-17 19:33:42.703  1795  1806 I AlarmManager: set(PendingIntent{d7b11bf: PendingIntentRecord{7f86237 com.huawei.espacev2 broadcastIntent}}) : type=0 triggerAtTime=1481974722702 win=0 tElapsed=443259065 maxElapsed=443259065 interval=300000 flags=0x1
12-17 19:33:42.758  5215  5215 D wpa_supplicant: random_mix_pool - hexdump(len=5): [REMOVED]
12-17 19:33:43.347  1795  1795 D DeviceIdleController: Moved from LIGHT_STATE_ACTIVE to LIGHT_STATE_INACTIVE
12-17 19:34:55.879  1795  2326 V FingerprintService: Done with client: com.android.systemui
12-17 19:34:56.140  5215  5215 D wpa_supplicant: wlan0: Control interface command 'SIGNAL_POLL'
12-17 19:34:56.220  3168  3168 I CHR_TelStatusListenr: onPreciseCallStateChanged: iDisconnectCause = 2, iPreciseDiscCause = 16, on sub: 1
12-17 19:34:56.255  1795 15988 I Telecom : CallLogManager: callFeatures is 0: CSW.sD@EsU
12-17 19:34:56.292  1795 15988 D HwPFWLogger: AutoStartupDataMgr:isUnderControll third party not in whitelist: com.autonavi.minimap
12-17 19:34:56.293  1795 15988 D HwPFWLogger: AutoStartupDataMgr:retrieveStartupSettings type 0 of com.sina.weibo is 0
12-17 19:34:56.293  1795 15988 I HwActivityManagerService: Split enqueueing broadcast [callerApp]:ProcessRecord{34bf34f 0:system/1000}
12-17 19:34:56.300   835  2386 D fpc_fingerprint_hal: ldh run_socket_server() str=0
12-17 19:34:56.386  1046  1125 D voice_extn: update_calls: cur_state=1 new_state=1 vsid=10803000
12-17 19:34:56.395  5215  5215 D wpa_supplicant: CTRL_IFACE monitor sent successfully to /data/misc/wifi/sockets/wpa_ctrl_1795-194\x00
12-17 19:34:56.404  5215  5215 E wpa_supplicant: bssid=80:38:bc:0b:29:60;freq=2412;level=-78;flags=11;ssid=wlanaccessv2.0;
12-17 19:34:56.441  1795  2671 V HwWifiServiceFactory: get AllImpl object = com.android.server.wifi.HwWifiServiceFactoryImpl@c332618
12-17 19:34:56.736  2852  3556 I NetworkController.MobileSignalController(0): onServiceStateChanged voiceState=0 dataState=1 isSuspend=false voiceStateOld=0 dataStateOld=1
12-17 19:34:56.852  3180  3578 I ash     :  ignore audio app: com.tencent.mm stop delta time:29805564
12-17 19:34:56.853  2852  2852 I vol.VolumeDialog: VolumeDialogController.Callbacks onStateChanged
12-17 19:34:57.668  2852  2914 I HwMobileSignalController: subId:0 phoneType:1 networktype:13 targetClass:3 masterLevel:5 slaveLevel:-1
12-17 19:34:57.823  1795  1795 I MQoS    : mSubId=0,voiceState:0,dataState:0
12-17 19:34:57.918  3168 20586 D HwRepairHelper: query() sql:select * from 'CHREventType' where EVENTTYPE = 'NOT_RESUME'
12-17 19:34:58.729  2852  2852 I PhoneStatusBar: cancelAutohide
12-17 19:34:59.614  3180 19270 I PGServer: report state:5 event type:1 pid:0 uid:10028 pkg:null to pid: 1795
12-17 19:35:04.478  1795  2739 D HuaweiWifiWatchdogStateMachine: 80:38:bc:08:42:c1 current loss[-58]=0%, volume=70
12-17 19:35:09.337  1795  1825 D DisplayPowerController: Unfinished business...
12-17 19:35:09.855  5224  5224 I Step_LSC: 20002302|compensate received
12-17 19:35:09.995  5224  5283 I Step_DataCache: 20002302|getTodayTotalSteps 4248
12-17 19:35:09.996  5224  5283 I Step_ExtendStepDataManager: 20002302|before compensate: cache step_4248
12-17 19:35:10.941  1795  2750 D HW_DISPLAY_EFFECT: presently, hw_update_color_temp_for_rg_led interface not achieved.
12-17 19:35:11.291  2852  2852 I HwBrightnessUtils: APS brightness=19.0,ConvertToPercentage=0.20904124
12-17 19:35:11.578  3858  4126 I amsnl   : m1: false
12-17 19:35:11.595  1795  3225 W ActivityManager: getRunningAppProcesses: caller 10009 does not hold REAL_GET_TASKS; limiting output
12-17 19:35:11.856  2852  2852 I HwBrightnessController: onChange selfChange:false uri.toString():content://settings/system/screen_auto_brightness mIsObserveAutoBrightnessChange:true
12-17 19:35:12.085  1795  2750 D HW_DISPLAY_EFFECT: presently, hw_update_color_temp_for_rg_led interface not achieved.
12-17 19:35:14.131  1795 20747 I HwActivityManagerService: keyAppBroadcastQueueForIntent intent Intent { act=com.tencent.mm.ui.ACTION_ACTIVE flg=0x10 (has extras) } on bgkeyapp queue
12-17 19:35:15.185  2852  2852 I HwBrightnessController: updateSlider1 seekBarProgress:1256
12-17 19:35:15.661  2852  2852 I HwBrightnessController: onChange selfChange:false uri.toString():content://settings/system/screen_auto_brightness mIsObserveAutoBrightnessChange:true
12-17 19:35:15.968  2852  2852 I NotificationContentView: transferRemoteInputFocus: 0
12-17 19:35:16.397  1795  2728 E HwCHRWifiRSSIGroupSummery: updateTcpSummery mRSSI:-44  HwCHRWifiRSSIGroup [rssi_index=4, rtt_tcp_packets=94, rtt_tcp_duration=834, rtt_lan_duration=205, rtt_lan_failures=0, rtt_lan_succ=6, rtt_lan_max=124, rtt_lan_min=14,same_area_frequency=0,adjacent_area_frequency=0]
12-17 19:35:16.501  5215  5215 D wpa_supplicant: random_mix_pool - hexdump(len=5): [REMOVED]
12-17 19:35:25.865  2852  2852 D TintTextView: #B3FFFFFF com.android.systemui.time.HwStatusBarClock{dbc7fa6 V.ED..... ........ 294,0-441,72 #7f1401c9 app:id/clock}
12-17 19:35:25.916  1795 16501 D ActivityManager: getRecentTasks: topActivity=ComponentInfo{com.tencent.mm/com.tencent.mm.ui.LauncherUI}
12-17 19:35:26.993  2852  2852 D NetWorkUtils: mVSimCurCardType is -1
12-17 19:35:28.340  2852  2914 I HwMobileSignalController: updateSignalStrength: signalStrength=SignalStrength: -1 0 -1 255 -1 255 -1 255 255 30 -76 -7 300 2147483647 2147483647 false gw|lte
12-17 19:35:30.630  2852  2852 I BadgedIconHelper: isCloneProcess = false
12-17 19:35:31.442  1795  2728 E HwCHRWebMonitor: HwCHRWifiUIDWebSpeed [appName=com.huawei.espacev2 UID=10102  WEBSENDSEGS=0  WEBRESENDSEGS=0  WEBRECVSEGS=0  WEBERRSEGS=0  WEBOUTRSTS=0  WEBESTABLISRST=0  WEBRTTDURATION=0  WEBRTTSEGS=0  WEBSNDDUPACKS=0  suckTimes=0 recovage_times=0]
12-17 19:35:37.700  3879  3879 I HwLauncher: UnreadContentObserver onChange() : className=com.huawei.android.launcher.NewEspaceMessageContentObserver
12-17 19:35:38.296   814   814 I MediaPlayerService: MediaPlayerService::Client::setDataSource local file://?FileDescriptor=13&Offset=0&Length=20362&Path=/data/system_de/0/ringtones
12-17 19:35:48.463  2852  2852 I StackScrollAlgorithm: state.clipTopAmount:501, i:1
12-17 19:35:48.653  3879  3879 I HwLauncher: Launcher.Folder childCount: 2
12-17 19:35:52.526  1795  1795 I MQoS    : rtt=80,tcp_tx_pkts=1480359,tcp_rx_pkts=1768563
12-17 19:35:53.498  5215  5215 D wpa_supplicant: wlan0: Control interface command 'SIGNAL_POLL'
12-17 19:35:55.768  2852  2852 D KGWallpaper_Magazine: getNextIndex: 1; from 5 to 6; size: 44
12-17 19:35:55.828  1795  1825 I PowerManager_screenOn: DisplayPowerStatesetColorFadeLevel: level=0.41661572
12-17 19:35:56.330  5215  5215 D wpa_supplicant: Add randomness: count=906 entropy=509
12-17 19:36:02.451  2852  2852 V KeyguardUpdateMonitor: setKeyguardViewState: true-false
12-17 19:36:02.503  1795  3225 D PowerManagerService: ready=true,policy=0,wakefulness=0,wksummary=0x0,uasummary=0x0,bootcompleted=true,boostinprogress=false,waitmodeenable=false,mode=true,manual=33,auto=-1,adj=0.0userId=0
12-17 19:36:02.555  2852  2852 D MagazineDetailView: resetPagerState
12-17 19:36:03.548  1795  3110 D HwBroadcastQueue: cleanupDisabledPackageReceiversLocked for userId 0
12-17 19:36:03.815  1795 20786 D PFW.HwPFWAppRestartPolicy: proc: com.tencent.mm:push launch 1times, lastTimes = 1
12-17 19:36:56.001  1795  2665 D NetdConnector: RCV <- {613 IfaceClass idle 1 443115094567860}
12-17 19:36:56.075  7194  7208 W PushLog2824: 	at android.os.Handler.handleCallback(Handler.java:755)
12-17 19:37:25.651  1795  2323 E UsbDeviceManager: Error reading charge file
12-17 19:37:25.917  1795 11746 D PowerManagerService: acquire lock=9380311, flags=0x1, tag="WakerLock:188385320", name=com.tencent.mm, ws=null, uid=10105, pid=4634
12-17 19:37:26.043  4492  4492 V AudioManager: getStreamVolume  treamType: 5
12-17 19:37:26.128  2852  2852 I NotificationGroupManager: onEntryUpdated:0|com.tencent.mm|4097|null|10105
12-17 19:37:26.164  2852  2852 W PanelView: set notification panel padding = 1668
12-17 19:40:23.331  1795  2778 D PowerManagerService: ready=false,policy=3,wakefulness=1,wksummary=0x1,uasummary=0x1,bootcompleted=true,boostinprogress=false,waitmodeenable=true,mode=true,manual=33,auto=-1,adj=0.0userId=0
12-17 19:40:23.766  3218  7071 W PhoneInterfaceManager: shouldBlockLocation running ...
12-17 19:40:24.101   633 20834 I SDK     : <2016-12-17 19:40:24> [NOTICE] SDK: UE-SeC 2016-12-17 19:40:24:101 Level[NOTICE] magic[2540620064 982]:svn_gethostbyname_withtimeout: parse url <login.huawei.com> cost 200 ip<640287498>
12-17 19:40:24.879  2852  2852 D TintManager: statusBarIconTint=#B3FFFFFF,navigationBarIconTint=#FF000000
12-17 19:40:25.742  1795  2380 D PowerManagerService: userActivityNoUpdateLocked: eventTime=123164284, event=2, flags=0x0, uid=1000
12-17 19:40:25.886   633   692 I TCP     : msg.recv{4490} TcpSocket.close(TcpSocket.java:170) shutdown input: java.net.SocketException: Socket is closed
12-17 19:40:25.971   633   692 I ECS     : LoginThread{6121} XmlMsg.encodeBuf(XmlMsg.java:215) SEND 656 bytes [16]_00_00_02_8C_00_03_01_01_01_05_87_46_EC_D5_32_80 cmdCode(CC_Login.0x0101)msgType(MT_ARG.1)msgClass(MC_PersonalInformation.1)sender(ST_Mobile.0)crypted(true)zipped(false)nobase64(true)length(652)version(3)sno(8746)
12-17 19:40:26.743  1795  3253 I AlarmManager: remove(PendingIntent{6c5088f: PendingIntentRecord{7f86237 com.huawei.espacev2 broadcastIntent}}) changed bounds; rebatching
12-17 19:40:28.198  1795  2380 I TransactionSponsor: Transact:getHwAdminCachedValue to device policy manager service.
12-17 19:40:28.287  1795  2380 D KeyEvent: obtain, mHwFlags=1874117200
12-17 19:40:29.460  1795  3111 D ActivityManager: Skipping, withExcluded: false, tr.intent:Intent { act=android.intent.action.VIEW dat=file:///storage/emulated/0/tencent/TMAssistantSDK/Download/com.tencent.mm/1a41cb224d6d4b020176381a7c790891 typ=application/vnd.android.package-archive flg=0x10800000 cmp=com.android.packageinstaller/.PackageInstallerActivity (has extras) }
12-17 19:40:30.706  3858  4126 I amsnl   : csr
12-17 19:40:31.012  2852  3328 I KeyguardViewMediator: onStartedGoingToSleep(2) Lock : true reset: false
12-17 19:40:31.074  1795  1825 I PowerManager_screenOn: DisplayPowerStatesetColorFadeLevel: level=0.8852566
12-17 19:40:31.096   606  2379 E libteec : send data return = 128
12-17 19:40:31.210  1795  2750 I PowerManager_screenOn: DisplayPowerState Updating screen state: state=ON, backlight=0
12-17 19:40:31.516  1795  2728 D HWMultiGW: setGateWay 10.33.8.1
12-17 19:42:05.451  1795  2323 E UsbDeviceManager: java.io.FileNotFoundException: sys/class/hw_power/charger/charge_data/water_intrused (No such file or directory)
12-17 19:42:08.252  1795  2323 E UsbDeviceManager: 	at android.os.FileUtils.readTextFile(FileUtils.java:267)
12-17 19:42:24.045  3858  4126 I amsnl   : c: true, w: false, t: false, l: false
12-17 19:42:27.914   633 31868 I SDK     : <2016-12-17 19:42:27> [NOTICE] SDK: UE-SeC 2016-12-17 19:42:27:914 Level[NOTICE] magic[3365677344 1541]:FSM_Tool_Tree_Enc_Path =>Access [/mnt/sdcard/sandbox/AnyOfficeSDK/sdk/QDJ7lEGuRlJb2r2mqrSExBTDjN4QhUgEPVptBL0HnX4=] real path  ok 
12-17 19:42:43.389 20894 20910 I ChinaUploader: key: nsp-file-size
12-17 19:42:45.593 20894 20910 E StateMachine: finished lstUploadInfo.size()0
12-17 19:43:15.854   816  1562 W SocketListener: sending broadcast to Pid = 1795, Uid = 1000 
12-17 19:44:55.945   802   802 E ThermalBinder: mThermalService is NULL!
12-17 19:45:27.750  1795  2323 D HwBatteryService: onUEvent fcpStatus = 0,scpStatus =0,ovpStatus=0
12-17 19:45:27.765  3626  3626 E PTM.FileNodeInfo: getTempInfo error: null, 0
12-17 19:45:27.798 31949 31985 I PushService: connect :true
12-17 19:45:28.071  1795  2323 E UsbDeviceManager: Error reading charge file
12-17 19:45:28.071  1795  2323 E UsbDeviceManager: 	at java.io.FileInputStream.open(Native Method)
12-17 19:47:16.469   633   692 I TCP     : tcp.recv{4488} TcpSocket.close(TcpSocket.java:170) shutdown input: java.net.SocketException: Socket is closed
12-17 19:47:16.482   633 31870 I SDK     : 
12-17 19:47:16.482   633 31870 I SDK     : 
12-17 19:47:16.484   633 31870 I SDK     : <2016-12-17 19:47:16> [WARN] SDK: UE-SeC 2016-12-17 19:47:16:483 Level[WARN] magic[3362781472 684]:PubEvt_Close Getting a socket[17] from the Socket-table Failed!
12-17 19:47:16.486   633 31870 I SDK     : 
12-17 19:47:16.496   633 31870 I SDK     : 
12-17 19:47:16.497   633 31870 I SDK     : <2016-12-17 19:47:16> [WARN] SDK: UE-SeC 2016-12-17 19:47:16:497 Level[WARN] magic[3362781472 684]:PubEvt_Close Getting a socket[80] from the Socket-table Failed!
12-17 19:50:31.251  2852  2852 W AppHandler: sendMessage 4
12-17 19:51:04.482  2852  2852 I TimeManager: act:android.intent.action.TIME_TICK  flag:1342177300 FLAG_IS_FIRST_POWER_OFF_ALARM=false android.intent.extra.ALARM_COUNT=1 
12-17 19:52:46.147   597   597 I rmt_storage: rmt_storage_disconnect_cb: clnt_h=0x129 conn_h=0x7f8862a370
12-17 19:52:51.151  1795  2739 I HuaweiWifiWatchdogStateMachine: PTcp RTT:240, rtt pkt=3, tcp_rx=2, tcp_tx=5, tcp_reTran=1, rtRate=0.2
12-17 19:54:27.362  2852  2852 W AppHandler: sendMessage with obj100
12-17 19:54:27.563  7194  7208 W PushLog2824: [ReceiverDispatcher-336]init bastet error(android/null:-1)
12-17 19:55:46.935  2852  2822 D KeyguardService: Caller checkPermission fail
12-17 19:55:46.941  2852  2852 I FingerprintController: currentUid = 0 userId=0
12-17 19:55:47.135  2852  2852 I TrafficPanelViewContent: onShowStatusChange show:false
12-17 19:55:47.569  5215  5215 D wpa_supplicant: Beacon IEs - hexdump(len=194): 00 0f 48 75 61 77 65 69 2d 45 6d 70 6c 6f 79 65 65 01 08 82 84 0b 16 0c 12 18 24 03 01 01 05 04 ...
12-17 19:55:47.570  5215  5215 D wpa_supplicant: wlan0: BSS: Add new id 543 BSSID 80:38:bc:0a:f4:60 SSID 'wlanaccessv2.0' freq 2472
12-17 19:55:47.819  1795  3111 I HwActivityManagerService: Split enqueueing broadcast [callerApp]:ProcessRecord{34bf34f 0:system/1000}
12-17 19:55:47.820  1795  3111 D PowerManagerService: ready=true,policy=3,wakefulness=1,wksummary=0x1,uasummary=0x1,bootcompleted=true,boostinprogress=false,waitmodeenable=false,mode=true,manual=33,auto=-1,adj=0.0userId=0
12-17 19:55:47.917  1795  3249 I ActivityManager: Start proc 21081:com.huawei.betaclub:loguploadservice/1000 for service com.huawei.betaclub/com.huawei.logupload.LogUploadService
12-17 19:55:48.213 32607 21101 I BetaClub: [ReceiverUtils.disposeLogUploadProgress]
12-17 19:55:48.380   633 31868 E SDK     : 
12-17 19:55:48.405   633 21104 E SDK     : 
12-17 19:55:48.421   633 21104 I SDK     : <2016-12-17 19:55:48> [NOTICE] SDK: UE-SeC 2016-12-17 19:55:48:421 Level[NOTICE] magic[2517518624 2589]:ReadSdkGroupItem: no Item[w00290667_ssiSign] in group uShare=0
12-17 19:55:51.454  2852  2852 I SlideTouchEvent: vel=0.0, MinimumFlingVelocity=150
12-17 19:55:52.005  1795  1795 D HuaweiWifiWatchdogStateMachine: 80:38:bc:08:42:c1 history RTT[-45]=392, volume=44076
12-17 19:55:53.206  1795  2748 D HwAmbientLuxFilterAlgo: t=123207652,BT=123208652,DT=123211652,BT1=123211652,DT1=123215652,Bn=false,Dn=false,lx=[54.0/123206147, 56.0/123206448, 70.0/123206749, 77.0/123207050, 77.0/123207351, 80.0/123207652],mLx=108.0,s=5.0,ss=7.7650914,AuIntervened=false,mProximityState=false,bLux=651.0,dLux=21.279999,bLux1=651.0,dLux1=21.279999
12-17 19:55:54.677   633 31875 I SDK     : 
12-17 19:55:54.725   633 31875 I SDK     : <2016-12-17 19:55:54> [NOTICE] SDK: UE-SeC 2016-12-17 19:55:54:725 Level[NOTICE] magic[3359111456 181]:	 subject: C=CN; ST=Guangdong; L=Shenzhen; O=Huawei Technologies Co.,Ltd.; CN=uni-byod.huawei.com
12-17 19:55:54.727   633 31875 I SDK     : 
12-17 19:55:55.094  4492  4492 I SendBroadcastPermission: action:com.tencent.mm.ui.ACTION_DEACTIVE, mPermissionType:0
12-17 19:55:56.637  2852  2852 I PhoneStatusBar: notifyUiVisibilityChanged:vis=0x8608, SystemUiVisibility=0x8608
12-17 19:55:59.114  1795  1795 I TrafficMonitor: update:rxPkts:0,txPkts:0,rxBytes:0,txBytes:0
12-17 19:56:00.014  2852  2852 I HwDateUtils:  formatChinaDateTime equals.
12-17 19:56:02.240  2852  2925 I EventCenter: ContentChange for slot: 1
12-17 19:56:02.473  1795  2750 D HW_DISPLAY_EFFECT: presently, hw_update_color_temp_for_rg_led interface not achieved.
12-17 19:56:03.005  2852  2925 I EventCenter: ContentChange for slot: 1
12-17 19:56:03.246  1795  2728 D hw_netstat: total/0/0
12-17 19:56:04.166  2852  2852 I ToggleSlider:  mSeekListener onProgressChanged progress:2453 fromUser:false
12-17 19:56:04.799  1795  2380 I PowerManager_screenOn: PowerManagerNotifier onUserActivity: event=2, uid=1000
12-17 19:56:05.022  1795  2750 D HW_DISPLAY_EFFECT: presently, hw_update_color_temp_for_rg_led interface not achieved.
12-17 19:56:05.549  1795  2748 D lux trace:: [9.0/123214269, 8.0/123214638, 7.0/123215015, 5.0/123215392, 6.0/123215767, 5.0/123216123, 4.0/123217210, 3.0/123219940]
12-17 19:56:07.271  5215  5215 D wpa_supplicant: 80:38:bc:0a:f4:60 freq=2472 qual=0 noise=-89~ level=-88 snr=1 flags=0xb age=0 est=6500
12-17 19:56:07.385  1795  3121 W ActivityManager: getRunningAppProcesses: caller 10009 does not hold REAL_GET_TASKS; limiting output
12-17 19:56:13.302  5215  5215 D wpa_supplicant: CTRL-DEBUG: global_ctrl_sock-sendto: sock=16 sndbuf=229376 outq=0 send_len=35
12-17 19:56:16.011  1795  1795 I WifiProJNI: ######### GET RTT:3 ########
12-17 19:56:16.012  1795  1795 I MQoS    : rtt=140,tcp_tx_pkts=1485365,tcp_rx_pkts=1771163
12-17 19:56:20.541  1795  1806 D ActivityManager: Skipping, withExcluded: false, tr.intent:Intent { act=com.android.deskclock.ALARM_ALERT flg=0x10800004 cmp=com.android.deskclock/.alarmclock.LockAlarmFullActivity (has extras) }
12-17 19:56:21.137  1795  1795 I TrafficMonitor: gettimer:interval=2000
12-17 19:56:22.499  2852  2852 I HwBrightnessController: updateSlider1 seekBarProgress:1669
12-17 19:56:24.303  1795  2728 D HwArpVerifier: AccessWebStatus : reset all
12-17 19:56:24.416  1795  1795 I MQoS    : onSignal: mSubId=0,currDataSubID=0
12-17 19:56:25.423  1795 17832 I ActivityManager: START u0 {flg=0x4000000 cmp=com.tencent.mm/.plugin.wallet.pay.ui.WalletPayUI (has extras)} from uid 10105 on display 0
12-17 19:56:25.664   802   802 E Thermal-daemon: [Thermal_Hw] temperature_filter: get invalid temperature, use old temp
12-17 19:56:29.205  1795  2380 D PowerManagerService: userActivityNoUpdateLocked: eventTime=123243646, event=2, flags=0x0, uid=1000
12-17 19:56:29.293  1795  2728 D hw_netstat: total/940/1317,com.tencent.mm/900/1317,unknown:0/40/0
12-17 19:56:33.630  5224  5283 I Step_ExtendStepDataManager: 20002302|after compensate: cache step_4265
12-17 19:56:33.754  2852  2852 D StatusBar: updateNotification(StatusBarNotification(pkg=com.huawei.health user=UserHandle{0} id=10010 tag=null key=0|com.huawei.health|10010|null|10099: Notification(pri=0 contentView=null vibrate=null sound=null defaults=0x0 flags=0x62 color=0x00000000 vis=PRIVATE)))
12-17 19:56:34.123  1795  2380 D PowerManagerService: userActivityNoUpdateLocked: eventTime=123248555, event=2, flags=0x0, uid=1000
12-17 19:56:34.870  3858  4126 I amsnl   : m1: false
12-17 19:56:43.048  1795  2750 D HW_DISPLAY_EFFECT: presently, hw_update_color_temp_for_rg_led interface not achieved.
12-17 19:56:43.069  2852  2852 I HwBrightnessController: updateSlider2 seekBarProgress:3753
12-17 19:56:43.709  4492  4492 D CubicBezierInterpolator: CubicBezierInterpolator  mControlPoint1x = 0.6, mControlPoint1y = 0.9, mControlPoint2x = 0.8, mControlPoint2y = 1.0
12-17 19:56:43.835  2852  2866 I CommandQueue: updateBarBgColor
12-17 19:56:45.384  1795  3253 I ActivityManager_broadcast: collectReceiverComponents, callerApp: ProcessRecord{5299443 4690:com.baidu.input_huawei/u0a74}, intent:com.tencent.mm.plugin.openapi.Intent.ACTION_HANDLE_APP_REGISTER, receiver size:1, flags: 10000400
12-17 19:56:48.082  1795  1805 D PowerManagerService: Acquiring suspend blocker "PowerManagerService.WakeLocks".
12-17 19:56:53.845  5215  5215 D wpa_supplicant: 80:38:bc:0b:19:61 freq=2432 qual=0 noise=-89~ level=-85 snr=4 flags=0xb age=6170 est=6500
12-17 19:56:53.845  5215  5215 D wpa_supplicant: 80:38:bc:0a:f5:81 freq=2452 qual=0 noise=-89~ level=-87 snr=2 flags=0xb age=6170 est=6500
12-17 19:56:53.873  5215  5215 D wpa_supplicant: EAP: EAP entering state SEND_RESPONSE
12-17 19:56:53.873  5215  5215 D wpa_supplicant: EAPOL: SUPP_BE entering state RECEIVE
12-17 19:56:53.977  5215  5215 D wpa_supplicant: RX EAPOL - hexdump(len=1028): 01 00 04 00 01 ce 04 00 0d c0 00 00 11 ea df ae f9 0d 33 5f 7a 78 bb 1f 0d 65 72 d7 ec d0 bb bd ...
12-17 19:56:54.059  5215  5215 D wpa_supplicant: EAP: EAP entering state METHOD
12-17 19:56:54.161  5215  5215 D wpa_supplicant: P2P: Update channel list
12-17 19:56:54.161  5215  5215 D wpa_supplicant: P2P: cli_channels:
12-17 19:56:54.884  3858  4126 I amsnl   : csr
12-17 19:56:59.472  3858  4126 I amsnl   : m2: false, m3: false
12-17 19:57:00.043  2852  2852 E DateLunarView: mDateString is: 12月17日星期六
12-17 19:57:00.122  5215  5215 D wpa_supplicant: 0: 80:38:bc:0b:30:21 ssid='Huawei-Employee' wpa_ie_len=0 rsn_ie_len=20 wapi_ie_len=0 caps=0x1431
12-17 19:57:00.370  1795  2728 D HwArpVerifier: performPollAndLog:
12-17 19:57:00.375  1795  2728 D WifiHW  : wifi_send_command: cmd:'IFNAME=wlan0 PKTCNT_POLL'
12-17 19:57:04.862  1795  2381 I PowerManager_screenOn: HwPhoneWindowManager has intercept Key : 26, isdown : false, flags : 8
12-17 19:57:05.633  2852  2852 W HwLockScreenPanel: Handle message: 21
12-17 19:57:05.669  1795  1825 D Sensors : activate called handle:3 enable:1
12-17 19:57:09.702   818  1153 I logserver: [adevcheck] [parse_vsync_stat 331][FS]Open file Fail!!
12-17 19:57:14.359  2852  2852 D StepCounterView: onStepCounterChange stepsNum:4269
12-17 19:57:15.131  1795  2671 D WifiNative-wlan0: disprint SET_NETWORK log
12-17 19:57:15.286  5215  5215 D wpa_supplicant: Deauthentication frame IE(s) - hexdump(len=0): [NULL]
12-17 19:57:15.378  1795  2685 I HwPFWLogger: AppAutoStartupPolicy:prevent start receiver of package com.huawei.gamebox for action android.net.conn.CONNECTIVITY_CHANGE
12-17 19:57:15.500  1795  3110 D HwConnectivityService: return the background wifi network info for system manager.
12-17 19:57:15.555   633 31870 I SDK     : 
12-17 19:57:15.580   633 31868 I SDK     : 
12-17 19:57:15.590  3180  3578 I ash     : start process:com.huawei.logupload reason:service pid:21385 uid:1000 pkgs:null
12-17 19:57:15.700 21385 21385 I StrategyJudger: isBetaStrategy
12-17 19:57:15.756  2883  3125 I HwSystemManager: StartupResidentService:InnerHandler Message:2
12-17 19:57:15.965  5215  5215 D wpa_supplicant: CTRL-DEBUG: global_ctrl_sock-sendto: sock=16 sndbuf=229376 outq=0 send_len=1858
12-17 19:57:16.128 32607 21421 I BetaClub: [LogSendProgressReceiver.onReceive]Start!
12-17 19:57:19.233  5224  5283 I Step_HSNH: 20002302|rebuild notification
12-17 19:57:19.264  2852  2852 D HwCust  : Create obj success use class android.app.HwCustNotificationImpl
12-17 19:57:21.466  5215  5215 D wpa_supplicant: CTRL-DEBUG: ctrl_sock-sendmsg: sock=16 sndbuf=229376 outq=2304 send_len=41
12-17 19:57:21.468  5215  5215 D wpa_supplicant: WPS: attr type=0x1024 len=9
12-17 19:57:21.537  5215  5215 D wpa_supplicant: CTRL-DEBUG: global_ctrl_sock-sendto: sock=16 sndbuf=229376 outq=0 send_len=61
12-17 19:57:21.539  5215  5215 D wpa_supplicant: wlan0: Control interface command 'GET_NETWORK 0 eap'
12-17 19:57:21.582  1795  2671 I ActivityManager_broadcast: collectReceiverComponents, callerApp: ProcessRecord{34bf34f 0:system/1000}, intent:android.net.wifi.STATE_CHANGE, receiver size:5, flags: 10000400
12-17 19:57:22.169  2852  2852 D HwCust  : Create obj success use class android.app.HwCustNotificationImpl
12-17 19:57:23.138  5224  5283 I Step_LSC: 20002302|REPORT : 4283 91386 3048 0
12-17 19:57:23.196  2852  2852 I NotificationContentView: transferRemoteInputFocus: 0
12-17 19:57:27.083  2852  2852 D StatusBar: reusing notification for key: 0|com.huawei.health|10010|null|10099
12-17 19:57:29.046  2852  2852 D HwCust  : Create obj success use class android.app.HwCustNotificationImpl
12-17 19:57:31.078  1795  1795 V NotificationService: disableEffects=null canInterrupt=false once update: false
12-17 19:57:32.880  5215  5215 D wpa_supplicant: CTRL_IFACE: Failed to get network variable 'wep_key0'
12-17 19:57:32.905  5215  5215 D wpa_supplicant: CTRL_IFACE: SET_NETWORK id=0 name='subject_match'
12-17 19:57:32.998  1795  1795 D HwWifiCHRStateManager: reportHwCHRAccessNetworkEventInfoList:ReportReason = 7
12-17 19:57:33.000  5215  5215 D wpa_supplicant:    selected WPA/WAPI AP 80:38:bc:0a:f9:e1 ssid='Huawei-Employee'
12-17 19:57:33.001  5215  5215 D wpa_supplicant: RSN: added opportunistic PMKSA cache entry for 80:38:bc:0a:f9:e1
12-17 19:57:33.002  5215  5215 D wpa_supplicant: wlan0: State: DISCONNECTED -> ASSOCIATING
12-17 19:57:33.003  5215  5215 D wpa_supplicant: nl80211: Register frame type=0xd0 (WLAN_FC_STYPE_ACTION) nl_handle=0x7fb504d600 match=0a11
12-17 19:57:33.298  5215  5215 D wpa_supplicant: wlan0: Event ASSOC_REJECT (13) received
12-17 19:57:33.303  1795  2671 D HwPFWLogger: AutoStartupDataMgr:retrieveStartupSettings type 0 of com.huawei.gamebox is 0
12-17 19:57:44.489  1795  2323 E UsbDeviceManager: 	at android.os.UEventObserver$UEventThread.sendEvent(UEventObserver.java:210)
12-17 19:57:44.510  5215  5215 D wpa_supplicant: CTRL_IFACE: Failed to get network variable 'psk'
12-17 19:57:44.515  5215  5215 D wpa_supplicant: CTRL_IFACE: GET_NETWORK id=0 name='wapi_psk'
12-17 19:57:44.550  1795  5219 E WifiMonitor: WifiMonitor:wlan0 cnt=31291 dispatchEvent: Trying to associate with SSID 'Huawei-Employee'
12-17 19:57:44.552  5215  5215 E wpa_supplicant: eap_proxy: eap_proxy_notify_config
12-17 19:57:44.873  2852  2852 I HwNotificationIconAreaController: showNotificationAll
12-17 19:57:46.290  1795  2728 D wifi_tcp:  CREATE SOCKET begin
12-17 19:58:06.139  5224  5283 I Step_LSC: 20002302|MSG_RECORD_DATA_TO_FILE 
12-17 19:58:06.327  1795  1795 V NotificationService: disableEffects=null canInterrupt=false once update: false
12-17 19:58:26.682  1795  2323 E UsbDeviceManager: 	at android.os.FileUtils.readTextFile(FileUtils.java:267)
12-17 19:58:33.254  5215  5215 D wpa_supplicant: random_mix_pool - hexdump(len=16): [REMOVED]
12-17 19:58:33.345  5215  5215 D wpa_supplicant: nl80211: Register frame type=0xd0 (WLAN_FC_STYPE_ACTION) nl_handle=0x7fb504d600 match=0801
12-17 19:58:33.691  1795  5214 I WifiHAL : Unknown EAPOL message type 
12-17 19:58:38.783  5215  5215 D wpa_supplicant: EAPOL: SUPP_BE entering state RESPONSE
12-17 19:58:38.804  5215  5215 D wpa_supplicant: SSL: SSL_connect:SSLv3 write client certificate A
12-17 19:58:38.810  5215  5215 D wpa_supplicant: SSL: SSL_connect:SSLv3 write client key exchange A
12-17 19:58:39.166  1795  1819 D NetworkManagement: notifyInterfaceLinkStateChanged 9
12-17 19:58:39.238  1795  1795 D HwConnectivityService: mIntentReceiver begin
12-17 19:58:39.312  1795  1825 D PowerManagerService: updateIsPoweredLocked: wasPowered=false, mIsPowered=false, oldPlugType=0, mPlugType=0, mBatteryLevel=78
12-17 19:58:39.606  1795  2323 E UsbDeviceManager: Error reading charge file
12-17 19:58:43.148  5215  5215 D wpa_supplicant: EAPOL: Supplicant port status: Unauthorized
12-17 19:58:43.155  1795  1819 D Tethering: interfaceLinkStatusChanged, sm!=null, sendMessage:CMD_INTERFACE_DOWN
12-17 19:58:43.172  1795  2671 I HwActivityManagerService: Split enqueueing broadcast [callerApp]:ProcessRecord{34bf34f 0:system/1000}
12-17 19:58:43.325  1795  2673 D NetdConnector: SND -> {11674 interface clearaddrs wlan0}
12-17 19:58:43.372  2883  2996 I HwSystemManager: NatTrafficNotifyService:delta byte = 0 no traffic delta = 0Traffic state is 301
12-17 19:58:45.327  1795  2728 D wifi_tcp:  CREATE SOCKET SUCC
12-17 19:58:45.358  5215  5215 D wpa_supplicant: CTRL_IFACE: value - hexdump(len=17): [REMOVED]
12-17 19:58:45.358  5215  5215 D wpa_supplicant: CTRL_IFACE: value - hexdump(len=4): [REMOVED]
12-17 19:58:45.361  5215  5215 D wpa_supplicant: CTRL-DEBUG: global_ctrl_sock-sendto: sock=16 sndbuf=229376 outq=0 send_len=3
12-17 19:58:45.392  5215  5215 D wpa_supplicant: RSN: PMKSA cache entry found - PMKID - hexdump(len=16): 19 eb 1f 80 ba 19 bf 4d eb 59 bf 26 fa a5 6e 95
12-17 19:58:45.393  5215  5215 D wpa_supplicant: Limit connection to BSSID 80:38:bc:0b:1e:41 freq=2472 MHz based on scan results (bssid_set=1)
12-17 19:58:45.428  5215  5215 E wpa_supplicant: RSSI=-9999;LINKSPEED=0;NOISE=9999;FREQUENCY=2472;
12-17 19:58:45.488  1795  1795 D HwConnectivityService: mIntentReceiver begin
12-17 19:58:56.731  5215  5215 D wpa_supplicant: CTRL_IFACE: GET_NETWORK id=0 name='user_cert_file'
12-17 19:58:56.742  5215  5215 D wpa_supplicant: CTRL-DEBUG: global_ctrl_sock-sendto: sock=16 sndbuf=229376 outq=0 send_len=3
12-17 19:58:56.750  5215  5215 D wpa_supplicant: CTRL-DEBUG: global_ctrl_sock-sendto: sock=16 sndbuf=229376 outq=0 send_len=3
12-17 19:58:56.756  5215  5215 D wpa_supplicant: nl80211: Register frame type=0xd0 (WLAN_FC_STYPE_ACTION) nl_handle=0x7fb504d600 match=090c
12-17 19:58:57.044  1795 17831 D HwConnectivityService: return the background wifi network info for system manager.
12-17 19:58:57.377  1795  2668 E HwWifiP2pService: Unhandled message when=123329641 what=143375 arg1=0 arg2=0
12-17 19:58:57.418  1795  2671 I ActivityManager_broadcast: collectReceiverComponents, callerApp: ProcessRecord{34bf34f 0:system/1000}, intent:android.net.wifi.supplicant.STATE_CHANGE, receiver size:1, flags: 10000400
12-17 19:58:57.764  1795  2731 D WifiConfiguration: Get IpAssignment (nid: 0, SSID: "Huawei-Employee") IpAssignment: DHCP
12-17 19:59:02.237  1795  2665 D NetdConnector: RCV <- {200 11680 success}
12-17 19:59:02.387  1795  2685 D HwPFWLogger: AutoStartupDataMgr:retrieveStartupSettings type 0 of com.huawei.remoteassistant is 0
12-17 19:59:02.713 19368 21590 I HwOUC   : [Thread-4-5719]isFirmwareStatusExistInDB firmwareStatus is 19(hwouc/HwOucUtility.java:4801)
12-17 19:59:02.724  2883  3125 I HwSystemManager: StartupResidentService:InnerHandler Message:7
12-17 19:59:03.163 21618 21618 I HwOUC   : [main-1]initSystemVersionInOmeInfo nextCheckNewVersionTime is not -1 and ABsystem not Support ,do not init system version in omeInfo : 1482138594545(/OemInfoUtil.java:159)
12-17 19:59:03.209 21618 21638 I HwOUC   : [CheckNewVersionThread-5728]info is not null, so return the value from cache(hwouc/HwOucUtility.java:1879)
12-17 19:59:03.670 21618 21637 E         : read nv failed retNv = 1
12-17 19:59:10.363  1795  2323 D HwBatteryService: onUEvent fcpStatus = 0,scpStatus =0,ovpStatus=0
12-17 19:59:11.051  3626  3753 I LogCollectService: only write eventinfo.log
12-17 19:59:29.624  1795  2677 D BASE4IN1_LOG: the user type is :  3
12-17 19:59:38.009  5215  5215 D wpa_supplicant: wlan0: State: COMPLETED -> ASSOCIATED
12-17 19:59:38.013  5215  5215 I wpa_supplicant: wlan0: Associated with 80:38:bc:0b:28:e1
12-17 19:59:38.239  1795  1795 D WifiController: Received action: android.net.wifi.STATE_CHANGE
12-17 19:59:38.249  3626  3626 E PTM.FileNodeInfo: getTempInfo error: null, 0
12-17 20:00:19.007  5215  5215 I wpa_supplicant: wlan0: Associated with 10:51:72:1f:f0:01
12-17 20:00:19.021  5215  5215 D wpa_supplicant: CTRL-DEBUG: global_ctrl_sock-sendto: sock=16 sndbuf=229376 outq=0 send_len=49
12-17 20:00:19.056  1795  1795 D WifiProJNI: send_cmd_kernel: cmd=7
12-17 20:00:19.157  5215  5215 D wpa_supplicant: OpenSSL: Message - hexdump(len=3977): [REMOVED]
12-17 20:00:19.217  5215  5215 D wpa_supplicant: OpenSSL: TX ver=0x0 content_type=256 (TLS header info/)
12-17 20:00:19.284  5215  5215 D wpa_supplicant: EAPOL: Received EAP-Packet frame
12-17 20:01:32.297  1795  2733 D WiFi_PRO_WifiProStateMachine: WiFiLinkMonitorState is Exit
12-17 20:01:32.401  1795  2685 D HwPFWLogger: AutoStartupDataMgr:retrieveStartupSettings type 0 of com.netease.newsreader.activity is 0
12-17 20:01:32.402  1795  2685 D HwPFWLogger: AutoStartupDataMgr:retrieveStartupSettings type 0 of com.vmall.client is 0
12-17 20:01:32.402   633 31870 I SDK     : <2016-12-17 20:01:32> [WARN] SDK: UE-SeC 2016-12-17 20:1:32:402 Level[WARN] magic[3362781472 684]:PubEvt_Close Getting a socket[49] from the Socket-table Failed!
