12-17 20:31:27.728  1795  2778 D StubTelephonyRegistry: LISTEN_CELL_LOCATION uid:10028
12-17 20:31:27.790 24190 24203 E SQLiteDatabase: 	at android.database.sqlite.SQLiteConnection.nativeOpen(Native Method)
12-17 20:31:27.871  3879  4201 I TotemWeather: WidgetDataManager:my location is 77666
12-17 20:31:27.940  1795  3225 D PowerManagerService: ready=true,policy=3,wakefulness=1,wksummary=0x0,uasummary=0x1,bootcompleted=true,boostinprogress=false,waitmodeenable=false,mode=true,manual=33,auto=-1,adj=0.0userId=0
12-17 20:31:27.941  1795  1821 I ActivityManager_activity: windowsVisibleLocked(): ActivityRecord{930e418 u0 com.huawei.android.launcher/.unihome.UniHomeLauncher t297} idle: true
12-17 20:31:27.983  1795  1821 I WindowManager: Destroying surface Surface(name=com.tencent.mm/com.tencent.mm.ui.LauncherUI) called by com.android.server.wm.WindowStateAnimator.destroySurface:2056 com.android.server.wm.WindowStateAnimator.destroySurfaceLocked:907 com.android.server.wm.WindowState.destroyOrSaveSurface:2174 com.android.server.wm.AppWindowToken.destroySurfaces:366 com.android.server.wm.WindowStateAnimator.finishExit:587 com.android.server.wm.AppWindowAnimator.stepAnimationLocked:434 com.android.server.wm.WindowAnimator.updateAppWindowsLocked:182 com.android.server.wm.WindowAnimator.animateLocked:712 
12-17 20:31:28.054  1795  3249 I HwActivityManagerService: Split enqueueing broadcast [callerApp]:ProcessRecord{fddc75d 16628:com.huawei.android.totemweather/u0a28}
12-17 20:31:28.061  3879  4071 I HwLauncher: WeatherDynamicUpdater update before : mDrawingData[1] = num1:96, 192, 0
12-17 20:31:28.550 17709 24229 D HwIntelligent3_WeatherServiceManager: getLastLocCityWeather jsonString {"mCityInfo":{"mCityCode":"","mCityId":0,"mCityName":"龙岗区","mCityType":10,"mTimeZone":"Asia/Shanghai"},"mTempFlag":0,"mTempUnit":"℃","mWholeDayWeathers":[{"mAirStatuDes":"良","mDay":{"mCity":"龙岗区","mCurTempe":18,"mDes":"阴","mHighTempe":21,"mIconIndex":8,"mLowTempe":13,"mUnit":"℃"},"mIndex":1,"mNight":{"mCity":"龙岗区","mCurTempe":18,"mDes":"阴","mHighTempe":21,"mIconIndex":75,"mLowTempe":13,"mUnit":"℃"},"mObservation":1481929200000,"mPM10":70,"mPM25":35,"mPunm":60,"mSunrise":1481929020000,"mSunset":1481967720000,"mTempFlag":"TEMP_FLAG_C","mTimeZone":"Asia/Shanghai"},{"mAirStatuDes":"","mDay":{"mCity":"龙岗区","mCurTempe":18,"mDes":"晴","mHighTempe":24,"mIconIndex":1,"mLowTempe":14,"mUnit":"℃"},"mIndex":2,"mNight":{"mCity":"龙岗区","mCurTempe":18,"mDes":"晴","mHighTempe":24,"mIconIndex":1,"mLowTempe":14,"mUnit":"℃"},"mObservation":1482015600000,"mPM10":0,"mPM25":0,"mPunm":0,"mSunrise":1482015420000,"mSunset":1482054120000,"mTempFlag":"TEMP_FLAG_C","mTimeZone":"Asia/Shanghai"},{"mAirStatuDes":"","mDay":{"mCity":"龙岗区","mCurTempe":18,"mDes":"晴","mHighTempe":24,"mIconIndex":1,"mLowTempe":18,"mUnit":"℃"},"mIndex":3,"mNight":{"mCity":"龙岗区","mCurTempe":18,"mDes":"阴","mHighTempe":24,"mIconIndex":8,"mLowTempe":18,"mUnit":"℃"},"mObservation":1482102000000,"mPM10":0,"mPM25":0,"mPunm":0,"mSunrise":1482101880000,"mSunset":1482140580000,"mTempFlag":"TEMP_FLAG_C","mTimeZone":"Asia/Shanghai"},{"mAirStatuDes":"","mDay":{"mCity":"龙岗区","mCurTempe":18,"mDes":"阵雨","mHighTempe":24,"mIconIndex":12,"mLowTempe":19,"mUnit":"℃"},"mIndex":4,"mNight":{"mCity":"龙岗区","mCurTempe":18,"mDes":"阵雨","mHighTempe":24,"mIconIndex":12,"mLowTempe":19,"mUnit":"℃"},"mObservation":1482188400000,"mPM10":0,"mPM25":0,"mPunm":0,"mSunrise":1482188340000,"mSunset":1482226980000,"mTempFlag":"TEMP_FLAG_C","mTimeZone":"Asia/Shanghai"},{"mAirStatuDes":"","mDay":{"mCity":"龙岗区","mCurTempe":18,"mDes":"阴","mHighTempe":24,"mIconIndex":8,"mLowTempe":17,"mUnit":"℃"},"mIndex":5,"mNight":{"mCity":"龙岗区","mCurTempe":18,"mDes":"阵雨","mHighTempe":24,"mIconIndex":12,"mLowTempe":17,"mUnit":"℃"},"mObservation":1482274800000,"mPM10":0,"mPM25":0,"mPunm":0,"mSunrise":1482274740000,"mSunset":1482313440000,"mTempFlag":"TEMP_FLAG_C","mTimeZone":"Asia/Shanghai"},{"mAirStatuDes":"","mDay":{"mCity":"龙岗区","mCurTempe":0,"mDes":"","mHighTempe":0,"mIconIndex":0,"mLowTempe":0,"mUnit":"℃"},"mIndex":0,"mNight":{"mCity":"龙岗区","mCurTempe":0,"mDes":"","mHighTempe":0,"mIconIndex":0,"mLowTempe":0,"mUnit":"℃"},"mObservation":0,"mPM10":0,"mPM25":0,"mPunm":0,"mSunrise":0,"mSunset":0,"mTempFlag":"TEMP_FLAG_C","mTimeZone":"Asia/Shanghai"}]}
12-17 20:31:28.758  2852  3556 I NetworkController.MobileSignalController(0): 	to: connected=true,enabled=true,level=4,inetCondition=1,iconGroup=IconGroup(4G),activityIn=true,activityOut=true,rssi=0,lastModified=12-17 08:31:27,isRoaming=false,dataSim=true,networkName=中国移动,networkNameData=中国移动,dataConnected=true,isDefault=true,isEmergency=false,airplaneMode=false,carrierNetworkChangeMode=false,userSetup=true
12-17 20:31:28.775  2852  2852 D NetWorkUtils: is3GCalling is false,mCdmaSlot is -1
12-17 20:31:29.528  2852  2852 D TintTextView: #B3FFFFFF com.android.systemui.tint.TintTextView{f83e2df V.ED..... ......ID 0,1-66,43 #7f1401be app:id/battery_outside_percent}
12-17 20:31:29.567  1795 16501 D ActivityManager: Skipping, withExcluded: false, tr.intent:Intent { flg=0x34800000 cmp=com.huawei.systemmanager/com.huawei.harassmentinterception.ui.InterceptionActivity (has extras) }
12-17 20:31:29.873  1795 11747 I WindowManager: Destroying surface Surface(name=com.huawei.android.launcher/com.huawei.android.launcher.unihome.UniHomeLauncher) called by com.android.server.wm.WindowStateAnimator.destroySurface:2056 com.android.server.wm.WindowStateAnimator.destroySurfaceLocked:907 com.android.server.wm.WindowState.destroyOrSaveSurface:2174 com.android.server.wm.AppWindowToken.destroySurfaces:366 com.android.server.wm.AppWindowToken.notifyAppStopped:392 com.android.server.wm.WindowManagerService.notifyAppStopped:4822 com.android.server.am.ActivityStack.activityStoppedLocked:1393 com.android.server.am.ActivityManagerService.activityStopped:7645 
12-17 20:31:29.958  1795  1809 I WindowManager: Application requested orientation 1, got rotation 0 which has compatible metrics
12-17 20:31:30.363  1795  3253 W ActivityManager: getRunningAppProcesses: caller 10105 does not hold REAL_GET_TASKS; limiting output
12-17 20:31:30.762  2852  2914 I HwMobileSignalController: updateSignalStrength: signalStrength=SignalStrength: -1 0 -1 255 -1 255 -1 255 255 31 -104 -7 236 2147483647 2147483647 false gw|lte
12-17 20:31:30.798  1795  2323 E UsbDeviceManager: java.io.FileNotFoundException: sys/class/hw_power/charger/charge_data/water_intrused (No such file or directory)
12-17 20:31:32.071  1795  3884 W ActivityManager: getRunningAppProcesses: caller 10105 does not hold REAL_GET_TASKS; limiting output
12-17 20:31:32.076 22280 22387 I memcheck: needTrimMemory: trimFrom = 0, avail = 961988, vmSize = 2199984, vssLimit = 4190896, totalPss = 85508, pssLimit = 2876772, agressiveGrowthLimit = 1150708, gentleGrowthLimit = 2013740, availablePmThreshold = 221184, availableVmThreshold = 153600
12-17 20:31:33.547  1795  2380 I TransactionProcessor: HwDPMS received transaction_isHwFrameworkAdminAllowed, the ret: false
12-17 20:31:33.672  1795 16501 D WindowManager: interceptKeyTq keycode=4 interactive=true keyguardActive=false policyFlags=2b000002 down false canceled false
12-17 20:31:33.672  1795  2380 D KeyEvent: obtain, mHwFlags=1874117200
12-17 20:31:33.790  2852  2852 I HwSignalClusterView: getOrInflateState subId:0
12-17 20:31:35.801  2852  2852 D HwCustMobileSignalControllerImpl: sub =0,strMccMnc =null,hashMccMnc =[],strPlmn =hw_show_4_5G_for_mcc
12-17 20:31:37.511  2852  2852 I PhoneStatusBar: resumeSuspendedAutohide
12-17 20:31:38.038  1795 20747 I HwActivityManagerService: keyAppBroadcastQueueForIntent intent Intent { act=com.tencent.mm.ui.ACTION_ACTIVE flg=0x10 (has extras) } on bgkeyapp queue
12-17 20:31:38.685  3879  4160 I Adreno  : Local Branch                     : 
12-17 20:31:38.693  3879  4160 I OpenGLRenderer: Initialized EGL, version 1.4
12-17 20:31:38.791  2852  2852 D BarTransitions.HwNavigationBarView: applyModeBackground oldMode=MODE_TRANSPARENT newMode=MODE_TRANSLUCENT animate=false
12-17 20:31:39.826  2852  2852 I HwSignalClusterView: setMobileDataIndicatorsHuawei subId:0 visible:true strengthIcon:2130839311 typeIcon:2130839195 contentDescription:手机信号满格。 typeContentDescription:4G isTypeIconWide:true showActivity:true activityIn:true activityOut:true isRoaming:false
12-17 20:31:40.820  2852  2852 D NetWorkUtils: mVSimCurCardType is -1
12-17 20:31:41.353  1795  3110 I ActivityManager_activity: resumeTopActivityLocked: Skip resume: need to start pausing
12-17 20:31:41.483 16628 16628 D HwCust  : Create obj success use class com.huawei.android.totemweather.utils.HwCustTotemLocationImpl
12-17 20:31:42.273  1795  6988 I ActivityManager_activity: Start pausing: ActivityRecord{a75e767 u0 com.qiyi.video/.WelcomeActivity t385}
12-17 20:31:42.288 24368 24368 D Tinker.DefaultAppLike: onBaseContextAttached:
12-17 20:31:42.594 24266 24271 I art     : After code cache collection, code=39KB, data=55KB
12-17 20:31:42.635 24266 24286 D qiyippsplay: org.qiyi.android.coreplayer.b.com1.o()<-1> : 初始化 zip中的so ：>> so : /data/user/0/com.qiyi.video/files/libs-5_104_A355B546_3579050_/liblivenet6.so
12-17 20:31:42.636 24266 24286 D qiyippsplay: org.qiyi.android.coreplayer.b.com1.o()<-1> : 初始化 zip中的so ：>> so : /data/user/0/com.qiyi.video/files/libs-6_92_CA910943_15926449_/libCube.so
12-17 20:31:42.636 24266 24286 D qiyippsplay: org.qiyi.android.coreplayer.b.com1.o()<-1> : 初始化 zip中的so ：>> so : /data/user/0/com.qiyi.video/files/libs-6_92_CA910943_15926449_/libnetdoc.so
12-17 20:31:42.644 24266 24286 D qiyippsplay: org.qiyi.android.coreplayer.b.com1.k()<-1> : 动态加载>> libqycurl.so 路径 /data/user/0/com.qiyi.video/files/libs-5_104_A355B546_3579050_/libqycurl.so
12-17 20:31:42.661 24266 24416 D NaviUI  : org.qiyi.android.video.ui.com7.run()<-1> : naviTxtMap:{nav_t=導航, nav=导航, vip=VIP会员, my=我的, find=乐活, find_t=樂活, my_t=我的, rec_t=推薦, friend_t=泡泡, vip_t=VIP會員, rec=推荐, friend=泡泡}
12-17 20:31:42.739 24266 24413 I FusionSwitchHelper: [qiyi_LOG_INFO FusionSwitchHelper] fushion ichannel_widget = 1
12-17 20:31:42.824  2852  3556 I NetworkController.MobileSignalController(0): 	to: connected=true,enabled=true,level=4,inetCondition=1,iconGroup=IconGroup(4G),activityIn=true,activityOut=true,rssi=0,lastModified=12-17 08:31:40,isRoaming=false,dataSim=true,networkName=中国移动,networkNameData=中国移动,dataConnected=true,isDefault=true,isEmergency=false,airplaneMode=false,carrierNetworkChangeMode=false,userSetup=true
12-17 20:31:42.827 24266 24286 I CLog    :                                             /data/user/0/com.qiyi.video/files/libs-7_39_D735D786_3760316_/libffmpeg-armv7-neon.so
12-17 20:31:42.854 24266 24266 V BoostFramework: mAcquireFunc method = public int com.qualcomm.qti.Performance.perfLockAcquire(int,int[])
12-17 20:31:42.891 24266 24286 W System.err: 	at org.json.JSONObject.<init>(JSONObject.java:173)
12-17 20:31:42.943 24266 24286 E HCDN_DE : Cpu Cores : 8
12-17 20:31:43.003 24266 24413 W System.err: 	at org.qiyi.net.d.prn.a(Unknown Source)
12-17 20:31:43.041  1795 11747 D HwActivityManagerService: handleANRFilterFIFO,uid = 10140cmd = 1
12-17 20:31:43.054 24266 24271 I art     : Method exceeds compiler instruction limit: 32188 in int com.d.a.c.c.b(int, int)
12-17 20:31:43.084 24266 24455 E storage : HCDN_LOG: [2016/12/17-20:31:43:084]:m_dwMaxBlockCountForPlayFile:200 m_dwMaxBlockCountForAdFile:0
12-17 20:31:43.091 24266 24286 I Utility : [qiyi_LOG_INFO Utility] isQiyiPackage PackageName:com.qiyi.video
12-17 20:31:43.100  2852  2852 D TintTextView: #B3FFFFFF com.android.systemui.tint.TintTextView{280af00 V.ED..... ......ID 0,0-0,0 #7f1403e3 app:id/speed}
12-17 20:31:43.108 24368 24368 E hcdn_downloadengine: HCDN_LOG: [2016/12/17-20:31:43:108]:hcdn_client version[10.1.1.40]
12-17 20:31:43.147 24368 24368 D download.appstore.gamedownload.DownloadService: onStartCommand
12-17 20:31:43.149 24266 24266 I NaviUIButton: [qiyi_LOG_INFO NaviUIButton] setRemindPointText: 
12-17 20:31:43.180  1795  3249 W ActivityManager: getRunningAppProcesses: caller 10140 does not hold REAL_GET_TASKS; limiting output
12-17 20:31:43.187 24266 24459 E UGCHttpClient: HCDN_LOG: [2016/12/17-20:31:43:187]:connect(pdata.video.iqiyi.com) takes 25 ms.
12-17 20:31:43.207 24266 24271 I art     : Method exceeds compiler instruction limit: 32188 in int com.d.a.c.c.b(int, int)
12-17 20:31:43.233 24266 24494 W VideoCapabilities: Unrecognized profile 2130706434 for video/avc
12-17 20:31:43.253 24368 24482 E hcdn_downloadengine: HCDN_LOG: [2016/12/17-20:31:43:253]:ScheduleFunc,213    if_modified_since=
12-17 20:31:43.310 24266 24271 I art     : Method exceeds compiler instruction limit: 32188 in int com.d.a.c.c.b(int, int)
12-17 20:31:43.367 24266 24312 I DEVICE_MD5_QYID: org.qiyi.android.corejar.utils.DeviceUtils.getImeiV2()<-1> : getImeiV2 memory:868404020067521
12-17 20:31:43.375 24266 24312 I DEVICE_MD5_QYID: org.qiyi.android.corejar.utils.DeviceUtils.getAndroidIdV2()<-1> : getAndroidIdV2 memory:db72ce0a35db8d3b
12-17 20:31:43.375 24266 24312 I Utility : [qiyi_LOG_INFO Utility] isQiyiPackage PackageName:com.qiyi.video
12-17 20:31:43.451 24368 24482 E hcdn_downloadengine: HCDN_LOG: [2016/12/17-20:31:43:451]:HttpDownFile,234    http return code[200]
12-17 20:31:43.478 24266 24266 I Utility : [qiyi_LOG_INFO Utility] isQiyiPackage ret:true
12-17 20:31:43.485  1795  3884 D HwActivityManagerService: handleANRFilterFIFO,uid = 10140cmd = 1
12-17 20:31:43.491 24368 24482 E UGCHttpClient: HCDN_LOG: [2016/12/17-20:31:43:491]:connect(static.iqiyi.com) takes 28 ms.
12-17 20:31:43.773  1795 15987 W ActivityManager: getRunningAppProcesses: caller 10140 does not hold REAL_GET_TASKS; limiting output
12-17 20:31:43.787 24266 24415 W System.err: 	at org.qiyi.video.homepage.d.m.run(Unknown Source)
12-17 20:31:43.787 24266 24415 W System.err: 	at android.os.HandlerThread.run(HandlerThread.java:61)
12-17 20:31:43.837 24266 24415 I IfaceGetNewAdInfoTask: [qiyi_LOG_INFO IfaceGetNewAdInfoTask] requestUrl = http://iface.iqiyi.com/api/getNewAdInfo?key=591a3d5e95c34d3f4e2373d2df3fd506&version=7.11&id=868404020067521&type=json&slotid=357&page_number=&page_size=30&udid=db72ce0a35db8d3b&openudid=db72ce0a35db8d3b&uniqid=0f607264fc6318a92b9e13c65db7cd3c&qyid=868404020067521&its=1480664956&uts=1480664956&batch=2&pps=0
12-17 20:31:43.844 24266 24266 I DEVICE_MD5_QYID: org.qiyi.android.corejar.utils.DeviceUtils.getMacAddrV2()<-1> : getMacAddrV2 memory:CC:BB:AA:2A:34:13
12-17 20:31:43.906 24266 24599 W DeviceId: galaxy lib host missing meta-data,make sure you know the right way to integrate galaxy
12-17 20:31:43.920 24266 24266 I BaseActivity: com.qiyi.video.base.BaseActivity.loadQimoIcon()<-1> : loadQimoIcon # service=null
12-17 20:31:43.988  1795 15987 W ActivityManager: getRunningAppProcesses: caller 10140 does not hold REAL_GET_TASKS; limiting output
12-17 20:31:44.022 24266 24415 I MessageDeliver: org.qiyi.android.corejar.deliver.MessageDelivery.checkActionModule()<-1> : checkActionModule:16777216
12-17 20:31:44.025 24266 24266 I DEVICE_MD5_QYID: org.qiyi.android.corejar.utils.DeviceUtils.getMacAddrV2()<-1> : getMacAddrV2 memory:CC:BB:AA:2A:34:13
12-17 20:31:44.064  3218  6115 W System.err: 	at android.app.ContextImpl.enforce(ContextImpl.java:1756)
12-17 20:31:44.129 24266 24415 E CHECKSD : getStoragePublicDir>>>has no permission to write external storage
12-17 20:31:44.213 24608 24608 D HwCust  : Create obj success use class android.app.HwCustNotificationImpl
12-17 20:31:44.266 24368 24633 W System.err: 	at java.util.concurrent.ThreadPoolExecutor$Worker.run(ThreadPoolExecutor.java:607)
12-17 20:31:44.291   816 24673 D DnsProxyListener: GetAddrInfoHandler addr: img5.qiyipic.com {307, 917811, 10140} 120.198.231.11
12-17 20:31:44.310   816 24682 D DnsProxyListener: GetAddrInfoHandler addr: m.qiyipic.com {307, 917811, 10140} 120.198.231.3
12-17 20:31:44.361 24266 24266 D PushMessage/ParseTool: org.iqiyi.video.livechat.a.nul.b()<-1> : zipUrl = http://cmts.iqiyi.com/emoticon/live_chat_room_emoticon
12-17 20:31:44.364 24266 24266 D PushMessage/ParseTool: org.iqiyi.video.livechat.a.nul.b()<-1> : emotion [4] = Emotion@8fd0690mOrder = 5,mId = 4,mName = [dy],mContent = ,mImagePath = null,mImageUrl = 
12-17 20:31:44.368  1795  3884 D HwActivityManagerService: handleANRFilterFIFO,uid = 10140cmd = 1
12-17 20:31:44.385 24266 24266 D MainInitHelper: Emotion@1e1ac84mOrder = 21,mId = 20,mName = [ll],mContent = ,mImagePath = null,mImageUrl = 
12-17 20:31:44.396 24266 24699 I QYPushTaskManager: [qiyi_LOG_INFO QYPushTaskManager]  现在执行到  PushManager.startWork(context,。。。
12-17 20:31:44.451 24593 24593 E cube    : HCDN_LOG: [2016/12/17-20:31:44:451]:[func:StartService],[line:126],[oper:start hcdn client service],[ret:0]
12-17 20:31:44.455 24593 24710 E sql_check_for_stuck: HCDN_LOG: [2016/12/17-20:31:44:455]:InitDataBase                                                                     : DB[0x0], Leave Func, Cost Time [9]ms, 
12-17 20:31:44.477 24266 24650 W System.err: 	at java.lang.Thread.run(Thread.java:776)
12-17 20:31:44.482 24593 24593 D Tinker.DefaultAppLike: onTrimMemory level:80
12-17 20:31:44.493  2883  3756 I HwSystemManager: PermissionDbVisitor:insertHistoryRecord:HistoryRecord[packageName:com.qiyi.video,permissionType:16,action:11,dateStartTime:1481904000000,timestamp:1481977904474]
12-17 20:31:44.515 24593 24704 E cube    : HCDN_LOG: [2016/12/17-20:31:44:515]:[func:DealSetParam],[line:839],[oper:deal set param by self thread],[param_name:device_state],[param_value:{"model":"MLA-AL00","cpu":-1,"mem":-1,"tmem":-1,"wifi":0,"power":0,"battery":5,"lockScreen":0}]
12-17 20:31:44.525  1795 16500 D HwActivityManagerService: handleANRFilterFIFO,uid = 10140cmd = 1
12-17 20:31:44.861  1795 15988 D HwActivityManagerService: handleANRFilterFIFO,uid = 10140cmd = 1
12-17 20:31:44.880 24266 24266 I QiyiDownloadManager: [qiyi_LOG_INFO QiyiDownloadManager] setPlayCore:1
12-17 20:31:44.914 24266 24266 I IPop    : com.qiyi.video.homepage.popup.c.con.b()<-1> : sendExecutePopMessage { TYPE_PAOPAO_STAR_VISIT:40 } 
12-17 20:31:44.935 24766 24766 I nativeProcess: iqiyi message: failed to open /proc/49/cmdline
12-17 20:31:44.940 24766 24766 I nativeProcess: iqiyi message: failed to open /proc/154/cmdline
12-17 20:31:44.942 24766 24766 I nativeProcess: iqiyi message: failed to open /proc/227/cmdline
12-17 20:31:44.943 24766 24766 I nativeProcess: iqiyi message: failed to open /proc/250/cmdline
12-17 20:31:44.948 24766 24766 I nativeProcess: iqiyi message: failed to open /proc/351/cmdline
12-17 20:31:44.949 24766 24766 I nativeProcess: iqiyi message: failed to open /proc/369/cmdline
12-17 20:31:44.950 24766 24766 I nativeProcess: iqiyi message: failed to open /proc/396/cmdline
12-17 20:31:44.961 24766 24766 I nativeProcess: iqiyi message: failed to open /proc/788/cmdline
12-17 20:31:44.961 24766 24766 I nativeProcess: iqiyi message: failed to open /proc/792/cmdline
12-17 20:31:44.975 24766 24766 I nativeProcess: iqiyi message: failed to open /proc/22206/cmdline
12-17 20:31:44.983 24802 24802 I nativeProcess: iqiyi message: create--runOnSubprocess isProcessExist true
12-17 20:31:45.026 24266 24266 D Job     : org.iqiyi.video.livechat.d.aux.b()<-1> : notifyDone() mListener=org.iqiyi.video.livechat.b.a.b.com2@9f61325, org.iqiyi.video.livechat.b.a.a.com9@aa51a8d
12-17 20:31:45.068 24266 24266 I Feed    : [qiyi_LOG_INFO Feed] updateEmotionImagePath:/data/user/0/com.qiyi.video/app_feed/feedemotion/pp_icon_expression_24.png
12-17 20:31:45.072 24266 24266 I Feed    : [qiyi_LOG_INFO Feed] updateEmotionImagePath:/data/user/0/com.qiyi.video/app_feed/feedemotion/pp_icon_expression_34.png
12-17 20:31:45.073 24266 24807 E ActivityThread: Failed to find provider info for com.mobike.mobikeapp.bdpush
12-17 20:31:45.080  2883  2883 W HwSystemManager: AbsRecordInfo:createRecordFromBundle type provider or service
12-17 20:31:45.097 24766 24766 D GlobalPush: [PushService] handleGraySwitch graySwitchfalse appId = 1000
12-17 20:31:45.108 24266 24266 I DEVICE_MD5_QYID: org.qiyi.android.corejar.utils.DeviceUtils.getMacAddrV2()<-1> : getMacAddrV2 memory:CC:BB:AA:2A:34:13
12-17 20:31:45.164 24766 24777 D GlobalPush: [PushService] +++ request +++
12-17 20:31:45.190 24766 24833 D IM_PS   : host = tcp://223.99.251.207:7534
12-17 20:31:45.274 24766 24835 D GlobalPush: [PushService] connect return true ,just return !
12-17 20:31:45.432  1795  3238 W System.err: 	at com.android.providers.settings.SettingsProvider.insertSystemSetting(SettingsProvider.java:1160)
12-17 20:31:45.572 24266 24266 D ActivityThread: Remove activity client record, r= ActivityRecord{93f03c3 token=android.os.BinderProxy@c301c36 {com.qiyi.video/com.qiyi.video.WelcomeActivity}} token= android.os.BinderProxy@c301c36
12-17 20:31:45.601  1795 24845 I ActivityManager: cleanUpApplicationRecordLocked, reset pid: 22062, euid: 0
12-17 20:31:45.647  1795 24845 I ActivityManager: Killing 22049:com.huawei.android.wfdft/u0a67 (adj 906): iAware(cch-empty)
12-17 20:31:45.650  1795 24845 D ProcessCleaner: [aware_mem] start process cleaner setPackageStoppedState
12-17 20:31:45.877 24266 24266 W DeviceId: galaxy lib host missing meta-data,make sure you know the right way to integrate galaxy
12-17 20:31:45.929 24266 24266 I MainActivity: [qiyi_LOG_INFO MainActivity] changeState uid:2 
12-17 20:31:45.952 24266 24295 I AsyncTaskQueue: [qiyi_LOG_INFO AsyncTaskQueue] task.process
12-17 20:31:45.981 24266 24846 E SQLiteDatabase: 	at android.database.sqlite.SQLiteDatabase.open(SQLiteDatabase.java:864)
12-17 20:31:45.981 24266 24846 D baidu_location_service: baidu location service register ...
12-17 20:31:46.084 24266 24266 I QiyiDownloadManager: [qiyi_LOG_INFO QiyiDownloadManager] getDataFromModule...
12-17 20:31:46.104  3218  4070 W System.err: 	at com.android.phone.PhoneInterfaceManager.getCellLocationForSubscriber(PhoneInterfaceManager.java:1825)
12-17 20:31:46.664 24266 24584 E HW-JPEG-DEC: [HME_JPEG_DEC_Delete](3298): HME_JPEG_DEC_Delete: decoder_ctx=null
12-17 20:31:47.649 24266 24415 W System.err: 	at android.os.HandlerThread.run(HandlerThread.java:61)
12-17 20:31:47.651 24266 24266 I DEVICE_MD5_QYID: org.qiyi.android.corejar.utils.DeviceUtils.getQyIdV2()<-1> : getQyIdV2:from memory...
12-17 20:31:47.678 24266 24266 I PhoneDownloadEpisodeActivity: [qiyi_LOG_INFO PhoneDownloadEpisodeActivity] ******进入离线二级界面******
12-17 20:31:47.788 24266 24266 E HW-JPEG-DEC: [HME_JPEG_DEC_Delete](3298): HME_JPEG_DEC_Delete: decoder_ctx=null
12-17 20:31:47.814 24266 24266 I DownloadLogicHelper: [qiyi_LOG_INFO DownloadLogicHelper] 空间不足全局弹框大于15M
12-17 20:31:47.916 24266 24266 I OfflineVideoEpisodeModel: [qiyi_LOG_INFO OfflineVideoEpisodeModel] 未检测到并发或者封停任务
12-17 20:31:47.926 24266 24867 I CallBackProcesser: [qiyi_LOG_INFO CallBackProcesser] CallBackProcesser->processVideoCallback->actionType:55
12-17 20:31:48.019 24266 24266 I DownloadEpisodeAdapter: [qiyi_LOG_INFO DownloadEpisodeAdapter] localPath = /storage/emulated/0/Android/data/com.qiyi.video/files/203364601_574272000/203364601_574272000.jpg
12-17 20:31:48.030 24266 24415 W System.err: 	at org.qiyi.android.commonphonepad.c.com2.a(Unknown Source)
12-17 20:31:48.035 24266 24871 D HsmInterfaceImpl: List [ResolveInfo{f165824 com.qiyi.video/.WelcomeActivity m=0x108000 euid=0}]
12-17 20:31:48.060 24266 24266 I DownloadEpisodeAdapter: [qiyi_LOG_INFO DownloadEpisodeAdapter] setUnFinishedText:DownloadObject{albumId='203364601', tvId='573642100', res_type=4, _id=26, vid='e9b86d9032b6185bdd4e23e9ce3ef0b5', fileName='203364601_573642100.qsv', downloadFileDir='/storage/emulated/0/Android/data/com.qiyi.video/files/203364601_573642100/', imgUrl='http://m.qiyipic.com/image/20161124/62/ab/v_111353272_m_601_320_180.jpg', text='锦绣未央第26集', subTitle='未央行刺受伤陷险境', DOWNLOAD_KEY='203364601_573642100', downloadWay=8, downloadRequestUrl='', displayType=TV_TYPE, fileSize=129535351, progress=100.0, status=FINISHED, clicked=1, videoDuration=2723, clm='锦绣未央', _a_t='锦绣未央', episode=26, year='2016', playRc=1, taskStatus=2, mNeedDel=0, isDownloadPlay=true, speed=0, errorCode='', downloadTime=0, _pc=0, auto=0, cid=0, fDownloadRequestUrl='http://pic2.qiyipic.com/image/20161211/9a/b4/a_100018961_m_601_m3_284_160.jpg', downloadSource=DOWNLOAD_DEFAULT, f4vJsonUrl='http://cache.video.qiyi.com/vp/573642100/e9b86d9032b6185bdd4e23e9ce3ef0b5/?src=2_22_222&t=1481524981320&vf=3a3b0e798f3f58ba177d0c41b9a9f21a&vt=1', f4vSections=null, svrip='null', segidx='null', accelerate_speed0'}
12-17 20:31:48.092 24266 24415 W System.err: 	at org.qiyi.android.commonphonepad.c.com2.a(Unknown Source)
12-17 20:31:48.104 24266 24266 I DownloadEpisodeAdapter: [qiyi_LOG_INFO DownloadEpisodeAdapter] showExceptionStatus
12-17 20:31:48.108 24266 24266 I DownloadEpisodeAdapter: [qiyi_LOG_INFO DownloadEpisodeAdapter] loadImage
12-17 20:31:48.116 24266 24266 I DownloadEpisodeAdapter: [qiyi_LOG_INFO DownloadEpisodeAdapter] setUnFinishedText:DownloadObject{albumId='203364601', tvId='573642100', res_type=4, _id=26, vid='e9b86d9032b6185bdd4e23e9ce3ef0b5', fileName='203364601_573642100.qsv', downloadFileDir='/storage/emulated/0/Android/data/com.qiyi.video/files/203364601_573642100/', imgUrl='http://m.qiyipic.com/image/20161124/62/ab/v_111353272_m_601_320_180.jpg', text='锦绣未央第26集', subTitle='未央行刺受伤陷险境', DOWNLOAD_KEY='203364601_573642100', downloadWay=8, downloadRequestUrl='', displayType=TV_TYPE, fileSize=129535351, progress=100.0, status=FINISHED, clicked=1, videoDuration=2723, clm='锦绣未央', _a_t='锦绣未央', episode=26, year='2016', playRc=1, taskStatus=2, mNeedDel=0, isDownloadPlay=true, speed=0, errorCode='', downloadTime=0, _pc=0, auto=0, cid=0, fDownloadRequestUrl='http://pic2.qiyipic.com/image/20161211/9a/b4/a_100018961_m_601_m3_284_160.jpg', downloadSource=DOWNLOAD_DEFAULT, f4vJsonUrl='http://cache.video.qiyi.com/vp/573642100/e9b86d9032b6185bdd4e23e9ce3ef0b5/?src=2_22_222&t=1481524981320&vf=3a3b0e798f3f58ba177d0c41b9a9f21a&vt=1', f4vSections=null, svrip='null', segidx='null', accelerate_speed0'}
12-17 20:31:48.117 24266 24266 I DownloadEpisodeAdapter: [qiyi_LOG_INFO DownloadEpisodeAdapter] showExceptionStatus
12-17 20:31:48.155 24266 24266 I DownloadEpisodeAdapter: [qiyi_LOG_INFO DownloadEpisodeAdapter] showExceptionStatus
12-17 20:31:48.194 24266 24266 I DownloadEpisodeAdapter: [qiyi_LOG_INFO DownloadEpisodeAdapter] 锦绣未央第28集>>showFinishedStatusView
12-17 20:31:48.208 24266 24266 I DownloadEpisodeAdapter: [qiyi_LOG_INFO DownloadEpisodeAdapter] localPath = /storage/emulated/0/Android/data/com.qiyi.video/files/203364601_573642100/203364601_573642100.jpg
12-17 20:31:48.209 24266 24266 I DownloadEpisodeAdapter: [qiyi_LOG_INFO DownloadEpisodeAdapter] 锦绣未央第26集 = 下载完成
12-17 20:31:48.231 24266 24415 W System.err: 	at org.qiyi.basecore.imageloader.com8.a(Unknown Source)
12-17 20:31:48.292 24266 24266 I DownloadEpisodeAdapter: [qiyi_LOG_INFO DownloadEpisodeAdapter] setUnFinishedText:DownloadObject{albumId='203364601', tvId='575086800', res_type=4, _id=30, vid='a36aebaa1739592b3333b5a460ddd08f', fileName='203364601_575086800.qsv', downloadFileDir='/storage/emulated/0/Android/data/com.qiyi.video/files/203364601_575086800/', imgUrl='http://m.qiyipic.com/image/20161127/38/a8/v_111368601_m_601_320_180.jpg', text='锦绣未央第30集', subTitle='开城杀敌 背水一战', DOWNLOAD_KEY='203364601_575086800', downloadWay=8, downloadRequestUrl='', displayType=TV_TYPE, fileSize=141601972, progress=100.0, status=FINISHED, clicked=0, videoDuration=2787, clm='锦绣未央', _a_t='锦绣未央', episode=30, year='2016', playRc=-1, taskStatus=2, mNeedDel=0, isDownloadPlay=true, speed=0, errorCode='', downloadTime=0, _pc=0, auto=0, cid=0, fDownloadRequestUrl='http://pic2.qiyipic.com/image/20161211/9a/b4/a_100018961_m_601_m3_284_160.jpg', downloadSource=DOWNLOAD_DEFAULT, f4vJsonUrl='http://cache.video.qiyi.com/vp/575086800/a36aebaa1739592b3333b5a460ddd08f/?src=2_22_222&t=1481526451274&vf=5ee8847c2fc13bf076e1e5dae438bcd6&vt=1', f4vSections=null, svrip='null', segidx='null', accelerate_speed0'}
12-17 20:31:48.354 24266 24266 I DownloadEpisodeAdapter: [qiyi_LOG_INFO DownloadEpisodeAdapter] localPath = /storage/emulated/0/Android/data/com.qiyi.video/files/203364601_574748300/203364601_574748300.jpg
12-17 20:31:48.377 24266 24266 I DownloadEpisodeAdapter: [qiyi_LOG_INFO DownloadEpisodeAdapter] 锦绣未央第33集 = 下载完成
12-17 20:31:48.390 24266 24266 I DownloadEpisodeAdapter: [qiyi_LOG_INFO DownloadEpisodeAdapter] loadImage
12-17 20:31:48.392 24266 24266 I DownloadEpisodeAdapter: [qiyi_LOG_INFO DownloadEpisodeAdapter] 锦绣未央第29集>>showFinishedStatusView
12-17 20:31:48.400 24266 24266 I DownloadEpisodeAdapter: [qiyi_LOG_INFO DownloadEpisodeAdapter] 锦绣未央第32集 = 下载完成
12-17 20:31:48.403 24266 24266 I DownloadEpisodeAdapter: [qiyi_LOG_INFO DownloadEpisodeAdapter] localPath = /storage/emulated/0/Android/data/com.qiyi.video/files/203364601_573642100/203364601_573642100.jpg
12-17 20:31:48.421 24266 24266 I DownloadEpisodeAdapter: [qiyi_LOG_INFO DownloadEpisodeAdapter] 锦绣未央第29集>>showFinishedStatusView
12-17 20:31:48.434 24266 24266 I DownloadEpisodeAdapter: [qiyi_LOG_INFO DownloadEpisodeAdapter] localPath = /storage/emulated/0/Android/data/com.qiyi.video/files/203364601_575628500/203364601_575628500.jpg
12-17 20:31:48.501 24266 24266 D Feed    : com.iqiyi.qyplayercardview.j.nul.c()<-1> : emotion [23] = Emotion@2b8e9e9mOrder = 24,mId = 23,mName = pp_icon_expression_24,mContent = [憨笑],mImagePath = null,mImageUrl = http://img5.qiyipic.com/image/qitan/qitan_pp_icon_expression_24_default.png
12-17 20:31:48.506 24266 24266 I Feed    : [qiyi_LOG_INFO Feed] updateEmotionImagePath:/data/user/0/com.qiyi.video/app_feed/feedemotion/pp_icon_expression_15.png
12-17 20:31:49.517  3218  3236 W System.err: 	at com.android.phone.PhoneInterfaceManager.enforceFineOrCoarseLocationPermission(PhoneInterfaceManager.java:1902)
12-17 20:31:49.548  3218  3439 D PhoneInterfaceManager: [PhoneIntfMgr] getDataEnabled: subId=0 phoneId=0
12-17 20:31:51.063  3626  3626 E PTM.FileNodeInfo: getTempInfo error: null, 0
12-17 20:31:51.063  3626  3626 E PTM.FileNodeInfo: getTempInfo error: null, 0
12-17 20:31:52.561   633   692 I eSpaceService: Watch Thread{4481} LoginC.doWatch(LoginC.java:1459) Login_By_Step-> watch count =  0
12-17 20:31:53.464  1795 24845 I ActivityManager: cleanUpApplicationRecordLocked, pid: 10400, restart: false
12-17 20:31:53.486  3180  3578 I ash     : unproxy app:com.huawei.camera,uid:10020,result:true
12-17 20:31:53.498  1795  2380 D PowerManagerService: ready=true,policy=3,wakefulness=1,wksummary=0x0,uasummary=0x1,bootcompleted=true,boostinprogress=false,waitmodeenable=false,mode=true,manual=33,auto=-1,adj=0.0userId=0
12-17 20:31:53.773 24266 24266 D CubicBezierInterpolator: CubicBezierInterpolator  mControlPoint1x = 0.6, mControlPoint1y = 0.9, mControlPoint2x = 0.8, mControlPoint2y = 1.0
12-17 20:31:54.005 24266 24266 I DownloadEpisodeAdapter: [qiyi_LOG_INFO DownloadEpisodeAdapter] setUnFinishedText:DownloadObject{albumId='203364601', tvId='575628500', res_type=4, _id=33, vid='10da8e6b3fdc6d8d58c228a7543b7d66', fileName='203364601_575628500.qsv', downloadFileDir='/storage/emulated/0/Android/data/com.qiyi.video/files/203364601_575628500/', imgUrl='http://m.qiyipic.com/image/20161128/33/34/v_111373771_m_601_320_180.jpg', text='锦绣未央第33集', subTitle='未央收到匿名信', DOWNLOAD_KEY='203364601_575628500', downloadWay=8, downloadRequestUrl='', displayType=TV_TYPE, fileSize=140043586, progress=100.0, status=FINISHED, clicked=1, videoDuration=2769, clm='锦绣未央', _a_t='锦绣未央', episode=33, year='2016', playRc=1001, taskStatus=2, mNeedDel=0, isDownloadPlay=true, speed=0, errorCode='', downloadTime=0, _pc=0, auto=0, cid=0, fDownloadRequestUrl='http://pic2.qiyipic.com/image/20161211/9a/b4/a_100018961_m_601_m3_284_160.jpg', downloadSource=DOWNLOAD_DEFAULT, f4vJsonUrl='http://cache.video.qiyi.com/vp/575628500/10da8e6b3fdc6d8d58c228a7543b7d66/?src=2_22_222&t=1481878509976&vf=1dab4bf841a8851a52a2feefeea2ba10&vt=1', f4vSections=null, svrip='null', segidx='null', accelerate_speed0'}
12-17 20:31:54.465  1795  1808 I ActivityManager: new Process app=ProcessRecord{4e6dc6b 0:com.huawei.bd/1000}, name: com.huawei.bd, euid: 0
12-17 20:31:54.489  1795 17831 I HwBroadcastQueue: com.huawei.camera drop actions:[]
12-17 20:31:56.541 24266 24266 I 2DSDR   : APS: 2DSDR: AbsListView.FlingRunnable.run(), SDR ratio = 1.0, layer height = 1800, scroll view height = 1524
12-17 20:31:57.877  2852  3556 I HwMobileSignalController: mExtDataOld:ExtData [mMasterNetWorkType=3, mSlaveNetWorkType=0, mMasterNetWorkLevel=4, mSlaveNetWorkLevel=-1, mDataState=2, mDataActivity=3, mDataNetType=13] mExtData:ExtData [mMasterNetWorkType=3, mSlaveNetWorkType=0, mMasterNetWorkLevel=4, mSlaveNetWorkLevel=-1, mDataState=2, mDataActivity=0, mDataNetType=13]
12-17 20:31:57.890  2852  2852 D HwCustMobileSignalControllerImpl: isCurrentBySim()=false
12-17 20:31:57.898  2852  2852 I HwSignalClusterView: setMobileDataIndicatorsHuawei subId:0 visible:true strengthIcon:2130839311 typeIcon:2130839195 contentDescription:手机信号满格。 typeContentDescription:4G isTypeIconWide:true showActivity:true activityIn:false activityOut:false isRoaming:false
12-17 20:32:00.009  2852  2852 I HwDateUtils:  formatChinaDateTime equals.
12-17 20:32:00.121  2852  2852 D DateTimeView: Change to single clock mode!
12-17 20:32:01.665  1795  1809 I MultiTaskManagerService: onProcessDied pid = 18407, uid = 10018
12-17 20:32:01.681  1795  1805 I DisplayManagerService: stopWifiDisplayScanLocked record.mWifiDisplayScanRequested=false
12-17 20:32:04.418 24266 24266 I DownloadEpisodeAdapter: [qiyi_LOG_INFO DownloadEpisodeAdapter] setEpisodeTitle
12-17 20:32:04.681 24958 24971 D MagicLink: NearBy-Service:====>UNHANDLE MSG:50
12-17 20:32:05.706  1795  2380 I PowerManager_screenOn: PowerManagerNotifier onUserActivity: event=2, uid=1000
12-17 20:32:05.931  2852  2852 I HwSignalClusterView: setMobileDataIndicatorsHuawei subId:0 visible:true strengthIcon:2130839299 typeIcon:2130839195 contentDescription:手机信号强度为三格。 typeContentDescription:4G isTypeIconWide:true showActivity:true activityIn:false activityOut:false isRoaming:false
12-17 20:32:05.931  2852  2852 D NetWorkUtils: mVSimCurCardType is -1
12-17 20:32:06.945  2852  2852 D HwCustMobileSignalControllerImpl: sub =0,strMccMnc =null,hashMccMnc =[],strPlmn =hw_hspap_show_4g
12-17 20:32:07.937  3180  3578 I PacketsControl: not 3G net type. do nothing.
12-17 20:32:08.946  2852  3556 D NetworkController.MobileSignalController(0): mSimSubId:0 onDataActivity: direction=3
12-17 20:32:08.974  2852  2852 I HwSignalClusterView: getOrInflateState subId:0
12-17 20:32:08.976  2852  2852 I HwSignalClusterView: apply hwPhoneState.mSubId:0 anyMobileVisible:false mIsAirplaneMode:false, mobileGroupVisible=true
12-17 20:32:14.729  1795  2396 I ActivityManager_service: retrieveServiceLocked, callerApp: ProcessRecord{b1895d3 24994:com.huawei.camera/u0a20}, flags: 10000400
12-17 20:32:14.868  3180  3578 I ash     : 1795 binder call 2852
12-17 20:32:14.887 24266 24266 D IResearchStatistics: ----------org.qiyi.android.video.ui.phone.download.PhoneDownloadEpisodeActivity
12-17 20:32:14.976 24266 24266 I qiyippsplay: org.iqiyi.video.player.cv.a()<-1> : 播放对象 : BigCoreVideoPlayerLogic
12-17 20:32:15.005  1795 11745 D ActivityManager: Skipping, withExcluded: false, tr.intent:Intent { act=android.intent.action.VIEW dat=file:///storage/emulated/0/tencent/TMAssistantSDK/Download/com.tencent.mm/1a41cb224d6d4b020176381a7c790891 typ=application/vnd.android.package-archive flg=0x10800000 cmp=com.android.packageinstaller/.PackageInstallerActivity (has extras) }
12-17 20:32:15.167  1795  2380 D InputDispatcher: Dispatch frozen.  Waiting some more. last for 85ms
12-17 20:32:15.241  1795  2380 D InputDispatcher: Dispatch frozen.  Waiting some more. last for 159ms
12-17 20:32:15.275 24266 24312 I DEVICE_MD5_QYID: org.qiyi.android.corejar.utils.DeviceUtils.getAndroidIdV2()<-1> : getAndroidIdV2 memory:db72ce0a35db8d3b
12-17 20:32:15.281 24266 24312 I Utility : [qiyi_LOG_INFO Utility] isQiyiPackage ret:true
12-17 20:32:15.354  4690  4690 E HW-JPEG-DEC: [HME_JPEG_DEC_Delete](3298): HME_JPEG_DEC_Delete: decoder_ctx=null
12-17 20:32:15.359  3879  3879 I HwLauncher: Model  onReceive intent=Intent { act=android.intent.action.CONFIGURATION_CHANGED flg=0x70000010 }
12-17 20:32:15.408 24266 24266 E HW-JPEG-DEC: [HME_JPEG_DEC_Delete](3298): HME_JPEG_DEC_Delete: decoder_ctx=null
12-17 20:32:15.487 24266 24266 E QYPlayerViewController: onScreenOrientationChangeForPlayer: 
12-17 20:32:15.539  2852  2852 D HwCustMobileSignalControllerImpl: sub =0,strMccMnc =null,hashMccMnc =[],strPlmn =hw_show_lte
12-17 20:32:15.540  1795  2380 D InputDispatcher: Dispatch frozen.  Waiting some more. last for 459ms
12-17 20:32:15.629 25015 25015 W HwVDrive: CompatUtils getNetworkType, not such method.
12-17 20:32:15.635  2852  2852 I HwNavigationBarView: showNavigationBarAlignLeftWhenLand:false
12-17 20:32:15.685 24266 24266 D com1    : com.qiyi.c.a.com1.d()<-1> : checkActionModule module id : 46137344
12-17 20:32:15.686 24266 24266 D qiyippsplay: org.iqiyi.video.player.cv.c()<-1> : 历史记录>> 历史记录时间 : 0
12-17 20:32:15.688 24266 24266 D qiyippsplay: org.iqiyi.video.player.cv.a()<-1> : checkDownloadObj>> 检查下载对象 mIsSingleAlbum:false ignoreRC:false
12-17 20:32:15.711 24266 24266 D Cupid004: RegisterJsonDelegate(): vv id: 33554432, slot type: 5
12-17 20:32:15.715 24266 24266 D qiyippsplay: org.iqiyi.video.w.prn.a()<-1> : 大播放内核模式不需上层初始化广告 直接返回
12-17 20:32:15.746 24266 24756 D JOBS    : pool-11-thread-1: load factor check. true = (4 < 8)|| (4 * 3 < 0 + 2). consumer thread: false
12-17 20:32:15.746 24266 24266 D cqx1225 : org.iqiyi.video.z.com2.a()<-1> : CardViewRequestV3>> 取消请求
12-17 20:32:15.749 24266 24758 D JOBS    : running job bw
12-17 20:32:16.676  1795  6986 D GraphicsStats: Buffer count: 11
12-17 20:32:16.676  3180  3578 D PgedBinderAdapter: unfrz ok, pid: [4585]
12-17 20:32:16.681  1795  1808 I ActivityManager_broadcast: dispatch ordered broadcast [foreground] BroadcastRecord{19e863 u-1 android.net.wifi.STATE_CHANGE}, has 1 receivers
12-17 20:32:16.684  3180  3578 I ash     : Unpending com.huawei.appmarket alarm OK !
12-17 20:32:17.121 24266 24266 I QimoPluginAction.Host: [qiyi_LOG_INFO QimoPluginAction.Host] getDevices method call return size:0
12-17 20:32:17.133 24266 24419 I CLog    : 2016-12-17 20:32:17.133 T:24419   DEBUG: [CUPID]void CUPID::LocalStorageManager::SaveSendingQueueItem(const CUPID::SendingQueueItem&)():  save item: 6588264123108503633
12-17 20:32:17.133 24266 24419 I CLog    : 2016-12-17 20:32:17.133 T:24419   DEBUG: jdelegate:0x100942
12-17 20:32:17.172  2852  2852 D BarTransitions.HwPhoneStatusBarView: applyModeBackground oldMode=MODE_TRANSPARENT newMode=MODE_OPAQUE animate=false
12-17 20:32:17.181 24266 25030 D cqx1225 : org.iqiyi.video.z.com3.onSuccess()<-1> : CardViewRequestV3>> 步骤： 请求成功返回
12-17 20:32:17.181 24266 24875 D JOBS    : running job con
12-17 20:32:17.194  1795  1821 D WindowManager: startAnimation begin
12-17 20:32:17.197 24266 24312 I Utility : [qiyi_LOG_INFO Utility] isQiyiPackage PackageName:com.qiyi.video
12-17 20:32:17.260 24266 24266 I NativePlayer: org.qiyi.android.coreplayer.NativePlayer.setVideoViewScale()<-1> : NativePlayer: 长宽比 setVideoViewScale: height=1080width=1920
12-17 20:32:17.302 24266 24266 I PlayerLogic: [qiyi_LOG_INFO PlayerLogic] revisePlayIndexForEpisode +tid=null  aid=null
12-17 20:32:17.311  1795  3247 I ActivityManager: Process com.qiyi.video:plugin (pid 24368) has died
12-17 20:32:17.317 24266 24266 I DEVICE_MD5_QYID: org.qiyi.android.corejar.utils.DeviceUtils.getAndroidIdV2()<-1> : getAndroidIdV2 memory:db72ce0a35db8d3b
12-17 20:32:17.338 24266 24266 I PlayerLogic: [qiyi_LOG_INFO PlayerLogic] revisePlayIndexForEpisode +tid=null  aid=null
12-17 20:32:17.340  1046  1467 I APM_AudioPolicyManager: getOutputForDevice() returns output 29
12-17 20:32:17.341  1046  9753 V APM_AudioPolicyManager: selectOutput() commonFlags for output 21, 0000
12-17 20:32:17.357 24266 24430 I BD.Reporter: com.huawei.bd.IBDService$Stub$Proxy@beb527f
12-17 20:32:17.366 24266 24430 D AudioTrack: Client defaulted notificationFrames to 1178 for frameCount 3536
12-17 20:32:17.379   814 23383 E         : Service not available yet
12-17 20:32:17.381 24266 24312 D DBAdapter: query, currentThread: org.qiyi.android.corejar.pingback.PingbackManager cursor: 0 tableName: pingback_tbl
12-17 20:32:17.385 24266 24266 I DeliverHelper: [qiyi_LOG_INFO DeliverHelper] requestUrl =http://msg.71.am/qos
12-17 20:32:17.415 24266 24266 I PlayerLogic: [qiyi_LOG_INFO PlayerLogic] revisePlayIndexForEpisode +tid=null  aid=null
12-17 20:32:17.427 24266 24266 I QiyiDownloadManager: [qiyi_LOG_INFO QiyiDownloadManager] getDataFromModule...
12-17 20:32:17.437 24266 24266 I MessageDeliver: [qiyi_LOG_INFO MessageDeliver] qosDragonDeliver:true
12-17 20:32:17.493 24266 24312 I Utility : [qiyi_LOG_INFO Utility] isQiyiPackage ret:true
12-17 20:32:17.495 24266 24312 I DEVICE_MD5_QYID: org.qiyi.android.corejar.utils.DeviceUtils.getQyIdV2()<-1> : getQyIdV2:from memory...
12-17 20:32:17.496 24266 24266 I PlayerLogic: [qiyi_LOG_INFO PlayerLogic] revisePlayIndexForEpisode +tid=null  aid=null
12-17 20:32:17.583   814 20749 E OMXNodeInstance: getConfig(32e00b6:qcom.decoder.avc, ??(0x7f000062)) ERROR: UnsupportedSetting(0x80001019)
12-17 20:32:17.692 24266 24312 I DBAdapter: [qiyi_LOG_INFO DBAdapter] getPingbacks: []
12-17 20:32:17.693 25067 25067 I         : power log dlsym ok
12-17 20:32:17.711 24266 24419 I CLog    : 2016-12-17 20:32:17.710 T:24419   DEBUG: [CUPID]void CUPID::AdsManager::TriggerCuepointCallback(InternalCode, uint32, uint32, const CUPID::Cuepoint&)(): code: 10, vv id: 33554432, request id: 3
12-17 20:32:17.874 24266 24266 I PanelNewLandController: [qiyi_LOG_INFO PanelNewLandController] updateDlanIcon checkDlanStatus()=0 play style=DEFAULT
12-17 20:32:17.886 25080 25080 I GMultiDex: VM with version 2.1.0 has multidex support
12-17 20:32:17.968  3626  3626 I LogCollectService: onStartCommand com.huawei.lcagent.service.ILogCollect
12-17 20:32:17.974  1795  3249 I ActivityManager_service: retrieveServiceLocked, callerApp: ProcessRecord{bc1cd93 25067:com.huawei.betaclub/1000}, flags: 10000400
12-17 20:32:18.079 25080 25117 D DBAdapter: query, currentThread: Thread-2 cursor: 0 tableName: sync_add_collection_tb1
12-17 20:32:18.403  1795  2376 I AlarmManager: set again repeat alarm: next ,nextElapsed = 450000000,repeatInterval = 3600000
12-17 20:32:18.426 25067 25095 D BetaClub: [UpgradeHelper.checkNewVersionPath]Check current server version:2110
12-17 20:32:18.751  1795  3139 I ActivityManager_service: bindServiceLocked, r: ServiceRecord{4c32b51 u0 euid: 0 com.huawei.appmarket/.service.alarm.control.NetworkChangeService}, euid: 0
12-17 20:32:18.979  1795 20747 W ActivityManager: getTasks: caller 10140 does not hold REAL_GET_TASKS; limiting output
12-17 20:32:20.557  1795  2748 D HwAmbientLuxFilterAlgo: t=123894255,BT=123895255,DT=123898255,BT1=123898255,DT1=123902255,Bn=false,Dn=false,lx=[11.0/123892751, 11.0/123893052, 7.0/123893352, 7.0/123893653, 7.0/123893954, 4.0/123894255],mLx=5.0,s=5.0,ss=0.0,AuIntervened=false,mProximityState=false,bLux=15.0,dLux=0.0,bLux1=15.0,dLux1=0.0
12-17 20:32:21.785  4690  4690 D KeyEvent: obtain, mHwFlags=0
12-17 20:32:21.853  1795  2381 D HwCustPhoneWindowManager: answer call by keyCode = 24, down = false, isSupVolumnkeyAnswerCall = false
12-17 20:32:22.214   802   802 E Thermal-daemon: [Thermal_Hw] temperature_valid, battery : temperature is invalid, invalid temperatrue is 27
12-17 20:32:22.258 24266 24266 V AudioManager: setStreamVolume  streamType : 3  index: 5  flags: 1
12-17 20:32:22.715  2852  2852 I vol.VolumeDialog: VolumeDialogController.Callbacks onStateChanged
12-17 20:32:23.442  1795  2377 I AwareLog: AwareMem_EventTracker: [POLLING_TIMEOUT_123897117] trigger memory critical 770416
12-17 20:32:25.804  2852  2852 I PhoneStatusBar: setSystemUiVisibility vis=f06 mask=ffffffff oldVal=704 newVal=f06 diff=802
12-17 20:32:28.488  3879  3879 I HwLauncher: LauncherDownloadModel onReceive intent=Intent { act=android.intent.action.PACKAGE_CHANGED dat=package:com.qiyi.video flg=0x44000010 (has extras) }
12-17 20:32:29.054  2852  3556 I NetworkController.MobileSignalController(0): onDataActivity: direction=1
12-17 20:32:30.064  2852  2852 D HwCustMobileSignalControllerImpl: sub =0,strMccMnc =null,hashMccMnc =[],strPlmn =hw_customized_networkType_entry
12-17 20:32:30.850 24266 24266 I qiyippsplay: org.iqiyi.video.ui.bf.h()<-1> : 当前时间1014561
12-17 20:32:32.847 24266 24266 V chaunce : org.iqiyi.video.vote.b.aux.a()<-1> : checkVoteShowTime-->1016639
12-17 20:32:33.188  1795  2748 D HwAmbientLuxFilterAlgo: t=123906886,BT=123907886,DT=123910886,BT1=123910886,DT1=123914886,Bn=false,Dn=false,lx=[3.0/123905382, 3.0/123905683, 3.0/123905984, 3.0/123906284, 3.0/123906585, 3.0/123906886],mLx=5.0,s=5.0,ss=0.12012987,AuIntervened=false,mProximityState=false,bLux=15.0,dLux=0.0,bLux1=15.0,dLux1=0.0
12-17 20:32:34.283  1795  1795 D WifiProJNI: send_cmd_kernel: cmd=1
12-17 20:32:35.079  3180  3578 I PacketsControl: not 3G net type. do nothing.
12-17 20:32:35.092  2852  2852 D HwCustMobileSignalControllerImpl: isCurrentBySim()=false
12-17 20:32:35.092  2852  2852 D HwCustMobileSignalControllerImpl: isCurrentBySim()=false
12-17 20:32:37.104  2852  2852 D HwCustMobileSignalControllerImpl: isCurrentBySim()=false
12-17 20:32:43.746  2852  2852 D HwCustMobileSignalControllerImpl: sub =0,strMccMnc =null,hashMccMnc =[],strPlmn =hw_customized_networkType_entry
12-17 20:32:43.748  2852  2852 I HwSignalClusterView: getOrInflateState subId:0
12-17 20:32:43.764  2852  2852 D HwCustMobileSignalControllerImpl: sub =0,strMccMnc =null,hashMccMnc =[],strPlmn =hw_customized_networkType_entry
12-17 20:32:46.766  2852  2852 D HwCustMobileSignalControllerImpl: sub =0,strMccMnc =null,hashMccMnc =[],strPlmn =hw_show_4g
12-17 20:32:48.464  1795  3253 I SendBroadcastPermission: action:android.intent.action.SIG_STR, mPermissionType:0
12-17 20:32:48.786  1795  2376 I AlarmManager: sending alarm Alarm{852b11e type 3 when 446400000 com.huawei.systemmanager},repeatInterval = 600000,listenerTag =null
12-17 20:32:48.833 24919 24919 I BDLog   : BD.Scheduler:Hour task coming
12-17 20:32:48.879  3218  3234 E HW-JPEG-DEC: [HME_JPEG_DEC_Delete](3298): HME_JPEG_DEC_Delete: decoder_ctx=null
12-17 20:32:48.987  1795 16500 W ActivityManager: getTasks: caller 10140 does not hold REAL_GET_TASKS; limiting output
12-17 20:32:49.992 24802 24802 I nativeProcess: iqiyi message: create--runOnSubprocess isProcessExist true
12-17 20:32:51.621  1795  2377 W AwareLog: AwareMem_Kill: kill action canBeExecuted waiting next operation, real interval=4632
12-17 20:32:51.968  2883  2883 I HwSystemManager: HsmPackageManager:pkgName:com.qiyi.video
12-17 20:32:51.975  3879  4075 I HwLauncher: SimpleAllAppsList  updatePackage : package[com.qiyi.video] matched activity's size is 1 and data List size is 0
12-17 20:32:51.983  3879  4075 I HwLauncher: SimpleAllAppsList  updatePackage do not add new SimpleApplicationInfo,It's in normal now. package = com.qiyi.video
12-17 20:32:51.990  1795  1795 I NotificationManager: action=android.intent.action.PACKAGE_CHANGED queryReplace=false
12-17 20:32:52.053  1795 16501 W ActivityManager: getRunningAppProcesses: caller 10105 does not hold REAL_GET_TASKS; limiting output
12-17 20:32:52.872 24266 24266 V chaunce : org.iqiyi.video.vote.b.aux.a()<-1> : checkVoteShowTime-->1036709
12-17 20:32:53.812  2852  2852 D HwCustMobileSignalControllerImpl: sub =0,strMccMnc =null,hashMccMnc =[],strPlmn =hw_show_4_5G_for_mcc
12-17 20:32:54.891  1795  3238 D PowerManagerService: acquire lock=98898332, flags=0x1, tag="RILJ_ACK_WL", name=com.android.phone, ws=null, uid=1001, pid=3218
12-17 20:32:54.896  2852  2914 I HwMobileSignalController: updateSignalStrength: signalStrength=SignalStrength: -1 0 -1 255 -1 255 -1 255 255 24 -91 -8 136 2147483647 2147483647 false gw|lte
12-17 20:32:54.941  2852  2852 D HwCustMobileSignalControllerImpl: sub =0,strMccMnc =null,hashMccMnc =[],strPlmn =hw_customized_networkType_entry
12-17 20:32:55.880 24266 24266 I qiyippsplay: org.iqiyi.video.ui.bf.h()<-1> : 当前时间1039619
12-17 20:32:57.459  3858  4126 I amsnl   : t:false, fl: false, p: 2147483647000, ce: true, we: false
12-17 20:32:59.763  3858  4126 I amsnl   : m1: false
12-17 20:33:00.009  2852  2852 I HwDateUtils: formatChinaDateTime, change to China normalTime:晚上8:33
12-17 20:33:00.888 24266 24266 D seekbar : org.iqiyi.video.ui.ci.onProgressChanged()<-1> : 当前进度：1044586 缓冲大小:1723686 缓冲进度：2768272
12-17 20:33:00.891 24266 24266 I qiyippsplay: org.iqiyi.video.ui.bf.h()<-1> : 当前时间1044586
12-17 20:33:03.888 24266 24266 V chaunce : org.iqiyi.video.vote.b.aux.a()<-1> : checkVoteShowTime-->1047715
12-17 20:33:04.757  3382  3399 D QcrilMsgTunnelSocket: To broadcast an Intent via the notifier to external apps
12-17 20:33:04.816  2852  2852 I HwSignalClusterView: getOrInflateState subId:0
12-17 20:33:06.614  2852  2852 I HwSignalClusterView: getOrInflateState subId:0
12-17 20:33:07.265   802   802 E Thermal-daemon: [Thermal_Hw] temperature_filter: get invalid temperature, use old temp
12-17 20:33:07.995  1795 11746 W ActivityManager: getTasks: caller 10140 does not hold REAL_GET_TASKS; limiting output
12-17 20:33:12.667  3218  3218 D QC_RIL_OEM_HOOK: Oem ID in QCRILHOOK UNSOL RESP is QOEMHOOK
12-17 20:33:12.676  1795 16501 D PowerManagerService: acquire lock=98898332, flags=0x1, tag="RILJ_ACK_WL", name=com.android.phone, ws=null, uid=1001, pid=3218
12-17 20:33:12.685  1795  3225 W ActivityManager: Sending non-protected broadcast org.codeaurora.VOIP_VOPS_SSAC_STATUS from system 3218:com.android.phone/1001 pkg com.android.phone
12-17 20:33:16.903 24266 24266 V chaunce : org.iqiyi.video.vote.b.aux.a()<-1> : checkVoteShowTime--hideVoteView
12-17 20:33:21.627   633   692 I eSpaceService: Watch Thread{4481} WatchThread.onLoop(WatchThread.java:98) watch thread onLoop...--》 iWatched.doWatch() 
12-17 20:33:22.917 24266 24266 I qiyippsplay: org.iqiyi.video.ui.bf.h()<-1> : 当前时间1066762
