12-18 10:31:03.563  1795  3238 D PowerManagerService: ready=true,policy=0,wakefulness=0,wksummary=0x1,uasummary=0x0,bootcompleted=true,boostinprogress=false,waitmodeenable=false,mode=true,manual=33,auto=-1,adj=0.0userId=0
12-18 10:39:37.124  1795  2323 E UsbDeviceManager: java.io.FileNotFoundException: sys/class/hw_power/charger/charge_data/water_intrused (No such file or directory)
12-18 10:39:37.557  1046  1125 D ACDB-LOADER: ACDB -> ACDB_AVSYNC_INFO: ACDB_CMD_GET_DEVICE_PROPERTY
12-18 10:39:37.557  1046  1125 D audio_hw_primary: enable_audio_route: apply mixer and update path: low-latency-playback speaker
12-18 10:39:37.704  2852  2852 I StackScrollAlgorithm: overlapAmount:763.6, previousNotificationEnd:607.0, newYTranslation:-156.59998, location:2, i:1, getTopPadding:499.0, getLocationOnScreen():-36
12-18 10:39:37.921  1795  1795 I AlarmManager: scheduleTimeTickEvent triggerAtTime = 497338727
12-18 10:39:37.951  1795 16501 D PowerManagerService: ready=true,policy=3,wakefulness=1,wksummary=0x1,uasummary=0x1,bootcompleted=true,boostinprogress=false,waitmodeenable=false,mode=true,manual=33,auto=-1,adj=0.0userId=0
12-18 10:39:38.172   633 31870 I SDK     : 
12-18 10:39:38.175   633 31870 I SDK     : <2016-12-18 10:39:38> [WARN] SDK: UE-SeC 2016-12-18 10:39:38:175 Level[WARN] magic[3362781472 684]:PubEvt_Close Getting a socket[204] from the Socket-table Failed!
12-18 10:39:38.176   633 31870 I SDK     : <2016-12-18 10:39:38> [WARN] SDK: UE-SeC 2016-12-18 10:39:38:176 Level[WARN] magic[3362781472 684]:PubEvt_Close Getting a socket[217] from the Socket-table Failed!
12-18 10:39:38.180   633 31869 I SDK     : <2016-12-18 10:39:38> [NOTICE] SDK: UE-SeC 2016-12-18 10:39:38:180 Level[NOTICE] magic[3367250208 5587]:Process ipc result is [1]
12-18 10:39:39.557  1795  1808 W BroadcastQueue: Permission Denial: broadcasting Intent { act=android.media.SCO_AUDIO_STATE_CHANGED flg=0x10000010 (has extras) } from null (pid=-1, uid=-1) requires com.huawei.permission due to registered receiver BroadcastFilter{89228ec u0 ReceiverList{c9f82e3 633 com.huawei.espacev2/10102/u0 remote:497ab12}}
12-18 10:39:39.678  1795  3110 D PowerManagerService: release:lock=267501760, flg=0x0, tag="dispatcher", name=android", ws=null, uid=1000, pid=7194
12-18 10:39:40.113  2852  2852 I PhoneStatusBar: suspendAutohide
12-18 10:39:41.196  1795 31540 I PowerManager_vibrator: Turning vibrator on for 200 ms.
12-18 10:39:41.263  3180 31321 I DownloadState: @@@@@@@@@@@@ uid :10102 download :true
12-18 10:39:41.628   814 20750 V GenericSource: GenericSource::disconnect end
12-18 10:39:44.542  4492  4492 I SendBroadcastPermission: action:com.tencent.mm.ui.ACTION_DEACTIVE, mPermissionType:0
12-18 10:39:46.491  1795 16232 I ActivityManager_activity: Moving to STOPPING: ActivityRecord{dd5cddc u0 com.tencent.mm/.plugin.offline.ui.WalletOfflineEntranceUI t383 f} (finish requested)
12-18 10:39:46.805  4492  4492 E System  : java.lang.Runtime#loadLibrary(String, ClassLoader) is private and will be removed in a future Android release
12-18 10:39:47.820   633 31875 I SDK     : <2016-12-18 10:39:47> [NOTICE] SDK: UE-SeC 2016-12-18 10:39:47:820 Level[NOTICE] magic[3359111456 2623]:FileSec: write app bundle id  = &5ߢ[@ñ?z]I= to file tail.
12-18 10:39:50.697 25067 31373 D BetaClub_Http: [HttpClient.getDataWithRetryNoLogin] success 
12-18 10:39:59.183  2852  2852 D NetWorkUtils: is3GCalling is false,mCdmaSlot is -1
12-18 10:40:02.202  2852  2852 D HwCustMobileSignalControllerImpl: sub =0,strMccMnc =null,hashMccMnc =[],strPlmn =hw_mcc_mnc
12-18 10:40:11.131  1795  2750 D HW_DISPLAY_EFFECT: presently, hw_update_color_temp_for_rg_led interface not achieved.
12-18 10:40:16.538  1795  3238 D ActivityManager: Skipping, withExcluded: false, tr.intent:Intent { act=android.intent.action.VIEW dat=file:///storage/emulated/0/Downloads/106_4389c1ec4cb78314a457ce5927578bb4.apk typ=application/vnd.android.package-archive flg=0x10800000 cmp=com.android.packageinstaller/.PackageInstallerActivity (has extras) }
12-18 10:40:16.868  2852  2925 D KGWallpaper_Magazine: getNextIndex: -1; from 1 to 0; size: 44
12-18 10:40:22.558  2852  2852 E BokehDrawable: BlurBitmap  draw super 0.0
12-18 10:40:48.325   835  2385 I fpc_tac : Store template db took 10 ms
12-18 10:40:48.485 31949 31967 I TCP     : WatchThread{4786} TcpSocket.close(TcpSocket.java:158) shutdown output: java.net.SocketException: Socket is closed
12-18 10:40:48.618  2852  2852 I HwSignalClusterView: getOrInflateState subId:0
12-18 10:40:54.649  2852  3556 I NetworkController.MobileSignalController(0): onDataActivity: direction=0
12-18 10:40:57.414  2852  2852 I StackScrollAlgorithm: overlapAmount:226.11627, previousNotificationEnd:-28.381409, newYTranslation:-254.49768, location:8, i:2, getTopPadding:499.0, getLocationOnScreen():-745
12-18 10:40:58.496  2852  2852 I PhoneStatusBar: updateNotificationShade
12-18 10:40:58.514  2852  2852 I StackScrollAlgorithm: state.clipTopAmount:198, i:2
12-18 10:41:02.077  2852  2852 I StackScrollAlgorithm: updateClipping isOverlap:true
12-18 10:41:03.100  3218  3236 W PhoneInterfaceManager: shouldBlockLocation running ...
12-18 10:41:03.447  2852  2852 I PanelView: onQsExpansionStarted
12-18 10:41:04.145  1046  1125 I Huawei_audio_cust: huawei_common_set_parameters: exit with code(0)
12-18 10:41:04.182  1795 11746 I Security_fingerprint: FingerprintService authenticate
12-18 10:41:04.222   835  2385 I fpc_tac : fpc_tac_send_get_indices_cmd indices:0x7f9860c000, index_count:1
12-18 10:41:04.306  2852  2852 W WallpaperPagerAdapter: loadPagerImageView loadType:1 mCurrentPosition:1073741823
12-18 10:41:04.672  1795  3884 D PowerManagerService: ready=true,policy=0,wakefulness=0,wksummary=0x1,uasummary=0x0,bootcompleted=true,boostinprogress=false,waitmodeenable=false,mode=true,manual=33,auto=-1,adj=0.0userId=0
12-18 10:41:04.880  1795 15982 I ActivityManager_service: bindServiceLocked, r: ServiceRecord{f299485 u0 euid: 0 com.huawei.intelligent/.main.receiver.IntelligentIntentService}, euid: 0
12-18 10:41:04.902  2852  2852 I PhoneStatusBar: setSystemUiVisibility vis=8608 mask=ffffffff oldVal=c0000700 newVal=8608 diff=c0008108
12-18 10:41:05.088  1795  3247 D PowerManagerService: release:lock=225236456, flg=0x0, tag="hibernation", name=com.huawei.powergenie", ws=null, uid=1000, pid=3180
12-18 10:42:11.874  5224  5283 I Step_ExtendStepDataManager: 20002302|compensate 24700482 18
12-18 10:44:50.405  3626  3626 E PTM.FileNodeInfo: getTempInfo error: null, 0
12-18 10:45:03.284  1795  1795 I qti_sensors_hal: activate: 295 activate sensors is 12000000000001
12-18 10:45:03.397  1795  2736 E hwintelligencewifi:  DefaultState MSG_SCREEN_ON
12-18 10:45:03.471  3180  3578 I ash     : unproxy com.huawei.espacev2 broadcast OK !
12-18 10:45:03.821  3218  4070 W PhoneInterfaceManager: shouldBlockLocation running ...
12-18 10:45:04.293  1795 17832 I HwActivityManagerService: Split enqueueing broadcast [callerApp]:ProcessRecord{fddc75d 16628:com.huawei.android.totemweather/u0a28}
12-18 10:45:06.705  1795  2737 I QosMonitor: postEventFromNative: msg=100,arg1=0,arg2=9
12-18 10:45:11.129  1795  2323 E UsbDeviceManager: 	at java.io.FileInputStream.<init>(FileInputStream.java:146)
12-18 10:45:16.715  1795  5350 I MQoS    : MSG_QUERY_TCP_INFO called,count:6
12-18 10:45:27.192  3858  4126 I amsnl   : m1: false
12-18 10:45:31.790  1795  3247 D PowerManagerService: ready=true,policy=3,wakefulness=1,wksummary=0x0,uasummary=0x1,bootcompleted=true,boostinprogress=false,waitmodeenable=false,mode=true,manual=33,auto=-1,adj=0.0userId=0
12-18 10:45:48.071  1795 16498 V HwWindowManagerService: setFocusedApp update app ops, mTaskChanged set to:false
12-18 10:45:48.196  1795  3111 D ActivityManager: getRecentTasks: num=10,flags=62,totalTasks=48
12-18 10:45:48.533  1795  1825 D HwNormalizedRampAnimator: bright trace:3393/138973978,3376/138973991,3358/138974007,3341/138974024,3323/138974040,3306/138974057,3288/138974074,3271/138974091,3253/138974106,3236/138974123,3218/138974139,3201/138974156,3183/138974173,3166/138974189,3148/138974206,3131/138974222,3113/138974239,3096/138974256,3078/138974272,3061/138974289,3043/138974305,3026/138974322,3008/138974339,2991/138974355,2973/138974371,2956/138974388,2938/138974405,2921/138974421,2903/138974438,2886/138974454,2868/138974471,2851/138974487,2833/138974504,2816/138974520,2798/138974537,2781/138974553,2763/138974570,2746/138974587,2728/138974603,2711/138974620
12-18 10:45:48.763  2852  2852 I HwSignalClusterView: getOrInflateState subId:0
12-18 10:45:49.247  1795  2750 D HW_DISPLAY_EFFECT: presently, hw_update_color_temp_for_rg_led interface not achieved.
12-18 10:45:50.868  3218  3422 I PhoneInterfaceManager: shouldBlockLocation  ret:false
12-18 10:45:51.121   802   802 E Thermal-daemon: Report temperature: [charger_ic] temp :29  report_threshold:1
12-18 10:45:54.011  1795  1809 I WindowManager: rotationForOrientationLw(orient=1, last=0); user=0 
12-18 10:45:55.057  2852  2852 I ToggleSlider:  mSeekListener onProgressChanged progress:7921 fromUser:false
12-18 10:45:55.076  1795  2750 D HW_DISPLAY_EFFECT: presently, hw_update_color_temp_for_rg_led interface not achieved.
12-18 10:45:56.827  2852  2852 I HwSignalClusterView: setMobileDataIndicatorsHuawei subId:0 visible:true strengthIcon:2130839311 typeIcon:2130839195 contentDescription:手机信号满格。 typeContentDescription:4G isTypeIconWide:true showActivity:true activityIn:false activityOut:false isRoaming:false
12-18 10:46:01.816   633 31867 I SDK     : 
12-18 10:46:02.363  1795  2381 D libfingersense_wrapper: fingersense_classify_touch() finished
12-18 10:46:09.406  4492  4492 D JNI     : readFile,  file_len=684
12-18 10:46:12.476  1795  2750 I HwLightsService: back light level before map = 7409
12-18 10:46:12.723  1795  2750 D HW_DISPLAY_EFFECT: presently, hw_update_color_temp_for_rg_led interface not achieved.
12-18 10:46:13.755 32456 32456 D baidu_location_service: baidu location service start1 ...32456
12-18 10:46:17.597   835   835 I fingerprintd: fingerprintdex--dev->need_liveness_authentication = false;
12-18 10:46:17.745  2852  2925 I EventCenter: ContentChange for slot: 1
12-18 10:46:17.763   612   612 I SDM     : HWCDisplay::SetPowerMode: display = 0, mode = 0
12-18 10:46:18.142  2852  2852 I StatusBarWindowManager: apply skiped :0
12-18 10:46:18.147  2852  2852 E KeyguardUpdateMonitor: isSimPinSecure mSimDatas is null or empty 
12-18 10:49:43.915  2852  2852 W PanelView: set notification panel padding = 1914
12-18 10:49:44.481  1795 15988 W ActivityManager: getRunningAppProcesses: caller 10105 does not hold REAL_GET_TASKS; limiting output
12-18 10:49:45.031  1795 16498 D PowerManagerService: release:lock=76164778, flg=0x0, tag="WakerLock:14509116", name=com.tencent.mm", ws=null, uid=10105, pid=23480
12-18 10:50:46.039  1795 15987 D PowerManagerService: ready=true,policy=0,wakefulness=0,wksummary=0x1,uasummary=0x0,bootcompleted=true,boostinprogress=false,waitmodeenable=false,mode=true,manual=33,auto=-1,adj=0.0userId=0
12-18 10:50:53.019  1795  1807 I AwareLog: AppHiber_Task:  Screen   Off  State, frozenInhandleMsg Return
12-18 10:50:53.086  2852  2852 I SignalClusterView: applyIconTint ignore
12-18 10:50:57.156  2852  2852 D DateTimeView: Change to single clock mode!
12-18 10:50:58.597  2852  2852 D NetWorkUtils: mVSimCurCardType is -1
12-18 10:51:02.248  1795  3111 D PowerManagerService: ready=true,policy=0,wakefulness=0,wksummary=0x1,uasummary=0x0,bootcompleted=true,boostinprogress=false,waitmodeenable=false,mode=true,manual=33,auto=-1,adj=0.0userId=0
12-18 10:51:02.711  1795  1805 I AlarmManager: remove(PendingIntent{73e2640: PendingIntentRecord{3c38496 android broadcastIntent}}) changed bounds; rebatching
12-18 10:51:02.900  5224  5283 I Step_HSNH: 20002302|rebuild notification
12-18 10:51:05.234   802   802 E Thermal-daemon: Report temperature: [charger_ic] temp :28  report_threshold:1
12-18 10:51:18.541   633 31870 I SDK     : <2016-12-18 10:51:18> [WARN] SDK: UE-SeC 2016-12-18 10:51:18:541 Level[WARN] magic[3362781472 684]:PubEvt_Close Getting a socket[165] from the Socket-table Failed!
12-18 10:51:55.625   835  2385 E libteec : begin
12-18 10:51:55.782  2852  2852 I StackScrollAlgorithm: updateClipping isOverlap:false
12-18 10:51:58.668   633   692 I Hw_Fluent: RecentLogic{4456} RecentLogic.addConversationEntity(RecentLogic.java:906) add chat recent!
12-18 10:52:00.006  2852  2852 I HwDateUtils:  formatChinaDateTime equals.
12-18 10:52:05.862   808   459 D QCameraHWI_Mem: [ION DEBUG]ion len:1144960, heap_id:33554432, flag:1
12-18 10:52:06.156   808   445 D QCameraStream: init  mFrameAllocator:0xee1d90f0  this:0xebc1e300  getMyType:7
12-18 10:52:06.157   808   459 D QCamera2HWI: [ION DEBUG] Alloc type:7
12-18 10:52:06.344   808   547 D [HWCamera] HwAlgorithmicInformation: void android::HwAlgorithmicInformation::setSmartAeInfo(int, int*, SmartAE_EXIF_INFO_t*), frameNum = 0, expo = 0xeca78de0, set smartAE output hdr values to default
12-18 10:52:07.478   808   547 D [HWCamera] AutoDetectPlatInterface: isAutoSceneRunning false
12-18 10:52:07.546   808   547 D [HWCamera] IppAlgoSmartAE: void android::IppAlgoSmartAE::setHdrAndExifInfo(AE_OutputData *), isHDR=0, frameNumber=0
12-18 10:52:08.112   808   547 D [HWCamera] IppAlgoSmartAE: int android::IppAlgoSmartAE::doSmartAEAlgo(unsigned char *, void *, int, int, int) mAlgoAeCompToDriver[0]=0, resultComp[0]=0
12-18 10:52:08.275   827   542 I LC898123_OIS:  enter ois_get_vibrate_status_func 
12-18 10:52:08.677   808   547 D [HWCamera] IppAlgoSmartAE: int android::IppAlgoSmartAE::doSmartAEAlgo(unsigned char *, void *, int, int, int) TAE_Rect (left,top)=(0,0), (right,bottom)=(0,0)
12-18 10:52:08.776   808   549 V QCamera2HWI: static void qcamera::QCamera2HardwareInterface::metadata_stream_cb_routine(mm_camera_super_buf_t*, qcamera::QCameraStream*, void*) pMetaData->ae_params.settled = 1
12-18 10:52:09.112   808   547 D [HWCamera] IppAlgoSmartAE: void android::IppAlgoSmartAE::setHdrAndExifInfo(AE_OutputData *), isHDR=0, frameNumber=0
12-18 10:52:09.243   808   547 D [HWCamera] AutoDetectPlatInterface: isAutoSceneRunning false
12-18 10:52:09.645   808   547 D [HWCamera] IppAlgoSmartAE: int android::IppAlgoSmartAE::doSmartAEAlgo(unsigned char *, void *, int, int, int),awbRgain=2,awbGgain=1,adbBgain=1,cct=6184
12-18 10:52:09.818  1795  3139 E HsmCoreServiceImpl: onTransact in code is: 102
12-18 10:52:10.214   808   547 D [HWCamera] HwAlgorithmicInformation: void android::HwAlgorithmicInformation::setSmartAeInfo(int, int*, SmartAE_EXIF_INFO_t*), Enter frameNum = 0, expo = 0xeca78de0, pExif = 0xeca78e88
12-18 10:52:10.377   808   547 D [HWCamera] IppAlgoSmartAE: int android::IppAlgoSmartAE::doSmartAEAlgo(unsigned char *, void *, int, int, int), saturationCompValid = 256
12-18 10:52:10.410   808   547 D [HWCamera] IppAlgoSmartAE: int android::IppAlgoSmartAE::doSmartAEAlgo(unsigned char *, void *, int, int, int),format:1,buffer0xe9530000,wide:1280,height:720
12-18 10:52:10.676   808   549 D QCameraParameters: getMMIPdafTestMode: mode : (null) 
12-18 10:52:10.743   808   547 D [HWCamera] IppAlgoSmartAE: int android::IppAlgoSmartAE::doSmartAEAlgo(unsigned char *, void *, int, int, int), start fill parameters for frame 0
12-18 10:52:10.879   808   547 D [HWCamera] IppAlgoColorEffect: Enter void qcamera::IppAlgoColorEffect::onNewArrival(int, void *, int, int, const char *, const void *), fmt = 2, addr = 0xe5b4c000, width = 1280, height = 720, effect = (null), param = 0x0, gEffect = none, gParam = , rotation = 270
12-18 10:52:25.145  1795  1795 I MQoS    : received cell-signal:1
12-18 10:52:45.838  1795  3238 D HwInputMethodManagerService: hideSecSoftInput = false
12-18 10:52:46.029  2852  2852 I BitmapUtils: 	at com.huawei.keyguard.support.magazine.MagazineWallpaper$BgPicLoader$1.run(MagazineWallpaper.java:531)
12-18 10:52:46.071  1795  1825 W LightSensor: LightSensor, enable, 283: en=0
12-18 10:52:48.123  2852  2852 D HwCustMobileSignalControllerImpl: isCurrentBySim()=false
12-18 10:53:11.807  3382  3399 D QcrilMsgTunnelSocket: readRilMessage: Buffer = [B@204bb9f HexData = [010000000404000011000000514f454d484f4f4bfa0308000100000000]
12-18 10:53:17.628  1795  1795 D WifiProJNI: send_cmd_kernel: cmd=1
12-18 10:54:49.053   836  2387 I knuckle_sensor: Sending SAM_ENABLE to fs_data
12-18 10:54:50.487  2852  2852 I HwBrightnessController: onChange selfChange:false uri.toString():content://settings/system/screen_auto_brightness mIsObserveAutoBrightnessChange:true
12-18 10:54:50.984  2852  2852 D HwCustMobileSignalControllerImpl: sub =0,strMccMnc =null,hashMccMnc =[],strPlmn =hw_mcc_mnc
12-18 10:54:50.997  2852  2852 D NetWorkUtils: mVSimCurCardType is -1
12-18 10:55:19.803  2852  2852 W KGWallpaper_Magazine: loadPic: 1
12-18 10:55:19.932  2852  1330 D KGWallpaper_Magazine: getNextIndex: 1; from 5 to 6; size: 44
12-18 10:55:20.252  2852  2852 W CameraLayout: Cameralayout setVisibility. true false  2
12-18 10:55:20.253  2852  2925 I ExifParser: mTiffStream skip = 0
12-18 10:55:20.401  2883  2996 I HwSystemManager: ExtraTrafficSetting:result is empty
12-18 10:55:23.264  1795  2323 E UsbDeviceManager: 	at android.os.UEventObserver$UEventThread.sendEvent(UEventObserver.java:210)
12-18 10:55:24.925  2852  2852 I PhoneStatusBar: updateNotificationShade
12-18 10:55:28.274  1795  1805 I PowerManager_screenOn: PowerManagerNotifier onWakeUp: event=startWakeUpReady, reasonUid=10033 opPackageName=com.android.systemui opUid=10033
12-18 10:55:28.496  1795  2371 E LightSensor: read Events lux:1997.0
12-18 10:55:28.555   835  2385 E libteec : qsc_decode end
12-18 10:55:28.561   835  2385 I fpc_tac : Store template db took 6 ms
12-18 10:55:28.653  2883  2883 D HwKeyguardManagerImpl: isLockScreenDisabled HwKeyguardManagerImpl result = false
12-18 10:55:28.664  1046  1125 D ACDB-LOADER: ACDB -> ACDB_CMD_GET_AUDPROC_COMMON_TABLE_SIZE
12-18 10:55:28.740  1795  2691 D HwConnectivityService: stopFilter m_filterIsStarted:false
12-18 10:55:28.907   633  1424 I SDK     : 
12-18 10:55:40.161  3858  4126 I amsnl   : csr
12-18 10:55:53.277  1795  2750 D HW_DISPLAY_EFFECT: presently, hw_update_color_temp_for_rg_led interface not achieved.
12-18 10:55:58.646  1795  1806 D PowerManagerService: Acquiring suspend blocker "PowerManagerService.WakeLocks".
12-18 10:56:04.014   633 31867 I SDK     : 
12-18 10:56:04.016   633  1482 I SDK     : 
12-18 10:56:05.433  3180  3578 I PacketsControl: not 3G net type. do nothing.
12-18 10:56:20.562  3858  4126 I amsnl   : csr
12-18 10:56:23.353  3626  3626 E PTM.FileNodeInfo: getTempInfo error: null, 0
12-18 10:56:23.579  1795  2750 D HW_DISPLAY_EFFECT: presently, hw_update_color_temp_for_rg_led interface not achieved.
12-18 10:56:27.698  1795  2671 D WifiStateMachine:  InitialState CMD_SET_SUSPEND_OPT_ENABLED  rt=139201242/498326425 1 0
12-18 10:56:27.896  3180  3578 I ash     : Unproxy wakelock uid = 10029 pid = 24551
12-18 10:56:28.742   606  2379 E libteec : receive data len = 128
12-18 10:56:28.996  1795  2326 W FingerprintService: onAuthenticated 2
12-18 10:56:48.152  1795  1819 D NetworkManagement: notifyInterfaceClassActivity: client is android.net.ip.IpManager$2@4c99c84
12-18 10:56:49.262  2852  2852 I SystemServicesProxy: get the task from ActivityManager size is 10 AMS:getRecentTasksForUser,args:numTasksToQuery=10,flags=62,userId=0
12-18 10:56:55.407  1795  1821 I ActivityManager_activity: windowsVisibleLocked(): ActivityRecord{391ac00 u0 com.tencent.mm/.plugin.remittance.ui.RemittanceResultUI t383} idle: true
12-18 10:56:59.141  2852  2852 I HwNotificationIconAreaController: showNotificationAll
12-18 10:57:00.254  1795  2396 E HsmCoreServiceImpl: onTransact in code is: 102
12-18 10:57:02.219  1795 11746 D HwSecImmHelper: isPasswordInputType = false, inputType = 1
12-18 10:57:03.749  1046  1125 D audio_hw_spkr_prot: audio_extn_fbsp_set_parameters: Speaker protection disabled
12-18 10:57:03.749  1046  1125 D audio_hw_primary: out_set_parameters: enter: usecase(1: low-latency-playback) kvpairs: routing=2
12-18 10:57:03.798  1795  1825 I PowerManager_screenOn: DisplayPowerStatesetColorFadeLevel: level=0.8852566
12-18 10:57:03.869  2852  2925 I BitmapUtils: RGB565toARGB888 create bmp = 162x288
12-18 10:57:04.196  1795  2671 D WifiStateMachine:  DefaultState !CMD_SCREEN_STATE_CHANGED  rt=139237740/498362923 0 0
12-18 10:57:04.358  2852  2852 I BarTransitions.HwPhoneStatusBarView: transitionTo: mode=MODE_TRANSPARENT, animate=false
12-18 10:58:06.372  1795  1819 D NetworkManagement: notifyInterfaceClassActivity: client is com.android.server.net.NetworkPolicyManagerService$13@4df0feb
12-18 10:58:06.409   818  1089 I iMonitor: create: 902500004
12-18 10:58:06.743  5224  5283 I Step_SharedPerferenceUtils: 20002302| getTodayTotalDetailSteps from Prefence success and todaySendorSteps= 1482029700000##5207##181640##0##0##498327898
12-18 10:58:07.267  2852  2852 I StatusBarIconView: updateTint: tint=0
12-18 10:58:07.721  3168  3168 I CHR_ChrDataServiceTracker: handleLteCaStatusChange
12-18 10:58:12.434  2852  2852 I HwDateUtils:  formatChinaDateTime equals.
12-18 10:59:20.562  1795  2376 I AlarmManager: there are no wakeup alarms and the screen is off, we can delay what we have so far until the future
12-18 10:59:53.303  1795  2778 I HwActivityManagerService: Split enqueueing broadcast [callerApp]:ProcessRecord{4ff57fc 3382:com.qualcomm.qcrilmsgtunnel/1001}
12-18 11:01:02.663  1795  2376 I ActivityManager_broadcast: Enqueueing ordered broadcast[background] BroadcastRecord{3a2823c u0 com.huawei.espace.pushcheck}: prev had 0
12-18 11:01:26.448  2852  2852 V KeyguardUpdateMonitor: RefreshBatteryInfo isBatteryLow: 95
12-18 11:01:26.452  3626  3626 D PTM.ThermalCommonInfo: Action: BatChange
12-18 11:01:26.453  1795  2323 E UsbDeviceManager: 	at java.io.FileInputStream.<init>(FileInputStream.java:146)
12-18 11:01:26.467  3626  3626 I iMonitor: send: 903001012
12-18 11:03:24.906   633   692 I eSpaceService: Watch Thread{4481} WatchThread.onLoop(WatchThread.java:94) watch thread onLoop... 
12-18 11:04:24.142  1795  2323 E UsbDeviceManager: 	at android.os.UEventObserver$UEventThread.sendEvent(UEventObserver.java:210)
12-18 11:04:29.060  2852  2852 I SignalClusterView: applyIconTint ignore
12-18 11:04:32.655  1795  2736 E hwintelligencewifi: getCurrentCellid type type = PHONE_TYPE_GSM
12-18 11:04:41.578  1795 16498 D PowerManagerService: ready=true,policy=0,wakefulness=0,wksummary=0x1,uasummary=0x0,bootcompleted=true,boostinprogress=false,waitmodeenable=false,mode=true,manual=33,auto=-1,adj=0.0userId=0
12-18 11:07:06.197  3626  3754 I FileUtils: restrainFilesNum, count = 128
12-18 11:10:58.239  2852  2852 I StatusBar: onNotificationPosted: StatusBarNotification(pkg=com.huawei.health user=UserHandle{0} id=10010 tag=null key=0|com.huawei.health|10010|null|10099: Notification(pri=0 contentView=null vibrate=null sound=null defaults=0x0 flags=0x62 color=0x00000000 vis=PRIVATE)) important=2, post=1482030658234, when=1481531589202, vis=0, userid=0
12-18 11:11:02.946  2852  2852 I EventCenter: EventCenter Get :android.com.huawei.bone.NOTIFY_SPORT_DATA
12-18 11:11:05.911  2852  2852 D HwCust  : Create obj success use class android.app.HwCustNotificationImpl
12-18 11:11:06.721   633 31868 I SDK     : 
12-18 11:11:19.903  3626  3626 E PTM.FileNodeInfo: getTempInfo error: null, 0
12-18 11:11:39.781  2852  2852 I KgBattery: BatteryInfo updated:  3lpc-1
12-18 11:16:07.050  2852  2852 I StackScrollAlgorithm: updateClipping isOverlap:false
12-18 11:20:45.421  2852  2852 I HwSignalClusterView: setMobileDataIndicatorsHuawei subId:0 visible:true strengthIcon:2130839311 typeIcon:2130839157 contentDescription:手机信号满格。 typeContentDescription: isTypeIconWide:false showActivity:false activityIn:false activityOut:false isRoaming:false
12-18 11:20:45.518  2883  2996 I HwSystemManager: NormalTrafficAnalysis:alert byte = 0 last alert byte = 1072890147
12-18 11:20:45.593  3218  3218 I SendBroadcastPermission: action:android.intent.action.NETWORK_SET_TIMEZONE, mPermissionType:0
12-18 11:20:45.649  2852  2852 D NetWorkUtils: mVSimCurCardType is -1
12-18 11:20:45.804  1795  2685 D PowerManagerService: ready=true,policy=0,wakefulness=0,wksummary=0x1,uasummary=0x0,bootcompleted=true,boostinprogress=false,waitmodeenable=false,mode=true,manual=33,auto=-1,adj=0.0userId=0
12-18 11:21:32.593  1795  2376 I HwActivityManagerService: keyAppBroadcastQueueForIntent intent Intent { act=com.tencent.mm.TrafficStatsReceiver flg=0x14 (has extras) } on bgkeyapp queue
12-18 11:21:41.490  1795  5350 I TrafficMonitor: getStatic,count:0,work status:false
12-18 11:24:15.639  3626  3626 E PTM.FileNodeInfo: getTempInfo error: null, 0
12-18 11:24:15.658  1795  1819 D NetworkManagement: notifyInterfaceClassActivity: client is android.net.INetworkManagementEventObserver$Stub$Proxy@af226
12-18 11:26:03.773   633 31870 I SDK     : <2016-12-18 11:26:03> [WARN] SDK: UE-SeC 2016-12-18 11:26:3:773 Level[WARN] magic[3362781472 684]:PubEvt_Close Getting a socket[69] from the Socket-table Failed!
12-18 11:27:05.771  2852  2914 I HwMobileSignalController: mExtDataOld:ExtData [mMasterNetWorkType=3, mSlaveNetWorkType=0, mMasterNetWorkLevel=5, mSlaveNetWorkLevel=-1, mDataState=2, mDataActivity=4, mDataNetType=13] mExtData:ExtData [mMasterNetWorkType=3, mSlaveNetWorkType=0, mMasterNetWorkLevel=5, mSlaveNetWorkLevel=-1, mDataState=0, mDataActivity=4, mDataNetType=13]
12-18 11:27:10.583   633 31870 I SDK     : <2016-12-18 11:27:10> [WARN] SDK: UE-SeC 2016-12-18 11:27:10:582 Level[WARN] magic[3362781472 684]:PubEvt_Close Getting a socket[98] from the Socket-table Failed!
12-18 11:27:10.591   633 31870 I SDK     : <2016-12-18 11:27:10> [WARN] SDK: UE-SeC 2016-12-18 11:27:10:591 Level[WARN] magic[3362781472 684]:PubEvt_Close Getting a socket[119] from the Socket-table Failed!
12-18 11:27:10.600   633 31870 I SDK     : 
12-18 11:27:10.669   633 31870 I SDK     : <2016-12-18 11:27:10> [WARN] SDK: UE-SeC 2016-12-18 11:27:10:669 Level[WARN] magic[3362781472 684]:PubEvt_Close Getting a socket[255] from the Socket-table Failed!
12-18 11:30:59.361  2852  2852 I TrafficPanelViewContent: onShowStatusChange show:false
12-18 11:30:59.694  1795 11746 I ActivityManager_service: mAm.startProcessLocked for service: ServiceRecord{1ee272 u0 euid: 0 com.huawei.indexsearch/.IndexSearchService}, appinfo euid: 0
12-18 11:31:00.227  1046  1125 I msm8916_platform: platform_check_codec_backend_cfg:becf: afe: Codec selected backend: 0 current bit width: 16 sample rate: 48000 channels: 2
12-18 11:44:08.058  2852  2852 W HwPhoneLayoutInflater: onCreateView : ClassNotFoundException, In this case we want to let the base class take a crack at it
12-18 11:44:08.070  7741  7741 W NewMessageContentObserver : newUnreadCount:2,oldUnreadCount:1
12-18 11:44:08.101  1046  1053 V APM_AudioPolicyManager: releaseOutput() 13
12-18 11:44:08.195  1046  1125 I audio_hw_utils: audio_extn_utils_send_app_type_cfg:becf: adm: app_type 69936, acdb_dev_id 231, sample_rate 48000
12-18 11:44:09.431  1046  1053 I APM_AudioPolicyManager: setOutputDevice() device 0x0000 delayMs 96 force 0
12-18 11:45:20.548  3626  3626 E PTM.FileNodeInfo: getTempInfo error: null, 0
12-18 11:45:20.549  3626  3626 E PTM.FileNodeInfo: getTempInfo error: null, 0
12-18 11:47:10.074  2852  2852 I TimeManager: chinaDateTime:中午11:47
12-18 11:55:24.197  2883  4061 I HwSystemManager: RemainingTimeSceneHelper:updateTimeSceneData ,deltaRmCapacity= 0.0 deltaTimeStamp=494089 timestamp_temp= 1482032830108
12-18 12:00:31.138 18657 18657 E GuideUserUseReceiver: action =android.intent.action.DATE_CHANGED
12-18 12:08:12.607  1795  3111 I ActivityManager_broadcast: Enqueueing ordered broadcast[background] BroadcastRecord{eeb06aa u0 com.android.huawei.broadcast.HwRepairHelper}: prev had 1
12-18 12:08:12.617  3168  2916 D HwRepairHelper: query() sql:select * from 'SignalTime' where CardIndex = '0'
12-18 12:17:13.911  1795  2323 E UsbDeviceManager: java.io.FileNotFoundException: sys/class/hw_power/charger/charge_data/water_intrused (No such file or directory)
12-18 12:27:09.014  3626  3626 E PTM.FileNodeInfo: getTempInfo error: null, 0
12-18 12:38:43.759  1795 15987 D PowerManagerService: release:lock=109539210, flg=0x0, tag="wake-and-unlock wakelock", name=com.android.systemui", ws=null, uid=10033, pid=2852
12-18 12:38:43.799  2852  2852 I PanelBar: collapsePanel2
12-18 12:38:43.883  4492  4492 I SendBroadcastPermission: action:com.tencent.mm.ui.ACTION_ACTIVE, mPermissionType:0
12-18 12:38:44.131 25692 25936 I memcheck: needTrimMemory: trimFrom = 0, avail = 923556, vmSize = 2200852, vssLimit = 4190896, totalPss = 82728, pssLimit = 2876772, agressiveGrowthLimit = 1150708, gentleGrowthLimit = 2013740, availablePmThreshold = 221184, availableVmThreshold = 153600
12-18 12:38:44.143  2852  2852 I TimeManager: chinaDateTime:中午12:38
12-18 12:38:44.167   633  3142 I SDK     : 
12-18 12:38:44.191   633 31870 I SDK     : 
12-18 12:38:44.196   633 31870 I SDK     : 
12-18 12:38:44.266  1795  2665 D NetdConnector: RCV <- {200 12276 Tethering stats list completed}
12-18 12:38:44.475 25067 25067 I UX      : CollectorManager--isCollectorEnabled--getBoolean: false
12-18 12:38:44.504  7194  3221 I PushLog2824: [SocketRead_12:38:44-14906]ctrlSocket success(android/null:-1)
12-18 12:38:44.537  7741  7741 V Mms_TXM_SVC: Destroying TransactionService
12-18 12:38:45.088   633  3314 I SDK     : <2016-12-18 12:38:45> [NOTICE] SDK: UE-SeC 2016-12-18 12:38:45:88 Level[NOTICE] magic[2147879200 931]:runtime config: cfgflag[2] netflag[2] realip[183.237.253.27]!
12-18 12:38:45.331  7194  3221 I PushLog2824: [SocketRead_12:38:44-14906]broadcast(),and mReceivers  4(android/null:-1)
12-18 12:38:46.968  2883  3090 W ContextImpl: Calling a method in the system process without a qualified user: android.app.ContextImpl.sendBroadcast:996 android.content.ContextWrapper.sendBroadcast:426 com.huawei.systemmanager.power.service.BgPowerManagerService.handleScreenOn:638 com.huawei.systemmanager.power.service.BgPowerManagerService.-wrap6:-1 com.huawei.systemmanager.power.service.BgPowerManagerService$4.handleMessage:444 
12-18 12:38:47.105 28113  3489 I HwSystemManager: HandlePowerStatistic:uap.power 0.016131944444444445 uap.uid=10018
12-18 12:38:48.226   633  3148 E SDK     : <2016-12-18 12:38:48> [ERR] SDK: UE-SeC 2016-12-18 12:38:48:226 Level[ERR] magic[2149992736 10969]:FSM_Tool_LibcAccess ==> call access err path:</mnt/sdcard/sandbox/AnyOfficeSDK/sdk/UppmQLksydF4jiPx7vvVu9V8mxcQz4u8FMyhVWeaf4r8PYFKsAcTCTM-8ql+qSoV>, errno:<2>
12-18 12:38:49.497 25067 25098 D AndroidCommon: [SdcardManager.isMounted]Path:/storage/emulated/0
12-18 12:38:49.519   633  3537 I SDK     : 
12-18 12:38:52.768  3879  4071 I HwLauncher: WeatherDynamicUpdater update before : mDrawingData[0] = mostlycloudy:0, 0, 0
12-18 12:38:53.240  2852  2852 W View    : requestLayout() improperly called by com.android.internal.widget.NotificationExpandButton{909a9b1 V.ED..C.. ......ID 217,30-265,81 #10203ac android:id/expand_button} during layout: running second layout pass
12-18 12:38:53.371  1795 11745 I AlarmManager: set(PendingIntent{ae54556: PendingIntentRecord{542e9d7 com.tencent.mm broadcastIntent}}) : type=2 triggerAtTime=504742095 win=202498 tElapsed=504742095 maxElapsed=504944593 interval=0 flags=0x8
12-18 12:38:53.470  3879  4071 I HwLauncher: WeatherDynamicUpdater update before : mDrawingData[2] = num1:96, 192, 0
12-18 12:38:53.607  2852  2852 I StackScrollAlgorithm: overlapAmount:51.892456, previousNotificationEnd:999.0, newYTranslation:947.10754, location:4, i:2, getTopPadding:499.0, getLocationOnScreen():0
12-18 12:38:53.877  2852  2852 D HwCustMobileSignalControllerImpl: isCurrentBySim()=false
12-18 12:38:55.717  7741  7741 D CubicBezierInterpolator: CubicBezierInterpolator  mControlPoint1x = 0.23, mControlPoint1y = 0.06, mControlPoint2x = 0.09, mControlPoint2y = 0.97
12-18 12:38:55.897  2852  2852 I HwPhoneStatusBar: updateNotificationShade
12-18 12:38:55.994  1795 15988 D PowerManagerService: release:lock=230301592, flg=0x0, tag="*launch*", name=android", ws=WorkSource{10034}, uid=1000, pid=1795
12-18 12:38:56.415  1795  1809 I MultiTaskManagerService: onProcessDied pid = 2533, uid = 1000
12-18 12:38:59.234  1795  3111 D PowerManagerService: acquire lock=84050149, flags=0x1, tag="RILJ_ACK_WL", name=com.android.phone, ws=null, uid=1001, pid=3218
12-18 12:39:05.311  1795  3490 W AwareLog: AwareMem_Kill: updateGroupList process: move high frequent=com.huawei.bd, uid=1000
12-18 12:39:07.678  2852  2852 D HwCustMobileSignalControllerImpl: sub =0,strMccMnc =null,hashMccMnc =[],strPlmn =hw_show_lte
12-18 12:39:10.678  7741  7741 D HwCust  : Create obj success use class com.android.mms.data.HwCustConversationImpl
12-18 12:39:12.655  7741  7755 D HwCust  : Create obj success use class com.android.mms.ui.HwCustConversationListItemImpl
12-18 12:39:13.106  7741  7741 D Mms_View: ConversationList @48236147  lifecycle onStop
12-18 12:39:17.740  2852  2852 D HwCustMobileSignalControllerImpl: isCurrentBySim()=false
12-18 12:39:23.238  2852  2852 I StackScrollAlgorithm: state.clipTopAmount:6, i:1
12-18 12:39:34.307  7741  7741 D KeyEvent: obtain, mHwFlags=-1
12-18 12:39:40.014  1795  1795 I AlarmManager: set(null) : type=2 triggerAtTime=504818740 win=225000 tElapsed=504818740 maxElapsed=505043740 interval=0 flags=0x8
12-18 12:39:40.589   828   898 E QC-time-services: Daemon: Time-services: Waiting to acceptconnection
12-18 12:39:40.955  7741  7741 D Mms_TX_ServiceStateChangeReceiver: action: ACTION_SERVICE_STATE_CHANGED
12-18 12:39:41.024  3218  3218 I QImsService: ImsServiceSubHandler : After detect, ims register state is 0
12-18 12:39:48.323   816  4099 D DnsProxyListener: GetAddrInfoHandler addr: data.hicloud.com {311, 917815, 10028} 117.78.58.31
12-18 12:40:25.740  1795  1819 D NetdConnector: RCV unsolicited event from native daemon, event = 613 IfaceClass idle 0 504549307392297
12-18 12:40:27.004  2883  2996 I HwSystemManager: NatTrafficNotifyService:delta byte = 16870 no traffic delta = 0Traffic state is 301
12-18 12:41:40.876  1795  1806 D PowerManagerService: acquire lock=203593993, flags=0x1, tag="WakerLock:14509116", name=com.tencent.mm, ws=null, uid=10105, pid=23480
12-18 12:41:41.780  5224  5283 I Step_FlushableStepDataCache: 20002302|upLoadOneMinuteDataToEngine time=24700592 step=1 altitude=0 motion=20002
12-18 12:41:41.859  2852  2852 I NotificationContentView: transferRemoteInputFocus: 0
12-18 12:44:43.672  2852  2852 I NotificationContentView: transferRemoteInputFocus: 0
12-18 12:46:02.891   633 31870 I SDK     : 
12-18 12:46:02.897   633 31870 I SDK     : <2016-12-18 12:46:02> [WARN] SDK: UE-SeC 2016-12-18 12:46:2:897 Level[WARN] magic[3362781472 684]:PubEvt_Close Getting a socket[233] from the Socket-table Failed!
12-18 12:48:50.667  5224  5283 I Step_HSNH: 20002302|upDateHealthNotification()|161|5.38|7536
12-18 12:48:55.201  1795  2323 E UsbDeviceManager: 	at android.os.UEventObserver$UEventThread.sendEvent(UEventObserver.java:210)
12-18 12:48:55.278  7194  7208 I SendBroadcastPermission: action:com.huawei.android.push.intent.SOCKET_INFO, mPermissionType:0
12-18 12:49:52.043  1795  1807 D NetworkPolicy: updateRulesForGlobalChangeLocked(false) took 2347ms
12-18 12:51:02.140 31949 31967 I TCP     : tcp.conn{4787} TcpSocket.connect_i(TcpSocket.java:91) 
12-18 12:51:03.593  3218  3218 D QC_RIL_OEM_HOOK: Oem ID in QCRILHOOK UNSOL RESP is QOEMHOOK
12-18 12:56:02.770  1795  1819 D NetdConnector: RCV unsolicited event from native daemon, event = 613 IfaceClass idle 0 505501487686812
12-18 13:01:06.118  3626  4423 I iMonitor: create: 903001006
12-18 13:01:06.215   818  1152 I logserver: handle_exception_events enter
12-18 13:01:12.372  3218  3218 D QC_RIL_OEM_HOOK: Oem ID in QCRILHOOK UNSOL RESP is QOEMHOOK
12-18 13:01:12.379  1795 17832 D PowerManagerService: ready=true,policy=0,wakefulness=0,wksummary=0x1,uasummary=0x0,bootcompleted=true,boostinprogress=false,waitmodeenable=false,mode=true,manual=33,auto=-1,adj=0.0userId=0
12-18 13:01:13.630  1795  2323 E UsbDeviceManager: 	at java.io.FileInputStream.<init>(FileInputStream.java:146)
12-18 13:01:13.656  1795  3253 D PowerManagerService: acquire lock=83621653, flags=0x1, tag="RILJ_ACK_WL", name=com.android.phone, ws=null, uid=1001, pid=3218
12-18 13:01:22.070  1795  1795 D WifiService: ACTION_BATTERY_CHANGED pluggedType: 0
12-18 13:01:22.076  1795  1795 I NotificationManager: cancelNotification,index:-1
12-18 13:05:56.456  1795  2323 D HwBatteryService: onUEvent fcpStatus = 0,scpStatus =0,ovpStatus=0
12-18 13:05:58.230  1795  3237 D PowerManagerService: ready=true,policy=0,wakefulness=0,wksummary=0x1,uasummary=0x0,bootcompleted=true,boostinprogress=false,waitmodeenable=false,mode=true,manual=33,auto=-1,adj=0.0userId=0
12-18 13:06:01.619  2852  2852 I HwSignalClusterView: apply hwPhoneState.mSubId:0 anyMobileVisible:false mIsAirplaneMode:false, mobileGroupVisible=true
12-18 13:06:07.419  1795  1808 I ActivityManager_broadcast: dispatch ordered broadcast [background] BroadcastRecord{7653c9d u0 com.huawei.intent.action.PUSH}, has 1 receivers
12-18 13:06:15.192  1795  3121 D PowerManagerService: ready=true,policy=0,wakefulness=0,wksummary=0x1,uasummary=0x0,bootcompleted=true,boostinprogress=false,waitmodeenable=false,mode=true,manual=33,auto=-1,adj=0.0userId=0
12-18 13:11:03.341  1795  2376 I HwActivityManagerService: keyAppBroadcastQueueForIntent intent Intent { flg=0x14 cmp=com.tencent.mm/.booter.MMReceivers$AlarmReceiver (has extras) } on bgkeyapp queue
12-18 13:11:03.802 25067 25098 D AndroidCommon: [SdcardManager.isMounted]Path:/storage/emulated/0
12-18 13:11:04.005  5224  5283 I SendBroadcastPermission: action:android.com.huawei.bone.NOTIFY_SPORT_DATA, mPermissionType:0
12-18 13:11:04.013  1795 11745 I NotificationManager: enqueueNotificationInternal: pkg=com.huawei.health id=10010 notification=Notification(pri=0 contentView=null vibrate=null sound=null defaults=0x0 flags=0x2 color=0x00000000 vis=PRIVATE)
12-18 13:11:04.019  2852  2852 D StatusBar: applyInPlace=true shouldPeek=false alertAgain=true
12-18 13:11:05.987  1795  1795 I NotificationManager: enqueueNotificationInternal: n.getKey = 0|com.huawei.health|10010|null|10099
12-18 13:11:09.893  5224  5283 I Step_LSC: 20002302|REPORT : 7854 167877 5599 0
12-18 13:11:22.698  2852  2852 I PhoneStatusBar: updateNotificationShade
12-18 13:22:05.427   816  4827 D DnsProxyListener: GetAddrInfoHandler: getaddrinfo failed! count=1085, total=11290 szlong.weixin.qq.com {0,0,0,917504,10105}
12-18 13:22:05.569  1795  4831 D PFW.HwPFWAppWakeLockPolicy: getUidWakeLock uid: 10029 wakelock(minutes): 0
12-18 13:22:11.376  1795  2323 E UsbDeviceManager: Error reading charge file
12-18 13:27:18.497  2852  2852 I NotificationGroupManager: onEntryUpdated:0|com.huawei.health|10010|null|10099
12-18 13:41:20.365   828  4867 D QC-time-services: Daemon:Delta read on boot mseconds = 3362348612
12-18 14:07:28.779  2852  2852 I HwBrightnessUtils:  getSeekBarProgress isAutoMode:true current brightness:246 percentage:0.9799182
12-18 14:07:28.814  1795  2778 E BatteryStatsService: no controller energy info supplied
12-18 14:07:29.272   633 31875 I SDK     : <2016-12-18 14:07:29> [NOTICE] SDK: UE-SeC 2016-12-18 14:7:29:272 Level[NOTICE] magic[3359111456 665]:Tracker: start do upload
12-18 14:07:29.315   816 16833 D libc    : _resolv_set_nameservers_for_net: netid = 312, addr = 120.196.165.7
12-18 14:07:29.523 25067 25098 D AndroidCommon: [SdcardManager.isMounted]Path:/storage/emulated/0
12-18 14:07:29.711  2883  3125 I HwSystemManager: StartupResidentService:InnerHandler Message:7
12-18 14:07:30.150 31949 31967 I ECS     : WatchThread{4786} TcpClient.disconnect_i(TcpClient.java:202) ==================== TCP CLIENT DISCONNECT ====================
12-18 14:07:30.528   633 31870 I SDK     : <2016-12-18 14:07:30> [WARN] SDK: UE-SeC 2016-12-18 14:7:30:528 Level[WARN] magic[3362781472 684]:PubEvt_Close Getting a socket[93] from the Socket-table Failed!
12-18 14:07:31.006  5089  5116 I OUC_COTA: [CheckNewVersionThread-6138]CheckNewVersion synchronized run(/UpdateProcessor.java:62)
12-18 14:07:31.836   633 31869 I SDK     : 
12-18 14:07:31.850  1795  6986 W ActivityManager: getRunningAppProcesses: caller 10105 does not hold REAL_GET_TASKS; limiting output
12-18 14:07:32.435   633  5149 I SDK     : 
12-18 14:07:32.437   633  5149 I SDK     : <2016-12-18 14:07:32> [NOTICE] SDK: UE-SeC 2016-12-18 14:7:32:437 Level[NOTICE] magic[2134227232 6458]:FSM_Tool_TreatFolderEncEx => [START]: pcFileName [anyofficeuserorgcode] 
12-18 14:07:32.447   633  5149 I SDK     : <2016-12-18 14:07:32> [NOTICE] SDK: UE-SeC 2016-12-18 14:7:32:446 Level[NOTICE] magic[2134227232 2421]:FileSec: have right to open file due to cur app sec level = 0 is higher than file app(&5ߢ[@ñ?z]) sec level = 0.
12-18 14:07:34.303  1795  3110 V HwWindowManagerService: moveTaskToTop mTaskChanged:true
12-18 14:07:34.918  5157  5157 E testlog : MainActivity_start_tokennull
12-18 14:07:34.960  2883  3916 I HwSystemManager: HoldService:PHONE_CODE_PERMISSION  is allowed  . packagename =  com.sankuai.meituanhd
12-18 14:07:35.153  5157  5252 D fingerprint: RmO1UsxQMDnMutpsPWe/M5vizlshFuglRDZpDKVgapC26wAlWfZTm37mQb+APg30RKLgHnrgCGdS
12-18 14:07:35.606  5157  5157 I ActivityManager_activity: Reporting idle of ActivityRecord{68f15e3 token=android.os.BinderProxy@5b11e0a {com.sankuai.meituanhd/com.sankuai.meituan.activity.Welcome}} finished=true
12-18 14:07:35.615  1795  2377 W AwareLog: AwareMem_Kill: kill action canBeExecuted waiting next operation, real interval=5594
12-18 14:07:44.529  1795  1809 I MultiTaskManagerService: onProcessDied pid = 5356, uid = 10028
12-18 14:07:59.316  2852  2852 I TintImageView: onTouchEvent: code=4, action=1, event=MotionEvent { action=ACTION_UP, actionButton=0, id[0]=0, x[0]=92.0, y[0]=119.0, toolType[0]=TOOL_TYPE_FINGER, buttonState=0, metaState=0, flags=0x0, edgeFlags=0x0, pointerCount=1, historySize=0, eventTime=139598438, downTime=139598363, deviceId=10, source=0x1002 }
12-18 14:08:03.162  1795  1809 I MultiTaskManagerService: onForegroundActivitiesChanged pid = 5157, uid = 10113
12-18 14:08:03.337  1795  6985 I ctaifs< 美团 >[com.sankuai.meituanhd][com.sankuai.meituanhd]: [requestLocationUpdatesLocked] 定位..Wifi/基站定位
12-18 14:08:04.103  2883  3062 I HwSystemManager: PermissionDbVisitor:insertHistoryRecord:HistoryRecord[packageName:com.sankuai.meituanhd,permissionType:8,action:11,dateStartTime:1481990400000,timestamp:1482041283395]
12-18 14:08:04.883  2852  2852 D HwCustMobileSignalControllerImpl: isCurrentBySim()=false
12-18 14:08:06.410  1795  3237 D PowerManagerService: ready=true,policy=3,wakefulness=1,wksummary=0x1,uasummary=0x1,bootcompleted=true,boostinprogress=false,waitmodeenable=false,mode=true,manual=33,auto=-1,adj=0.0userId=0
12-18 14:08:06.483  3626  3729 D NCCHR_LogDatabaseNc: buildLogFile enter for metricId=14
12-18 14:08:13.486  3858  4126 I amsnl   : c: true, w: false, t: false, l: false
12-18 14:08:17.950  2883  4316 I HwSystemManager: HoldService:locationInfo switch is on . pid = 5157
12-18 14:08:19.315  2883  3876 I HwSystemManager: PermissionDbVisitor:insertHistoryRecord:HistoryRecord[packageName:com.sankuai.meituanhd,permissionType:8,action:11,dateStartTime:1481990400000,timestamp:1482041299315]
12-18 14:08:19.951  1795  3111 I qti_sensors_hal: 0x55, 0x0, 0x0, 0x0
12-18 14:08:21.747  1795 16498 I HwInputMethodManagerService: NaviBar defValue = 1
12-18 14:08:26.246  3218  3236 I PhoneInterfaceManager: shouldBlockLocation  ret:false
12-18 14:08:26.819  1795 11745 D PowerManagerService: ready=true,policy=3,wakefulness=1,wksummary=0x0,uasummary=0x1,bootcompleted=true,boostinprogress=false,waitmodeenable=false,mode=true,manual=33,auto=-1,adj=0.0userId=0
12-18 14:08:32.723  1795  3253 D PowerManagerService: ready=true,policy=3,wakefulness=1,wksummary=0x0,uasummary=0x1,bootcompleted=true,boostinprogress=false,waitmodeenable=false,mode=true,manual=33,auto=-1,adj=0.0userId=0
12-18 14:08:34.129  5157  5201 D TelephonyManager: getNeighboringCellInfo calling app is com.sankuai.meituanhd
12-18 14:08:34.253  1795 16500 D HwActivityManagerService: handleANRFilterFIFO,uid = 10113cmd = 0
12-18 14:08:41.362  1795  2376 W AlarmManager: mIsScreenOn is: true, WAKEUP alarm trigger action = ALARM_ACTION(23480) package name is: com.tencent.mm
12-18 14:08:45.787  3218  7071 I PhoneInterfaceManager: shouldBlockLocation  ret:false
12-18 14:08:45.917  1795 16499 D HwActivityManagerService: handleANRFilterFIFO,uid = 10113cmd = 1
12-18 14:08:50.837  5157  5218 W System.err: 	at com.google.locate.b.g.execute(GoogleHttpClient.java:165)
12-18 14:08:53.500  3858  4126 I amsnl   : c: true, w: false, t: false, l: false
12-18 14:08:54.673  5157  5157 V AudioManager: querySoundEffectsEnabled...
12-18 14:08:54.922  3218  4070 W PhoneInterfaceManager: shouldBlockLocation running ...
12-18 14:08:55.350  1795  3237 D HwActivityManagerService: handleANRFilterFIFO,uid = 10113cmd = 0
12-18 14:08:58.213  1795  2381 D libfingersense_wrapper: Calling fingersense_classify_touch()
12-18 14:08:59.175  2852  2852 D NetWorkUtils: mVSimCurCardType is -1
12-18 14:09:00.192  1795  3110 D PowerManagerService: ready=true,policy=3,wakefulness=1,wksummary=0x0,uasummary=0x1,bootcompleted=true,boostinprogress=false,waitmodeenable=false,mode=true,manual=33,auto=-1,adj=0.0userId=0
12-18 14:09:00.263  3218 13114 W PhoneInterfaceManager: shouldBlockLocation running ...
12-18 14:09:19.066  2883  3842 I HwSystemManager: HoldService:locationInfo switch is on . pid = 5157
12-18 14:09:41.572  1795  2381 D libfingersense_wrapper: Calling fingersense_touch_up()
12-18 14:09:41.747  1795  3139 D PowerManagerService: Releasing suspend blocker "PowerManagerService.WakeLocks".
12-18 14:09:48.644  5157  5239 D fingerprint: 9Gdo3qZj7mPbvP3WYuBaw+49VPpccYLQBU4PKvUm1+YjerYEKahr3iCwAcHB+nuBv1iBh3m/6fCK
12-18 14:09:52.942  1795 15982 D PowerManagerService: ready=true,policy=3,wakefulness=1,wksummary=0x1,uasummary=0x1,bootcompleted=true,boostinprogress=false,waitmodeenable=false,mode=true,manual=33,auto=-1,adj=0.0userId=0
12-18 14:09:53.556  1795 16501 W WifiStateMachine: Can't find ssid.
12-18 14:09:56.517  2852  2852 D NetWorkUtils: mVSimCurCardType is -1
12-18 14:10:00.211  3218  7071 W PhoneInterfaceManager: shouldBlockLocation running ...
12-18 14:10:01.560  2852  2852 D HwCustMobileSignalControllerImpl: sub =0,strMccMnc =null,hashMccMnc =[],strPlmn =hw_customized_networkType_entry
12-18 14:10:05.454  3218  3234 I PhoneInterfaceManager: shouldBlockLocation  ret:false
12-18 14:10:06.449  5157  5157 D CubicBezierInterpolator: CubicBezierInterpolator  mControlPoint1x = 0.6, mControlPoint1y = 0.9, mControlPoint2x = 0.8, mControlPoint2y = 1.0
12-18 14:10:07.106  2852  2852 I BarTransitions.HwPhoneStatusBarView: transitionTo: mode=MODE_TRANSPARENT, animate=false
12-18 14:10:17.590  3218  3517 I QImsService: ImsSenderRxr :  Tag -1 3 219 0[SUB0]
12-18 14:10:22.128  1795  2381 D libfingersense_wrapper: Calling fingersense_classify_touch()
12-18 14:10:22.198  5157  5157 V AudioManager: playSoundEffect   effectType: 0
12-18 14:10:22.441  3858  4126 I amsnl   : m1: false
12-18 14:10:27.649  2852  2852 D HwCustMobileSignalControllerImpl: isCurrentBySim()=false
12-18 14:10:30.878  4690  4690 V InputMethodService: showWindow: showing!
12-18 14:10:36.989  1795  2380 I PowerManager_screenOn: PowerManagerNotifier onUserActivity: event=2, uid=1000
12-18 14:10:38.758  5157  5157 I chromium: [INFO:CONSOLE(1)] "Uncaught SyntaxError: Unexpected token var", source:  (1)
12-18 14:10:45.197  5943  5943 E HW-JPEG-DEC: [HME_JPEG_DEC_Delete](3298): HME_JPEG_DEC_Delete: decoder_ctx=null
12-18 14:10:45.238  5943  5943 E HW-JPEG-DEC: [HME_JPEG_DEC_Delete](3298): HME_JPEG_DEC_Delete: decoder_ctx=null
12-18 14:10:45.740  5157  5157 D test    : sending:{"handlerName":"getRegisteredJsHandler","callbackId":"java_cb_1","data":null}
12-18 14:10:49.475  5157  5157 D test    : sending:{"handlerName":"getRegisteredJsHandler","callbackId":"java_cb_1","data":null}
12-18 14:10:49.842  5157  5157 W cr_BindingManager: Cannot call determinedVisibility() - never saw a connection for the pid: 5157
12-18 14:10:50.210  2852  2852 I com.android.systemui.SwipeHelper: onInterceptTouchEvent: MotionEvent { action=ACTION_DOWN, actionButton=0, id[0]=0, x[0]=140.0, y[0]=255.0, toolType[0]=TOOL_TYPE_FINGER, buttonState=0, metaState=0, flags=0x0, edgeFlags=0x0, pointerCount=1, historySize=0, eventTime=139769325, downTime=139769325, deviceId=10, source=0x1002 }
12-18 14:10:50.746  1795  2671 D NetdConnector: SND -> {12326 softap fwreload wlan0 STA}
12-18 14:10:51.280  5994  5994 D wpa_supplicant: device_name='MLA-AL00'
12-18 14:10:51.283  5994  5994 D wpa_supplicant: nl80211: Supported cipher 00-0f-ac:6
12-18 14:10:51.656  5994  5994 D wpa_supplicant: CTRL_IFACE SET 'update_config'='1'
12-18 14:10:51.675  5994  5994 D wpa_supplicant: CTRL_IFACE: GET_NETWORK id=0 name='ca_path'
12-18 14:10:51.683  5994  5994 D wpa_supplicant: wlan0: Control interface command 'GET_NETWORK 2 ieee80211w'
12-18 14:10:51.905  1795  1821 D WifiDisplayController: Received WIFI_P2P_THIS_DEVICE_CHANGED_ACTION: mThisDevice= Device: HUAWEI MAIMANG 5
12-18 14:10:51.907  5333  5346 D MagicLink: NearBy-Service:====>UNHANDLE MSG:28
12-18 14:10:52.051  5994  5994 D wpa_supplicant: CTRL-DEBUG: ctrl_sock-sendmsg: sock=16 sndbuf=229376 outq=7680 send_len=41
12-18 14:10:52.052  5994  5994 D wpa_supplicant: random pool - hexdump(len=128): [REMOVED]
12-18 14:10:52.122  1795  2671 I ActivityManager_broadcast: Enqueueing ordered broadcast[foreground] BroadcastRecord{1b3f7b2 u-1 android.net.wifi.STATE_CHANGE}: prev had 2
12-18 14:10:52.133  2852  2914 I NetworkSpeedManagerEx: receive:android.net.wifi.STATE_CHANGE
12-18 14:10:52.739  5994  5994 D wpa_supplicant: WPS: attr type=0x1042 len=7
12-18 14:11:02.415  5994  5994 D wpa_supplicant: WPS: attr type=0x103c len=1
