12-17 19:58:33.285  5215  5215 D wpa_supplicant: wlan0: Control interface command 'GET_NETWORK 0 ca_path'
12-17 19:58:33.288  5215  5215 D wpa_supplicant: wlan0: Control interface command 'GET_NETWORK 0 wapi_psk'
12-17 19:58:33.294  5215  5215 D wpa_supplicant: CTRL_IFACE: SET_NETWORK id=0 name='anonymous_identity'
12-17 19:58:33.305  5215  5215 D wpa_supplicant: wlan0: Control interface command 'GET_NETWORK 0 wep_key0'
12-17 19:58:33.305  5215  5215 D wpa_supplicant: CTRL-DEBUG: global_ctrl_sock-sendto: sock=16 sndbuf=229376 outq=0 send_len=5
12-17 19:58:33.312  5215  5215 D wpa_supplicant: CTRL_IFACE: Failed to get network variable 'anonymous_identity'
12-17 19:58:33.333  5215  5215 D wpa_supplicant: CTRL-DEBUG: global_ctrl_sock-sendto: sock=16 sndbuf=229376 outq=0 send_len=3
12-17 19:58:33.343  1795  1795 E HwWifiCHRStateManager: resetWhenDisconnect Reset Info
12-17 19:58:33.564  1795  1820 D         :  operator:46002
12-17 19:58:33.585  2852  2852 D StatusBar: No peeking: not in use: 0|com.huawei.health|10010|null|10099
12-17 19:58:33.592  1795  5219 D WifiMonitor: Dispatching event to interface: wlan0
12-17 19:58:33.592  5215  5215 D wpa_supplicant: wlan0: RSN: Cancelling PMKSA caching attempt
12-17 19:58:33.592  5215  5215 D wpa_supplicant: CTRL_IFACE monitor sent successfully to /data/misc/wifi/sockets/wpa_ctrl_1795-194\x00
12-17 19:58:33.593  1795  3238 D Tethering: upstreamIfaceTypes.add:7
12-17 19:58:33.600  1795  5219 D HwWifiCHRService: dont updateTargetBssid
12-17 19:58:33.605  1795  5214 I WifiHAL : Unknown EAPOL message type 
12-17 19:58:33.606  5215  5215 D wpa_supplicant: RX EAPOL - hexdump(len=10): 01 00 00 06 01 1a 00 06 0d 20
12-17 19:58:33.606  5215  5215 D wpa_supplicant: EAP: EAP entering state GET_METHOD
12-17 19:58:33.610  2852  2852 I PhoneStatusBar: updateNotificationShade
12-17 19:58:33.611  1795  1808 I ActivityManager_broadcast: dispatch ordered broadcast [background] BroadcastRecord{fc40b6d u-1 android.net.wifi.supplicant.STATE_CHANGE}, has 1 receivers
12-17 19:58:33.624  1795  3237 D Tethering: upstreamIfaceTypes.add:7
12-17 19:58:33.637  1795  3237 D         : Read DB 'content://telephony/carriers/subId/0
12-17 19:58:33.669  2883  2996 E HwSystemManager: LeisureTrafficSetting:result is empty
12-17 19:58:33.691  5215  5215 D wpa_supplicant: EAP: method process -> ignore=FALSE methodState=MAY_CONT decision=FAIL eapRespData=0x7fb512a180
12-17 19:58:35.902  1795  2323 E UsbDeviceManager: 	at android.os.UEventObserver$UEventThread.run(UEventObserver.java:187)
12-17 19:58:36.551  3626  3626 E PTM.FileNodeInfo: getTempInfo error: null, 0
12-17 19:58:38.783  5215  5215 D wpa_supplicant: SSL: Building ACK (type=13 id=30 ver=0)
12-17 19:58:38.799  5215  5215 D wpa_supplicant: OpenSSL: RX ver=0x301 content_type=22 (handshake/certificate)
12-17 19:58:38.799  5215  5215 D wpa_supplicant: SSL: (where=0x1001 ret=0x1)
12-17 19:58:38.804  5215  5215 D wpa_supplicant: SSL: SSL_connect:SSLv3 read server key exchange A
12-17 19:58:38.933  5215  5215 D wpa_supplicant: EAPOL: SUPP_BE entering state RESPONSE
12-17 19:58:38.971  5215  5215 D wpa_supplicant: l2_packet_receive: src=80:38:bc:0b:2d:61 len=73
12-17 19:58:38.971  5215  5215 D wpa_supplicant: wlan0: RX EAPOL from 80:38:bc:0b:2d:61
12-17 19:58:39.081  1795  5219 D HwWifiCHRStateManager: Update AP_MAC:80:38:bc:0b:2d:61
12-17 19:58:39.108  1795  5219 D WifiMonitor: Dispatching event to interface: wlan0
12-17 19:58:39.136  5215  5215 D wpa_supplicant: wlan0: State: COMPLETED -> GROUP_HANDSHAKE
12-17 19:58:39.139  5215  5215 D wpa_supplicant: wlan0: freq[0]: 2432, flags=0x1
12-17 19:58:39.142  1795  5219 D HwWifiCHRService: dont updateTargetBssid
12-17 19:58:39.205  1795  2739 I HuaweiWifiWatchdogStateMachine: Update current BSSID to null
12-17 19:58:39.218  1795  2671 I SendBroadcastPermission: action:android.net.wifi.supplicant.STATE_CHANGE, mPermissionType:0
12-17 19:58:39.309  1795  2671 D WifiStateMachine:  L2ConnectedState CMD_PRE_DHCP_ACTION_COMPLETE  rt=123320319/444455673 0 0
12-17 19:58:39.326  1795  2739 D WifiProHistoryDBManager: queryApQualityRcd enter.
12-17 19:58:39.328  2852  2852 I HwBatteryManager: onBatteryLevelChanged: level=78, pluggedIn=false, charging=false, PercentColor=-1275068417
12-17 19:58:39.335  1795  2739 D WifiProStatisticsManager: updateWifiConnectState enter.
12-17 19:58:39.335  1795  2734 D WifiProStatisticsManager: wifi connect start here.
12-17 19:58:40.921  1795  2323 D HwBatteryService: onUEvent fcpStatus = 0,scpStatus =0,ovpStatus=0
12-17 19:58:41.632  1795  2323 D HwBatteryService: onUEvent fcpStatus = 0,scpStatus =0,ovpStatus=0
12-17 19:58:43.146  5215  5215 D wpa_supplicant: CTRL-DEBUG: ctrl_sock-sendmsg: sock=16 sndbuf=229376 outq=0 send_len=56
12-17 19:58:43.148  5215  5215 D wpa_supplicant: P2P: channels: 81:1,2,3,4,5,6,7,8,9,10,11,12,13
12-17 19:58:43.162  1795  2671 D WifiHW  : wifi_send_command: cmd:'IFNAME=wlan0 SET ps 1'
12-17 19:58:43.185  1795  2739 D HuaweiWifiWatchdogStateMachine: ==== BSSID 80:38:bc:0b:2d:61 getEMAInfo begin ====
12-17 19:58:43.200  1795  1795 D HwKeyguardManagerImpl: isLockScreenDisabled HwKeyguardManagerImpl result = false
12-17 19:58:43.216  1795  2685 D ConnectivityService: notifyType LOST for NetworkAgentInfo [WIFI () - 305]
12-17 19:58:43.219  2852  2852 I NetworkSpeedView: updateVisibility parent class:class com.android.systemui.statusbar.HwSystemIcons
12-17 19:58:43.232  3782  5818 I QtiTetherService/TetherCommunication: Posting: TetherEvent -- TetherStateChangedEvent{Active=[], Available=[], Errored=[]}
12-17 19:58:43.248  2883  2996 E HwSystemManager: SimCardMethod:/getSimCardInfo: imsi is null
12-17 19:58:43.267  1795 11745 D         : isSystemBootComplete =true
12-17 19:58:43.298  1795  3225 D Tethering: upstreamIfaceTypes.add:7
12-17 19:58:45.329  5215  5215 D wpa_supplicant: 80:38:bc:0b:1e:41 freq=2472 qual=0 noise=-89~ level=-80 snr=9 flags=0xb age=10 est=19500
12-17 19:58:45.331  5215  5215 D wpa_supplicant: p2p0: BSS: Add new id 17 BSSID 80:38:bc:0b:1e:41 SSID 'Huawei-Employee' freq 2472
12-17 19:58:45.346  5215  5215 D wpa_supplicant: CTRL_IFACE: GET_NETWORK id=0 name='ssid'
12-17 19:58:45.346  5215  5215 D wpa_supplicant: wlan0: Control interface command 'GET_NETWORK 0 priority'
12-17 19:58:45.350  5215  5215 D wpa_supplicant: CTRL-DEBUG: global_ctrl_sock-sendto: sock=16 sndbuf=229376 outq=0 send_len=12
12-17 19:58:45.354  5215  5215 D wpa_supplicant: CTRL-DEBUG: global_ctrl_sock-sendto: sock=16 sndbuf=229376 outq=0 send_len=51
12-17 19:58:45.357  5215  5215 D wpa_supplicant: CTRL-DEBUG: global_ctrl_sock-sendto: sock=16 sndbuf=229376 outq=0 send_len=5
12-17 19:58:45.357  5215  5215 D wpa_supplicant: CTRL_IFACE: SET_NETWORK id=0 name='cloudSecurityCheck'
12-17 19:58:45.360  5215  5215 D wpa_supplicant: wlan0: Control interface command 'SET_NETWORK [REMOVED]'
12-17 19:58:45.361  5215  5215 D wpa_supplicant: CTRL_IFACE: SET_NETWORK id=0 name='key_id'
12-17 19:58:45.372  5215  5215 D wpa_supplicant: CTRL_IFACE: GET_NETWORK id=0 name='client_cert'
12-17 19:58:45.372  5215  5215 D wpa_supplicant: CTRL-DEBUG: global_ctrl_sock-sendto: sock=16 sndbuf=229376 outq=0 send_len=62
12-17 19:58:45.386  5215  5215 D wpa_supplicant: CTRL-DEBUG: global_ctrl_sock-sendto: sock=16 sndbuf=229376 outq=0 send_len=5
12-17 19:58:45.391  5215  5215 D wpa_supplicant: 0: 80:38:bc:0b:1e:41 ssid='Huawei-Employee' wpa_ie_len=0 rsn_ie_len=20 wapi_ie_len=0 caps=0x1031
12-17 19:58:45.392  5215  5215 D wpa_supplicant: RSN: Trying to use cached PMKSA
12-17 19:58:45.396  1795  5219 D HwWifiCHRService: updateTargetBssid: 00:00:00:00:00:00, current Bssid: 
12-17 19:58:45.410  1795  1795 D CONNECTIVITY_LOG: sendMessage: not daily, delayed 30 sec trigger ......
12-17 19:58:45.413  1795  2671 I HwActivityManagerService: Split enqueueing broadcast [callerApp]:ProcessRecord{34bf34f 0:system/1000}
12-17 19:58:45.441  3626  3754 I LogDatabase: msg = 21 received
12-17 19:58:45.478  3626  3753 I SizeStateMachine: Sdcard free size is 16284971008 B. InitialState is 0
12-17 19:58:45.491  1795  1808 V HwBroadcastQueue: trim and enqueue foreground Parallel:(2) Ordered:(1)(BroadcastRecord{854c139 u-1 android.net.wifi.STATE_CHANGE})
12-17 19:58:56.659  5215  5215 D wpa_supplicant: wlan0: BSS: Remove id 565 BSSID 80:38:bc:0b:2d:61 SSID 'Huawei-Employee' due to no match in scan
12-17 19:58:56.659  5215  5215 D wpa_supplicant: random pool - hexdump(len=128): [REMOVED]
12-17 19:58:56.682  1795  2671 D WifiStateMachine: CMD_AUTO_CONNECT will save config -> "Huawei-Employee" nid=0
12-17 19:58:56.696  5215  5215 D wpa_supplicant: wlan0: Control interface command 'GET_NETWORK 0 client_cert'
12-17 19:58:56.700  5215  5215 D wpa_supplicant: wlan0: Control interface command 'GET_NETWORK 0 ca_path'
12-17 19:58:56.719  5215  5215 D wpa_supplicant: CTRL_IFACE: GET_NETWORK id=0 name='psk'
12-17 19:58:56.728  5215  5215 D wpa_supplicant: wlan0: Control interface command 'GET_NETWORK 0 altsubject_match'
12-17 19:58:56.753  5215  5215 D wpa_supplicant:    selected WPA/WAPI AP 80:38:bc:0b:22:41 ssid='Huawei-Employee'
12-17 19:58:56.755  1795  5219 E WifiMonitor: WifiMonitor:wlan0 cnt=31358 dispatchEvent: Trying to associate with SSID 'Huawei-Employee'
12-17 19:58:56.757  5215  5215 D wpa_supplicant: nl80211: Register frame type=0xd0 (WLAN_FC_STYPE_ACTION) nl_handle=0x7fb504d600 match=0a07
12-17 19:58:56.758  5215  5215 D wpa_supplicant: EAPOL: External notification - portControl=Auto
12-17 19:58:56.758  5215  5215 D wpa_supplicant: CTRL-DEBUG: global_ctrl_sock-sendto: sock=16 sndbuf=229376 outq=0 send_len=3
12-17 19:58:56.765  1795  2671 D HwWifiStateMachine: isWifiProEvaluatingAP, connectedConfig = null, selectedConfig = "Huawei-Employee"
12-17 19:58:56.772  1795  1795 D HwConnectivityService: [PS filter] should not power save
12-17 19:58:56.773 10324 10324 D MagicLink: MagicLink2-BroadcastReceiver:====>NETWORK_STATE_CHANGED_ACTION
12-17 19:58:56.821  3626  3753 I LogCollectService: only write eventinfo.log
12-17 19:58:56.939  1795  1820 I HwActivityManagerService: Split enqueueing broadcast [callerApp]:ProcessRecord{34bf34f 0:system/1000}
12-17 19:58:56.953  1795  2666 D PowerManagerService: ready=true,policy=0,wakefulness=0,wksummary=0x0,uasummary=0x0,bootcompleted=true,boostinprogress=false,waitmodeenable=false,mode=true,manual=33,auto=-1,adj=0.0userId=0
12-17 19:58:56.972  1795  3110 D         : Read DB 'content://telephony/carriers/subId/0
12-17 19:58:56.976  5215  5215 D wpa_supplicant: wlan0: RX EAPOL from 80:38:bc:0b:22:41
12-17 19:58:56.978  1795  1805 D Tethering: upstreamIfaceTypes.add:1
12-17 19:58:56.986  1795  2671 I SendBroadcastPermission: action:android.net.wifi.RSSI_CHANGED, mPermissionType:0
12-17 19:58:57.009  5215  5215 D wpa_supplicant: CTRL_IFACE monitor sent successfully to /data/misc/wifi/sockets/wpa_ctrl_1795-194\x00
12-17 19:58:57.009  5215  5215 D wpa_supplicant: EAP: EAP entering state IDLE
12-17 19:58:57.044  5215  5215 D wpa_supplicant: EAPOL: Received EAP-Packet frame
12-17 19:58:57.066  5215  5215 D wpa_supplicant: EAP: Received EAP-Request id=43 method=13 vendor=0 vendorMethod=0
12-17 19:58:57.066  5215  5215 D wpa_supplicant: EAPOL: SUPP_BE entering state RECEIVE
12-17 19:58:57.109  1795  2778 D PowerManagerService: Releasing suspend blocker "PowerManagerService.WakeLocks".
12-17 19:58:57.111  1795  5214 I WifiHAL : Unknown EAPOL message type 
12-17 19:58:57.112  5215  5215 D wpa_supplicant: EAP: EAP entering state IDLE
12-17 19:58:57.114  1795  1795 I MQoS    : onSignal: mSubId=1,currDataSubID=0
12-17 19:58:57.149  5215  5215 D wpa_supplicant: SSL: Received packet(len=540) - Flags 0x80
12-17 19:58:57.163  5215  5215 D wpa_supplicant: OpenSSL: Message - hexdump(len=5): [REMOVED]
12-17 19:58:57.232  5215  5215 D wpa_supplicant: EAP: EAP entering state RECEIVED
12-17 19:58:57.297  5215  5215 D wpa_supplicant: l2_packet_receive: src=80:38:bc:0b:22:41 len=121
12-17 19:58:57.316  1795  1808 I ActivityManager_broadcast: orderd foreground broadcast:(BroadcastRecord{c3f0b63 u-1 android.net.wifi.STATE_CHANGE}) should be proxyed, target:(ResolveInfo{b8cfabf com.huawei.appmarket/.service.alarm.NetChangeBroadcastReceiver4Alarm p=2147483647 m=0x108000 euid=0})
12-17 19:58:57.317  5215  5215 D wpa_supplicant: EAPOL: Ignoring WPA EAPOL-Key frame in EAPOL state machines
12-17 19:58:57.320  5215  5215 D wpa_supplicant:    addr=80:38:bc:0b:22:41
12-17 19:58:57.337  1795  2665 D NetdConnector: RCV <- {600 Iface linkstate wlan0 up}
12-17 19:58:57.337  5215  5215 D wpa_supplicant: P2P: Update channel list
12-17 19:58:57.375  5215  5215 D wpa_supplicant: CTRL-DEBUG: global_ctrl_sock-sendto: sock=16 sndbuf=229376 outq=0 send_len=3
12-17 19:58:57.375  2852  2914 I NetworkSpeedManagerEx: receive:android.net.wifi.STATE_CHANGE
12-17 19:58:57.382  1795  2671 D WifiStateMachine:  ObtainingIpState SUPPLICANT_STATE_CHANGE_EVENT  rt=123329646/444473746 31382 0 SSID: Huawei-Employee BSSID: 80:38:bc:0b:22:41 nid: 0 state: GROUP_HANDSHAKE
12-17 19:58:57.383  1795  2671 D HwWifiStateMachine: isWifiProEvaluatingAP, isTempCreated = false, evaluating = false, wifiConnectedBackgroundReason = 0
12-17 19:58:57.398  2852  2852 I NetworkSpeedView: updateVisibility parent class:class com.android.systemui.statusbar.HwSystemIcons
12-17 19:58:57.404  5215  5215 D wpa_supplicant: CTRL-DEBUG: global_ctrl_sock-sendto: sock=16 sndbuf=229376 outq=0 send_len=3
12-17 19:58:57.409  1795  2671 D HwWifiStateMachine: isWifiProEvaluatingAP, connectedConfig = "Huawei-Employee", selectedConfig = "Huawei-Employee"
12-17 19:58:57.437  1795  1795 D HwConnectivityService: [PS filter] should not power save
12-17 19:58:57.444  1795  2739 D HuaweiWifiWatchdogStateMachine:  loss[-89]=0%, volume=0
12-17 19:58:57.445  1795  2739 D HuaweiWifiWatchdogStateMachine:  loss[-63]=0%, volume=0
12-17 19:58:57.445  1795  2739 D HuaweiWifiWatchdogStateMachine:  RTT[-61]=0, volume=0
12-17 19:58:57.446  1795  2739 D HuaweiWifiWatchdogStateMachine:  RTT[-54]=0, volume=0
12-17 19:58:57.446  1795  2739 D WifiProStatisticsManager: updateWifiConnectState enter.
12-17 19:58:57.551  1795  2739 D HuaweiWifiWatchdogStateMachine:  loss[-85]=0%, volume=0
12-17 19:58:57.552  1795  2739 D HuaweiWifiWatchdogStateMachine:  RTT[-57]=0, volume=0
12-17 19:58:57.686  1795  2671 E WifiConfigManager: updateConfiguration freq=2412 BSSID=80:38:bc:0b:22:41 RSSI=-70 "Huawei-Employee"WPA_EAP
12-17 19:58:57.691  1795  2685 D ConnectivityService: Adding iface wlan0 to network 306
12-17 19:58:57.705  1795  2739 D HuaweiWifiWatchdogStateMachine:  loss[-76]=0%, volume=0
12-17 19:58:57.710  1795  2739 D HuaweiWifiWatchdogStateMachine: DefaultState ignore cmd: 135175
12-17 19:58:57.766  3180  3578 I ash     : Unproxy wakelock uid = 10105 pid = 4492
12-17 19:58:57.797  1795  3111 I GnssLocationProvider: setRequest ProviderRequest[OFF]
12-17 19:59:02.136  1795  2323 E UsbDeviceManager: 	at android.os.FileUtils.readTextFile(FileUtils.java:267)
12-17 19:59:02.138  1795  2376 I AlarmManager: Alarm triggering (type 0 or 2): [Alarm{933b367 type 2 when 444478023 android}]
12-17 19:59:02.293  1795 21516 D wifiserviceimpl: netmask =16580607
12-17 19:59:02.323   820   820 I cnss-daemon: NDA_DST received: 10.33.8.1 ul: 562992920404234
12-17 19:59:02.385  3782  3903 W QCNEJ   : |CORE| onAvailable: bind the process to WIFI
12-17 19:59:02.433  2883  2996 I HwSystemManager: NormalTrafficAnalysis:alert byte = 0 last alert byte = 0
12-17 19:59:02.455  1795  3249 W ActivityManager: getRunningAppProcesses: caller 10105 does not hold REAL_GET_TASKS; limiting output
12-17 19:59:02.516  1795  3225 I ActivityManager_service: mAm.startProcessLocked for service: ServiceRecord{12d48fe u0 euid: 0 com.huawei.logupload/.LogUploadService}, appinfo euid: 0
12-17 19:59:02.535  1795  2685 D ConnectivityService: NetworkAgentInfo [WIFI () - 306] validation passed
12-17 19:59:02.540  5215  5215 D wpa_supplicant: CTRL-DEBUG: global_ctrl_sock-sendto: sock=16 sndbuf=229376 outq=0 send_len=726
12-17 19:59:02.557  1795  2671 D WifiStateMachine:  ConnectModeState CMD_UPDATE_WIFIPRO_CONFIGURATIONS uid=1000  rt=123331768/444478921 1 0
12-17 19:59:02.560  1795  2733 I ipQos   : startMonitor
12-17 19:59:02.567  1795  2739 I HuaweiWifiWatchdogStateMachine: current mHighDataFlowRate = 1.0
12-17 19:59:02.569  1795  2736 E hwintelligencewifi: getCurrentCellid type type = PHONE_TYPE_GSM
12-17 19:59:02.583  2852  2852 D NetWorkUtils: mVSimCurCardType is -1
12-17 19:59:02.685 19368 21590 I HwOUC   : [Thread-4-5719]getFirmwareVersion(), getDisplayFirmwareVersion MLA-AL00C00B318-log(hwouc/HwOucUtility.java:3162)
12-17 19:59:02.752  1795  2728 D wifi_tcp:  CREATE SOCKET begin
12-17 19:59:02.752  1795  2728 D wifi_tcp: bind OK!
12-17 19:59:02.768  1795  2728 D HwArpVerifier: reportArpDetail: 10.33.8.1  00:00:5e:00:01:09   2   wlan0
12-17 19:59:02.980   633 21615 I SDK     : <2016-12-17 19:59:02> [NOTICE] SDK: UE-SeC 2016-12-17 19:59:2:980 Level[NOTICE] magic[2599479584 452]:l4vpn : l4vpn status is 2
12-17 19:59:03.098 21618 21618 I HwOUC   : [main-1]HwOucApplication--onCreate, processName is com.huawei.android.hwouc; android.os.Process.myUid() is 10053(/HwOucApplication.java:54)
12-17 19:59:03.162 21618 21618 I HwOUC   : [main-1]isABsystemSupport local swtich is closed, return false(/HwOucUtility.java:7048)
12-17 19:59:03.162 21618 21618 I HwOUC   : [main-1]initSystemVersionInOmeInfo nextCheckNewVersionTime is 1482138594545; isABsystemSupport is false(/OemInfoUtil.java:133)
12-17 19:59:03.220  1795  1805 I AlarmManager: remove(PendingIntent{7569a1a: PendingIntentRecord{8d63ba4 com.tencent.mm broadcastIntent}}) changed bounds; rebatching
12-17 19:59:03.241 21618 21638 I HwOUC   : [CheckNewVersionThread-5728]Support HwGemini(hwouc/MultiCardFactory.java:81)
12-17 19:59:03.246   633 31868 I SDK     : 
12-17 19:59:03.353 31949 31967 I TCP     : tcp.conn{4787} TcpClientThread.onRecv(TcpClientThread.java:522) tcp connection event TCP_CONNECTED
12-17 19:59:03.361 31949 31967 I ECS     : tcp.conn{4787} XmlMsg.encodeBuf(XmlMsg.java:215) SEND 100 bytes [16]_00_00_00_60_00_03_01_05_01_04_81_C8_00_00_00_00 cmdCode(CC_PCheckVersion.0x0501)msgType(MT_ARG.1)msgClass(MC_Push.5)sender(ST_Mobile.0)crypted(false)zipped(false)nobase64(true)length(96)version(3)sno(81C8)
12-17 19:59:03.361   633   692 I eSpaceService: pool-3-thread-1{4478} BaseBroadcast.sendBroadcast(BaseBroadcast.java:131) no receiver for action#local_voicemessage_updatestatus
12-17 19:59:03.662 21618 21639 I OUC_COTA: [CheckNewVersionThread-5729]getNewVersionFromServer status is 200(/HttpCommunicator.java:319)
12-17 19:59:03.777 21618 21643 I HwOUC   : [CheckNewVersionThread-5730]HwOucUtility.isWifiOnly = false(hwouc/HwOucUtility.java:1872)
12-17 19:59:03.899  1795  2728 D HwArpVerifier: There are 1 mac address for gateway 
12-17 19:59:04.052  1795  6988 W ActivityManager: getRunningAppProcesses: caller 10105 does not hold REAL_GET_TASKS; limiting output
12-17 19:59:06.011  1795  3253 D PowerManagerService: acquire lock=29421786, flags=0x1, tag="WakerLock:221268331", name=com.tencent.mm, ws=null, uid=10105, pid=4492
12-17 19:59:06.504  1795  3237 D PowerManagerService: release:lock=79334772, flg=0x0, tag="WakerLock:105422056", name=com.tencent.mm", ws=null, uid=10105, pid=4634
12-17 19:59:07.078  5224  5283 I Step_LSC: 20002302|REPORT : 4335 92777 3094 0
12-17 19:59:07.282  4492  4492 I SendBroadcastPermission: action:null, mPermissionType:0
12-17 19:59:07.374  1795 11747 I ActivityManager: cleanUpApplicationRecordLocked, pid: 18589, restart: false
12-17 19:59:07.567  1795  3225 D PowerManagerService: release:lock=223682142, flg=0x0, tag="WakerLock:188385320", name=com.tencent.mm", ws=null, uid=10105, pid=4634
12-17 19:59:08.268  1795  2677 E iMonitor: imonitor_send_event flock fail 13
12-17 19:59:08.276  3626  3725 I NCCHR_NcLogCollectService: ChrLogServiceHandler msg = 2 received
12-17 19:59:08.276  3626  3729 D NCCHR_LogDatabaseNc: handleAddMetricLogHeader enter for 15
12-17 19:59:09.971  1795  2323 D HwBatteryService: onUEvent fcpStatus = 0,scpStatus =0,ovpStatus=0
12-17 19:59:09.973  1795  2323 D HwBatteryService: onUEvent fcpStatus = 0,scpStatus =0,ovpStatus=0
12-17 19:59:09.974  1795  2323 E UsbDeviceManager: 	at java.io.FileInputStream.open(Native Method)
12-17 19:59:10.827  1795  2677 D CONNECTIVITY_LOG: report CHR and APR log
12-17 19:59:10.868  3626  3753 I UserSpecification: handleOverSize()
12-17 19:59:16.664  1795  2323 E UsbDeviceManager: java.io.FileNotFoundException: sys/class/hw_power/charger/charge_data/water_intrused (No such file or directory)
12-17 19:59:16.747  1795  1795 I WifiProJNI: ######### CMD_QUERY_PKTS ########
12-17 19:59:17.636  1795  2323 D HwBatteryService: onUEvent fcpStatus = 0,scpStatus =0,ovpStatus=0
12-17 19:59:18.568  1795  2323 E UsbDeviceManager: 	at java.io.FileInputStream.open(Native Method)
12-17 19:59:20.350  1795  2323 E UsbDeviceManager: java.io.FileNotFoundException: sys/class/hw_power/charger/charge_data/water_intrused (No such file or directory)
12-17 19:59:20.351  1795  2323 D HwBatteryService: onUEvent fcpStatus = 0,scpStatus =0,ovpStatus=0
12-17 19:59:20.357  1795 11746 I ActivityManager_broadcast: Enqueueing ordered broadcast[bgkeyapp] BroadcastRecord{7a0a06 u0 com.tencent.mm.plugin.report.service.KVCommCrossProcessReceiver}: prev had 0
12-17 19:59:20.449  1795  3238 E libteec : Connected.
12-17 19:59:27.121   606 21740 D QSEECOMAPI: Loaded image: APP id = 293
12-17 19:59:27.122   606 21740 E libteec : qsc_start_app end
12-17 19:59:27.127   606 21740 E libteec : QSEECom_send_cmd return!
12-17 19:59:27.582  1795  2323 E UsbDeviceManager: 	at java.io.FileInputStream.open(Native Method)
12-17 19:59:29.624  1795  2677 D CONNECTIVITY_LOG: report CHR and APR log
12-17 19:59:29.642  1795  2735 D BASE4IN1_LOG: The event is: 1
12-17 19:59:29.660  3626  3725 D NCCHR_NcLogCollectService: LogEntry received, metricID = 15
12-17 19:59:29.663  3626  3725 D NCCHR_LogDatabaseNc: addMertricLogBody id = 15
12-17 19:59:36.940  1795  2323 E UsbDeviceManager: 	at android.os.UEventObserver$UEventThread.run(UEventObserver.java:187)
12-17 19:59:38.008  5215  5215 D wpa_supplicant: nl80211: Operating frequency for the associated BSS from scan results: 2412 MHz
12-17 19:59:38.023  1795  2665 D NetdConnector: RCV <- {600 Iface linkstate wlan0 up}
12-17 19:59:38.168  5215  5215 D wpa_supplicant: EAP: EAP entering state RECEIVED
12-17 19:59:38.174  5215  5215 D wpa_supplicant: CTRL-DEBUG: ctrl_sock-sendmsg: sock=16 sndbuf=229376 outq=5120 send_len=2994
12-17 19:59:38.244  1795  2739 D HuaweiWifiWatchdogStateMachine:  loss[-85]=0%, volume=0
12-17 19:59:38.247  1795  2739 D HuaweiWifiWatchdogStateMachine:  RTT[-59]=0, volume=0
12-17 19:59:38.249  3626  3626 E PTM.FileNodeInfo: getTempInfo error: null, 0
12-17 19:59:38.322  5215  5215 D wpa_supplicant: WPA: Nonce2 - hexdump(len=32): e1 b1 74 12 4a 5a da f0 e2 a3 97 15 27 2f de 3d 7d 83 45 1f 3d 78 39 df 6e 95 d4 9c 19 33 9b c1
12-17 19:59:38.341  5215  5215 D wpa_supplicant: wlan0:   EAPOL-Key type=2
12-17 19:59:38.341  5215  5215 D wpa_supplicant:   key_mic - hexdump(len=16): 36 7e 62 f4 34 89 b3 e9 7b 7e 9e 86 df 3a 25 d2
12-17 19:59:38.341  5215  5215 D wpa_supplicant: WPA: decrypted EAPOL-Key key data - hexdump(len=48): [REMOVED]
12-17 19:59:38.347  1795  5219 E WifiMonitor: WifiMonitor:wlan0 cnt=31407 dispatchEvent: CTRL-EVENT-STATE-CHANGE id=0 state=9 BSSID=80:38:bc:0b:28:e1 SSID=Huawei-Employee
12-17 19:59:40.176  1795  2739 I WifiProHistoryDBManager: read record succ
12-17 19:59:40.178  1795  2739 D HuaweiWifiWatchdogStateMachine:  RTT[-77]=27910, volume=99
12-17 19:59:40.184  1795  1795 D WifiProJNI: send_cmd_kernel: cmd=6
12-17 19:59:40.201  1795  2671 I SendBroadcastPermission: action:android.net.wifi.RSSI_CHANGED, mPermissionType:0
12-17 19:59:57.986  3218  3218 D VideoCall_LowBattery:  allowVideoCallsInLowBattery: false isCarrierOneSupported: false mIsLowbattery: false
12-17 19:59:58.003  1795  2665 D NetdConnector: RCV <- {613 IfaceClass idle 1 444534362974580}
12-17 20:00:01.060   633   692 I eSpaceService: Watch Thread{4481} WatchThread.onLoop(WatchThread.java:94) watch thread onLoop... 
12-17 20:00:06.385  1795  2323 D HwBatteryService: onUEvent fcpStatus = 0,scpStatus =0,ovpStatus=0
12-17 20:00:06.959  1795  1819 I InputDispatcher: InputDispatcher::monitor frozen check!
12-17 20:00:09.296  1795  2323 E UsbDeviceManager: 	at java.io.FileInputStream.<init>(FileInputStream.java:146)
12-17 20:00:16.821  1795  2323 E UsbDeviceManager: 	at java.io.FileInputStream.<init>(FileInputStream.java:146)
12-17 20:00:17.466  1795  2323 E UsbDeviceManager: Error reading charge file
12-17 20:00:17.758  1795  2323 D HwBatteryService: onUEvent fcpStatus = 0,scpStatus =0,ovpStatus=0
12-17 20:00:18.373  1795  2323 E UsbDeviceManager: java.io.FileNotFoundException: sys/class/hw_power/charger/charge_data/water_intrused (No such file or directory)
12-17 20:00:18.413  3626  3729 D NCCHR_LogDatabaseNc: saveLogToFile enter for id =15
12-17 20:00:19.007  5215  5215 D wpa_supplicant: wlan0: WPA: Clear old PTK
12-17 20:00:19.009  5215  5215 D wpa_supplicant: EAP: EAP entering state IDLE
12-17 20:00:19.009  5215  5215 D wpa_supplicant: CTRL-DEBUG: global_ctrl_sock-sendto: sock=16 sndbuf=229376 outq=3072 send_len=12
12-17 20:00:19.017  1795  1819 D Tethering: interfaceStatusChanged wlan0, true
12-17 20:00:19.024  1795  2671 I ActivityManager_broadcast: Enqueueing ordered broadcast[foreground] BroadcastRecord{9664f55 u-1 android.net.wifi.STATE_CHANGE}: prev had 0
12-17 20:00:19.034  1795  2739 D HuaweiWifiWatchdogStateMachine:  loss[-45]=0%, volume=0
12-17 20:00:19.044  1795  2739 D HuaweiWifiWatchdogStateMachine:  RTT[-78]=0, volume=0
12-17 20:00:19.046  1795  2739 D HuaweiWifiWatchdogStateMachine:  WifiProLinkMonitoringState exit.
12-17 20:00:19.067  5215  5215 D wpa_supplicant: EAP: Received EAP-Request id=195 method=13 vendor=0 vendorMethod=0
12-17 20:00:19.110  5215  5215 D wpa_supplicant: EAP: Received EAP-Request id=197 method=13 vendor=0 vendorMethod=0
12-17 20:00:19.173  5215  5215 D wpa_supplicant: SSL: (where=0x1001 ret=0x1)
12-17 20:00:19.173  5215  5215 D wpa_supplicant: OpenSSL: Message - hexdump(len=5): [REMOVED]
12-17 20:00:19.173  5215  5215 D wpa_supplicant: OpenSSL: Message - hexdump(len=5): [REMOVED]
12-17 20:00:19.218  5215  5215 D wpa_supplicant: SSL: sending 1398 bytes, more fragments will follow
12-17 20:00:19.353  5215  5215 D wpa_supplicant: CTRL-DEBUG: ctrl_sock-sendmsg: sock=16 sndbuf=229376 outq=1280 send_len=81
12-17 20:00:19.375  1795  1819 D NetdConnector: RCV unsolicited event from native daemon, event = 600 Iface linkstate wlan0 up
12-17 20:00:20.396  1795  2665 D NetdConnector: RCV <- {613 IfaceClass idle 1 444556755397120}
12-17 20:00:20.399  1795  1819 D NetworkManagement: notifyInterfaceClassActivity: client is com.android.server.net.NetworkStatsService$6@5d6efc
12-17 20:01:32.252  1795  2323 E UsbDeviceManager: 	at android.os.UEventObserver$UEventThread.sendEvent(UEventObserver.java:210)
12-17 20:01:32.279  5215  5215 D wpa_supplicant: EAPOL: Supplicant port status: Unauthorized
12-17 20:01:32.279  5215  5215 D wpa_supplicant: EAP: EAP entering state DISABLED
12-17 20:01:32.290  1795  2685 D HwConnectivityService: hintUserSwitchToMobileWhileWifiDisconnected, state=DISCONNECTED  type =1
12-17 20:01:32.292  1795  1820 D         : isSystemBootComplete =true
12-17 20:01:32.300  1795  2739 D HuaweiWifiWatchdogStateMachine:  loss[-73]=0%, volume=0
12-17 20:01:32.302  1795  2739 D HuaweiWifiWatchdogStateMachine:  RTT[-51]=0, volume=0
12-17 20:01:32.303  1795  2739 D HuaweiWifiWatchdogStateMachine:  loss[-47]=0%, volume=0
12-17 20:01:32.303  3180  3332 I DownloadState: traffic enable:false
12-17 20:01:32.309  1795  2739 D HuaweiWifiWatchdogStateMachine: monitorNetworkQos stop speed track.
12-17 20:01:32.313  3626  3626 E PTM.FileNodeInfo: getTempInfo error: null, 0
12-17 20:01:32.313  3626  3626 E PTM.FileNodeInfo: getTempInfo error: null, 0
12-17 20:01:32.324  5215  5215 I wpa_supplicant: wlan0: CTRL-EVENT-REGDOM-CHANGE init=USER type=COUNTRY alpha2=CN
12-17 20:01:32.332   633 31870 I SDK     : <2016-12-17 20:01:32> [WARN] SDK: UE-SeC 2016-12-17 20:1:32:332 Level[WARN] magic[3362781472 684]:PubEvt_Close Getting a socket[11] from the Socket-table Failed!
12-17 20:01:32.335 31949 31967 E TCP     : tcp.recv{4790} TcpClientThread.readSocket(TcpClientThread.java:452) <<< ERROR(6) >>> socket read length failure -104
12-17 20:01:32.340  7194  7241 I PushLog2824: [ConnectivityManager-367]broadcast(),and mReceivers  4(android/null:-1)
12-17 20:01:32.354  1795  2671 D WifiStateMachine:  ConnectModeState CMD_UPDATE_WIFIPRO_CONFIGURATIONS uid=1000  rt=123358692/444628717 1 0
12-17 20:01:32.366  2883  2996 E HwSystemManager: SimCardMethod:/getSimCardInfo: imsi is null
12-17 20:01:32.401  1795  2685 D HwPFWLogger: AutoStartupDataMgr:retrieveStartupSettings type 0 of com.netease.newsreader.activity is 0
12-17 20:01:32.407   633 31870 I SDK     : <2016-12-17 20:01:32> [WARN] SDK: UE-SeC 2016-12-17 20:1:32:407 Level[WARN] magic[3362781472 684]:PubEvt_Close Getting a socket[83] from the Socket-table Failed!
12-17 20:01:32.411   633 31870 I SDK     : 
12-17 20:01:32.420   633 31870 I SDK     : <2016-12-17 20:01:32> [WARN] SDK: UE-SeC 2016-12-17 20:1:32:420 Level[WARN] magic[3362781472 684]:PubEvt_Close Getting a socket[179] from the Socket-table Failed!
12-17 20:01:32.422   633 31870 I SDK     : <2016-12-17 20:01:32> [WARN] SDK: UE-SeC 2016-12-17 20:1:32:422 Level[WARN] magic[3362781472 684]:PubEvt_Close Getting a socket[193] from the Socket-table Failed!
12-17 20:01:32.427   633 31870 I SDK     : <2016-12-17 20:01:32> [WARN] SDK: UE-SeC 2016-12-17 20:1:32:427 Level[WARN] magic[3362781472 684]:PubEvt_Close Getting a socket[218] from the Socket-table Failed!
12-17 20:01:32.427   633 31870 I SDK     : 
12-17 20:01:32.427   633 31870 I SDK     : <2016-12-17 20:01:32> [WARN] SDK: UE-SeC 2016-12-17 20:1:32:427 Level[WARN] magic[3362781472 684]:PubEvt_Close Getting a socket[225] from the Socket-table Failed!
12-17 20:01:32.440  1795  2666 I HwActivityManagerService: Split enqueueing broadcast [callerApp]:ProcessRecord{34bf34f 0:system/1000}
12-17 20:01:32.443  3218  3218 D HwChrManagerImpl: onReceive: action=android.net.conn.CONNECTIVITY_CHANGE
12-17 20:01:32.486   633   692 I TCP     : tcp.recv{4488} TcpClientThread.selfDisconnectSocket(TcpClientThread.java:377) self disconnecting to 172.30.70.63(*):7801
12-17 20:01:32.496   633   692 I eSpaceService: tcp.recv{4488} StatusManager.clearAll(StatusManager.java:227)  clear all friends' status
12-17 20:01:32.531 32607 32622 D AndroidCommon: [SdcardManager.isMounted]Path:/storage/emulated/0
12-17 20:01:32.616  2852  2852 D StatusBar: applyInPlace=true shouldPeek=false alertAgain=true
12-17 20:01:32.626  2883  3125 I HwSystemManager: StartupResidentService:InnerHandler Message:7
12-17 20:01:32.684  1795 17832 I ActivityManager: Start proc 21809:com.huawei.betaclub:loguploadservice/1000 for broadcast com.huawei.betaclub/com.huawei.logupload.UploadReceiver
12-17 20:01:32.721 21790 21790 I MainThreadProcess: release loguploadservice source
12-17 20:01:32.884 21809 21809 D BetaClub_LogUpload: [UploadReceiver.onReceive] networkType=0
12-17 20:01:32.892  1795  3249 W ActivityManager: getRunningAppProcesses: caller 10099 does not hold REAL_GET_TASKS; limiting output
12-17 20:01:32.954  2852  2852 I HwNotificationIconAreaController: showNotificationAll
12-17 20:01:33.227  2852  2852 I NotificationGroupManager: onEntryUpdated:0|com.huawei.health|10010|null|10099
12-17 20:01:33.599  2883  3936 I HwSystemManager: BatteryStatisticsHelper:uap.getUid() =10018 uap.getPower() =0.5374897901606863
12-17 20:01:33.716   818  1152 I logserver: handle_exception_events enter
12-17 20:01:33.716  3626 21834 I iMonitor: create: 903001013
12-17 20:01:35.178  2852  2852 I EventCenter: EventCenter Get :android.com.huawei.bone.NOTIFY_SPORT_DATA
12-17 20:01:36.152  5224  5283 I Step_LSC: 20002302|REPORT : 4598 98282 3277 0
12-17 20:01:36.170  2852  2852 I NotificationGroupManager: onEntryUpdated:0|com.huawei.health|10010|null|10099
12-17 20:01:36.189  2852  2852 W AppHandler: sendMessage 4
12-17 20:01:36.195  2852  2852 I TrafficPanelViewContent: onShowStatusChange show:false
12-17 20:01:37.138  5224  5283 I SendBroadcastPermission: action:android.com.huawei.bone.NOTIFY_SPORT_DATA, mPermissionType:0
12-17 20:01:37.187  2852  2852 I NotificationContentView: transferRemoteInputFocus: 0
12-17 20:01:38.157  2852  2852 I StatusBar: onNotificationPosted: StatusBarNotification(pkg=com.huawei.health user=UserHandle{0} id=10010 tag=null key=0|com.huawei.health|10010|null|10099: Notification(pri=0 contentView=null vibrate=null sound=null defaults=0x0 flags=0x62 color=0x00000000 vis=PRIVATE)) important=2, post=1481976098143, when=1481531589202, vis=0, userid=0
12-17 20:01:38.948  1795  6986 W ActivityManager: getRunningAppProcesses: caller 10102 does not hold REAL_GET_TASKS; limiting output
12-17 20:01:39.094  5224  5283 I SendBroadcastPermission: action:android.com.huawei.bone.NOTIFY_SPORT_DATA, mPermissionType:0
12-17 20:01:40.971  5224  5283 I Step_ExtendStepDataManager: 20002302|after compensate: cache step_4606
12-17 20:01:42.056  2852  2852 D HwCust  : Create obj success use class android.app.HwCustNotificationImpl
12-17 20:01:42.057  2852  2852 I NotificationGroupManager: onEntryUpdated:0|com.huawei.health|10010|null|10099
12-17 20:01:42.077  2852  2852 W PanelView: set notification panel padding = 1675
12-17 20:01:43.067  2852  2852 I StatusBarIconView: updateTint: tint=0
12-17 20:01:44.000  5224  5283 I SendBroadcastPermission: action:android.com.huawei.bone.NOTIFY_SPORT_DATA, mPermissionType:0
12-17 20:01:44.024  2852  2852 D StatusBar: updateNotification(StatusBarNotification(pkg=com.huawei.health user=UserHandle{0} id=10010 tag=null key=0|com.huawei.health|10010|null|10099: Notification(pri=0 contentView=null vibrate=null sound=null defaults=0x0 flags=0x62 color=0x00000000 vis=PRIVATE)))
12-17 20:01:44.027  2852  2852 I StatusBarIconView: updateTint: tint=0
12-17 20:01:48.804  5224  5224 I Step_LSC: 20002302|compensate received
12-17 20:01:49.802  5224  5283 I Step_DataCache: 20002302|getTodayTotalSteps 4621
12-17 20:01:55.578  5215  5215 D wpa_supplicant: nl80211: Drv Event 77 (NL80211_CMD_SCHED_SCAN_RESULTS) received for wlan0
12-17 20:01:55.578  5215  5215 D wpa_supplicant: nl80211: Received scan results (1 BSSes)
12-17 20:01:55.581  5215  5215 D wpa_supplicant: p2p0: No suitable network found
12-17 20:01:55.582  1795  2668 D WifiP2pService: DefaultState{ when=-1ms what=147461 target=com.android.internal.util.StateMachine$SmHandler }
12-17 20:01:55.969  2852  2852 D HwCust  : Create obj success use class android.app.HwCustNotificationImpl
12-17 20:01:56.767  1795  1795 V NotificationService: disableEffects=null canInterrupt=false once update: false
12-17 20:02:17.797  1795  1825 D PowerManagerService: updateIsPoweredLocked: wasPowered=false, mIsPowered=false, oldPlugType=0, mPlugType=0, mBatteryLevel=78
12-17 20:02:17.800  1795  2323 E UsbDeviceManager: 	at java.io.FileInputStream.open(Native Method)
12-17 20:02:17.803   633   692 I eSpaceService: Watch Thread{4481} WatchThread.onLoop(WatchThread.java:94) watch thread onLoop... 
12-17 20:02:17.804  5215  5215 D wpa_supplicant: CTRL_IFACE monitor sent successfully to /data/misc/wifi/sockets/wpa_ctrl_1795-194\x00
12-17 20:02:17.804  5215  5215 D wpa_supplicant: nl80211: Received scan results (1 BSSes)
12-17 20:02:17.809  1795  3225 W ActivityManager: getRunningAppProcesses: caller 10102 does not hold REAL_GET_TASKS; limiting output
12-17 20:02:18.178  2852  2852 D StatusBar: updateNotification(StatusBarNotification(pkg=com.huawei.health user=UserHandle{0} id=10010 tag=null key=0|com.huawei.health|10010|null|10099: Notification(pri=0 contentView=null vibrate=null sound=null defaults=0x0 flags=0x62 color=0x00000000 vis=PRIVATE)))
12-17 20:02:50.025  5215  5215 D wpa_supplicant: p2p0: BSS: Add new id 22 BSSID ac:85:3d:bd:ee:21 SSID 'Huawei-Employee' freq 2432
12-17 20:02:51.705  2852  2852 I StatusBarIconView: updateTint: tint=0
12-17 20:02:51.705  2852  2852 I NotificationGroupManager: onEntryUpdated:0|com.huawei.health|10010|null|10099
12-17 20:02:51.715  2852  2852 I HwNotificationIconAreaController: showNotificationAll
12-17 20:03:32.660  2852  2852 D HwCust  : Create obj success use class android.app.HwCustNotificationImpl
12-17 20:03:33.807  5224  5283 I Step_ExtendStepDataManager: 20002302|compensate 24699603 80
12-17 20:03:53.769  1795  1795 I NotificationManager: enqueueNotificationInternal: n.getKey = 0|com.huawei.health|10010|null|10099
12-17 20:03:53.774  2852  2852 I NotificationGroupManager: onEntryAdded:0|com.huawei.health|10010|null|10099, group=0|com.huawei.health|10010|null|10099
12-17 20:03:54.408  5224  5283 I Step_DataCache: 20002302|getTodayTotalSteps 4860
12-17 20:03:55.404  5224  5283 I Step_ExtendStepDataManager: 20002302|after compensate: cache step_4862
12-17 20:03:55.531  3180  3578 D ApplicationPackageManager: queryIntentActivitiesAsUser size results:1, for package:com.huawei.espacev2
12-17 20:05:15.576  1795  1807 D DeviceIdleController: Moved to LIGHT_STATE_IDLE.
12-17 20:05:15.584  3180  3578 I ash     : Proxy wakelock uid = 10105 pid = 4634
12-17 20:05:15.594  1795  1795 D WifiService: onReceive, action:android.intent.action.BATTERY_CHANGED
12-17 20:05:15.599  3626  3626 E PTM.FileNodeInfo: getTempInfo error: null, 0
12-17 20:05:15.600  1795 15982 D PowerManagerService: ready=true,policy=0,wakefulness=0,wksummary=0x1,uasummary=0x0,bootcompleted=true,boostinprogress=false,waitmodeenable=false,mode=true,manual=33,auto=-1,adj=0.0userId=0
12-17 20:05:15.607  3626  3626 E PTM.FileNodeInfo: getTempInfo error: null, 0
12-17 20:05:15.612  3626  3770 I LSC_903001012: process buffer and get message
12-17 20:05:15.641  1795  6986 D HwConnectivityService: return the background wifi network info for system manager.
12-17 20:05:21.333  1795  2323 D HwBatteryService: onUEvent fcpStatus = 0,scpStatus =0,ovpStatus=0
12-17 20:05:21.334  5215  5215 D wpa_supplicant: CTRL_IFACE SET 'pno'='1'
12-17 20:05:53.115  1795  1825 W LightSensor: LightSensor, enable, 283: en=1
12-17 20:05:53.145  3218  3375 I SendBroadcastPermission: action:com.huawei.android.intent.action.RAC_CHANGED, mPermissionType:0
12-17 20:05:53.147   835  2385 E libteec : begin
12-17 20:05:53.168   606  2379 E libteec : qsc_send_cmd finish
12-17 20:05:53.272  5224  5224 I Step_LSC: 20002302|standStepCounter report 100 steps,write fe
12-17 20:05:53.380  5224  5283 I Step_LSC: 20002302|calculateAltitudeWithCache totalAltitude=0
12-17 20:05:53.383  2852  2852 D StepCounterView: onStepCounterChange stepsNum:5063
12-17 20:05:53.410  2852  2852 I HwNotificationIconAreaController: showNotificationAll
12-17 20:05:53.416  2852  2852 E BokehDrawable: BlurBitmap  draw super 0.0
12-17 20:05:55.133  5224  5283 I Step_DataCache: 20002302|getTodayTotalSteps 5066
12-17 20:05:56.220  5224  5283 I Step_HSNH: 20002302|upDateHealthNotification()|108|3.61|5068
12-17 20:05:56.231  2852  2852 D StatusBar: updateNotification(StatusBarNotification(pkg=com.huawei.health user=UserHandle{0} id=10010 tag=null key=0|com.huawei.health|10010|null|10099: Notification(pri=0 contentView=null vibrate=null sound=null defaults=0x0 flags=0x62 color=0x00000000 vis=PRIVATE)))
12-17 20:05:56.235  2852  2852 D HwCust  : Create obj success use class android.app.HwCustNotificationImpl
12-17 20:05:56.667  2852  2852 D StatusBar: No peeking: not in use: 0|com.huawei.health|10010|null|10099
12-17 20:05:57.847  2852  2852 I NotificationGroupManager: onEntryAdded:0|com.huawei.health|10010|null|10099, group=0|com.huawei.health|10010|null|10099
12-17 20:05:58.803  2852  2852 D StepCounterView: onStepCounterChange stepsNum:5073
12-17 20:05:59.785  5224  5283 I Step_HSNH: 20002302|rebuild notification
12-17 20:06:00.824  5224  5283 I Step_DataCache: 20002302|getTodayTotalSteps 5075
12-17 20:06:01.635  5224  5224 I Step_LSC: 20002302|compensate received
12-17 20:06:02.646  5224  5283 I Step_ExtendStepDataManager: 20002302|after compensate: cache step_5080
12-17 20:06:04.585  5224  5283 I Step_DataCache: 20002302|getTodayTotalSteps 5082
12-17 20:06:04.590  5224  5283 I Step_ExtendStepDataManager: 20002302|after compensate: cache step_5083
12-17 20:06:05.556  5224  5224 I Step_LSC: 20002302|onStandStepChanged 66459
12-17 20:06:05.694  2852  2852 D StatusBar: applyInPlace=true shouldPeek=false alertAgain=true
12-17 20:06:05.719  2852  2852 I TrafficPanelManager: hideTraffic
12-17 20:06:05.721  2852  2852 W HwLockScreenPanel: Handle message: 4
12-17 20:06:06.711  5224  5283 I SendBroadcastPermission: action:android.com.huawei.bone.NOTIFY_SPORT_DATA, mPermissionType:0
12-17 20:06:07.661  2852  2852 I NotificationGroupManager: onEntryUpdated:0|com.huawei.health|10010|null|10099
12-17 20:07:07.566  1795  2670 D WifiController: wifiSleepPolicy:1
12-17 20:07:07.571  1795  2323 E UsbDeviceManager: 	at android.os.FileUtils.readTextFile(FileUtils.java:267)
12-17 20:07:07.571  1795  2323 E UsbDeviceManager: 	at android.os.UEventObserver$UEventThread.sendEvent(UEventObserver.java:210)
12-17 20:10:19.523  1795  3237 I PowerManager_battery: update battery new values: chargerAcOnline=false, chargerUsbOnline=false, batteryStatus=3, batteryHealth=2, batteryPresent=true, batteryLevel=77, batteryTechnology=Li-ion, batteryVoltage=4087, batteryTemperature=275, mUpdatesStopped=false
12-17 20:10:19.584  3626  3626 E PTM.FileNodeInfo: getTempInfo error: null, 0
12-17 20:11:04.688  2852  2852 I HwDateUtils: formatChinaDateTime, change to China normalTime:晚上8:11
12-17 20:11:04.744  5224  5283 I Step_LSC: 20002302| ## MSG_DEAL_SYSTEM_EVENT android.intent.action.TIME_TICK
12-17 20:11:40.779  1795  1825 I PowerManager_screenOn: DisplayPowerStatesetColorFadeLevel: level=1.0
12-17 20:11:40.888  3858  4126 I amsnl   : m1: false
12-17 20:11:40.953   835  2385 E libteec : begin
12-17 20:11:40.954  1795  1825 D DisplayPowerController: Finished business...
12-17 20:11:40.967  1795  3247 I NotificationManager: onNotificationExpansionChanged called
12-17 20:11:40.975  2852  2852 V KeyguardUpdateMonitor: setKeyguardViewState: false-false
12-17 20:11:40.976   835  2385 E libteec : qsc_decode end
12-17 20:11:41.035  1795  3111 D PowerManagerService: release:lock=256010783, flg=0x0, tag="lockoutResetCallback", name=com.android.systemui", ws=null, uid=10033, pid=2852
12-17 20:11:41.054  1795  6985 I PowerManager_screenOn: PowerManagerNotifier onWakefulnessChangeStarted: wakefulness=1, reason=0, interactive=true, mInteractive=false, mInteractiveChanging=false
12-17 20:11:41.107  2852  2852 W StatusBarWindowManager: Apply window Height MATCH_PARENT
12-17 20:11:41.111  3879  3879 I HwLauncher: DynamicUpdater call updateFolder
12-17 20:11:41.113  2852  2852 D MagazineDetailView: resetPagerState
12-17 20:11:41.114  2852  2852 I StatusBarWindowManager: apply mLp:0 -> 0; Height: 72; Flag: 81840048
12-17 20:11:41.120  1795  1795 I SendBroadcastPermission: action:android.intent.action.SCREEN_ON, mPermissionType:0
12-17 20:11:41.120  2852  2866 D KeyguardService: KGSvcCall onStartedWakingUp.
12-17 20:11:41.129  1795  1808 I ActivityManager_broadcast: dispatch ordered broadcast [foreground] BroadcastRecord{2b94e6e u-1 android.intent.action.SCREEN_ON}, has 57 receivers
12-17 20:11:41.195  2852  2852 I HwNotificationIconAreaController: showNotificationAll
12-17 20:11:41.198  1795  1795 I Sensor  : turn off notificationLight due to incall or screenon
12-17 20:11:41.201  1795  2671 D WifiStateMachine:  ConnectModeState !CMD_ENABLE_RSSI_POLL  rt=123413460/445237564 1 0
12-17 20:11:41.221  1795  5219 D WifiMonitor: Dispatching event to interface: wlan0
12-17 20:11:41.255  1795  6985 I SendBroadcastPermission: action:com.android.server.action.NETWORK_STATS_UPDATED, mPermissionType:0
12-17 20:11:41.325  1795 15987 W ActivityManager: getRunningAppProcesses: caller 10099 does not hold REAL_GET_TASKS; limiting output
12-17 20:11:41.385  2852  2852 D StatusBar: reusing notification for key: 0|com.huawei.health|10010|null|10099
12-17 20:11:41.395 17238 17252 D Bth     : BtChrStatisticsManager:msg Loop is running.
12-17 20:11:41.408  1795  3249 D PowerManagerService: Releasing suspend blocker "PowerManagerService.WakeLocks".
12-17 20:11:41.436  2852  2852 D StatusBar: No peeking: unimportant notification: 0|com.huawei.health|10010|null|10099
12-17 20:11:41.464  1795  1808 I ActivityManager_broadcast: dispatch ordered broadcast [background] BroadcastRecord{7916982 u0 com.huawei.android.action.WEATHER_CHANGE}, has 1 receivers
12-17 20:11:41.569   835  2385 E libteec : receive data len = 128
12-17 20:11:41.585  5215  5215 D wpa_supplicant: CTRL_IFACE monitor sent successfully to /data/misc/wifi/sockets/wpa_ctrl_1795-194\x00
12-17 20:11:41.586  5215  5215 D wpa_supplicant: random pool - hexdump(len=128): [REMOVED]
12-17 20:11:41.589  5215  5215 D wpa_supplicant: WPS: attr type=0x1011 len=24
12-17 20:11:41.593  5215  5215 D wpa_supplicant: WPS: attr type=0x1023 len=11
12-17 20:11:41.593  5215  5215 D wpa_supplicant: WPS: attr type=0x1044 len=1
12-17 20:11:41.594  5215  5215 D wpa_supplicant: WPS: WFA subelement id=0 len=1
12-17 20:11:41.594  5215  5215 D wpa_supplicant: WPS: attr type=0x1047 len=16
12-17 20:11:41.596  5215  5215 D wpa_supplicant: WPS: attr type=0x1024 len=3
12-17 20:11:41.596  5215  5215 D wpa_supplicant: WPS: attr type=0x1021 len=7
12-17 20:11:41.599  5215  5215 D wpa_supplicant: WPS: attr type=0x1054 len=8
12-17 20:11:41.599  5215  5215 D wpa_supplicant: WPS: attr type=0x103b len=1
12-17 20:11:41.599  5215  5215 D wpa_supplicant: WPS: attr type=0x103c len=1
12-17 20:11:41.626  5215  5215 D wpa_supplicant: CTRL-DEBUG: ctrl_sock-sendmsg: sock=16 sndbuf=229376 outq=768 send_len=67
12-17 20:11:41.626  5215  5215 D wpa_supplicant: P2P: channels: 81:1,2,3,4,5,6,7,8,9,10,11,12,13
12-17 20:11:41.627  5215  5215 D wpa_supplicant: CTRL_IFACE monitor sent successfully to /data/misc/wifi/sockets/wpa_ctrl_1795-194\x00
12-17 20:11:41.638 10324 10324 D MagicLink: MagicLink2-BroadcastReceiver:====>NETWORK_STATE_CHANGED_ACTION
12-17 20:11:42.247  5215  5215 D wpa_supplicant: nl80211: Received scan results (15 BSSes)
12-17 20:11:42.248  5215  5215 D wpa_supplicant: IEs - hexdump(len=349): 00 0f e6 b9 98 e5 b2 b3 e8 92 b8 e8 8f 9c e9 a6 86 01 08 82 84 8b 96 24 30 48 6c 03 01 09 2a 01 ...
12-17 20:11:42.248  5215  5215 D wpa_supplicant: bc:d1:77:2e:88:74 freq=2412 qual=0 noise=-89~ level=-68 snr=21 flags=0xb age=0 est=54000
12-17 20:11:42.250  5215  5215 D wpa_supplicant: wlan0: BSS: Add new id 588 BSSID 08:bd:43:86:51:be SSID 'Cheer Up' freq 2472
12-17 20:11:42.252  5215  5215 D wpa_supplicant: Add randomness: count=1016 entropy=459
12-17 20:11:42.260  5215  5215 D wpa_supplicant: WPS: attr type=0x1023 len=9
12-17 20:11:42.262  5215  5215 D wpa_supplicant: WPS: attr type=0x104a len=1
12-17 20:11:42.264  5215  5215 D wpa_supplicant: WPS: WFA subelement id=0 len=1
12-17 20:11:42.266  5215  5215 D wpa_supplicant: WPS: attr type=0x103c len=1
12-17 20:11:42.267  5215  5215 D wpa_supplicant: WPS: WFA subelement id=0 len=1
12-17 20:11:42.267  5215  5215 D wpa_supplicant: WPS: attr type=0x1023 len=9
12-17 20:11:42.268  5215  5215 D wpa_supplicant: WPS: attr type=0x1023 len=10
12-17 20:11:42.275  5215  5215 D wpa_supplicant: WPS: attr type=0x1044 len=1
12-17 20:11:42.276  5215  5215 D wpa_supplicant: WPS: attr type=0x1047 len=16
12-17 20:11:42.279  5215  5215 D wpa_supplicant: WPS: attr type=0x104a len=1
12-17 20:11:42.285  1795  2671 D WifiStateMachine: ******send sendScanResultsAvailableBroadcast*****
12-17 20:11:42.294  1795  1795 D HwConnectivityService: [PS filter] should not power save
12-17 20:11:42.315  3858  4126 I amsnl   : m1: false
12-17 20:11:42.412  1795  1795 I MQoS    : onSignal: mSubId=1,currDataSubID=0
12-17 20:11:43.311  2852  2852 I PhoneStatusBar: suspendAutohide
12-17 20:11:43.394  2852  2852 I BarTransitions.HwPhoneStatusBarView: transitionTo: mode=MODE_TRANSLUCENT, animate=false
12-17 20:11:43.710  2852  2852 I Tile.BluetoothTile: refreshState=bt, BooleanState[,icon=ResourceIcon[resId=0x7f0201b7],label=蓝牙,labelTint=0,textChangedDelay=83,contentDescription=蓝牙关闭。,打开蓝牙设置。,dualLabelContentDescription=蓝牙,minimalContentDescription=蓝牙：%s。,minimalAccessibilityClassName=android.widget.Switch,expandedAccessibilityClassName=android.widget.Switch,autoMirrorDrawable=false,disabledByPolicy=false,enforcedAdmin=null,value=false]
12-17 20:11:43.718  5215  5215 D wpa_supplicant: CTRL-DEBUG: global_ctrl_sock-sendto: sock=16 sndbuf=229376 outq=0 send_len=3
12-17 20:11:43.722  5215  5215 D wpa_supplicant: wlan0: Control interface command 'GET_NETWORK 2 priority'
12-17 20:11:43.723  5215  5215 D wpa_supplicant: CTRL_IFACE: Failed to get network variable 'wep_key0'
12-17 20:11:43.726  5215  5215 D wpa_supplicant: CTRL_IFACE: Failed to get network variable 'auth_alg'
12-17 20:11:43.727  5215  5215 D wpa_supplicant: CTRL-DEBUG: global_ctrl_sock-sendto: sock=16 sndbuf=229376 outq=0 send_len=5
12-17 20:11:43.740  1795  1825 D AutomaticBrightnessController: ambient lux=31.0,timeStamp =445240103583000
12-17 20:11:43.759  5215  5215 D wpa_supplicant: wlan0:    skip - SSID mismatch
12-17 20:11:43.760  5215  5215 D wpa_supplicant: 5: e4:d3:32:6f:87:ca ssid='603' wpa_ie_len=22 rsn_ie_len=20 wapi_ie_len=0 caps=0x431
12-17 20:11:43.760  5215  5215 D wpa_supplicant: wlan0: 12: 08:bd:43:86:51:be ssid='Cheer Up' wpa_ie_len=0 rsn_ie_len=20 caps=0x431 level=-85 freq=2472  wps
12-17 20:11:43.761  5215  5215 D wpa_supplicant: wlan0: Cancelling scan request
12-17 20:11:43.761  5215  5215 D wpa_supplicant: wlan0: WPA: clearing AP WPA IE
12-17 20:11:43.764  1795  5219 D HwWifiCHRStateManager: handleSupplicantStateChange updateAPMAC: 00:00:00:00:00:00
12-17 20:11:43.764  1795  2671 D WifiHW  : wifi_send_command: cmd:'IFNAME=wlan0 RECONNECT'
