12-17 20:33:32.921 24266 24266 V chaunce : org.iqiyi.video.vote.b.aux.a()<-1> : checkVoteShowTime-->1076724
12-17 20:33:33.377  3218  3218 I QImsService: ImsServiceSubHandler : Message received: what = 27
12-17 20:33:34.023  2852  2852 D HwCustMobileSignalControllerImpl: isCurrentBySim()=false
12-17 20:33:34.327  1795  2737 W WifiProJNI: poll before: g_monitor_fd =310
12-17 20:33:35.025  2852  2852 D HwCustMobileSignalControllerImpl: sub =0,strMccMnc =null,hashMccMnc =[],strPlmn =hw_hspap_show_4g
12-17 20:33:35.025  2852  2852 D HwCustMobileSignalControllerImpl: sub =0,strMccMnc =null,hashMccMnc =[],strPlmn =hw_show_4_5G_for_mcc
12-17 20:33:38.630  2852  2852 I HwSignalClusterView: apply hwPhoneState.mSubId:0 anyMobileVisible:false mIsAirplaneMode:false, mobileGroupVisible=true
12-17 20:33:42.177  1795  1795 I MQoS    : received cell-signal:1
12-17 20:33:45.937 24266 24266 V chaunce : org.iqiyi.video.vote.b.aux.a()<-1> : checkVoteShowTime-->1089799
12-17 20:33:48.958  1795  1819 I InputDispatcher: InputDispatcher::monitor frozen check!
12-17 20:33:50.792  1795 15987 D PowerManagerService: acquire lock=126082752, flags=0x1, tag="RILJ_ACK_WL", name=com.android.phone, ws=null, uid=1001, pid=3218
12-17 20:33:51.101   818  1152 I logserver: handle_exception_events enter
12-17 20:33:51.652   633   692 I eSpaceService: Watch Thread{4481} WatchThread.onLoop(WatchThread.java:98) watch thread onLoop...--》 iWatched.doWatch() 
12-17 20:34:03.068  3218  3218 I QImsService: ImsServiceSubHandler : Message received: what = 27
12-17 20:34:05.158  1795  2323 E UsbDeviceManager: 	at java.io.FileInputStream.open(Native Method)
12-17 20:34:05.241  3626  3770 I LSC_903001010: process buffer and get message
12-17 20:34:08.189  2852  2852 I HwMobileSignalController: notifyListenerHuawei::origin typeIcon:2130839197 icons.mName:4GPLUS isSuspend:false, showDataIcon=true, dataConnected=true, isRoaming=false
12-17 20:34:08.189  2852  2852 I HwSignalClusterView: getOrInflateState subId:0
12-17 20:34:12.259  1795 11745 I SendBroadcastPermission: action:android.intent.action.SIG_STR, mPermissionType:0
12-17 20:34:12.263  1795  3110 D PowerManagerService: ready=true,policy=3,wakefulness=1,wksummary=0x23,uasummary=0x4,bootcompleted=true,boostinprogress=false,waitmodeenable=false,mode=true,manual=33,auto=-1,adj=0.0userId=0
12-17 20:34:20.644  1795  1795 I MQoS    : received cell-signal:5
12-17 20:34:22.202  1795 16499 D PowerManagerService: ready=true,policy=3,wakefulness=1,wksummary=0x23,uasummary=0x4,bootcompleted=true,boostinprogress=false,waitmodeenable=false,mode=true,manual=33,auto=-1,adj=0.0userId=0
12-17 20:34:22.216  3858  4126 I amsnl   : c: true, w: false, t: false, l: false
12-17 20:34:22.992 24266 24266 I qiyippsplay: org.iqiyi.video.ui.bf.h()<-1> : 当前时间1126703
12-17 20:34:25.989  2852  2852 D HwCustMobileSignalControllerImpl: isCurrentBySim()=false
12-17 20:34:27.174  1795 15987 D PowerManagerService: ready=true,policy=3,wakefulness=1,wksummary=0x23,uasummary=0x4,bootcompleted=true,boostinprogress=false,waitmodeenable=false,mode=true,manual=33,auto=-1,adj=0.0userId=0
12-17 20:34:27.987  2852  3556 I HwMobileSignalController: mExtDataOld:ExtData [mMasterNetWorkType=3, mSlaveNetWorkType=0, mMasterNetWorkLevel=5, mSlaveNetWorkLevel=-1, mDataState=2, mDataActivity=3, mDataNetType=13] mExtData:ExtData [mMasterNetWorkType=3, mSlaveNetWorkType=0, mMasterNetWorkLevel=5, mSlaveNetWorkLevel=-1, mDataState=2, mDataActivity=0, mDataNetType=13]
12-17 20:34:31.101  2852  2852 D HwCustMobileSignalControllerImpl: sub =0,strMccMnc =null,hashMccMnc =[],strPlmn =hw_show_4g
12-17 20:34:47.022 24266 24266 I qiyippsplay: org.iqiyi.video.ui.bf.h()<-1> : 当前时间1150772
12-17 20:34:50.196  3382  3399 D QcrilMsgTunnelSocket: To broadcast an Intent via the notifier to external apps
12-17 20:34:50.214  1795  1806 D PowerManagerService: ready=true,policy=3,wakefulness=1,wksummary=0x23,uasummary=0x4,bootcompleted=true,boostinprogress=false,waitmodeenable=false,mode=true,manual=33,auto=-1,adj=0.0userId=0
12-17 20:34:51.030  2852  2852 D HwCustMobileSignalControllerImpl: sub =0,strMccMnc =null,hashMccMnc =[],strPlmn =hw_show_4_5G_for_mcc
12-17 20:34:54.024 24266 24266 V chaunce : org.iqiyi.video.vote.b.aux.a()<-1> : checkVoteShowTime--hideVoteView
12-17 20:34:54.152  1795 17832 I ActivityManager_broadcast: Enqueueing ordered broadcast[background] BroadcastRecord{625da0b u0 android.intent.action.LTE_CA_STATE}: prev had 0
12-17 20:34:55.026 24266 24266 V chaunce : org.iqiyi.video.vote.b.aux.a()<-1> : checkVoteShowTime--hideVoteView
12-17 20:34:58.031 24266 24266 V chaunce : org.iqiyi.video.vote.b.aux.a()<-1> : checkVoteShowTime--hideVoteView
12-17 20:34:59.040  1795  1819 D NetworkManagement: notifyInterfaceClassActivity: client is android.net.ip.IpManager$2@4c99c84
12-17 20:35:00.014  2852  2852 I TimeManager: chinaDateTime:晚上8:35
12-17 20:35:07.039  1795  1805 D PowerManagerService: ready=true,policy=3,wakefulness=1,wksummary=0x23,uasummary=0x4,bootcompleted=true,boostinprogress=false,waitmodeenable=false,mode=true,manual=33,auto=-1,adj=0.0userId=0
12-17 20:35:07.091  1795 16501 I HwActivityManagerService: Split enqueueing broadcast [callerApp]:ProcessRecord{24cdca7 3218:com.android.phone/1001}
12-17 20:35:07.881  2852  2852 D NetWorkUtils: is3GCalling is false,mCdmaSlot is -1
12-17 20:35:14.423  1795  5350 I MQoS    : QOS_level:4(4),use RTTLvl:4;RATLvl:5
12-17 20:35:16.055 24266 24266 V chaunce : org.iqiyi.video.vote.b.aux.a()<-1> : checkVoteShowTime--hideVoteView
12-17 20:35:21.698  1795  2748 D HwAmbientLuxFilterAlgo: t=124075395,BT=124076395,DT=124079395,BT1=124079395,DT1=124083395,Bn=false,Dn=false,lx=[8.0/124073891, 8.0/124074192, 8.0/124074493, 8.0/124074793, 8.0/124075094, 8.0/124075395],mLx=5.0,s=5.0,ss=0.0,AuIntervened=false,mProximityState=false,bLux=15.0,dLux=0.0,bLux1=15.0,dLux1=0.0
12-17 20:35:22.833  3180  3578 I ash     : Application com.huawei.espacev2 is im app and connected ok, delay to H!
12-17 20:35:28.059  1795  2778 W ActivityManager: getTasks: caller 10140 does not hold REAL_GET_TASKS; limiting output
12-17 20:35:32.338  1795  1795 I MQoS    : onSignal: mSubId=0,currDataSubID=0
12-17 20:35:34.435  1795  2737 D WifiProJNI: Received kernel message payload: event 0
12-17 20:35:42.276  1795 15982 I SendBroadcastPermission: action:android.intent.action.SIG_STR, mPermissionType:0
12-17 20:35:45.021 24802 24802 I nativeProcess: iqiyi message: ==== do something  executeCmd isProcessExist true =====
12-17 20:35:45.438  2852  2852 D HwCustMobileSignalControllerImpl: isCurrentBySim()=false
12-17 20:35:46.615  3382  3399 D QcrilMsgTunnelSocket: Rcvd UNSOL response with 28 bytes data for SUB0
12-17 20:35:46.682  3218  3218 E HW-JPEG-DEC: [HME_JPEG_DEC_Delete](3298): HME_JPEG_DEC_Delete: decoder_ctx=null
12-17 20:35:47.435  2852  3556 I NetworkController.MobileSignalController(0): onDataActivity: direction=0
12-17 20:35:54.104 24266 24266 D seekbar : org.iqiyi.video.ui.ci.onProgressChanged()<-1> : 当前进度：1217993 缓冲大小:1550279 缓冲进度：2768272
12-17 20:35:55.583  1795 16500 D PowerManagerService: ready=true,policy=3,wakefulness=1,wksummary=0x23,uasummary=0x4,bootcompleted=true,boostinprogress=false,waitmodeenable=false,mode=true,manual=33,auto=-1,adj=0.0userId=0
12-17 20:35:55.584  3858  4126 I amsnl   : m1: false
12-17 20:35:59.587  1795  1812 I ActivityManager_broadcast: dispatch ordered broadcast [bgkeyapp] BroadcastRecord{b9d2338 u0 com.tencent.mm.plugin.report.service.KVCommCrossProcessReceiver}, has 1 receivers
12-17 20:36:00.079  1795  1795 D PowerManagerService: ready=true,policy=3,wakefulness=1,wksummary=0x23,uasummary=0x4,bootcompleted=true,boostinprogress=false,waitmodeenable=false,mode=true,manual=33,auto=-1,adj=0.0userId=0
12-17 20:36:03.974  1795  2778 W ActivityManager: getRunningAppProcesses: caller 10102 does not hold REAL_GET_TASKS; limiting output
12-17 20:36:04.113 24266 24266 V chaunce : org.iqiyi.video.vote.b.aux.a()<-1> : checkVoteShowTime-->1227953
12-17 20:36:05.387  3180  3578 I PacketsControl: not 3G net type. do nothing.
12-17 20:36:05.407  2852  2852 D NetWorkUtils: mVSimCurCardType is -1
12-17 20:36:10.024 24802 24802 I nativeProcess: iqiyi message: ==== do something  executeCmd isProcessExist true =====
12-17 20:36:12.388  1795  3139 D PowerManagerService: ready=true,policy=3,wakefulness=1,wksummary=0x23,uasummary=0x4,bootcompleted=true,boostinprogress=false,waitmodeenable=false,mode=true,manual=33,auto=-1,adj=0.0userId=0
12-17 20:36:12.414  2852  2852 I HwSignalClusterView: setMobileDataIndicatorsHuawei subId:0 visible:true strengthIcon:2130839311 typeIcon:2130839197 contentDescription:手机信号满格。 typeContentDescription:LTE isTypeIconWide:true showActivity:true activityIn:false activityOut:false isRoaming:false
12-17 20:36:13.276  2852  3556 I NetworkController.MobileSignalController(0): onSignalStrengthsChanged signalStrength=SignalStrength: -1 0 -1 255 -1 255 -1 255 255 22 -94 -7 148 2147483647 2147483647 false gw|lte level=5 isSuspend=false levelOld=5,mSignalStrength level=5
12-17 20:36:14.125 24266 24266 D VideoPlayerImpl: org.iqiyi.video.player.cv.ag()<-1> : current progress: progress= 1237911
12-17 20:36:15.773 24266 25032 D JOBS    : Thread-96: load factor check. true = (7 < 8)|| (7 * 3 < 0 + 0). consumer thread: true
12-17 20:36:16.640  1795  1819 D NetworkManagement: notifyInterfaceClassActivity: client is com.android.server.connectivity.Vpn$2@e40aefb
12-17 20:36:22.306  3858  4126 I amsnl   : csr
12-17 20:36:27.145 24266 24266 V chaunce : org.iqiyi.video.vote.b.aux.a()<-1> : checkVoteShowTime-->1250958
12-17 20:36:27.961  1795  1819 I SendBroadcastPermission: action:android.net.conn.DATA_ACTIVITY_CHANGE, mPermissionType:0
12-17 20:36:29.146  2852  2852 I HwSignalClusterView: getOrInflateState subId:0
12-17 20:36:29.146  2852  2852 I HwSignalClusterView: getOrInflateState subId:0
12-17 20:36:29.389  2852  2852 D HwCustMobileSignalControllerImpl: sub =0,strMccMnc =null,hashMccMnc =[],strPlmn =hw_show_4g
12-17 20:36:29.391  2852  2852 I HwSignalClusterView: setMobileDataIndicatorsHuawei subId:0 visible:true strengthIcon:2130839311 typeIcon:2130839197 contentDescription:手机信号满格。 typeContentDescription:LTE isTypeIconWide:true showActivity:true activityIn:false activityOut:true isRoaming:false
12-17 20:36:34.487  1795  2737 W WifiProJNI: poll before: g_monitor_fd =310
12-17 20:36:36.156 24266 24266 V chaunce : org.iqiyi.video.vote.b.aux.a()<-1> : checkVoteShowTime--hideVoteView
12-17 20:36:39.241  2852  2852 I HwSignalClusterView: getOrInflateState subId:0
12-17 20:36:44.477  1795  2376 W AlarmManager: mIsScreenOn is: true, WAKEUP alarm trigger action = com.qiyi.video.traffic.poll package name is: com.qiyi.video
12-17 20:36:44.789  2852  2852 D NetWorkUtils: is3GCalling is false,mCdmaSlot is -1
12-17 20:36:47.627  2852  2852 I HwSignalClusterView: setMobileDataIndicatorsHuawei subId:0 visible:true strengthIcon:2130839311 typeIcon:2130839197 contentDescription:手机信号满格。 typeContentDescription:LTE isTypeIconWide:true showActivity:true activityIn:true activityOut:true isRoaming:false
12-17 20:36:49.630  2852  2852 D HwCustMobileSignalControllerImpl: sub =0,strMccMnc =null,hashMccMnc =[],strPlmn =hw_customized_networkType_entry
12-17 20:36:50.650  2852  2852 I HwSignalClusterView: getOrInflateState subId:0
12-17 20:36:52.150  1795  1795 I MQoS    : onSignal: mSubId=0,currDataSubID=0
12-17 20:36:52.180 24266 24266 D seekbar : org.iqiyi.video.ui.ci.onProgressChanged()<-1> : 当前进度：1276047 缓冲大小:1492225 缓冲进度：2768272
12-17 20:36:52.650  2852  3556 I HwMobileSignalController: mExtDataOld:ExtData [mMasterNetWorkType=3, mSlaveNetWorkType=0, mMasterNetWorkLevel=5, mSlaveNetWorkLevel=-1, mDataState=2, mDataActivity=2, mDataNetType=13] mExtData:ExtData [mMasterNetWorkType=3, mSlaveNetWorkType=0, mMasterNetWorkLevel=5, mSlaveNetWorkLevel=-1, mDataState=2, mDataActivity=0, mDataNetType=13]
12-17 20:36:52.665  2852  2852 I HwSignalClusterView: getOrInflateState subId:0
12-17 20:36:55.181 24266 24266 D VideoPlayerImpl: org.iqiyi.video.player.cv.ag()<-1> : current progress: progress= 1278964
12-17 20:36:55.184 24266 24266 D seekbar : org.iqiyi.video.ui.ci.onProgressChanged()<-1> : 当前进度：1278964 缓冲大小:1489308 缓冲进度：2768272
12-17 20:36:57.641  2852  2852 D HwCustMobileSignalControllerImpl: sub =0,strMccMnc =null,hashMccMnc =[],strPlmn =hw_show_lte
12-17 20:36:59.186 24266 24266 V chaunce : org.iqiyi.video.vote.b.aux.a()<-1> : checkVoteShowTime-->1282909
12-17 20:37:00.188 24266 24266 D seekbar : org.iqiyi.video.ui.ci.onProgressChanged()<-1> : 当前进度：1283953 缓冲大小:1484319 缓冲进度：2768272
12-17 20:37:01.640  1795  1819 D NetworkManagement: notifyInterfaceClassActivity: client is android.net.INetworkManagementEventObserver$Stub$Proxy@c0acf8b
12-17 20:37:02.192 24266 24266 D seekbar : org.iqiyi.video.ui.ci.onProgressChanged()<-1> : 当前进度：1286033 缓冲大小:1482239 缓冲进度：2768272
12-17 20:37:06.012  2852  2852 D HwCustMobileSignalControllerImpl: sub =0,strMccMnc =null,hashMccMnc =[],strPlmn =hw_mcc_mnc
12-17 20:37:07.204  2852  2914 I HwMobileSignalController: subId:0 phoneType:1 networktype:13 targetClass:3 masterLevel:5 slaveLevel:-1
12-17 20:37:07.229  1795  1808 I ActivityManager_broadcast: dispatch ordered broadcast [background] BroadcastRecord{1f0d889 u0 android.intent.action.LTE_CA_STATE}, has 1 receivers
12-17 20:37:08.105  1795  3249 W ActivityManager: getTasks: caller 10140 does not hold REAL_GET_TASKS; limiting output
12-17 20:37:11.162  2852  2852 I HwSignalClusterView: getOrInflateState subId:0
12-17 20:37:16.208 24266 24266 V chaunce : org.iqiyi.video.vote.b.aux.a()<-1> : checkVoteShowTime--hideVoteView
12-17 20:37:18.491  1795  1795 D PowerManagerService: ready=true,policy=3,wakefulness=1,wksummary=0x23,uasummary=0x4,bootcompleted=true,boostinprogress=false,waitmodeenable=false,mode=true,manual=33,auto=-1,adj=0.0userId=0
12-17 20:37:20.195  2852  2852 I HwSignalClusterView: getOrInflateState subId:0
12-17 20:37:20.915  2852  3556 I HwMobileSignalController: mExtDataOld:ExtData [mMasterNetWorkType=3, mSlaveNetWorkType=0, mMasterNetWorkLevel=5, mSlaveNetWorkLevel=-1, mDataState=2, mDataActivity=3, mDataNetType=13] mExtData:ExtData [mMasterNetWorkType=3, mSlaveNetWorkType=0, mMasterNetWorkLevel=5, mSlaveNetWorkLevel=-1, mDataState=2, mDataActivity=2, mDataNetType=13]
12-17 20:37:21.932  2852  2852 I HwSignalClusterView: apply hwPhoneState.mSubId:0 anyMobileVisible:false mIsAirplaneMode:false, mobileGroupVisible=true
12-17 20:37:25.335  3218  3218 I QImsService: ImsServiceSub : broadcastVopsSsacIntent Vops = true , Ssac = false
12-17 20:37:25.379  3218  3536 E SharedPreferencesImpl: Couldn't create directory for SharedPreferences file /data/user_de/0/com.android.settings/shared_prefs/caStatePreferences.xml
12-17 20:37:30.268 24266 24266 D VideoPlayerImpl: org.iqiyi.video.player.cv.ag()<-1> : current progress: progress= 1314013
12-17 20:37:50.486 24266 24266 I qiyippsplay: org.iqiyi.video.ui.bf.h()<-1> : 当前时间1334324
12-17 20:38:00.586 24266 24266 I qiyippsplay: org.iqiyi.video.ui.bf.h()<-1> : 当前时间1344467
12-17 20:38:01.809  1795  2748 D HwAmbientLuxFilterAlgo: t=124235506,BT=124236506,DT=124239506,BT1=124239506,DT1=124243506,Bn=false,Dn=false,lx=[7.0/124234002, 7.0/124234303, 7.0/124234604, 7.0/124234905, 7.0/124235205, 7.0/124235506],mLx=5.0,s=5.0,ss=0.017356476,AuIntervened=false,mProximityState=false,bLux=15.0,dLux=0.0,bLux1=15.0,dLux1=0.0
12-17 20:38:02.606 24266 24266 D seekbar : org.iqiyi.video.ui.ci.onProgressChanged()<-1> : 当前进度：1346325 缓冲大小:1421947 缓冲进度：2768272
12-17 20:38:03.284  1795  2665 D NetdConnector: RCV <- {613 IfaceClass active 0 446819642842667 10140}
12-17 20:38:03.882  2852  2914 I HwMobileSignalController: subId:0 phoneType:1 networktype:13 targetClass:3 masterLevel:5 slaveLevel:-1
12-17 20:38:12.625  2852  2914 I HwMobileSignalController: subId:0 phoneType:1 networktype:13 targetClass:3 masterLevel:5 slaveLevel:-1
12-17 20:38:12.643  2852  2852 D HwCustMobileSignalControllerImpl: isCurrentBySim()=false
12-17 20:38:12.645  2852  2852 I HwSignalClusterView: getOrInflateState subId:0
12-17 20:38:12.664  1795 15988 I ActivityManager_broadcast: collectReceiverComponents, callerApp: ProcessRecord{24cdca7 3218:com.android.phone/1001}, intent:android.intent.action.LTE_CA_STATE, receiver size:1, flags: 10000400
12-17 20:38:12.709 24266 24266 D seekbar : org.iqiyi.video.ui.ci.onProgressChanged()<-1> : 当前进度：1356482 缓冲大小:1411790 缓冲进度：2768272
12-17 20:38:13.586  1795 16499 I SendBroadcastPermission: action:android.intent.action.SIG_STR, mPermissionType:0
12-17 20:38:14.574  1795  1795 I WifiProJNI: ######### CMD_QUERY_PKTS ########
12-17 20:38:17.657 24266 25028 D JOBS    : re-running consumer Thread-92
12-17 20:38:18.659  1795  2748 D HwAmbientLuxFilterAlgo: t=124252356,BT=124253356,DT=124256356,BT1=124256356,DT1=124260356,Bn=false,Dn=false,lx=[7.0/124250852, 7.0/124251154, 7.0/124251454, 7.0/124251754, 7.0/124252055, 7.0/124252356],mLx=5.0,s=5.0,ss=0.00943396,AuIntervened=false,mProximityState=false,bLux=15.0,dLux=0.0,bLux1=15.0,dLux1=0.0
12-17 20:38:30.143  1795 20747 W ActivityManager: getTasks: caller 10140 does not hold REAL_GET_TASKS; limiting output
12-17 20:38:36.352  2852  2852 D HwCustMobileSignalControllerImpl: sub =0,strMccMnc =null,hashMccMnc =[],strPlmn =hw_customized_networkType_entry
12-17 20:38:39.383  2852  2852 D NetWorkUtils: is3GCalling is false,mCdmaSlot is -1
12-17 20:38:39.462   818  1086 E iMonitor: setTracingEnabled:1
12-17 20:38:46.485  1795  1795 I MQoS    : received cell-signal:5
12-17 20:39:00.157  1795 20747 W ActivityManager: getTasks: caller 10140 does not hold REAL_GET_TASKS; limiting output
12-17 20:39:02.430  3858  4126 I amsnl   : c: true, w: false, t: false, l: false
12-17 20:39:04.624  1795  2737 I QosMonitor: postEventFromNative: msg=100,arg1=0,arg2=9
12-17 20:39:05.012  1795  2748 D HwAmbientLuxFilterAlgo: t=124298710,BT=124299710,DT=124302710,BT1=124302710,DT1=124306710,Bn=false,Dn=false,lx=[8.0/124297206, 9.0/124297507, 8.0/124297807, 9.0/124298108, 9.0/124298409, 8.0/124298710],mLx=5.0,s=5.0,ss=0.01948052,AuIntervened=false,mProximityState=false,bLux=15.0,dLux=0.0,bLux1=15.0,dLux1=0.0
12-17 20:39:07.116  2852  2852 I HwSignalClusterView: apply hwPhoneState.mSubId:0 anyMobileVisible:false mIsAirplaneMode:false, mobileGroupVisible=true
12-17 20:39:07.375  3218  3218 D HwCust  : Create obj success use class com.android.settings.deviceinfo.HwCustStatusImpl
12-17 20:39:07.678   802   802 E Thermal-daemon: [Thermal_Hw] temperature_valid, battery : temperature is invalid, invalid temperatrue is 27
12-17 20:39:08.104  2852  3556 I HwMobileSignalController: mExtDataOld:ExtData [mMasterNetWorkType=3, mSlaveNetWorkType=0, mMasterNetWorkLevel=5, mSlaveNetWorkLevel=-1, mDataState=2, mDataActivity=3, mDataNetType=13] mExtData:ExtData [mMasterNetWorkType=3, mSlaveNetWorkType=0, mMasterNetWorkLevel=5, mSlaveNetWorkLevel=-1, mDataState=2, mDataActivity=0, mDataNetType=13]
12-17 20:39:11.203  1795 20747 D PowerManagerService: ready=true,policy=3,wakefulness=1,wksummary=0x23,uasummary=0x4,bootcompleted=true,boostinprogress=false,waitmodeenable=false,mode=true,manual=33,auto=-1,adj=0.0userId=0
12-17 20:39:13.437  1795  2748 D HwAmbientLuxFilterAlgo: t=124307135,BT=124308135,DT=124311135,BT1=124311135,DT1=124315135,Bn=false,Dn=false,lx=[9.0/124305631, 9.0/124305931, 9.0/124306232, 8.0/124306533, 8.0/124306834, 8.0/124307135],mLx=5.0,s=5.0,ss=0.03149606,AuIntervened=false,mProximityState=false,bLux=15.0,dLux=0.0,bLux1=15.0,dLux1=0.0
12-17 20:39:16.160  1795  1819 I SendBroadcastPermission: action:android.net.conn.DATA_ACTIVITY_CHANGE, mPermissionType:0
12-17 20:39:18.966  1795  1819 I InputDispatcher: frozenCheckLocked mDispatchFrozen=0 mNextUnblockedEvent=0
12-17 20:39:20.411  1795  2734 D WifiProStatisticsManager: checkIfNeedUpload time left(mins):1295
12-17 20:39:24.644  1795  1795 D HuaweiWifiWatchdogStateMachine:  not in link monitoring mode, ignore TCP result .
12-17 20:39:29.249  3218  3218 I SendBroadcastPermission: action:org.codeaurora.VOIP_VOPS_SSAC_STATUS, mPermissionType:0
12-17 20:39:29.344  2852  2852 D NetWorkUtils: is3GCalling is false,mCdmaSlot is -1
12-17 20:39:30.585  2852  2852 I HwSignalClusterView: apply hwPhoneState.mSubId:0 anyMobileVisible:false mIsAirplaneMode:false, mobileGroupVisible=true
12-17 20:39:34.336  2852  3556 D NetworkController.MobileSignalController(0): mSimSubId:0 onDataActivity: direction=4
12-17 20:39:34.359  2852  2914 I SimCardMethod: isCardAbsent slot:0 slotState:5
12-17 20:39:38.979 24266 24266 D VideoPlayerImpl: org.iqiyi.video.player.cv.ag()<-1> : current progress: progress= 1442765
12-17 20:39:45.290  1795  2665 D NetdConnector: RCV <- {613 IfaceClass active 0 446921650702419 10140}
12-17 20:39:45.504  2852  2852 D HwCustMobileSignalControllerImpl: sub =0,strMccMnc =null,hashMccMnc =[],strPlmn =hw_show_4_5G_for_mcc
12-17 20:39:46.657  3218  3218 D QC_RIL_OEM_HOOK: Oem ID in QCRILHOOK UNSOL RESP is QOEMHOOK
12-17 20:39:47.503  2852  3556 D NetworkController.MobileSignalController(0): mSimSubId:0 onDataActivity: direction=0
12-17 20:39:47.516  2852  2852 I HwSignalClusterView: getOrInflateState subId:0
12-17 20:39:47.525  3858  4126 I amsnl   : t:false, fl: false, p: 2147483647000, ce: true, we: false
12-17 20:39:48.183  1795 15982 W ActivityManager: getTasks: caller 10140 does not hold REAL_GET_TASKS; limiting output
12-17 20:39:49.612 24266 25947 W System.err: 	at org.json.JSONObject.<init>(JSONObject.java:156)
12-17 20:39:49.630  2852  2852 D ReporterUtil:  e id:344 type:{pkg:com.qiyi.video}
12-17 20:39:49.687 24266 25947 W System.err: 	at org.qiyi.android.commonphonepad.pushmessage.a.con.a(Unknown Source)
12-17 20:39:49.890  2852  2852 W HwPhoneLayoutInflater: onCreateView : ClassNotFoundException, In this case we want to let the base class take a crack at it
12-17 20:39:49.987  2852  2852 I HwNotificationIconAreaController: showNotificationAll
12-17 20:39:53.564  2852  2852 I HwSignalClusterView: apply hwPhoneState.mSubId:0 anyMobileVisible:false mIsAirplaneMode:false, mobileGroupVisible=true
12-17 20:39:54.558  2852  2852 D HwCustMobileSignalControllerImpl: sub =0,strMccMnc =null,hashMccMnc =[],strPlmn =hw_mcc_mnc
12-17 20:39:54.559  2852  2852 D HwCustMobileSignalControllerImpl: sub =0,strMccMnc =null,hashMccMnc =[],strPlmn =hw_show_lte
12-17 20:39:58.477  3218  3517 I QImsService: ImsSenderRxr : Response data: [12, 13, -1, -1, -1, -1, 16, 3, 24, -37, 1, 32, 0, 13, 100, 0, 0, 0, 21, 10, 0, 0, 0, 29, 100, 0, 0, 0, 37, 0, 0, 0, 0, 45, -1, 0, 0, 0, 53, -1, -1, 0, 0, 61, -1, 0, 0, 0, 69, -1, -1, 0, 0][SUB0]
12-17 20:39:58.530  2852  2852 I HwSignalClusterView: apply hwPhoneState.mSubId:0 anyMobileVisible:false mIsAirplaneMode:false, mobileGroupVisible=true
12-17 20:39:59.851  2852  2914 I HwMobileSignalController: subId:0 phoneType:1 networktype:13 targetClass:3 masterLevel:5 slaveLevel:-1
12-17 20:40:00.008  2852  2852 I HwDateUtils: begin of formatChinaDateRange chinaDate:晚上8:40
12-17 20:40:00.141  2852  2852 D DateTimeView: Change to single clock mode!
12-17 20:40:02.817  1795  1819 D NetworkManagement: notifyInterfaceClassActivity: client is com.android.server.net.NetworkStatsService$6@5d6efc
12-17 20:40:02.820  1795  1819 D NetworkManagement: notifyInterfaceClassActivity: client is com.android.server.connectivity.Vpn$2@e40aefb
12-17 20:40:03.413  1795  1819 D NetworkManagement: notifyInterfaceClassActivity: client is android.net.INetworkManagementEventObserver$Stub$Proxy@c0acf8b
12-17 20:40:04.599  2852  2852 D NetWorkUtils: mVSimCurCardType is -1
12-17 20:40:04.667  1795  5350 I MQoS    : MSG_QUERY_TCP_INFO called,count:91
12-17 20:40:04.829  2852  3556 I NetworkController.MobileSignalController(0): need to force refresh view
12-17 20:40:04.839  2852  2852 D NetWorkUtils: mVSimCurCardType is -1
12-17 20:40:05.608  2852  2852 D HwCustMobileSignalControllerImpl: isCurrentBySim()=false
12-17 20:40:05.700 31949 31967 I TCP     : WatchThread{4786} TcpClientThread.disconnectSocket(TcpClientThread.java:369) disconnecting to uc.huawei.com:7801
12-17 20:40:06.009 24266 24266 D VideoPlayerImpl: org.iqiyi.video.player.cv.ag()<-1> : current progress: progress= 1469712
12-17 20:40:06.611  2852  2852 D HwCustMobileSignalControllerImpl: isCurrentBySim()=false
12-17 20:40:06.616  2852  2852 D NetWorkUtils: mVSimCurCardType is -1
12-17 20:40:08.626  2852  2852 D HwCustMobileSignalControllerImpl: isCurrentBySim()=false
12-17 20:40:08.633  2852  2852 D NetWorkUtils: mVSimCurCardType is -1
12-17 20:40:16.195  1795  2396 W ActivityManager: getTasks: caller 10140 does not hold REAL_GET_TASKS; limiting output
12-17 20:40:17.209 24266 25031 D JOBS    : Thread-95: load factor check. true = (7 < 8)|| (7 * 3 < 0 + 0). consumer thread: true
12-17 20:40:20.845  1795  2748 D HwAmbientLuxFilterAlgo: t=124374542,BT=124375542,DT=124378542,BT1=124378542,DT1=124382542,Bn=false,Dn=false,lx=[8.0/124373037, 9.0/124373338, 8.0/124373639, 9.0/124373940, 9.0/124374241, 9.0/124374542],mLx=5.0,s=5.0,ss=0.01396348,AuIntervened=false,mProximityState=false,bLux=15.0,dLux=0.0,bLux1=15.0,dLux1=0.0
12-17 20:40:26.033 24266 24266 D VideoPlayerImpl: org.iqiyi.video.player.cv.ag()<-1> : current progress: progress= 1489831
12-17 20:40:34.694  1795  2737 I QosMonitor: postEventFromNative: msg=100,arg1=0,arg2=9
12-17 20:40:37.052 24266 24266 D VideoPlayerImpl: org.iqiyi.video.player.cv.ag()<-1> : current progress: progress= 1500845
12-17 20:40:42.102  3858  4126 I amsnl   : m1: false
12-17 20:40:42.785   802   802 E Thermal-daemon: [Thermal_Hw] temperature_valid, battery : temperature is invalid, invalid temperatrue is 27
12-17 20:40:55.041  1795  3111 D PowerManagerService: ready=true,policy=3,wakefulness=1,wksummary=0x23,uasummary=0x4,bootcompleted=true,boostinprogress=false,waitmodeenable=false,mode=true,manual=33,auto=-1,adj=0.0userId=0
12-17 20:40:55.070  2852  2852 I HwMobileSignalController: notifyListenerHuawei::origin typeIcon:2130839195 icons.mName:4G isSuspend:false, showDataIcon=true, dataConnected=true, isRoaming=false
12-17 20:40:55.074  2852  2852 D NetWorkUtils: mVSimCurCardType is -1
12-17 20:40:59.122  1795 11746 W ActivityManager: getRunningAppProcesses: caller 10102 does not hold REAL_GET_TASKS; limiting output
12-17 20:41:00.239  1795  1808 I ActivityManager_broadcast: dispatch ordered broadcast [background] BroadcastRecord{7376edd u0 android.intent.action.LTE_CA_STATE}, has 1 receivers
12-17 20:41:02.125  2852  2852 D HwCustMobileSignalControllerImpl: sub =0,strMccMnc =null,hashMccMnc =[],strPlmn =hw_mcc_mnc
12-17 20:41:02.166  1795  3139 I AlarmManager: remove(PendingIntent{c9e9c95: PendingIntentRecord{59e210c android broadcastIntent}}) changed bounds; rebatching
12-17 20:41:03.117  2852  3556 I NetworkController.MobileSignalController(0): onDataActivity: direction=3
12-17 20:41:03.342  1795 16232 D PowerManagerService: ready=true,policy=3,wakefulness=1,wksummary=0x23,uasummary=0x4,bootcompleted=true,boostinprogress=false,waitmodeenable=false,mode=true,manual=33,auto=-1,adj=0.0userId=0
12-17 20:41:05.726 31949 31967 I TCP     : WatchThread{4786} TcpSocket.close(TcpSocket.java:170) shutdown input: java.net.SocketException: Socket is closed
12-17 20:41:06.151  3626  3626 E PTM.FileNodeInfo: getTempInfo error: null, 0
12-17 20:41:06.151  3626  3626 E PTM.FileNodeInfo: getTempInfo error: null, 0
12-17 20:41:06.152  3626  3626 E PTM.FileNodeInfo: getTempInfo error: null, 0
12-17 20:41:06.173  2852  2852 D NetWorkUtils: is3GCalling is false,mCdmaSlot is -1
12-17 20:41:06.178  3626  3626 E PTM.FileNodeInfo: getTempInfo error: null, 0
12-17 20:41:06.491   633 31867 I SDK     : 
12-17 20:41:08.723  2852  2914 I HwMobileSignalController: updateSignalStrength: signalStrength=SignalStrength: -1 0 -1 255 -1 255 -1 255 255 25 -92 -9 156 2147483647 2147483647 false gw|lte
12-17 20:41:14.094  3858  4126 I amsnl   : t:false, fl: false, p: 2147483647000, ce: true, we: false
12-17 20:41:19.105 24266 24266 D seekbar : org.iqiyi.video.ui.ci.onProgressChanged()<-1> : 当前进度：1542955 缓冲大小:1225317 缓冲进度：2768272
12-17 20:41:42.251  1795  1795 I MQoS    : received cell-signal:5
12-17 20:41:42.253  1795 16499 I SendBroadcastPermission: action:android.intent.action.SIG_STR, mPermissionType:0
12-17 20:41:42.256  2852  2914 I HwMobileSignalController: updateSignalStrength: signalStrength=SignalStrength: -1 0 -1 255 -1 255 -1 255 255 25 -92 -7 130 2147483647 2147483647 false gw|lte
12-17 20:41:42.550  1795  1795 I MQoS    : onSignal: mSubId=1,currDataSubID=0
12-17 20:41:44.494  3858  4126 I amsnl   : t:false, fl: false, p: 2147483647000, ce: true, we: false
12-17 20:41:44.746  1795  1795 I WifiProJNI: ######### CMD_QUERY_PKTS ########
12-17 20:41:45.069 24802 24802 I nativeProcess: iqiyi message: create--runOnSubprocess isProcessExist true
12-17 20:41:45.644  2852  2852 I HwSignalClusterView: getOrInflateState subId:0
12-17 20:41:49.676  2852  2852 D HwCustMobileSignalControllerImpl: isCurrentBySim()=false
12-17 20:41:53.742  2852  2914 I HwMobileSignalController: updateSignalStrength: signalStrength=SignalStrength: -1 0 -1 255 -1 255 -1 255 255 25 -92 -8 192 2147483647 2147483647 false gw|lte
12-17 20:41:53.803  3218  3218 D HwCust  : Create obj success use class com.android.settings.deviceinfo.HwCustStatusImpl
12-17 20:42:00.050  1795  3110 W ActivityManager: getRunningAppProcesses: caller 10105 does not hold REAL_GET_TASKS; limiting output
12-17 20:42:00.057  5224  5283 I Step_LSC: 20002302| ## MSG_DEAL_SYSTEM_EVENT android.intent.action.TIME_TICK
12-17 20:42:03.723  2852  2852 I HwMobileSignalController: notifyListenerHuawei::origin typeIcon:2130839195 icons.mName:4G isSuspend:false, showDataIcon=true, dataConnected=true, isRoaming=false
12-17 20:42:04.730  2852  2852 I HwSignalClusterView: setMobileDataIndicatorsHuawei subId:0 visible:true strengthIcon:2130839311 typeIcon:2130839195 contentDescription:手机信号满格。 typeContentDescription:4G isTypeIconWide:true showActivity:true activityIn:true activityOut:true isRoaming:false
12-17 20:42:07.750  2852  2852 I HwSignalClusterView: apply hwPhoneState.mSubId:0 anyMobileVisible:false mIsAirplaneMode:false, mobileGroupVisible=true
12-17 20:42:11.196 24266 24266 V chaunce : org.iqiyi.video.vote.b.aux.a()<-1> : checkVoteShowTime-->1595037
12-17 20:42:12.736  1795  1795 I MQoS    : received cell-signal:5
12-17 20:42:12.742  1795 11746 D PowerManagerService: ready=true,policy=3,wakefulness=1,wksummary=0x23,uasummary=0x4,bootcompleted=true,boostinprogress=false,waitmodeenable=false,mode=true,manual=33,auto=-1,adj=0.0userId=0
12-17 20:42:12.776  2852  3556 I NetworkController.MobileSignalController(0): need to force refresh view
12-17 20:42:20.055  3218  3218 D QC_RIL_OEM_HOOK: Received Broadcast Intent ACTION_UNSOL_RESPONSE_OEM_HOOK_RAW
12-17 20:42:20.096  2852  2914 I SimCardMethod: isCardAbsent slot:0 slotState:5
12-17 20:42:20.097  2852  2852 D HwCustMobileSignalControllerImpl: sub =0,strMccMnc =null,hashMccMnc =[],strPlmn =hw_customized_networkType_entry
12-17 20:42:20.881  2852  2852 I HwSignalClusterView: getOrInflateState subId:0
12-17 20:42:22.583  3858  4126 I amsnl   : t:false, fl: false, p: 2147483647000, ce: true, we: false
12-17 20:42:23.440  2852  2852 D HwCustMobileSignalControllerImpl: sub =0,strMccMnc =null,hashMccMnc =[],strPlmn =hw_mcc_mnc
12-17 20:42:23.440  2852  2852 D HwCustMobileSignalControllerImpl: isCurrentBySim()=false
12-17 20:42:23.455  2852  2852 I HwSignalClusterView: getOrInflateState subId:0
12-17 20:42:24.756  1795  2737 D WifiProJNI: Received kernel message payload: event 0
12-17 20:42:39.863  3858  4126 I amsnl   : m1: false
12-17 20:42:40.236 24266 24266 V chaunce : org.iqiyi.video.vote.b.aux.a()<-1> : checkVoteShowTime--hideVoteView
12-17 20:42:43.698  3858  4126 I amsnl   : csr
12-17 20:42:49.251 24266 24266 D seekbar : org.iqiyi.video.ui.ci.onProgressChanged()<-1> : 当前进度：1633026 缓冲大小:1135246 缓冲进度：2768272
12-17 20:42:54.634  1795  2748 D HwAmbientLuxFilterAlgo: t=124528331,BT=124529331,DT=124532331,BT1=124532331,DT1=124536331,Bn=false,Dn=false,lx=[9.0/124526827, 9.0/124527128, 9.0/124527428, 9.0/124527729, 9.0/124528030, 9.0/124528331],mLx=5.0,s=5.0,ss=0.013963481,AuIntervened=false,mProximityState=false,bLux=15.0,dLux=0.0,bLux1=15.0,dLux1=0.0
12-17 20:43:00.026  2852  2852 E DateLunarView: mDateString is: 12月17日星期六
12-17 20:43:04.267 24266 24266 V chaunce : org.iqiyi.video.vote.b.aux.a()<-1> : checkVoteShowTime-->1647989
12-17 20:43:06.912  2852  2852 D HwCustMobileSignalControllerImpl: isCurrentBySim()=false
12-17 20:43:07.053  1795  6985 I SendBroadcastPermission: action:android.intent.action.SIG_STR, mPermissionType:0
12-17 20:43:09.273 24266 24266 D VideoPlayerImpl: org.iqiyi.video.player.cv.ag()<-1> : current progress: progress= 1652961
12-17 20:43:10.996  1795 16499 D PowerManagerService: acquire lock=45737345, flags=0x1, tag="RILJ_ACK_WL", name=com.android.phone, ws=null, uid=1001, pid=3218
12-17 20:43:11.007  1795  1806 D PowerManagerService: ready=true,policy=3,wakefulness=1,wksummary=0x23,uasummary=0x4,bootcompleted=true,boostinprogress=false,waitmodeenable=false,mode=true,manual=33,auto=-1,adj=0.0userId=0
12-17 20:43:11.043  2852  2852 I HwSignalClusterView: getOrInflateState subId:0
12-17 20:43:16.242  1795  1819 D NetworkManagement: notifyInterfaceClassActivity: client is com.android.server.connectivity.Vpn$2@e40aefb
12-17 20:43:33.728  3218  3517 I QImsService: ImsSenderRxr : [UNSL]< UNSOL_SSAC_CHANGED org.codeaurora.ims.ImsQmiIF$SsacInfo@11d8136[SUB0]
12-17 20:43:34.367 24266 24266 V chaunce : org.iqiyi.video.vote.b.aux.a()<-1> : checkVoteShowTime-->1678249
12-17 20:43:34.811  1795  5350 I MQoS    : QOS_level:4(4),use RTTLvl:4;RATLvl:5
12-17 20:43:34.830  2852  2852 D HwCustMobileSignalControllerImpl: isCurrentBySim()=false
12-17 20:43:35.213  2852  3556 I NetworkController.MobileSignalController(0): onSignalStrengthsChanged signalStrength=SignalStrength: -1 0 -1 255 -1 255 -1 255 255 25 -91 -8 198 2147483647 2147483647 false gw|lte level=5 isSuspend=false levelOld=5,mSignalStrength level=5
12-17 20:43:35.824  3180  3578 I PacketsControl: not 3G net type. do nothing.
12-17 20:43:35.842  2852  2852 I HwSignalClusterView: getOrInflateState subId:0
12-17 20:43:38.845  2852  2852 D HwCustMobileSignalControllerImpl: isCurrentBySim()=false
12-17 20:43:43.465 24266 24266 V chaunce : org.iqiyi.video.vote.b.aux.a()<-1> : checkVoteShowTime-->1687350
12-17 20:43:46.280  1795 17832 W ActivityManager: getTasks: caller 10140 does not hold REAL_GET_TASKS; limiting output
12-17 20:43:49.868  2852  2914 I SimCardMethod: isCardAbsent slot:0 slotState:5
12-17 20:43:50.875  2852  2852 D HwCustMobileSignalControllerImpl: isCurrentBySim()=false
12-17 20:43:50.877  2852  2852 I HwSignalClusterView: getOrInflateState subId:0
12-17 20:43:51.546 24266 24266 D VideoPlayerImpl: org.iqiyi.video.player.cv.ag()<-1> : current progress: progress= 1695407
12-17 20:43:52.167  2852  2914 I HwMobileSignalController: updateSignalStrength: signalStrength=SignalStrength: -1 0 -1 255 -1 255 -1 255 255 24 -91 -7 146 2147483647 2147483647 false gw|lte
12-17 20:43:56.641  1795 16498 I SendBroadcastPermission: action:android.intent.action.SIG_STR, mPermissionType:0
12-17 20:43:59.630 24266 24266 V chaunce : org.iqiyi.video.vote.b.aux.a()<-1> : checkVoteShowTime--hideVoteView
12-17 20:43:59.660  1795  2376 W AlarmManager: mIsScreenOn is: true, WAKEUP alarm trigger action = ALARM_ACTION(4634) package name is: com.tencent.mm
12-17 20:43:59.716  1795  3121 I ActivityManager_service: retrieveServiceLocked, callerApp: ProcessRecord{2b38b6e 2883:com.huawei.systemmanager:service/1000}, flags: 10000400
12-17 20:43:59.746  1795  3139 I AlarmManager: remove(PendingIntent{6d65bf3: PendingIntentRecord{20cfe62 com.tencent.mm broadcastIntent}}) changed bounds; rebatching
12-17 20:43:59.915  2852  2852 D NetWorkUtils: mVSimCurCardType is -1
12-17 20:44:00.028  2852  2852 I StackScrollAlgorithm: updateDimmedActivatedHideSensitive overlap:true
12-17 20:44:00.063 26395 26395 E HW-JPEG-DEC: [HME_JPEG_DEC_Delete](3298): HME_JPEG_DEC_Delete: decoder_ctx=null
12-17 20:44:00.091 26395 26395 I HwIntelligent3_IntelligentProvider: Provider.call: getPrefString
12-17 20:44:00.092  1795 15987 D PowerManagerService: release:lock=45737345, flg=0x0, tag="RILJ_ACK_WL", name=com.android.phone", ws=null, uid=1001, pid=3218
12-17 20:44:00.275 26395 26414 W PRController: OVERTIME_REMINDER already started!
12-17 20:44:00.344  3858  4126 I amsnl   : csr
12-17 20:44:00.910  2852  3556 I HwMobileSignalController: mExtDataOld:ExtData [mMasterNetWorkType=3, mSlaveNetWorkType=0, mMasterNetWorkLevel=5, mSlaveNetWorkLevel=-1, mDataState=2, mDataActivity=4, mDataNetType=13] mExtData:ExtData [mMasterNetWorkType=3, mSlaveNetWorkType=0, mMasterNetWorkLevel=5, mSlaveNetWorkLevel=-1, mDataState=2, mDataActivity=3, mDataNetType=13]
12-17 20:44:00.928  2852  2852 D HwCustMobileSignalControllerImpl: sub =0,strMccMnc =null,hashMccMnc =[],strPlmn =hw_mcc_mnc
12-17 20:44:01.186  2852  2852 D HwCustMobileSignalControllerImpl: sub =0,strMccMnc =null,hashMccMnc =[],strPlmn =hw_show_4g
12-17 20:44:03.009   802   802 E Thermal-daemon: Report temperature: [charger_ic] temp :27  report_threshold:1
12-17 20:44:11.757 24266 24266 V chaunce : org.iqiyi.video.vote.b.aux.a()<-1> : checkVoteShowTime--hideVoteView
12-17 20:44:17.818 24266 24266 V chaunce : org.iqiyi.video.vote.b.aux.a()<-1> : checkVoteShowTime-->1721660
12-17 20:44:20.094 24802 24802 I nativeProcess: iqiyi message: ==== isProcesssExist: stat=0, errno=13
12-17 20:44:22.685  3858  4126 I amsnl   : c: true, w: false, t: false, l: false
12-17 20:44:28.727  2852  2852 I HwPowerUI: doTemperatueWarning, health:2
12-17 20:44:39.240  1795  3110 W ActivityManager: getRunningAppProcesses: caller 10102 does not hold REAL_GET_TASKS; limiting output
12-17 20:44:39.946  1795  2748 D HwAmbientLuxFilterAlgo: t=124633643,BT=124634643,DT=124637643,BT1=124637643,DT1=124641643,Bn=false,Dn=false,lx=[9.0/124632139, 9.0/124632441, 9.0/124632741, 9.0/124633041, 9.0/124633342, 9.0/124633643],mLx=5.0,s=5.0,ss=0.05944985,AuIntervened=false,mProximityState=false,bLux=15.0,dLux=0.0,bLux1=15.0,dLux1=0.0
12-17 20:44:50.523  2852  2914 I HwMobileSignalController: subId:0 phoneType:1 networktype:13 targetClass:3 masterLevel:5 slaveLevel:-1
12-17 20:44:50.560  2852  2852 D HwCustMobileSignalControllerImpl: sub =0,strMccMnc =null,hashMccMnc =[],strPlmn =hw_show_4_5G_for_mcc
12-17 20:44:51.363  2852  2852 D NetWorkUtils: mVSimCurCardType is -1
12-17 20:44:53.996 24266 24266 V chaunce : org.iqiyi.video.vote.b.aux.a()<-1> : checkVoteShowTime--hideVoteView
12-17 20:44:54.505  2852  2852 D HwCustMobileSignalControllerImpl: isCurrentBySim()=false
12-17 20:44:54.505  2852  2852 D HwCustMobileSignalControllerImpl: isCurrentBySim()=false
12-17 20:44:54.522  2852  3556 I HwNetworkControllerImpl: onReceive: action = android.intent.action.LTE_CA_STATE
12-17 20:45:00.007 24266 24266 D seekbar : org.iqiyi.video.ui.ci.onProgressChanged()<-1> : 当前进度：1763884 缓冲大小:1004388 缓冲进度：2768272
12-17 20:45:02.694  1795  3238 D PowerManagerService: ready=true,policy=3,wakefulness=1,wksummary=0x23,uasummary=0x4,bootcompleted=true,boostinprogress=false,waitmodeenable=false,mode=true,manual=33,auto=-1,adj=0.0userId=0
12-17 20:45:05.289  3858  4126 I amsnl   : t:false, fl: false, p: 2147483647000, ce: true, we: false
12-17 20:45:05.898  3218  3218 I SendBroadcastPermission: action:org.codeaurora.VOIP_VOPS_SSAC_STATUS, mPermissionType:0
12-17 20:45:05.981  2852  3556 I NetworkController.MobileSignalController(0): onDataActivity: direction=4
12-17 20:45:06.012 24266 24266 V chaunce : org.iqiyi.video.vote.b.aux.a()<-1> : checkVoteShowTime--hideVoteView
12-17 20:45:07.006  2852  2852 I HwSignalClusterView: getOrInflateState subId:0
12-17 20:45:07.995  2852  3556 I NetworkController.MobileSignalController(0): onDataActivity: direction=0
12-17 20:45:08.011  2852  2852 I HwSignalClusterView: getOrInflateState subId:0
12-17 20:45:08.016 24266 24266 V chaunce : org.iqiyi.video.vote.b.aux.a()<-1> : checkVoteShowTime-->1771730
12-17 20:45:08.256   633   692 I eSpaceService: Watch Thread{4481} LoginC.doWatch(LoginC.java:1459) Login_By_Step-> watch count =  0
12-17 20:45:09.312  1795  6985 W ActivityManager: getTasks: caller 10140 does not hold REAL_GET_TASKS; limiting output
12-17 20:45:16.236  1795  1819 D NetworkManagement: notifyInterfaceClassActivity: client is com.android.server.net.NetworkStatsService$6@5d6efc
12-17 20:45:24.168  3858  4126 I amsnl   : m1: false
12-17 20:45:24.903  1795  1795 I WifiProJNI: ######### CMD_QUERY_PKTS ########
12-17 20:45:24.904  1795  2737 W WifiProJNI: poll before: g_monitor_fd =310
12-17 20:45:38.107   802   802 E Thermal-daemon: [Thermal_Hw] temperature_valid, battery : temperature is invalid, invalid temperatrue is 26
12-17 20:45:43.113   802   802 E Thermal-daemon: [Thermal_Hw] temperature_valid, battery : temperature is invalid, invalid temperatrue is 26
12-17 20:45:49.585   633 26591 I SDK     : 
12-17 20:45:49.599   633 26591 I SDK     : <2016-12-17 20:45:49> [NOTICE] SDK: UE-SeC 2016-12-17 20:45:49:599 Level[NOTICE] magic[2488264992 2487]:FSM_OpenFile => [END]
12-17 20:45:49.607   633 26591 I SDK     : 
12-17 20:45:49.612   633 26591 I SDK     : <2016-12-17 20:45:49> [NOTICE] SDK: UE-SeC 2016-12-17 20:45:49:612 Level[NOTICE] magic[2488264992 6458]:FSM_Tool_TreatFolderEncEx => [START]: pcFileName [anyofficeuserorgcode] 
12-17 20:45:54.960  2852  3556 I NetworkController.MobileSignalController(0): onSignalStrengthsChanged signalStrength=SignalStrength: -1 0 -1 255 -1 255 -1 255 255 24 -94 -8 146 2147483647 2147483647 false gw|lte level=5 isSuspend=false levelOld=5,mSignalStrength level=5
12-17 20:45:55.159  1795  6986 D PowerManagerService: ready=true,policy=3,wakefulness=1,wksummary=0x23,uasummary=0x4,bootcompleted=true,boostinprogress=false,waitmodeenable=false,mode=true,manual=33,auto=-1,adj=0.0userId=0
12-17 20:46:00.033  2852  2852 E DateLunarView: mDateString is: 12月17日星期六
12-17 20:46:02.921  2852  2852 I HwSignalClusterView: apply hwPhoneState.mSubId:0 anyMobileVisible:false mIsAirplaneMode:false, mobileGroupVisible=true
12-17 20:46:04.088 24266 24266 D VideoPlayerImpl: org.iqiyi.video.player.cv.ag()<-1> : current progress: progress= 1827960
12-17 20:46:04.945  1795  2737 D WifiProJNI: Received kernel message payload: event 0
12-17 20:46:05.927  2852  2852 D HwCustMobileSignalControllerImpl: isCurrentBySim()=false
12-17 20:46:05.990   633 31867 I SDK     : <2016-12-17 20:46:05> [NOTICE] SDK: UE-SeC 2016-12-17 20:46:5:990 Level[NOTICE] magic[3368294688 247]:Send udp detect packet ok when login,id:[4];count:[0]!
12-17 20:46:07.942  2852  2852 D HwCustMobileSignalControllerImpl: sub =0,strMccMnc =null,hashMccMnc =[],strPlmn =hw_hspap_show_4g
12-17 20:46:12.001  3858  4126 I amsnl   : c: true, w: false, t: false, l: false
12-17 20:46:12.013  2852  3556 D NetworkController.MobileSignalController(0): mSimSubId:0 onDataActivity: direction=4
12-17 20:46:12.018  2852  2852 D HwCustMobileSignalControllerImpl: isCurrentBySim()=false
12-17 20:46:12.056  3218  3218 D HwCust  : Create obj success use class com.android.settings.deviceinfo.HwCustStatusImpl
12-17 20:46:12.057  3218  3536 E SharedPreferencesImpl: Couldn't create directory for SharedPreferences file /data/user_de/0/com.android.settings/shared_prefs/caStatePreferences.xml
12-17 20:46:14.107 24266 24266 D seekbar : org.iqiyi.video.ui.ci.onProgressChanged()<-1> : 当前进度：1837909 缓冲大小:930363 缓冲进度：2768272
12-17 20:46:16.837  1795  2748 D lux trace:: [9.0/124721631, 10.0/124721985, 9.0/124723764, 10.0/124730518]
12-17 20:46:21.282  1795  2778 I SendBroadcastPermission: action:android.intent.action.SIG_STR, mPermissionType:0
12-17 20:46:27.694  2852  3556 I NetworkController.MobileSignalController(0): onSignalStrengthsChanged signalStrength=SignalStrength: -1 0 -1 255 -1 255 -1 255 255 26 -93 -12 106 2147483647 2147483647 false gw|lte level=5 isSuspend=false levelOld=5,mSignalStrength level=5
12-17 20:46:27.695  2852  2914 I HwMobileSignalController: updateSignalStrength: signalStrength=SignalStrength: -1 0 -1 255 -1 255 -1 255 255 26 -93 -12 106 2147483647 2147483647 false gw|lte
12-17 20:46:30.127 24266 24266 I qiyippsplay: org.iqiyi.video.ui.bf.h()<-1> : 当前时间1853879
12-17 20:46:31.123 24266 24266 D VideoPlayerImpl: org.iqiyi.video.player.cv.ag()<-1> : current progress: progress= 1854919
12-17 20:46:34.102  3858  4126 I amsnl   : t:false, fl: false, p: 2147483647000, ce: true, we: false
12-17 20:46:34.971  1795  2737 I QosMonitor: postEventFromNative: msg=100,arg1=0,arg2=9
12-17 20:46:44.337  2852  2852 D HwCustMobileSignalControllerImpl: sub =0,strMccMnc =null,hashMccMnc =[],strPlmn =hw_show_lte
12-17 20:46:49.151 24266 24266 I qiyippsplay: org.iqiyi.video.ui.bf.h()<-1> : 当前时间1872937
12-17 20:46:49.376  2852  2852 I HwSignalClusterView: getOrInflateState subId:0
12-17 20:46:53.499  3858  4126 I amsnl   : csr
12-17 20:46:53.521  2852  2852 D HwCustMobileSignalControllerImpl: isCurrentBySim()=false
12-17 20:46:55.156 24266 24266 D seekbar : org.iqiyi.video.ui.ci.onProgressChanged()<-1> : 当前进度：1878940 缓冲大小:889332 缓冲进度：2768272
12-17 20:46:55.848  3858  4126 I amsnl   : m1: false
12-17 20:47:00.003  1795  1808 I ActivityManager_broadcast: dispatch ordered broadcast [foreground] BroadcastRecord{b3b61a u-1 android.intent.action.TIME_TICK}, has 11 receivers
12-17 20:47:00.131  2852  2852 D DateTimeView: Change to single clock mode!
12-17 20:47:02.802  3858  4126 I amsnl   : csr
12-17 20:47:06.149  1795  1819 I SendBroadcastPermission: action:android.net.conn.DATA_ACTIVITY_CHANGE, mPermissionType:0
12-17 20:47:06.321  2852  2852 D HwCustMobileSignalControllerImpl: sub =0,strMccMnc =null,hashMccMnc =[],strPlmn =hw_show_lte
12-17 20:47:07.099  2852  2852 I NotificationGroupManager: onEntryAdded:0|com.huawei.health|10010|null|10099, group=0|com.huawei.health|10010|null|10099
12-17 20:47:10.114 24802 24802 I nativeProcess: iqiyi message: ==== do something  executeCmd isProcessExist true =====
12-17 20:47:13.213   802   802 E Thermal-daemon: [Thermal_Hw] temperature_valid, battery : temperature is invalid, invalid temperatrue is 26
12-17 20:47:19.648  1795  3225 D PowerManagerService: ready=true,policy=3,wakefulness=1,wksummary=0x23,uasummary=0x4,bootcompleted=true,boostinprogress=false,waitmodeenable=false,mode=true,manual=33,auto=-1,adj=0.0userId=0
12-17 20:47:19.682  2852  2852 D NetWorkUtils: mVSimCurCardType is -1
12-17 20:47:22.186 24266 24266 V chaunce : org.iqiyi.video.vote.b.aux.a()<-1> : checkVoteShowTime--hideVoteView
12-17 20:47:26.335  2852  3556 I NetworkController.MobileSignalController(0): onSignalStrengthsChanged signalStrength=SignalStrength: -1 0 -1 255 -1 255 -1 255 255 20 -99 -9 130 2147483647 2147483647 false gw|lte level=4 isSuspend=false levelOld=4,mSignalStrength level=4
12-17 20:47:27.193 24266 24266 D VideoPlayerImpl: org.iqiyi.video.player.cv.ag()<-1> : current progress: progress= 1910887
12-17 20:47:28.196 24266 24266 V chaunce : org.iqiyi.video.vote.b.aux.a()<-1> : checkVoteShowTime--hideVoteView
12-17 20:47:30.118 24802 24802 I nativeProcess: iqiyi message: create--runOnSubprocess isProcessExist true
12-17 20:47:32.222 24266 24266 I qiyippsplay: org.iqiyi.video.ui.bf.h()<-1> : 当前时间1916087
12-17 20:47:38.346  3858  4126 I amsnl   : m1: false
12-17 20:47:39.324  1795  2396 W ActivityManager: getRunningAppProcesses: caller 10102 does not hold REAL_GET_TASKS; limiting output
12-17 20:47:40.660  1795 20747 I SendBroadcastPermission: action:android.intent.action.SIG_STR, mPermissionType:0
12-17 20:47:40.660  2852  2914 I HwMobileSignalController: updateSignalStrength: signalStrength=SignalStrength: -1 0 -1 255 -1 255 -1 255 255 21 -102 -11 30 2147483647 2147483647 false gw|lte
12-17 20:47:48.340  3858  4126 I amsnl   : c: true, w: false, t: false, l: false
12-17 20:47:49.907  2852  2852 D HwCustMobileSignalControllerImpl: sub =0,strMccMnc =null,hashMccMnc =[],strPlmn =hw_show_lte
12-17 20:47:51.254  3626  3626 E PTM.FileNodeInfo: getTempInfo error: null, 0
12-17 20:47:57.249 24266 24266 V chaunce : org.iqiyi.video.vote.b.aux.a()<-1> : checkVoteShowTime-->1940967
12-17 20:48:04.256 24266 24266 D VideoPlayerImpl: org.iqiyi.video.player.cv.ag()<-1> : current progress: progress= 1948029
12-17 20:48:06.063  2852  2852 I HwSignalClusterView: apply hwPhoneState.mSubId:0 anyMobileVisible:false mIsAirplaneMode:false, mobileGroupVisible=true
12-17 20:48:15.221  3858  4126 I amsnl   : m1: false
12-17 20:48:25.070  1795  2737 W WifiProJNI: poll before: g_monitor_fd =310
12-17 20:48:29.827  1795  1819 D NetworkManagement: notifyInterfaceClassActivity: client is android.net.ip.IpManager$2@4c99c84
12-17 20:48:29.830  1795  1819 D NetworkManagement: notifyInterfaceClassActivity: client is com.android.server.connectivity.Vpn$2@e40aefb
12-17 20:48:30.014  2852  2852 I HwSignalClusterView: apply hwPhoneState.mSubId:0 anyMobileVisible:false mIsAirplaneMode:false, mobileGroupVisible=true
12-17 20:48:31.019  2852  2852 D NetWorkUtils: is3GCalling is false,mCdmaSlot is -1
12-17 20:48:32.301  2852  3556 I NetworkController.MobileSignalController(0): onSignalStrengthsChanged signalStrength=SignalStrength: -1 0 -1 255 -1 255 -1 255 255 19 -102 -8 94 2147483647 2147483647 false gw|lte level=4 isSuspend=false levelOld=4,mSignalStrength level=4
12-17 20:48:38.482  2852  3556 I NetworkController.MobileSignalController(0): onSignalStrengthsChanged signalStrength=SignalStrength: -1 0 -1 255 -1 255 -1 255 255 20 -102 -8 96 2147483647 2147483647 false gw|lte level=4 isSuspend=false levelOld=4,mSignalStrength level=4
12-17 20:48:39.116  2852  2852 D NetWorkUtils: is3GCalling is false,mCdmaSlot is -1
12-17 20:48:51.321 24266 24266 D seekbar : org.iqiyi.video.ui.ci.onProgressChanged()<-1> : 当前进度：1995097 缓冲大小:773175 缓冲进度：2768272
12-17 20:48:56.329 24266 24266 I qiyippsplay: org.iqiyi.video.ui.bf.h()<-1> : 当前时间2000076
