12-17 19:31:36.264  1795  1825 I WindowManger_keyguard: onScreenTurnedOn()
12-17 19:31:36.301  2852  2852 D HwCust  : Create obj success use class android.app.HwCustNotificationImpl
12-17 19:31:36.446  1795  1795 D WindowManager: ACTIVITY check resid: android, size=8
12-17 19:31:36.782  2852  2852 I StackScrollAlgorithm: updateClipping isOverlap:false
12-17 19:31:36.800   835  2385 E libteec : qsc_decode end
12-17 19:31:36.804  1795  2326 V FingerprintService: startAuthentication(com.android.systemui)
12-17 19:31:36.841  2852  2852 W HwPhoneLayoutInflater: onCreateView : ClassNotFoundException, In this case we want to let the base class take a crack at it
12-17 19:31:36.841  1046 26554 I Huawei_audio_cust: huawei_common_set_parameters: exit with code(0)
12-17 19:31:36.858  1795  3238 D PowerManagerService: acquire lock=184063844, flags=0x1, tag="NetworkStats", name=android, ws=null, uid=1000, pid=1795
12-17 19:31:36.872  2852  2852 W HwPhoneLayoutInflater: onCreateView : ClassNotFoundException, In this case we want to let the base class take a crack at it
12-17 19:31:37.001  3180  3578 I ThermalStateManager: handle action thermal policy:301
12-17 19:31:37.843  2852  2852 I StackScrollAlgorithm: updateDimmedActivatedHideSensitive overlap:true
12-17 19:31:38.247  1795  1795 D HuaweiWifiWatchdogStateMachine: speed: rxpkt:5, rxSpd:477B/s, txpkt:6, txSpd:213
12-17 19:31:38.266  2852  2852 W StatusBarWindowManager: Apply window Height 72
12-17 19:31:38.408  1795  2748 D HwAmbientLuxFilterAlgo: earliestValidTime + POWER_ON_BRIGHTENING_LIGHT_DEBOUNCE
12-17 19:31:39.266  2852  2852 I NetworkController.WifiSignalController: Change in state from: connected=true,enabled=true,level=4,inetCondition=1,iconGroup=IconGroup(Wi-Fi Icons),activityIn=false,activityOut=false,rssi=-48,lastModified=12-17 07:31:38,isChaged:false,wifiNoInternet=false,ssid="Huawei-Employee"
12-17 19:31:40.209  1795  1795 I ActivityManager_broadcast: Enqueueing ordered broadcast[foreground] BroadcastRecord{dc0cdb u-1 android.intent.action.SCREEN_OFF}: prev had 0
12-17 19:31:40.308   835  2385 I fpc_tac : fpc_tac_send_get_indices_cmd indices:0x7f9860c000, index_count:1
12-17 19:31:40.317   835  2385 E libteec : receive data len = 128
12-17 19:31:40.427  3608  3608 D InCall  : InCallPresenter - notifyInCallScreenIsForeground: false
12-17 19:31:40.842  1795  2739 D HuaweiWifiWatchdogStateMachine: dumpTcpResult: len=9,rtt=250,rttPkt=6,rttWn=57,cgt=0,cgtWn=0
12-17 19:31:40.969  1795  1825 I PowerManager_screenOn: PowerManagerServiceonProximityNegative -> updatePowerStateLocked
12-17 19:31:40.972  2852  2866 W AppHandler: sendMessage 14
12-17 19:31:40.980   835  2385 I fpc_fingerprint_hal: timeForContinueCapture id:657
12-17 19:31:41.120  1795  1795 I NotificationManager: updateLightsLocked,turn off notificationLight
12-17 19:31:41.409  1795  1821 I WindowManger_keyguard: Setting mDismissKeyguard true by win Window{e6a6b5e u0 com.android.incallui/com.android.incallui.InCallActivity}
12-17 19:31:41.480  3626  3626 I iMonitor: create: 903001010
12-17 19:31:41.837  2852  2852 D HwCust  : Create obj success use class android.app.HwCustNotificationImpl
12-17 19:31:42.171  1795  3249 D PowerManagerService: ready=false,policy=3,wakefulness=1,wksummary=0x10,uasummary=0x1,bootcompleted=true,boostinprogress=false,waitmodeenable=false,mode=true,manual=33,auto=-1,adj=0.0userId=0
12-17 19:31:42.182  3608  3608 D HwCust  : Create obj success use class com.android.incallui.HwCustAnswerPresenterImpl
12-17 19:31:42.187  1795  1795 I NotificationManager: cancelNotification,cancelNotificationLocked,callingUid = 1001,callingPid = 3608
12-17 19:31:42.215  1795  2671 D PowerManagerService: acquire lock=244575063, flags=0x1, tag="WifiSuspend", name=android, ws=null, uid=1000, pid=1795
12-17 19:31:42.224  1795  1795 D HwConnectivityService: CtrlSocket getMobileDataEnabled = false
12-17 19:31:42.232  1046  1046 I Huawei_audio_cust: get_spk_pa_type: pa is max98925
12-17 19:31:42.250  5215  5215 D wpa_supplicant: CTRL-DEBUG: global_ctrl_sock-sendto: sock=16 sndbuf=229376 outq=0 send_len=3
12-17 19:31:42.263  2883  2883 I HwSystemManager: AutoCleanReceiveServer:checkToStartCleanService,phone is use state,phone is use,need not start clean service
12-17 19:31:42.308  2852  2852 I PhoneStatusBar: setSystemUiVisibility vis=c0000600 mask=ffffffff oldVal=c0000300 newVal=c0000600 diff=500
12-17 19:31:43.060  1795  1806 I qti_sensors_hal: batch:load_acc_oeminf_data x_offset:0.160831 y_offset:0.184366 z_offset:0.985027
12-17 19:31:43.201  1795  1804 I art     : Background partial concurrent mark sweep GC freed 61692(4MB) AllocSpace objects, 30(632KB) LOS objects, 13% free, 51MB/59MB, paused 2.861ms total 188.596ms
12-17 19:31:43.303  1795  2671 D WifiStateMachine:  DriverStartedState CMD_SET_SUSPEND_OPT_ENABLED  rt=123016475/442839667 1 0
12-17 19:31:43.304  5215  5215 D wpa_supplicant: wlan0: Control interface command 'DRIVER SETSUSPENDMODE 1'
12-17 19:31:43.341  1795 16498 D PowerManagerService: Acquiring suspend blocker "PowerManagerService.WakeLocks".
12-17 19:31:43.350  2883  2883 I HwSystemManager: AutoCleanReceiveServer:receive action:android.intent.action.SCREEN_OFF
12-17 19:31:44.630  1795  1825 D HwPowerManagerService: setColorTemperatureAccordingToSetting new.
12-17 19:31:44.680   606  2379 E libteec : send data return = 128
12-17 19:31:44.767  2852  2852 D KeyguardViewMediator: handleNotifyScreenTurnedOn End with : 135
12-17 19:31:44.784  1795  3253 D ActivityManager: setExcludeFromRecents:pkgName=null
12-17 19:31:45.149  1795  1809 I qti_sensors_hal: 0x55, 0x0, 0x0, 0x0
12-17 19:31:45.164  1795  1795 I qti_sensors_hal: 0x55, 0x0, 0x0, 0x0
12-17 19:31:45.166  2852  2852 D KeyguardViewMediator: handleNotifyWakingUp
12-17 19:31:45.223  1795  3237 W FingerprintService: onError 1
12-17 19:31:45.233   835  2385 E libteec : begin
12-17 19:31:45.245  2852  2852 W KeyguardUpdateMonitor: onAuthenticationAcquired Fingerprint should stoped.2
12-17 19:31:45.430  1046  1467 V audio_hw_primary: adev_set_parameters: exit with code(0)
12-17 19:31:45.552  1795  2748 D HwAmbientLuxFilterAlgo: earliestValidTime + POWER_ON_BRIGHTENING_LIGHT_DEBOUNCE
12-17 19:31:45.663  2883  2996 I HwSystemManager: NormalTrafficAnalysis:alert byte = 0 last alert byte = 0
12-17 19:31:45.719  2852  2852 I NotificationGroupManager: onEntryUpdated:0|com.huawei.health|10010|null|10099
12-17 19:31:45.795  5215  5215 D wpa_supplicant: wlan0: nl80211: Scan trigger
12-17 19:31:45.821  2852  2852 I HwBrightnessController: onChange selfChange:false uri.toString():content://settings/system/screen_auto_brightness mIsObserveAutoBrightnessChange:true
12-17 19:31:45.897  2852  2852 W HwPhoneLayoutInflater: onCreateView : ClassNotFoundException, In this case we want to let the base class take a crack at it
12-17 19:31:46.097  1795  2668 E HwWifiP2pService: Unhandled message when=123019268 what=143467 arg1=0 arg2=0
12-17 19:31:46.107   835  2385 E libteec : begin
12-17 19:31:46.111  1795  1795 D HwConnectivityService: is charging: false
12-17 19:31:46.113  1795  2671 D WifiStateMachine:  ConnectedState CMD_SET_SUSPEND_OPT_ENABLED  rt=123019285/442842477 1 0
12-17 19:31:46.114  5215  5215 D wpa_supplicant: wlan0: Control interface command 'DRIVER SETSUSPENDMODE 1'
12-17 19:31:46.121   606  2379 E libteec : qsc_send_cmd finish
12-17 19:31:46.155  2883  2883 I HwSystemManager: AutoCleanReceiveServer:checkToStartCleanService,phone is use state,phone is use,need not start clean service
12-17 19:31:46.160  1795  3077 I GnssLocationProvider: updateLowPowerMode,isPowerSaveMode:falseisInteractive:false
12-17 19:31:46.166  3168  3168 I CHR_TelphonyStatusService: duration: 505165 STATUS_REPORT_TIMESPAN: 86400000 / (1000 * 60 * 60 * 24) day STATUS_REPORT_TIMESPAN_FOR_BETA: 21600000 / (1000 * 60 * 60 * 24) day
12-17 19:31:46.212  5215  5215 D wpa_supplicant: Beacon IEs - hexdump(len=193): 00 0e 77 6c 61 6e 61 63 63 65 73 73 76 32 2e 30 01 08 82 84 0b 16 0c 12 18 24 03 01 0d 05 04 00 ...
12-17 19:31:46.213  5215  5215 D wpa_supplicant: random pool - hexdump(len=128): [REMOVED]
12-17 19:31:46.216  2883  2996 I HwSystemManager: TafficState:default sub id = 0slotIndex = 0 subscriptionId = 0
12-17 19:31:46.233  5215  5215 E wpa_supplicant: bssid=ac:85:3d:be:20:21;freq=2412;level=-90;flags=11;ssid=Huawei-Employee;
12-17 19:31:46.249  2883  2996 I HwSystemManager: ITrafficInfo:ITrafficInfo create 301updateBytes = 1769320345
12-17 19:31:46.442  1795  2332 I qti_sensors_hal: [ACC]processReportInd: X: 6.609677 Y: 6.954871 Z: 3.152956  x_offset:0.160831 y_offset:0.184366 z_offset:0.985027
12-17 19:31:47.569  1795  2728 D HwArpVerifier: mAccessWebStatus : rx = 0, tx = 0
12-17 19:31:50.445  2852  2852 D KeyguardViewMediator: handleNotifyScreenTurnedOff
12-17 19:31:50.472   835  2385 D fpc_fingerprint_hal: workerFunction STATE_CANCEL
12-17 19:31:50.592  1046 26554 D audio_hw_spkr_prot: audio_extn_fbsp_set_parameters: Speaker protection disabled
12-17 19:31:50.616  1795  1795 I NotificationManager: cancelNotification,index:0
12-17 19:31:50.901  1795  1825 D DisplayPowerController: handleProximitySensorEvent positive:true
12-17 19:31:50.934  3608  3608 D InCall  : InCallActivity - mScreenOnReceiver mCallEndOptionsDialog = null
12-17 19:31:51.071   606  2379 E libteec : QSEECom_send_cmd return!
12-17 19:31:51.156  3218  3439 D PhoneInterfaceManager: [PhoneIntfMgr] getDataEnabled: subId=0 retVal=false
12-17 19:31:51.239  1795  1809 I HwPhoneWindowManager: OverscanTimeout run
12-17 19:31:51.403  1046  1046 V msm8916_platform: platform_set_parameters: exit with code(0)
12-17 19:31:51.527  1795  1795 V NotificationService: disableEffects=null canInterrupt=false once update: false
12-17 19:31:51.533  2852  2852 D HwCust  : Create obj success use class android.app.HwCustNotificationImpl
12-17 19:31:51.808  1795  1825 I PowerManager_screenOn: DisplayPowerController updatePowerState mPendingRequestLocked=policy=OFF, useProximitySensor=true, useProximitySensorbyPhone=true, screenBrightness=33, screenAutoBrightnessAdjustment=0.0, brightnessSetByUser=true, useAutoBrightness=true, blockScreenOn=false, lowPowerMode=false, boostScreenBrightness=false, dozeScreenBrightness=-1, dozeScreenState=UNKNOWN, useTwilight=false, useSmartBacklight=true, brightnessWaitMode=false, brightnessWaitRet=true, screenAutoBrightness=-1, userId=0
12-17 19:31:52.109  1795  2668 D WifiP2pService: DefaultState{ when=0 what=143467 target=com.android.internal.util.StateMachine$SmHandler }
12-17 19:31:52.113  1795  2671 D WifiStateMachine:  L2ConnectedState !CMD_SCREEN_STATE_CHANGED  rt=123025285/442848477 0 0
12-17 19:31:52.156  1795  2665 D NetdConnector: RCV <- {200 11605 Tethering stats list completed}
12-17 19:31:52.212  3180  3578 I ash     : Default InputMethod : com.baidu.input_huawei
12-17 19:31:55.354  1795  1825 D HwPowerManagerService: setColorTemperature:128
12-17 19:31:55.371   835  2385 I fpc_fingerprint_hal: do_identify operation CANCELED
12-17 19:31:55.373  1795  2668 D WifiP2pService: InactiveState143466
12-17 19:31:55.530  1795  1795 D HwPFWLogger: PFW.HwPFWService:mBroadcastReceiver action = android.intent.action.SCREEN_ON
12-17 19:31:55.551  5215  5215 D wpa_supplicant: nl80211: Event message available
12-17 19:31:55.798  1795  2671 E WifiConnectivityManager: isWifiScanSpecialChannels is false,mWifiState : 1
12-17 19:31:55.839  1795  1809 I WindowManager: Finished screen turning on...
12-17 19:31:55.844  2852  2852 I ToggleSlider:  mSeekListener onProgressChanged progress:1669 fromUser:false
12-17 19:31:56.316  1795  2332 I qti_sensors_hal: [ACC]processReportInd: X: 4.310056 Y: 8.583487 Z: 0.725303  x_offset:0.160831 y_offset:0.184366 z_offset:0.985027
12-17 19:31:56.457  1795 11747 I qti_sensors_hal: 0xcd, 0xb0, 0x24, 0x3e
12-17 19:31:56.485  1795 11747 I Security_fingerprint: FingerprintService getEnrolledFingerprints
12-17 19:31:56.540  1795  3110 D PowerManagerService: Acquiring suspend blocker "PowerManagerService.WakeLocks".
12-17 19:31:56.551  1795  3110 I SendBroadcastPermission: action:com.android.server.action.NETWORK_STATS_UPDATED, mPermissionType:0
12-17 19:31:56.653  1795  3957 E IzatSvc_OSObserver: I/LocTech-Label :: OSOBSERVER :: Data Items In
12-17 19:31:56.699   818  1152 I logserver: handle_exception_events enter
12-17 19:31:56.712  2852  2852 W DisabledFeatureUtils: Dis-Feature : 0
12-17 19:31:56.802  2852  2852 I PhoneStatusBar: notifyUiVisibilityChanged:vis=0xc0000600, SystemUiVisibility=0xc0000600
12-17 19:31:56.813   612   612 I SDM     : DisplayBase::SetDisplayState: Set state = 1, display 0
12-17 19:31:57.162  2852  2852 D BarTransitions.HwPhoneStatusBarView: MODE_TRANSLUCENT -> MODE_OPAQUE animate=false
12-17 19:31:57.163  2852  2852 I PhoneStatusBar: notifyUiVisibilityChanged:vis=0x80000300, SystemUiVisibility=0x80000300
12-17 19:31:57.239  2852  2852 I NotificationGroupManager: summary = null
12-17 19:31:57.253  1795  2671 I AlarmManager: set(null) : type=2 triggerAtTime=442862162 win=0 tElapsed=442862162 maxElapsed=442862162 interval=0 flags=0x9
12-17 19:31:57.261  1795  1795 I Sensor  : turn off notificationLight due to incall or screenon
12-17 19:31:57.267  1795  1795 D PowerManagerService: Acquiring suspend blocker "PowerManagerService.WakeLocks".
12-17 19:31:57.344  2852  3556 I NetworkController.MobileSignalController(0): onDataActivity: direction=0
12-17 19:31:57.549  1795  3249 I qti_sensors_hal: batch:load_acc_oeminf_data x_offset:0.160831 y_offset:0.184366 z_offset:0.985027
12-17 19:31:57.595  1795  3975 E LocSvc_libulp: I/int ulp_msg_process_system_update(const UlpSystemEvent): systemEvent:0 
12-17 19:31:57.686 31949 31967 I eSpaceService: WatchThread{4786} TcpCirChannel.shutdown(TcpCirChannel.java:257) Login_By_Step-> shut down now connect
12-17 19:31:57.738  1795  1795 D Sensors : batch called handle:2 sample_ns:20000000 latency_ns:0
12-17 19:31:57.757   835   835 E libteec : begin
12-17 19:31:57.757   835   835 E libteec : qsc_decode end
12-17 19:31:57.758   835   835 I fingerprintd: FingerprintDaemonProxyEx::onTransact, code:1
12-17 19:31:57.769  2852  2822 D KeyguardService: KGSvcCall onScreenTurnedOff.
12-17 19:31:57.783   606  2379 E libteec : qsc_send_cmd finish
12-17 19:31:57.791  1795  1795 D HwConnectivityService: CtrlSocket getMobileDataEnabled = false
12-17 19:31:57.866  3608  3608 D InCall  : InCallActivity - onStart()...
12-17 19:31:57.869  1795  1795 I Sensor  : updateLight --> mIsNotificationExisting: false ledOnMS: 0 ledOffMS :0
12-17 19:31:57.879  2852  2852 I BackgrounCallingLayout: simCount:2 phoneState:2
12-17 19:31:57.880  2852  2852 I HwPhoneStatusBar: mNotifyStateChangedReceiver::onReceive:action=InCallScreenIsForegroundActivity, mBackgroundState=true
12-17 19:31:57.889  1795  1795 I NotificationManager: cancelNotificationLocked,remove =com.android.incallui
12-17 19:31:57.900  1795  2377 I IO.IOStatsService: saveIOStatsAndLatestUids,the time interval is too shorter than the last screen off
12-17 19:31:58.338  5215  5215 D wpa_supplicant: wpa_driver_nl80211_driver_cmd SETSUSPENDMODE 0 len = 0, 4096
12-17 19:31:58.338  5215  5215 D wpa_supplicant: CTRL-DEBUG: global_ctrl_sock-sendto: sock=16 sndbuf=229376 outq=0 send_len=3
12-17 19:31:58.396  1795  1825 D HwNormalizedAutomaticBrightnessController: need to update brightness: mAmbientLux=15.0
12-17 19:31:58.413  1795  2332 I qti_sensors_hal: [ACC]processReportInd: X: 4.460355 Y: 6.854681 Z: 4.562229  x_offset:0.160831 y_offset:0.184366 z_offset:0.985027
12-17 19:32:00.022  2852  2852 I HwDateUtils: formatChinaDateTime, change to China normalTime:晚上7:32
12-17 19:32:01.204  1795  1825 D HwAmbientLuxFilterAlgo: clear buffer data and algo flags
12-17 19:32:01.244  2852  2852 W HwPhoneLayoutInflater: onCreateView : ClassNotFoundException, In this case we want to let the base class take a crack at it
12-17 19:32:01.483   606  2379 E libteec : QSEECom_send_cmd return!
12-17 19:32:01.516   606  2379 E libteec : send data return = 128
12-17 19:32:01.627  3626  3626 I iMonitor: create: 903001010
12-17 19:32:06.179  3608  3608 I SendBroadcastPermission: action:InCallScreenIsForegroundActivity, mPermissionType:0
12-17 19:32:06.283  3180  3578 D HwMultiWindowEx: isInMultiWindowMode ret: 0
12-17 19:32:06.363  1795  1825 V KeyguardServiceDelegate: onScreenTurnedOn()
12-17 19:32:06.419  5215  5215 D wpa_supplicant: ac:85:3d:be:20:21 freq=2412 qual=0 noise=-89~ level=-89 snr=0 flags=0xb age=0 est=6500
12-17 19:32:06.424  5215  5215 D wpa_supplicant: random pool - hexdump(len=128): [REMOVED]
12-17 19:32:06.453  1795  2736 E hwintelligencewifi:  DefaultState message.what = 7
12-17 19:32:07.540  1795  1825 D AutomaticBrightnessController: ambient lux=12.0,timeStamp =442863902880000
12-17 19:32:08.064  1795  1825 D DisplayPowerController: Finished business...
12-17 19:32:08.149   835   835 I fingerprintd: fingerprintd
12-17 19:32:08.187   606  2379 E libteec : qsc_send_cmd finish
12-17 19:32:08.192   835  2385 E libteec : begin
12-17 19:32:10.014  1795  2332 I qti_sensors_hal: [ACC]processReportInd: X: 6.884274 Y: 7.033331 Z: -0.278211  x_offset:0.160831 y_offset:0.184366 z_offset:0.985027
12-17 19:32:23.297  1795  1825 D HwNormalizedAutomaticBrightnessController: set power status:mPowerStatus=true,powerStatus=false
12-17 19:32:23.324  3626  3626 E PTM.FileNodeInfo: getTempInfo error: null, 0
12-17 19:32:23.487  1795  2708 D HwPFWLogger: PFW.HwPFWAppRestartPolicy:receive action = android.intent.action.SCREEN_ON
12-17 19:32:23.492  2852  2852 I PhoneStatusBar: removeNotificationChildren
12-17 19:32:23.707  1795  1795 I AlarmManager: remove(null) changed bounds; rebatching
12-17 19:32:23.710  2852  2852 I EventCenter: EventCenter Get :android.com.huawei.bone.NOTIFY_SPORT_DATA
12-17 19:32:23.715  1795  1821 I ActivityManager_activity: Incall is gone
12-17 19:32:23.720  2852  3556 I NetworkController.MobileSignalController(0): onSignalStrengthsChanged signalStrength=SignalStrength: -65 0 -1 255 -1 255 -1 255 255 99 2147483647 2147483647 2147483647 2147483647 2147483647 false gw|lte level=5 isSuspend=false levelOld=5,mSignalStrength level=5
12-17 19:32:23.727  2852  2852 I StatusBarIconView: updateTint: tint=0
12-17 19:32:23.781  5215  5215 D wpa_supplicant: 80:38:bc:08:42:c1 freq=2452 qual=0 noise=-89~ level=-48 snr=41* flags=0x2b age=20 est=65000
12-17 19:32:23.783  5215  5215 D wpa_supplicant: 80:38:bc:0a:f9:81 freq=2412 qual=0 noise=-89~ level=-88 snr=1 flags=0xb age=20 est=6500
12-17 19:32:23.786  5215  5215 D wpa_supplicant: CTRL_IFACE monitor sent successfully to /data/misc/wifi/sockets/wpa_ctrl_1795-194\x00
12-17 19:32:23.786  5215  5215 D wpa_supplicant: random pool - hexdump(len=128): [REMOVED]
12-17 19:32:23.791  1795  1821 I WindowManger_keyguard: Setting mDismissKeyguard true by win Window{e6a6b5e u0 com.android.incallui/com.android.incallui.InCallActivity}
12-17 19:32:23.792  5215  5215 E wpa_supplicant: bssid=ac:85:3d:be:20:21;freq=2412;level=-89;flags=11;ssid=Huawei-Employee;
12-17 19:32:23.799  5215  5215 E wpa_supplicant: bssid=80:38:bc:0b:14:41;freq=2472;level=-75;flags=11;ssid=Huawei-Employee;
12-17 19:32:23.819  5215  5215 D wpa_supplicant: CTRL-DEBUG: global_ctrl_sock-sendto: sock=16 sndbuf=229376 outq=0 send_len=3614
12-17 19:32:24.411  1795  2332 I qti_sensors_hal: [ACC]processReportInd: X: 7.475598 Y: 6.019110 Z: -1.101452  x_offset:0.160831 y_offset:0.184366 z_offset:0.985027
12-17 19:32:26.528  2852  2852 I ToggleSlider:  mSeekListener onProgressChanged progress:0 fromUser:false
12-17 19:32:26.849  1795  1795 I Sensor  : updateLight --> mIsNotificationExisting: false ledOnMS: 0 ledOffMS :0
12-17 19:32:26.883  1795  2665 D NetdConnector: RCV <- {200 11616 Tethering stats list completed}
12-17 19:32:26.907  3168  3168 I CHR_TelphonyStatusService: duration: 545906 STATUS_REPORT_TIMESPAN: 86400000 / (1000 * 60 * 60 * 24) day STATUS_REPORT_TIMESPAN_FOR_BETA: 21600000 / (1000 * 60 * 60 * 24) day
12-17 19:32:26.916  2852  3556 I SystemUIIdleHandler: enter addToIdleMessage(type:1001), mainloop is busy, add to idleMessage
12-17 19:32:26.920   835  2385 E libteec : qsc_decode end
12-17 19:32:26.933  3180  3332 I WakelockMonitor: start wakelock monitor.
12-17 19:32:27.664  1795  1795 I TrafficMonitor: during_ms:2002,period_ms:2000
12-17 19:32:28.330  1795  2739 D HuaweiWifiWatchdogStateMachine: dumpTcpResult: len=9,rtt=250,rttPkt=6,rttWn=97,cgt=0,cgtWn=0
12-17 19:32:29.779  1795  1825 D PowerManagerService: setColorTemperatureAccordingToSetting
12-17 19:32:29.780  1795  1825 D HwPowerManagerService: ColorTemperature read from old setting:128
12-17 19:32:29.800  1795  2377 I AwareLog: AwareMem_EventTracker: [SCREEN_ON_1481974349799] is abandoned for memory 839592
12-17 19:32:30.087  1795  1825 D HwNormalizedSpline: offsetBrightness=17.68,mOffsetBrightness_last17.68,lux=9.0,mPosBrightness=0.0,mIsUserChange=false,mDelta=0.0,defaultBrightness=17.68,mStartLuxDefaultBrightness=17.68mLastLuxDefaultBrightness=17.68
12-17 19:32:30.139   832  1841 E Parcel  : Reading a NULL string not supported here.
12-17 19:32:30.159  2852  2852 I StackScrollAlgorithm: updateDimmedActivatedHideSensitive overlap:true
12-17 19:32:30.338 31949 31967 I TCP     : WatchThread{4786} TcpSocket.close(TcpSocket.java:158) shutdown output: java.net.SocketException: Socket is closed
12-17 19:32:30.349  1795 16232 I AlarmManager: set(PendingIntent{b1a5950: PendingIntentRecord{7f86237 com.huawei.espacev2 broadcastIntent}}) : type=0 triggerAtTime=1481974650348 win=0 tElapsed=443186711 maxElapsed=443186711 interval=300000 flags=0x1
12-17 19:32:30.640  2852  2852 I PanelView: closeQs
12-17 19:32:30.646  3608  3608 D InCall  : VideoPauseController: - VideoPauseController:onPause, Ignoring...
12-17 19:32:30.673  2852  2852 V KeyguardUpdateMonitor: FingerStat Visible: false; Interactive: false; Switching: false; Bouncer:false; GoingToSleep: false Occluded: false; dreaming: false; Authenticated: false
12-17 19:32:30.720  1795  2671 D WifiStateMachine:  DriverStartedState !CMD_SCREEN_STATE_CHANGED  rt=123056436/442887084 0 0
12-17 19:32:35.278  3180  3578 I ash     : Proxy wakelock uid = 10105 pid = 4634
12-17 19:32:35.284  1795  3110 D PowerManagerService: Releasing suspend blocker "PowerManagerService.WakeLocks".
12-17 19:32:37.255   633 31867 I SDK     : 
12-17 19:32:59.904  1795  1825 E huawei_ProximitySensor_CPP_Test: write 20 failed
12-17 19:32:59.930  1795  1819 D NetworkManagement: notifyInterfaceClassActivity: client is android.net.ip.IpManager$2@4c99c84
12-17 19:33:00.237   835   835 I fingerprintd: FingerprintDaemonProxyEx::onTransact, code:2
12-17 19:33:00.238   835  2385 D fpc_fingerprint_hal: fpc poll irq interupt
12-17 19:33:00.248  1795  3884 W FingerprintService: onError 1
12-17 19:33:00.255  3608  3608 I InCall  : InCallActivity - onResume()...
12-17 19:33:00.274  1795  1806 D PowerManagerService: acquire lock=5152000, flags=0x1, tag="RILJ_ACK_WL", name=com.android.phone, ws=null, uid=1001, pid=3218
12-17 19:33:00.327  1795  1821 I ActivityManager_activity: windowsGone(): ActivityRecord{b46dc67 u0 com.android.incallui/.InCallActivity t310}
12-17 19:33:00.401  1795  2671 D WifiStateMachine:  L2ConnectedState CMD_SCREEN_STATE_CHANGED  rt=123064087/442916765 1 0
12-17 19:33:00.401  1795  2671 D WifiStateMachine:  DriverStartedState CMD_SCREEN_STATE_CHANGED  rt=123064087/442916765 1 0
12-17 19:33:00.408  5215  5215 D wpa_supplicant: wlan0: Own scan request started a scan in 0.000162 seconds
12-17 19:33:00.430  1795  2671 D WifiStateMachine:  DriverStartedState !CMD_SET_SUSPEND_OPT_ENABLED  rt=123064116/442916794 0 0
12-17 19:33:00.483  1795  1825 D PowerManagerService: ready=true,policy=3,wakefulness=3,wksummary=0x11,uasummary=0x1,bootcompleted=true,boostinprogress=false,waitmodeenable=false,mode=true,manual=33,auto=-1,adj=0.0userId=0
12-17 19:33:00.489  3608  3608 I InCall  : VideoCallFragment - onPause:
12-17 19:33:00.506  3608  3608 D HwCust  : Create obj success use class android.app.HwCustNotificationImpl
12-17 19:33:00.527  1795  2750 I PowerManager_screenOn: DisplayPowerState Updating screen state: state=ON, backlight=0
12-17 19:33:00.779  1795  1795 I qti_sensors_hal: 0x0, 0x0, 0x0, 0x0
12-17 19:33:00.814  2852  2852 W HwPhoneLayoutInflater: onCreateView : ClassNotFoundException, In this case we want to let the base class take a crack at it
12-17 19:33:00.843   835   835 I fingerprintd: fingerprintd
12-17 19:33:00.891   835  2385 E libteec : receive data len = 128
12-17 19:33:00.896  5215  5215 D wpa_supplicant: random_mix_pool - hexdump(len=5): [REMOVED]
12-17 19:33:00.896  5215  5215 D wpa_supplicant: random pool - hexdump(len=128): [REMOVED]
12-17 19:33:00.913  2852  2852 I StackScrollAlgorithm: overlapAmount:763.6, previousNotificationEnd:607.0, newYTranslation:-156.59998, location:2, i:1, getTopPadding:499.0, getLocationOnScreen():-36
12-17 19:33:00.914  5215  5215 E wpa_supplicant: bssid=00:26:f2:1b:9d:b2;freq=2437;level=-56;flags=11;ssid=NTPC02;
12-17 19:33:00.916  5215  5215 E wpa_supplicant: bssid=80:38:bc:06:d2:ab;freq=2412;level=-85;flags=11;ssid=;
12-17 19:33:00.918  5215  5215 E wpa_supplicant: bssid=80:38:bc:0a:f9:61;freq=2472;level=-94;flags=11;ssid=Huawei-Employee;
12-17 19:33:01.072  1795  3249 D PowerManagerService: release:lock=184063844, flg=0x0, tag="NetworkStats", name=android", ws=null, uid=1000, pid=1795
12-17 19:33:01.093  3180  3332 I WakelockMonitor: start wakelock monitor.
12-17 19:33:01.605  2852  2852 V KeyguardUpdateMonitor: FingerStat Visible: false; Interactive: true; Switching: false; Bouncer:false; GoingToSleep: false Occluded: false; dreaming: false; Authenticated: false
12-17 19:33:01.638   606  2379 E libteec : qsc_send_cmd finish
12-17 19:33:01.686  1795  1795 D HwKeyguardManagerImpl: isLockScreenDisabled HwKeyguardManagerImpl result = false
12-17 19:33:01.999  3858  4126 I amsnl   : m2: false, m3: false
12-17 19:33:02.018  1795  1795 D DeviceIdleController: updateDisplayLocked: screenOn=true
12-17 19:33:02.493  1795  3884 I Security_fingerprint: FingerprintService getEnrolledFingerprints
12-17 19:33:02.503 31949 31967 E TCP     : tcp.recv{4790} TcpClientThread.readSocket(TcpClientThread.java:452) <<< ERROR(6) >>> socket read length failure -104
12-17 19:33:02.734  1795  1795 I TrafficMonitor: update:rxPkts:9,txPkts:11,rxBytes:1833,txBytes:795
12-17 19:33:03.198  1795  1825 D PowerManagerService: ready=false,policy=3,wakefulness=1,wksummary=0x10,uasummary=0x1,bootcompleted=true,boostinprogress=false,waitmodeenable=false,mode=true,manual=33,auto=-1,adj=0.0userId=0
12-17 19:33:03.549  1795  2668 E HwWifiP2pService: Unhandled message when=123067235 what=143466 arg1=0 arg2=0
12-17 19:33:03.570  1795  1825 I PowerManager_screenOn: PowerManagerNotifier onWakefulnessChangeFinished mInteractiveChanging=true, mInteractive=true
12-17 19:33:03.577  1795  1795 I Sensor  : updateLight --> mIsNotificationExisting: false ledOnMS: 0 ledOffMS :0
12-17 19:33:03.622  1795  2736 E hwintelligencewifi: addCurrentApInfo info is already there
12-17 19:33:03.641  3180  3578 D HwMultiWindowEx: isInMultiWindowMode ret: 0
12-17 19:33:03.737 31949 31985 I PushService: connect :true
12-17 19:33:04.178  1795  1825 D DisplayPowerController: Animating brightness: target=0, rate=0
12-17 19:33:04.207  1795  1795 I NotificationManager: enqueueNotificationInternal: n.getKey = 0|com.android.incallui|2|null|1001
12-17 19:33:04.215  3608  3608 I CallUtils: show_incallscreen  0
12-17 19:33:04.291  2852  2852 D HwCust  : Create obj success use class android.app.HwCustNotificationImpl
12-17 19:33:04.332   835  2385 E libteec : qsc_decode end
12-17 19:33:05.442  2852  2852 I BarTransitions.HwPhoneStatusBarView: transitionTo: mode=MODE_OPAQUE, animate=false
12-17 19:33:05.508  3858  4126 I amsnl   : t:false, fl: false, p: 2147483647000, ce: true, we: true
12-17 19:33:06.328  1795  2332 I qti_sensors_hal: [ACC]processReportInd: X: 8.045377 Y: 6.374320 Z: 0.556408  x_offset:0.160831 y_offset:0.184366 z_offset:0.985027
12-17 19:33:10.553  2852  2852 I PhoneStatusBar: setSystemUiVisibility vis=c0000300 mask=ffffffff oldVal=80000300 newVal=c0000300 diff=40000000
12-17 19:33:10.584  1795  1795 D HwConnectivityService: CtrlSocket processCtrlSocket pid = 1000 cmd = 100 param = 0 ret = 0
12-17 19:33:10.592  1046  9752 D audio_hw_extn: audio_extn_set_anc_parameters: anc_enabled:0
12-17 19:33:10.592  3608  3608 I InCall  : InCallActivity - bgCallTwinkingSwitch is truemIsForegroundActivity is true
12-17 19:33:10.622  1795  1795 I EyeProtectionControllerImpl: onReceive intent action = android.intent.action.SCREEN_ON
12-17 19:33:10.822  2852  2852 I HwPhoneStatusBarTransitions: restoreBackgroundColor:new=-16777216, old=0
12-17 19:33:11.030  5215  5215 D wpa_supplicant: IEs - hexdump(len=193): 00 0e 77 6c 61 6e 61 63 63 65 73 73 76 32 2e 30 01 08 82 84 0b 16 0c 12 18 24 03 01 01 05 04 00 ...
12-17 19:33:11.032  5215  5215 D wpa_supplicant: IEs - hexdump(len=193): 00 0e 77 6c 61 6e 61 63 63 65 73 73 76 32 2e 30 01 08 82 84 0b 16 0c 12 18 24 03 01 09 05 04 00 ...
12-17 19:33:11.034  5215  5215 D wpa_supplicant: random_mix_pool - hexdump(len=5): [REMOVED]
12-17 19:33:11.034  5215  5215 D wpa_supplicant: random pool - hexdump(len=128): [REMOVED]
12-17 19:33:11.035  5215  5215 D wpa_supplicant: nl80211: Drv Event 79 (NL80211_CMD_SET_REKEY_OFFLOAD) received for wlan0
12-17 19:33:11.085  1795  1795 I PowerManager_screenOn: PowerManagerNotifier Sending go to sleep broadcast.
12-17 19:33:11.192   835  2385 E libteec : receive data len = 128
12-17 19:33:11.204  1795  1795 I Sensor  : updateLight --> mIsNotificationExisting: false ledOnMS: 0 ledOffMS :0
12-17 19:33:11.211   835  2385 E libteec : receive data len = 128
12-17 19:33:11.219  2852  2852 I StackScrollAlgorithm: updateClipping isOverlap:true
12-17 19:33:13.378  1795  1825 D HW_DISPLAY_EFFECT: hw_get_smart_display_supported: end--
12-17 19:33:13.491  2852  2852 I PhoneStatusBar: onScreenTurningOn
12-17 19:33:13.549  2852  2852 I NotificationGroupManager: onEntryRemovedInternal:0|com.android.incallui|2|null|1001, group=0|com.android.incallui|2|null|1001
12-17 19:33:13.873  1795  1809 I qti_sensors_hal: batch,376,handle 0, timeout:0 ,period_ns:66667000
12-17 19:33:13.889  5224  5224 I Step_LSC: 20002302|logicalDealBroadcastEvent : Intent { act=android.intent.action.SCREEN_ON flg=0x50000010 }
12-17 19:33:14.191  1795  3139 I HwActivityManagerService: Split enqueueing broadcast [callerApp]:ProcessRecord{ec55919 3608:com.android.incallui/1001}
12-17 19:33:14.293   606  2379 E libteec : receive data len = 128
12-17 19:33:14.351  1795  2671 D WifiHW  : wifi_send_command: cmd:'IFNAME=wlan0 SIGNAL_POLL'
12-17 19:33:14.407  1795 17831 D StubTelephonyRegistry: uid:10028 pid:16628 PhoneStateListener.LISTEN_CELL_LOCATION:16 events:0
12-17 19:33:19.279  2852  2852 I PhoneStatusBar: removeNotificationChildren
12-17 19:33:42.135  1795  1825 I PowerManager_screenOn: PowerManagerNotifier onWakeUp: event=android.server.power:POWER, reasonUid=1000 opPackageName=android opUid=1000
12-17 19:33:42.243   835  2385 E libteec : receive data len = 128
12-17 19:33:42.266   612   612 I SDM     : HWCDisplay::SetPowerMode: display = 0, mode = 2
12-17 19:33:42.269  1795  2377 I AwareLog: AwareMem_DMEServer: start
12-17 19:33:42.520  1046  1046 I Huawei_audio_cust: get_spk_pa_type: pa is max98925
12-17 19:33:42.576  2852  3556 D NetworkController.MobileSignalController(0): mSimSubId:0 onDataActivity: direction=0
12-17 19:33:42.745  3608  3608 I InCall  : ProximitySensor - ProximitySensor{keybrd=0, dpad=0, offhook=1, hor=0, ui=1, aud=EARPIECE}
12-17 19:33:42.748  5215  5215 D wpa_supplicant: IEs - hexdump(len=194): 00 0f 48 75 61 77 65 69 2d 45 6d 70 6c 6f 79 65 65 01 08 82 84 0b 16 0c 12 18 24 03 01 01 05 04 ...
12-17 19:33:42.748  5215  5215 D wpa_supplicant: IEs - hexdump(len=194): 00 0f 48 75 61 77 65 69 2d 45 6d 70 6c 6f 79 65 65 01 08 82 84 0b 16 0c 12 18 24 03 01 05 05 04 ...
12-17 19:33:42.750  1795  5219 D WifiMonitor: Dispatching event to interface: wlan0
12-17 19:33:42.774  5215  5215 E wpa_supplicant: bssid=80:38:bc:0b:36:a1;freq=2472;level=-89;flags=11;ssid=Huawei-Employee;
12-17 19:33:43.012  3608  3608 D InCall  : StatusBarNotifier - Data changed.  Showing notification
12-17 19:33:43.313  1795 17832 D PowerManagerService: ready=true,policy=0,wakefulness=0,wksummary=0x11,uasummary=0x0,bootcompleted=true,boostinprogress=false,waitmodeenable=false,mode=true,manual=33,auto=-1,adj=0.0userId=0
12-17 19:33:43.359   835  2385 E libteec : receive data len = 128
12-17 19:33:43.372   835  2385 I fpc_tac : fpc_tac_begin_identify---need_liveness_authentication: 0
12-17 19:33:43.375  1795  1795 D HwWifiP2pService: onReceive, action:android.intent.action.SCREEN_OFF
12-17 19:33:43.403  1795  2670 D WifiController: StaEnabledState what=155651
12-17 19:33:43.430  1795  3077 I GnssLocationProvider: disableGps:false  isEnabled()=true
12-17 19:33:46.889  1795  1795 I TrafficMonitor: count:81,rx_sum:0,tx_sum:0,rxBytes:0,during_ms:2003,rx_speed:0.0,tx_speed:0.0,rto:0.0
12-17 19:34:55.864  1795  1825 I WindowManger_keyguard: Setting mDismissKeyguard true by win Window{e6a6b5e u0 com.android.incallui/com.android.incallui.InCallActivity}
12-17 19:34:55.913  1795  1825 I WindowManger_keyguard: Screen turned on for keyguard
12-17 19:34:56.143  1795  3253 D PowerManagerService: ready=false,policy=3,wakefulness=1,wksummary=0x11,uasummary=0x1,bootcompleted=true,boostinprogress=false,waitmodeenable=false,mode=true,manual=33,auto=-1,adj=0.0userId=0
12-17 19:34:56.163  1795  3253 D PowerManagerService: ready=false,policy=3,wakefulness=1,wksummary=0x11,uasummary=0x1,bootcompleted=true,boostinprogress=false,waitmodeenable=false,mode=true,manual=33,auto=-1,adj=0.0userId=0
12-17 19:34:56.203  1046  2704 V msm8916_platform: platform_set_sidetone: sidetone out device(15) mixer cmd = sidetone-handset
12-17 19:34:56.208  1795  2670 I AlarmManager: remove(PendingIntent{50e3a01: PendingIntentRecord{a8130a6 android broadcastIntent}}) changed bounds; rebatching
12-17 19:34:56.231  1795  1808 I ActivityManager_broadcast: dispatch ordered broadcast [background] BroadcastRecord{800ffdd u-1 android.intent.action.PRECISE_CALL_STATE}, has 1 receivers
12-17 19:34:56.240  1795 15988 I Telecom : InCallController: Sending updateCall ACTIVE ==> parcelableCall :[TC@11, parent:null, children:[]]: CSW.sCC@EsQ
12-17 19:34:56.272  2852  3556 I NetworkController.MobileSignalController(0): onDataActivity: direction=0
12-17 19:34:56.277  3608  3608 D InCall  : CallButtonFragment - updateAudioButtons - disableSupport
12-17 19:34:56.298  1795  1808 W BroadcastQueue: Permission Denial: receiving Intent { act=android.intent.action.PHONE_STATE flg=0x10 (has extras) } to ProcessRecord{3b2f782 633:com.huawei.espacev2/u0a102} (pid=633, uid=10102) requires android.permission.READ_PRIVILEGED_PHONE_STATE due to sender android (uid 1000)
12-17 19:34:56.323  1795 15982 I ActivityManager_service: retrieveServiceLocked, callerApp: ProcessRecord{e68e93f 32607:com.huawei.betaclub/1000}, flags: 10000400
12-17 19:34:56.343  1795  1809 I qti_sensors_hal: 0x66, 0xca, 0x3c, 0x3e
12-17 19:34:56.344  1795  1825 I PowerManager_screenOn: DisplayPowerController updatePowerState mPendingRequestLocked=policy=BRIGHT, useProximitySensor=false, useProximitySensorbyPhone=true, screenBrightness=33, screenAutoBrightnessAdjustment=0.0, brightnessSetByUser=true, useAutoBrightness=true, blockScreenOn=false, lowPowerMode=false, boostScreenBrightness=false, dozeScreenBrightness=-1, dozeScreenState=UNKNOWN, useTwilight=false, useSmartBacklight=true, brightnessWaitMode=false, brightnessWaitRet=true, screenAutoBrightness=-1, userId=0
12-17 19:34:56.374  1046  9752 I Huawei_audio_cust: get_spk_pa_type: pa is max98925
12-17 19:34:56.394  5215  5215 D wpa_supplicant: 80:38:bc:0b:04:40 freq=2472 qual=0 noise=-89~ level=-91 snr=-2 flags=0xb age=30 est=6500
12-17 19:34:56.400  5215  5215 E wpa_supplicant: bssid=80:38:bc:0b:29:e0;freq=2452;level=-62;flags=11;ssid=wlanaccessv2.0;
12-17 19:34:56.404  3218  3218 I SendBroadcastPermission: action:com.android.imscontection.DISCONNECTED, mPermissionType:0
12-17 19:34:56.416  5215  5215 D wpa_supplicant: CTRL-DEBUG: global_ctrl_sock-sendto: sock=16 sndbuf=229376 outq=0 send_len=3673
12-17 19:34:56.509  2852  2852 I PhoneStatusBar: updateNotificationShade
12-17 19:34:56.541 31949 31967 I ECS     : WatchThread{4786} TcpClient.clearAll(TcpClient.java:240) ==================== TCP CLIENT CLEAR ALL ====================
12-17 19:34:56.630  2852  2852 W ResourceType: Failure getting entry for 0xffffffff (t=254 e=65535) (error -2147483647)
12-17 19:34:56.712  1046  9753 D voice_extn: update_calls: cur_state=1 new_state=1 vsid=10002000
12-17 19:34:56.712  1046  9753 D voice_extn: update_calls: cur_state=1 new_state=1 vsid=11c05000
12-17 19:34:56.853  2852  3361 I vol.VolumeDialogControl: onVolumeChangedW stream = 4, flags = 0
12-17 19:34:57.098  1795  2396 D PowerManagerService: release:lock=114996894, flg=0x0, tag="AudioMix", name=audioserver", ws=null, uid=1041, pid=0
12-17 19:34:57.271  1795  6988 D PowerManagerService: ready=true,policy=3,wakefulness=1,wksummary=0x1,uasummary=0x1,bootcompleted=true,boostinprogress=false,waitmodeenable=false,mode=true,manual=33,auto=-1,adj=0.0userId=0
12-17 19:34:57.454  3608  3608 D InCall  : CallButtonPresenter - onStateChangeInCallButton InCallState:NO_CALLS callList:com.android.incallui.CallList@86c7f97
12-17 19:34:57.520  2852  2852 D BarTransitions.HwPhoneStatusBarView: applyModeBackground oldMode=MODE_TRANSPARENT newMode=MODE_TRANSLUCENT animate=false
12-17 19:34:57.717  3858  4126 D TelephonyManager: getNeighboringCellInfo calling app is com.amap.android.ams
12-17 19:34:57.776  3218  3218 V AudioManager: querySoundEffectsEnabled...
12-17 19:34:57.847  2883  3256 I HwSystemManager: ServiceStateMonitor:service state changed, isRoaming = false
12-17 19:34:58.939 20602 20616 W DeviceId: galaxy lib host missing meta-data,make sure you know the right way to integrate galaxy
12-17 19:34:59.051  2852  2852 I StackScrollAlgorithm: overlapAmount:763.6, previousNotificationEnd:607.0, newYTranslation:-156.59998, location:2, i:1, getTopPadding:499.0, getLocationOnScreen():-36
12-17 19:34:59.166  4690  4690 D KeyEvent: obtain, mHwFlags=0
12-17 19:35:00.272  2852  2852 I PhoneStatusBarPolicy: updateBluetooth:::setBluetoothBatteryEnable false.
12-17 19:35:01.035  1795  6988 I NotificationManager: enqueueNotificationInternal: pkg=com.huawei.health id=10010 notification=Notification(pri=0 contentView=null vibrate=null sound=null defaults=0x0 flags=0x2 color=0x00000000 vis=PRIVATE)
12-17 19:35:01.773  7741  7741 V Mms_TXM_SVC: MSG_APP_Handle ConnectivityBroadcastReceiver.onReceive(): [type: MOBILE_MMS[], state: DISCONNECTED/DISCONNECTED, reason: (unspecified), extra: (none), failover: false, available: true, roaming: false, metered: true]
12-17 19:35:02.850  7741 20638 V Mms_TXM_SVC: onNewIntent: cursor.count=0 action=null
12-17 19:35:03.013  2852  2852 D StatusBar: updateNotification(StatusBarNotification(pkg=com.huawei.health user=UserHandle{0} id=10010 tag=null key=0|com.huawei.health|10010|null|10099: Notification(pri=0 contentView=null vibrate=null sound=null defaults=0x0 flags=0x62 color=0x00000000 vis=PRIVATE)))
12-17 19:35:03.845  3858  4126 I amsnl   : c: true, w: true, t: false, l: false
12-17 19:35:04.985  5224  5283 I Step_LSC: 20002302|REPORT : 4245 90725 3025 0
12-17 19:35:07.869  5224  5224 I Step_LSC: 20002302|compensate received
12-17 19:35:08.880  5224  5283 I Step_ExtendStepDataManager: 20002302|after compensate: cache step_4247
12-17 19:35:09.337  1795  1825 D DisplayPowerController: Unfinished business...
12-17 19:35:09.883  1795  2750 D HW_DISPLAY_EFFECT: presently, hw_update_color_temp_for_rg_led interface not achieved.
12-17 19:35:11.041  1795  2750 D HW_DISPLAY_EFFECT: presently, hw_update_color_temp_for_rg_led interface not achieved.
12-17 19:35:11.133  2852  2852 I ToggleSlider:  mSeekListener onProgressChanged progress:2241 fromUser:false
12-17 19:35:11.306  1795  2750 D HW_DISPLAY_EFFECT: presently, hw_update_color_temp_for_rg_led interface not achieved.
12-17 19:35:11.325  1795  2728 D HwArpVerifier: getGateWayARPResponses: arp rtt = 17
12-17 19:35:12.187  2852  2852 I HwBrightnessController: onChange selfChange:false uri.toString():content://settings/system/screen_auto_brightness mIsObserveAutoBrightnessChange:true
12-17 19:35:12.484  1795  2737 W WifiProJNI: poll before: g_monitor_fd =310
12-17 19:35:15.150  1795  2380 I PowerManager_screenOn: PowerManagerNotifier onUserActivity: event=2, uid=1000
12-17 19:35:15.336  4690  4690 I SendBroadcastPermission: action:com.tencent.mm.plugin.openapi.Intent.ACTION_HANDLE_APP_REGISTER, mPermissionType:0
12-17 19:35:15.495  1795  2750 D HW_DISPLAY_EFFECT: presently, hw_update_color_temp_for_rg_led interface not achieved.
12-17 19:35:15.715  2852  2852 I HwBrightnessController: updateSlider2 seekBarProgress:2313
12-17 19:35:15.954  2852  2852 D StatusBar: applyInPlace=true shouldPeek=false alertAgain=true
12-17 19:35:15.973  2852  2852 I HwSignalClusterView: apply hwPhoneState.mSubId:0 anyMobileVisible:false mIsAirplaneMode:false, mobileGroupVisible=true
12-17 19:35:15.979  1795  1809 I WindowManager: Application requested orientation 1, got rotation 0 which has compatible metrics
12-17 19:35:16.342  2852  2914 I HwMobileSignalController: subId:0 phoneType:1 networktype:13 targetClass:3 masterLevel:5 slaveLevel:-1
12-17 19:35:16.501  5215  5215 D wpa_supplicant: CTRL-DEBUG: ctrl_sock-sendmsg: sock=16 sndbuf=229376 outq=0 send_len=24
12-17 19:35:16.864  1795  1795 I TrafficMonitor: start expired. level:-1
12-17 19:35:25.855  3879  4071 I HwLauncher: WeatherDynamicUpdater receiver data is int[] = [0, 0, 96, 192, 96, 192, 96, 192] ; stringArray[] = [sunny, num1, num7, tempc] ; dynamic_gravity = center
12-17 19:35:25.869  3879  3879 E HW-JPEG-DEC: [HME_JPEG_DEC_Delete](3298): HME_JPEG_DEC_Delete: decoder_ctx=null
12-17 19:35:26.421  1795  2728 E HwCHRWifiRSSIGroupSummery: updateTcpSummery mRSSI:-40  HwCHRWifiRSSIGroup [rssi_index=4, rtt_tcp_packets=94, rtt_tcp_duration=834, rtt_lan_duration=205, rtt_lan_failures=0, rtt_lan_succ=6, rtt_lan_max=124, rtt_lan_min=14,same_area_frequency=0,adjacent_area_frequency=0]
12-17 19:35:28.472  1795  1795 D HuaweiWifiWatchdogStateMachine: 80:38:bc:08:42:c1 current RTT[-45]=160, volume=1
12-17 19:35:29.348  1795  2671 D WifiHW  : wifi_send_command: cmd:'IFNAME=wlan0 SIGNAL_POLL'
12-17 19:35:31.603  1795  3139 I SendBroadcastPermission: action:android.intent.action.SIG_STR, mPermissionType:0
12-17 19:35:36.625  2852  2852 I PhoneStatusBar: resumeSuspendedAutohide
12-17 19:35:38.271  4492  4492 V AudioManager: getRingerMode...
12-17 19:35:40.345  2852  3556 I NetworkController.MobileSignalController(0): onSignalStrengthsChanged signalStrength=SignalStrength: -1 0 -1 255 -1 255 -1 255 255 30 -82 -7 300 2147483647 2147483647 false gw|lte level=5 isSuspend=false levelOld=5,mSignalStrength level=5
12-17 19:35:44.060  2852  2852 I PhoneStatusBar: updateNotificationShade
12-17 19:35:44.327  2852  2852 I StatusBarWindowManager: apply mLp:0 -> 0; Height: -1; Flag: 81840048
12-17 19:35:44.338  2852  2852 I StackScrollAlgorithm: state.clipTopAmount:174, i:1
12-17 19:35:44.340  1795 15982 I ActivityManager_service: retrieveServiceLocked, callerApp: ProcessRecord{7e9b22a 17709:com.huawei.intelligent/u0a17}, flags: 10000400
12-17 19:35:47.009  3626  3626 E PTM.FileNodeInfo: getTempInfo error: null, 0
12-17 19:35:47.286  1795  6988 I HwActivityManagerService: keyAppBroadcastQueueForIntent intent Intent { flg=0x10 cmp=com.tencent.mm/.booter.NotifyReceiver (has extras) } on bgkeyapp queue
12-17 19:35:47.630  4492  4492 V AudioManager: getRingerMode...
12-17 19:35:47.639  4492  4492 V AudioManager: isWiredHeadsetOn...
12-17 19:35:48.909  1795  1795 I TrafficMonitor: gettimer:interval=2000
12-17 19:35:50.762  1795  2750 D HW_DISPLAY_EFFECT: presently, hw_update_color_temp_for_rg_led interface not achieved.
12-17 19:35:51.615  1795 17832 W ActivityManager: getRunningAppProcesses: caller 10009 does not hold REAL_GET_TASKS; limiting output
12-17 19:35:52.269  1795  2750 D HW_DISPLAY_EFFECT: presently, hw_update_color_temp_for_rg_led interface not achieved.
12-17 19:35:52.352  1795 15987 I SendBroadcastPermission: action:android.intent.action.SIG_STR, mPermissionType:0
12-17 19:35:52.525  1795  1795 D HuaweiWifiWatchdogStateMachine: 80:38:bc:08:42:c1 current RTT[-45]=80, volume=1
12-17 19:35:52.535  1795  2750 D HW_DISPLAY_EFFECT: presently, hw_update_color_temp_for_rg_led interface not achieved.
12-17 19:35:53.687  1795  1808 I ActivityManager_broadcast: dispatch ordered broadcast [background] BroadcastRecord{c96206a u-1 com.android.systemui.statusbar.visible.change}, has 1 receivers
12-17 19:35:55.768  2852  2925 D KGWallpaper_Magazine: getNextIndex: 1; from 5 to 6; size: 44
12-17 19:35:55.789   606  2379 E libteec : qsc_send_cmd finish
12-17 19:35:55.852  2852  2852 I BitmapUtils: 	at com.huawei.keyguard.support.magazine.MagazineWallpaper$3.onMagazinePicLoaded(MagazineWallpaper.java:733)
12-17 19:35:56.161  2852  3344 D KeyguardViewMediator: onFinishedGoingToSleep(3)
12-17 19:35:56.205  1795  2671 D WifiStateMachine:  ConnectedState CMD_SET_SUSPEND_OPT_ENABLED  rt=123153822/443092569 1 0
12-17 19:35:56.287  1795  3957 E IzatSvc_OSObserver: I/LocTech-Label :: OSOBSERVER :: Data Items In
12-17 19:36:01.835  2852  2852 I HwDateUtils: begin of formatChinaDateRange chinaDate:晚上7:36
12-17 19:36:01.975  2852  2852 W HwKeyguardAbsKeyInputView: Reset
12-17 19:36:02.543 17709 17709 D HwIntelligent3_IntelligentReceiver: onReceive ,intent:Intent { act=com.android.systemui.statusbar.visible.change flg=0x10 cmp=com.huawei.intelligent/.main.receiver.IntelligentReceiver (has extras) }
12-17 19:36:02.641  2852  2852 I StackScrollAlgorithm: updateDimmedActivatedHideSensitive overlap:false
12-17 19:36:03.544  1795  3110 I TransactionSponsor: Transact:getHwAdminCachedListto device policy manager service.
12-17 19:36:03.576  7741  7758 D TmoMonitor: Cache monitor msg as screen_off
12-17 19:36:03.856  1795 20787 D PFW.HwPFWAppWakeLockPolicy: getUidWakeLock uid: 10099 wakelock(minutes): 0
12-17 19:36:04.595  1795  2737 I QosMonitor: postEventFromNative: msg=100,arg1=4,arg2=9
12-17 19:36:04.598  1795  1795 I WifiProJNI: ######### CMD_QUERY_PKTS ########
12-17 19:36:56.048  3626  3626 E PTM.FileNodeInfo: getTempInfo error: null, 0
12-17 19:36:56.075  7194  7208 W PushLog2824: [ReceiverDispatcher-336]init bastet error(android/null:-1)
12-17 19:37:17.064  1795  1819 D NetworkManagement: notifyInterfaceClassActivity: client is android.net.ip.IpManager$2@4c99c84
12-17 19:37:25.691  1795 15988 D PowerManagerService: ready=true,policy=0,wakefulness=0,wksummary=0x1,uasummary=0x0,bootcompleted=true,boostinprogress=false,waitmodeenable=false,mode=true,manual=33,auto=-1,adj=0.0userId=0
12-17 19:37:26.643  1795  1795 I TrafficMonitor: start expired. level:-1
12-17 19:40:23.242  1795  2323 E UsbDeviceManager: 	at java.io.FileInputStream.open(Native Method)
12-17 19:40:23.267  2852  2867 D KeyguardService: KGSvcCall onScreenTurningOn.
12-17 19:40:23.302  1795  1825 D AutomaticBrightnessController: mAmbientLuxValid= false,sensor is not ready
12-17 19:40:23.472  1795  1825 D AutomaticBrightnessController: updateAutoBrightness: mScreenAutoBrightness=30, newScreenAutoBrightness=46
12-17 19:40:23.508   606  2379 E libteec : qsc_send_cmd finish
12-17 19:40:23.527  2852  2852 I QSCustomizer: hide:x=0, y=0, isShown=false
12-17 19:40:23.632  1795 20747 I ActivityManager_service: bindServiceLocked, r: ServiceRecord{67f7651 u0 euid: 0 com.huawei.betaclub/.receiver.RouteService}, euid: 0
12-17 19:40:23.685  1795  3139 I ActivityManager_service: bindServiceLocked, r: ServiceRecord{85e86af u0 euid: 0 com.huawei.betaclub/com.huawei.logupload.LogUploadService}, euid: 0
12-17 19:40:23.714  1795  2671 D HwWifiConnectivityManager: handleScanCounterChanged,reason: 2, mHwSingleScanCounter: 0
12-17 19:40:23.717  5215  5215 D wpa_supplicant: wlan0: BSS: Remove id 520 BSSID 80:38:bc:0b:37:21 SSID 'Huawei-Employee' due to wpa_bss_flush_by_age
12-17 19:40:23.773  1795  2748 D HwAmbientLuxFilterAlgo: earliestValidTime + POWER_ON_DARKENING_LIGHT_DEBOUNCE
12-17 19:40:23.779   606  2379 E libteec : receive data len = 128
12-17 19:40:23.806  3180  3332 I ScenarioAction: new ScenarioAction sPoolSize: 0
12-17 19:40:23.818  3626  4889 E PTM.FileNodeInfo: getTempInfo error: null, 0
12-17 19:40:23.872   633   633 I SDK     : <2016-12-17 19:40:23> [NOTICE] SDK: UE-SeC 2016-12-17 19:40:23:872 Level[NOTICE] magic[3979851060 1019]:SDK:proc user present event!
12-17 19:40:23.881  1795  1819 D NetworkManagement: notifyInterfaceClassActivity: client is com.android.server.ethernet.EthernetNetworkFactory$InterfaceObserver@fccfd35
12-17 19:40:23.953 16354 16354 E HwSystemManager: MemCPUMonitor:startTimerMonitor isCompleted = true
12-17 19:40:23.963  3180  3578 I ash     : clear hibernation actions!
12-17 19:40:24.529  1795  2371 E LightSensor: read Events lux:134.0
12-17 19:40:25.101   633 20833 D sdk     : do mdm check
12-17 19:40:25.577  1795  2748 D HwAmbientLuxFilterAlgo: earliestValidTime + POWER_ON_DARKENING_LIGHT_DEBOUNCE
12-17 19:40:25.720  2852  2852 D NetWorkUtils: mVSimCurCardType is -1
12-17 19:40:25.742  1795  2380 D PowerManagerService: userActivityNoUpdateLocked: eventTime=123164284, event=2, flags=0x0, uid=1000
12-17 19:40:25.903   633   692 I eSpaceService: Watch Thread{4481} WatchThread.onLoop(WatchThread.java:98) watch thread onLoop...--》 iWatched.doWatch() 
12-17 19:40:26.146  1795  1795 I NotificationManager: cancelNotification,index:-1
12-17 19:40:28.193  2852  2852 I BarTransitions.HwPhoneStatusBarView: transitionTo: mode=MODE_TRANSPARENT, animate=false
12-17 19:40:29.722  2852  2852 I HwSignalClusterView: apply hwPhoneState.mSubId:0 anyMobileVisible:false mIsAirplaneMode:false, mobileGroupVisible=true
