12-17 19:33:10.689  1795  3253 I WindowManger_keyguard: Setting mDismissKeyguard true by win Window{e6a6b5e u0 com.android.incallui/com.android.incallui.InCallActivity}
12-17 19:33:10.768  2852  3344 D KeyguardService: KGSvcCall onScreenTurnedOn.
12-17 19:33:10.780  1795  3139 I AlarmManager: set(PendingIntent{41a2f21: PendingIntentRecord{7f86237 com.huawei.espacev2 broadcastIntent}}) : type=0 triggerAtTime=1481974690779 win=0 tElapsed=443227143 maxElapsed=443227143 interval=300000 flags=0x1
12-17 19:33:10.855  3608  3608 E InCall  : StatusBarNotifier - buildAndSendNotification state=3 showHeadUpNotification=false mHeadupViewShow=false
12-17 19:33:10.855  3608  3608 D InCall  : StatusBarNotifier - isDreaming = false
12-17 19:33:10.858  1795  1825 D HwAmbientLuxFilterAlgo: clear buffer data and algo flags
12-17 19:33:10.859  1795  1825 W LightSensor: LightSensor, enable, 284: flags=0
12-17 19:33:11.029  5215  5215 D wpa_supplicant: nl80211: Associated with 80:38:bc:08:42:c1
12-17 19:33:11.030  5215  5215 D wpa_supplicant: 00:26:f2:1b:9d:b2 freq=2437 qual=0 noise=-89~ level=-66 snr=23 flags=0xb age=0 est=54000
12-17 19:33:11.031  5215  5215 D wpa_supplicant: Beacon IEs - hexdump(len=194): 00 0f 48 75 61 77 65 69 2d 45 6d 70 6c 6f 79 65 65 01 08 82 84 0b 16 0c 12 18 24 03 01 0d 05 04 ...
12-17 19:33:11.033  1795  5219 D WifiMonitor: Dispatching event to interface: wlan0
12-17 19:33:11.034  5215  5215 D wpa_supplicant: CTRL-DEBUG: ctrl_sock-sendmsg: sock=16 sndbuf=229376 outq=6144 send_len=44
12-17 19:33:11.035  5215  5215 D wpa_supplicant: random pool - hexdump(len=128): [REMOVED]
12-17 19:33:11.037  5215  5215 D wpa_supplicant: CTRL-DEBUG: global_ctrl_sock-sendto: sock=16 sndbuf=229376 outq=0 send_len=4022
12-17 19:33:11.039  5215  5215 E wpa_supplicant: bssid=80:38:bc:0a:fa:e0;freq=2412;level=-76;flags=11;ssid=wlanaccessv2.0;
12-17 19:33:11.057  5215  5215 E wpa_supplicant: bssid=80:38:bc:0a:ef:c1;freq=2412;level=-78;flags=11;ssid=Huawei-Employee;
12-17 19:33:11.066  1795  2332 I qti_sensors_hal: [ACC]processReportInd: X: 7.017163 Y: 5.313025 Z: 3.676778  x_offset:0.160831 y_offset:0.184366 z_offset:0.985027
12-17 19:33:11.081  1795  1825 D DisplayPowerController: Animating brightness: target=0, rate=0
12-17 19:33:11.081  1795  1825 D DisplayPowerController: Display ready!
12-17 19:33:11.103  1795  1795 V NotificationService: disableEffects=null canInterrupt=false once update: false
12-17 19:33:11.119  2852  2852 D KeyguardViewMediator: handleNotifyFinishedGoingToSleep
12-17 19:33:11.197   835   835 E libteec : qsc_decode end
12-17 19:33:11.197   835  2385 E libteec : begin
12-17 19:33:11.202  5224  5283 I SendBroadcastPermission: action:android.com.huawei.bone.NOTIFY_SPORT_DATA, mPermissionType:0
12-17 19:33:11.215  1795  2670 D WifiController: StaEnabledState what=155651
12-17 19:33:11.292  2852  2852 W HwPhoneLayoutInflater: onCreateView : ClassNotFoundException, In this case we want to let the base class take a crack at it
12-17 19:33:11.346  2852  2852 W HwPhoneLayoutInflater: onCreateView : ClassNotFoundException, In this case we want to let the base class take a crack at it
12-17 19:33:11.417  2852  2852 D StatusBar: reusing notification for key: 0|com.huawei.health|10010|null|10099
12-17 19:33:11.496  2852  2852 I NotificationContentView: transferRemoteInputFocus: 0
12-17 19:33:11.706  1795  1795 D PowerManagerService: Releasing suspend blocker "PowerManagerService.Broadcasts".
12-17 19:33:11.857  7741  7758 D TmoMonitor: Cache monitor msg as screen_off
12-17 19:33:13.167  2852  2852 I NotificationGroupManager: onEntryUpdated:0|com.huawei.health|10010|null|10099
12-17 19:33:13.376  1795  1825 I PowerManager_screenOn: PowerManagerService wakeUpNoUpdateLocked: eventTime=123077062, uid=1000
12-17 19:33:13.411  2852  2852 W DisabledFeatureUtils: Dis-Feature : 0
12-17 19:33:13.415   835  2385 E libteec : begin
12-17 19:33:13.427   835  2385 D fpc_fingerprint_hal: workerFunction STATE_CANCEL
12-17 19:33:13.450   606  2379 E libteec : qsc_send_cmd finish
12-17 19:33:13.521  1795  1795 I Sensor  : updateLightsLocked --> mBatteryLight.turnOff
12-17 19:33:13.550  2852  2852 I HwPhoneStatusBar: updateNotificationShade
12-17 19:33:13.560  2883  2883 D HwKeyguardManagerImpl: isLockScreenDisabled HwKeyguardManagerImpl result = false
12-17 19:33:13.608  1795  1825 D HwNormalizedAutomaticBrightnessController: mWakeupFromSleep= true,currentTime=123077294,mLightSensorEnableTime=123077185
12-17 19:33:13.673  1795  1825 D HwAmbientLuxFilterAlgo: t=123077358,BT=123077858,DT=123078358,BT1=123081358,DT1=123085358,Bn=false,Dn=false,lx=[13.0/123077358],mLx=13.0,s=5.0,ss=0.0,AuIntervened=false,mProximityState=false,bLux=92.0,dLux=1.5,bLux1=92.0,dLux1=1.5
12-17 19:33:13.817  2852  2852 I PhoneStatusBar: notifyUiVisibilityChanged:vis=0x80000300, SystemUiVisibility=0x80000300
12-17 19:33:13.904  3608  3608 D InCall  : VideoCallPresenter - pauseVideo: Error bad state mPrimaryCall=[Call_10, ACTIVE, [Capabilities: CAPABILITY_HOLD CAPABILITY_SUPPORT_HOLD CAPABILITY_MUTE CAPABILITY_CANNOT_DOWNGRADE_VIDEO_TO_AUDIO], children:[], parent:null, conferenceable:[], videoState:Audio Only, mSessionModificationState:0, VideoSettings:(CameraDir:-1)] mVideoCall=null
12-17 19:33:13.917  3608  3608 E InCall  : StatusBarNotifier - getNotificationBuilder
12-17 19:33:13.919  2852  2852 I NotificationGroupManager: onEntryUpdated:0|com.huawei.health|10010|null|10099
12-17 19:33:13.930  2852  2852 I PhoneStatusBar: removeNotificationChildren
12-17 19:33:13.948  1795  6985 I NotificationManager: enqueueNotificationInternal: pkg=com.android.incallui id=2 notification=Notification(pri=2 contentView=null vibrate=null sound=null defaults=0x0 flags=0x2 color=0x00000000 actions=3 vis=PRIVATE publicVersion=Notification(pri=0 contentView=null vibrate=null sound=null defaults=0x0 flags=0x0 color=0xff33b5e5 vis=PRIVATE))
12-17 19:33:13.960  1795  1795 D DeviceIdleController: scheduleLightAlarmLocked(300000)
12-17 19:33:14.188  1795  2332 I qti_sensors_hal: [ACC]processReportInd: X: 5.407453 Y: 8.185553 Z: 0.684331  x_offset:0.160831 y_offset:0.184366 z_offset:0.985027
12-17 19:33:14.276   835  2385 E libteec : begin
12-17 19:33:14.279  1046  9753 I Huawei_audio_cust: huawei_audio huawei_choose_HandsFree_device_incall_forHWtest: test Type =4
12-17 19:33:14.289  5215  5215 D wpa_supplicant: CTRL-DEBUG: global_ctrl_sock-sendto: sock=16 sndbuf=229376 outq=0 send_len=3
12-17 19:33:14.340  1795  3957 E IzatSvc_OSObserver: I/LocTech-Label :: OSOBSERVER :: Data Items In
12-17 19:33:14.372  3626  3626 E PTM.FileNodeInfo: getTempInfo error: null, 0
12-17 19:33:14.382  1795  2737 W WifiProJNI: poll before: g_monitor_fd =310
12-17 19:33:14.384  1795  2739 I HuaweiWifiWatchdogStateMachine:  pkt chk not bad, reset sc to 0.
12-17 19:33:14.469  1795  1795 D PowerManagerService: Releasing suspend blocker "PowerManagerService.Broadcasts".
12-17 19:33:19.270  2852  2852 D HwCust  : Create obj success use class android.app.HwCustNotificationImpl
12-17 19:33:19.290  2852  2852 I StackScrollAlgorithm: updateDimmedActivatedHideSensitive overlap:true
12-17 19:33:42.129  2852  2852 I KgBattery: BatteryInfo updated:  3lpc-1
12-17 19:33:42.136  1795  1825 D HwPowerManagerService: isDisplayFeatureSupported feature:1
12-17 19:33:42.210  2852  2852 D BarTransitions.HwPhoneStatusBarView: applyModeBackground oldMode=MODE_OPAQUE newMode=MODE_TRANSLUCENT animate=false
12-17 19:33:42.255  1795  6986 D WindowManager: mKeyguardDelegate.ShowListener.onDrawn.
12-17 19:33:42.263  1795  2750 I QTI PowerHAL: Got set_interactive hint
12-17 19:33:42.272  3608  3608 D InCall  : AnswerPresenter - onCallListChange callList=com.android.incallui.CallList@86c7f97
12-17 19:33:42.283  2852  2852 I NotificationGroupManager: onEntryRemovedInternal:0|com.android.incallui|2|null|1001, group=0|com.android.incallui|2|null|1001
12-17 19:33:42.340  5224  5283 I Step_DataCache: 20002302|getTodayTotalSteps 4198
12-17 19:33:42.527  2852  2852 D HwCust  : Create obj success use class android.app.HwCustNotificationImpl
12-17 19:33:42.530  1795  2708 D HwPFWLogger: PFW.HwPFWService:handle PFW_MSG_SYSTEM
12-17 19:33:42.534  1795  2670 D WifiController: DeviceActiveState{ when=-2ms what=155650 target=com.android.internal.util.StateMachine$SmHandler }
12-17 19:33:42.561  1795  2736 E hwintelligencewifi: getCurrentCellid type type = PHONE_TYPE_GSM
12-17 19:33:42.646  1795  1825 D DisplayPowerController: Display ready!
12-17 19:33:42.688  2852  2852 I ToggleSlider:  mSeekListener onProgressChanged progress:3504 fromUser:false
12-17 19:33:42.728 17238 17252 D Bth     : BtChrStatisticsManager:msg Loop is running.
12-17 19:33:42.748  5215  5215 D wpa_supplicant: IEs - hexdump(len=194): 00 0f 48 75 61 77 65 69 2d 45 6d 70 6c 6f 79 65 65 01 08 82 84 0b 16 0c 12 18 24 03 01 01 05 04 ...
12-17 19:33:42.749  5215  5215 D wpa_supplicant: IEs - hexdump(len=194): 00 0f 48 75 61 77 65 69 2d 45 6d 70 6c 6f 79 65 65 01 08 82 84 0b 16 0c 12 18 24 03 01 0d 05 04 ...
12-17 19:33:42.757  5215  5215 D wpa_supplicant: CTRL_IFACE monitor sent successfully to /data/misc/wifi/sockets/wpa_ctrl_1795-194\x00
12-17 19:33:42.758  5215  5215 D wpa_supplicant: random pool - hexdump(len=128): [REMOVED]
12-17 19:33:42.758  5215  5215 D wpa_supplicant: Add randomness: count=880 entropy=483
12-17 19:33:42.775  5215  5215 E wpa_supplicant: bssid=80:38:bc:0b:14:80;freq=2452;level=-91;flags=11;ssid=wlanaccessv2.0;
12-17 19:33:43.299  1795  3253 D PowerManagerService: Releasing suspend blocker "PowerManagerService.WakeLocks".
12-17 19:33:43.324  2852  2822 D KeyguardService: Caller checkPermission fail
12-17 19:33:43.324  2852  2852 V KeyguardStatusView: Disable transport text marquee
12-17 19:33:43.331   835   835 I fingerprintd: FingerprintDaemonProxyEx::onTransact, code:1002
12-17 19:33:43.348   606  2379 E libteec : receive data len = 128
12-17 19:33:43.376  1795  2668 D WifiP2pService: DefaultState{ when=-2ms what=143467 target=com.android.internal.util.StateMachine$SmHandler }
12-17 19:33:43.377   606  2379 E libteec : QSEECom_send_cmd return!
12-17 19:33:43.385  1795  2671 D WifiStateMachine:  L2ConnectedState CMD_SET_SUSPEND_OPT_ENABLED  rt=123085937/442959748 1 0
12-17 19:33:43.391  1795 16499 I NotificationManager: enqueueNotificationInternal: pkg=com.huawei.health id=10010 notification=Notification(pri=0 contentView=null vibrate=null sound=null defaults=0x0 flags=0x2 color=0x00000000 vis=PRIVATE)
12-17 19:33:43.424  1795 15988 W NetworkStatsFactory: mStatsXtProcUid: /proc/net/comm/stats does not exist!
12-17 19:33:43.514  2852  2852 I NotificationContentView: transferRemoteInputFocus: 0
12-17 19:33:43.539  1795  3957 E IzatSvc_OSObserver: I/LocTech-Value :: Data Item Value: IS_SCREEN_ON: false
12-17 19:33:43.675  1795  1795 D PowerManagerService: Releasing suspend blocker "PowerManagerService.Broadcasts".
12-17 19:34:47.650  1795  2323 E UsbDeviceManager: java.io.FileNotFoundException: sys/class/hw_power/charger/charge_data/water_intrused (No such file or directory)
12-17 19:34:47.650  1795  2323 E UsbDeviceManager: 	at android.os.FileUtils.readTextFile(FileUtils.java:267)
12-17 19:34:55.837  1795  2323 E UsbDeviceManager: 	at java.io.FileInputStream.open(Native Method)
12-17 19:34:55.932  1795  1795 D HwConnectivityService: pid=1000, cmd=100, param=0
12-17 19:34:55.933  5215  5215 D wpa_supplicant: OKC-Native: Append done!
12-17 19:34:56.173  5224  5283 I Step_SharedPerferenceUtils: 20002302|setTodayTotalDetailSteps to Prefence todaySendorSteps=1481974380000##4236##172189##0##0##443032537
12-17 19:34:56.182  1795  1795 I NotificationManager: updateLightsLocked,turn off notificationLight
12-17 19:34:56.190  2852  2852 I NotificationGroupManager: onEntryRemovedInternal:0|com.android.incallui|2|null|1001, group=0|com.android.incallui|2|null|1001
12-17 19:34:56.196  2852  2852 I StackScrollAlgorithm: overlapAmount:763.6, previousNotificationEnd:607.0, newYTranslation:-156.59998, location:2, i:1, getTopPadding:499.0, getLocationOnScreen():-36
12-17 19:34:56.204  3382  3382 I SendBroadcastPermission: action:com.qualcomm.intent.action.ACTION_UNSOL_RESPONSE_OEM_HOOK_RAW, mPermissionType:0
12-17 19:34:56.208  1795  2670 D WifiController: DefaultState what=155650
12-17 19:34:56.219  1795  3238 I ActivityManager_broadcast: Enqueueing ordered broadcast[background] BroadcastRecord{c7177b4 u-1 android.intent.action.PRECISE_CALL_STATE}: prev had 0
12-17 19:34:56.220  3168  3168 I CHR_ChrCallServiceTracker0: PreciseCallStateChanged---> mSubId:0,mNewRingingCallState:0,getRingingCallState:0,getForegroundCallState:1,getBackgroundCallState:0
12-17 19:34:56.241  3218  4159 W PhoneInterfaceManager: shouldBlockLocation running ...
12-17 19:34:56.253  1795  3884 I qti_sensors_hal: batch:sensor(android.sensor.accelerometer) handle:0 flags:0x0 period_ns 200000000
12-17 19:34:56.265  1795 16498 D PowerManagerService: ready=false,policy=3,wakefulness=1,wksummary=0x11,uasummary=0x1,bootcompleted=true,boostinprogress=false,waitmodeenable=false,mode=true,manual=33,auto=-1,adj=0.0userId=0
12-17 19:34:56.270  1795  3884 I qti_sensors_hal: 0xcd, 0xb0, 0x24, 0x3e
12-17 19:34:56.272  3608  3608 D InCall  : StatusBarNotifier - cancelInCall()...
12-17 19:34:56.273  3608  3608 D InCall  : VideoPauseController: - VideoPauseController:onPrimaryCallChanged: Old call = CallContext {CallId=Call_10, State=3, VideoState=0}
12-17 19:34:56.273  1795  1825 E huawei_ProximitySensor_CPP_Test: write 200 failed
12-17 19:34:56.285  1795 20551 I Telecom : BluetoothManager: isBluetoothAudioConnected: ==> FALSE (null mBluetoothHeadset): CSW.sD->ICTP.r@EsU_2
12-17 19:34:56.286  1046  1046 V APM_AudioPolicyManager: selectOutput() commonFlags for output 29, 0000
12-17 19:34:56.294  3608  3608 I CallUtils: cause :97
12-17 19:34:56.294  3608  3608 I CallUtils: cause :53
12-17 19:34:56.303  1795  1795 I Sensor  : updateLightsLocked --> mBatteryLight.turnOff
12-17 19:34:56.344  1795  1809 I WindowManager: Finished screen turning on...
12-17 19:34:56.346  2852  2852 D KGWallpaper_Magazine: getNextIndex: 0; from 5 to 5; size: 44
12-17 19:34:56.354  3466  3466 I Contacts: DialpadFragment Sim presence : 1
12-17 19:34:56.354  2883  2996 I HwSystemManager: NatTrafficNotifyService:delta byte = 0 no traffic delta = 0Traffic state is 301
12-17 19:34:56.377  1795  3111 D PowerManagerService: ready=true,policy=3,wakefulness=1,wksummary=0x1,uasummary=0x1,bootcompleted=true,boostinprogress=false,waitmodeenable=false,mode=true,manual=33,auto=-1,adj=0.0userId=0
12-17 19:34:56.381  1046  2704 I Huawei_audio_cust: get_spk_pa_type: pa is max98925
12-17 19:34:56.389  1046  1125 V msm8916_platform: platform_get_native_support:napb: ui Prop enabled(0) version(0)
12-17 19:34:56.393  5215  5215 D wpa_supplicant: nl80211: Drv Event 34 (NL80211_CMD_NEW_SCAN_RESULTS) received for wlan0
12-17 19:34:56.394  1795  5219 D WifiMonitor: Dispatching event to interface: wlan0
12-17 19:34:56.395  5215  5215 D wpa_supplicant: CTRL-DEBUG: ctrl_sock-sendmsg: sock=16 sndbuf=229376 outq=4608 send_len=24
12-17 19:34:56.399  1046  1125 D msm8916_platform: platform_set_channel_map: set mapping(1 2 0 0 0 0 0 0) for channel:2
12-17 19:34:56.414  2852  2852 I HwBrightnessUtils:  getSeekBarProgress isAutoMode:true current brightness:43 percentage:0.35544524
12-17 19:34:56.416  5215  5215 D wpa_supplicant: CTRL-DEBUG: global_ctrl_sock-sendto: sock=16 sndbuf=229376 outq=0 send_len=3673
12-17 19:34:56.427  5215  5215 E wpa_supplicant: bssid=80:38:bc:0b:29:e1;freq=2452;level=-61;flags=11;ssid=Huawei-Employee;
12-17 19:34:56.443  1046  9752 I APM_AudioPolicyManager: setStreamVolumeIndex() stream 8, device 0x0001, index 15
12-17 19:34:56.447  1795  2739 I HuaweiWifiWatchdogStateMachine: spd good count:0, add sc:0.0, rate:1.0
12-17 19:34:56.469  5224  5224 I Step_LSC: 20002302|logicalDealBroadcastEvent : Intent { act=android.intent.action.SCREEN_ON flg=0x50000010 }
12-17 19:34:56.511  2852  2852 I NotificationContentView: transferRemoteInputFocus: 0
12-17 19:34:56.614  2852  2852 I TimeManager: chinaDateTime:晚上7:34
12-17 19:34:56.722  1046  1125 D audio_hw_extn: audio_extn_set_anc_parameters: anc_enabled:0
12-17 19:34:56.723  1046  1125 V audio_hw_primary: adev_set_parameters: exit with code(0)
12-17 19:34:56.735  1046  1125 D hardware_info: hw_info_append_hw_type : device_name = voice-handset
12-17 19:34:56.737  1795  1795 D HwCHRWifiCellID: 0 1 voice home data home 中国移动 中国移动 46000 中国移动 中国移动 46000  GSM Unknown CSS not supported -1 -1 RoamInd=-1 DefRoamInd=-1 EmergOnly=false IsDataRoamingFromRegistration=false
12-17 19:34:56.737  1795  1795 D HwMultiNlpPolicy: setRegistedNetwork 46000
12-17 19:34:56.743  2852  2852 W HwLockScreenPanel: Handle message: 117
12-17 19:34:56.744  7741  7741 E Mms_TXM_SVC: isSecondaryUser() start 
12-17 19:34:56.799  1795  1825 D AutomaticBrightnessController: ambient lux=46.0,timeStamp =443033162250000
12-17 19:34:56.813  1046  1125 D msm8916_platform: platform_can_split_snd_device: snd_device(1) num devices(1) new_snd_devices(1)
12-17 19:34:56.813  1046  1125 D ACDB-LOADER: ACDB -> ACDB_CMD_GET_AFE_COMMON_TABLE
12-17 19:34:56.884  1795  1809 I WindowManager: Application requested orientation 1, got rotation 0 which has compatible metrics
12-17 19:34:56.996  1795  2748 D HwAmbientLuxFilterAlgo: earliestValidTime + POWER_ON_DARKENING_LIGHT_DEBOUNCE
12-17 19:34:57.458  3608  3608 I InCall  : VideoCallPresenter - onStateChange primaryChanged=false
12-17 19:34:57.462  3608  3608 I InCall  : CallList - no active call on sub 0
12-17 19:34:57.499  1795  1821 V HwPhoneWindowManager: updateSystemUiColorLw window=Window{f940f4f u0 com.huawei.espacev2/com.huawei.espace.module.main.ui.MainActivity},EmuiStyle=0,StatusBarColor=0xff000000,NavigationBarColor=0xff000000, mLastIsEmuiLightStyle=-1
12-17 19:34:57.624  3382  3399 D QcrilMsgTunnelSocket: Rcvd UNSOL response with 28 bytes data for SUB0
12-17 19:34:57.714  3218  3218 D HwQcomVolteChrService: getDefaultPhone phone = Handler (com.android.internal.telephony.GsmCdmaPhone) {6d6dfc5}
12-17 19:34:57.831 17709 17709 D HwIntelligent3_OverseasStateManagerImp: onServiceStateChanged curCountry : CNsimCountry : CN
12-17 19:34:57.832  7741  7741 D Mms_TX_ServiceStateChangeReceiver: in service, start TransactionService
12-17 19:34:57.886  3168  3307 I CHR_TelStatusListenr0: stepAtomic
12-17 19:34:58.639  4690  4690 D KeyEvent: obtain, mHwFlags=-1291845632
12-17 19:34:58.701  1795  1809 I MultiTaskManagerService: onForegroundActivitiesChanged pid = 3879, uid = 10061
12-17 19:34:58.750  2852  2852 D TintTextView: #B3FFFFFF com.android.systemui.tint.TintTextView{3f96501 V.ED..... ........ 0,1-66,43 #7f1401be app:id/battery_outside_percent}
12-17 19:34:58.750  2852  2852 I HwStatusBarIconController: applyIconTint
12-17 19:34:58.750  3879  4071 E HW-JPEG-DEC: [HME_JPEG_DEC_Delete](3298): HME_JPEG_DEC_Delete: decoder_ctx=null
12-17 19:34:58.782  1795  3225 I ActivityManager: Start proc 20602:com.huawei.android.totemweather:remote/u0a28 for service com.huawei.android.totemweather/com.baidu.location.f
12-17 19:34:58.802  1795  2748 D HwAmbientLuxFilterAlgo: earliestValidTime + POWER_ON_DARKENING_LIGHT_DEBOUNCE
12-17 19:34:58.903  3218  6115 I PhoneInterfaceManager: shouldBlockLocation  ret:false
12-17 19:34:58.914  1795  3225 D PowerManagerService: ready=true,policy=3,wakefulness=1,wksummary=0x0,uasummary=0x1,bootcompleted=true,boostinprogress=false,waitmodeenable=false,mode=true,manual=33,auto=-1,adj=0.0userId=0
12-17 19:34:58.920  5224  5224 I Step_LSC: 20002302|onStandStepChanged 65612
12-17 19:34:59.025  5224  5283 I Step_HSNH: 20002302|upDateHealthNotification()|91|3.02|4237
12-17 19:34:59.037  2852  2852 D HwCust  : Create obj success use class android.app.HwCustNotificationImpl
12-17 19:34:59.112  1795  1809 I MultiTaskManagerService: onForegroundActivitiesChanged pid = 633, uid = 10102
12-17 19:34:59.702  3218  4159 I PhoneInterfaceManager: shouldBlockLocation  ret:false
12-17 19:35:00.069  3879  3879 I HwLauncher: FPSMonitor  [Launcher , dispatchTouchEvent end, false, true] down event  x = 460 y = 747
12-17 19:35:00.262  2852  2852 I HwPhoneStatusBarTransitions: restoreBackgroundColor:new=1711276032, old=0
12-17 19:35:00.289  1795 20747 W ActivityManager: getTasks: caller 10105 does not hold REAL_GET_TASKS; limiting output
12-17 19:35:00.294  2852  2852 D HwRecentsLockUtils: search
12-17 19:35:00.431  1795  2728 D WifiHW  : wifi_send_command: cmd:'IFNAME=wlan0 PKTCNT_POLL'
12-17 19:35:01.106  1795  2376 D PowerManagerService: Acquiring suspend blocker "PowerManagerService.WakeLocks".
12-17 19:35:01.115  2852  2852 I HwDateUtils: formatChinaDateTime, change to China normalTime:晚上7:35
12-17 19:35:01.194 18589 18731 I memcheck: needTrimMemory: trimFrom = 0, avail = 937148, vmSize = 2202776, vssLimit = 4190896, totalPss = 85712, pssLimit = 2876772, agressiveGrowthLimit = 1150708, gentleGrowthLimit = 2013740, availablePmThreshold = 221184, availableVmThreshold = 153600
12-17 19:35:02.004  5224  5283 I SendBroadcastPermission: action:android.com.huawei.bone.NOTIFY_SPORT_DATA, mPermissionType:0
12-17 19:35:02.005  1795 11747 I HwActivityManagerService: Split enqueueing broadcast [callerApp]:ProcessRecord{580cfb2 5224:com.huawei.health:DaemonService/u0a99}
12-17 19:35:02.682  1795  1805 I ActivityManager_service: bindServiceLocked, r: ServiceRecord{bdd6d58 u0 euid: 0 com.android.mms/.transaction.TransactionService}, euid: 0
12-17 19:35:02.754  1795  2381 D libfingersense_wrapper: Calling fingersense_touch_up()
12-17 19:35:03.003  5224  5283 I Step_HSNH: 20002302|upDateHealthNotification()|91|3.03|4241
12-17 19:35:03.227  1795 11745 I ActivityManager_broadcast: collectReceiverComponents, callerApp: ProcessRecord{5299443 4690:com.baidu.input_huawei/u0a74}, intent:com.tencent.mm.plugin.openapi.Intent.ACTION_HANDLE_APP_REGISTER, receiver size:1, flags: 10000400
12-17 19:35:03.834  1795  1795 I MQoS    : received cell-signal:5
12-17 19:35:04.482  1795  5350 I MQoS    : QOS_level:0(0),DataDisable;use level-0
12-17 19:35:05.000  2852  2852 D HwCust  : Create obj success use class android.app.HwCustNotificationImpl
12-17 19:35:05.192  5215  5215 E wpa_supplicant: RSSI=-55;LINKSPEED=72;NOISE=9999;FREQUENCY=2452;
12-17 19:35:07.869  5224  5224 I Step_LSC: 20002302|compensate received
12-17 19:35:07.972  5224  5283 I SendBroadcastPermission: action:android.com.huawei.bone.NOTIFY_SPORT_DATA, mPermissionType:0
12-17 19:35:09.333  1795  2748 D HwAmbientLuxFilterAlgo: updateAmbientLux: Darkened, mAmbientLightRingBuffer=[102.0 / 71ms, 90.0 / 301ms, 75.0 / 301ms, 75.0 / 300ms, 276.0 / 301ms, 179.0 / 301ms, 112.0 / 300ms, 32.0 / 301ms, 23.0 / 301ms, 24.0 / 300ms, 24.0 / 301ms, 28.0 / 301ms, 34.0 / 301ms, 45.0 / 301ms, 70.0 / 300ms, 72.0 / 301ms, 72.0 / 300ms, 49.0 / 302ms, 28.0 / 301ms, 21.0 / 301ms, 13.0 / 301ms, 10.0 / 301ms, 10.0 / 301ms, 9.0 / 300ms, 6.0 / 301ms, 4.0 / 302ms, 3.0 / 301ms, 3.0 / 301ms, 3.0 / 301ms, 3.0 / 301ms, 2.0 / 301ms, 2.0 / 301ms, 2.0 / 301ms, 2.0 / 301ms, 2.0 / 0ms], mAmbientLux=2.0,s=5.0,ss=61.129047,needBs=false,needDs=false
12-17 19:35:09.347  1795  2750 D HW_DISPLAY_EFFECT: presently, hw_update_color_temp_for_rg_led interface not achieved.
12-17 19:35:09.841  3858  4126 I amsnl   : c: true, w: true, t: false, l: false
12-17 19:35:10.148  1795  2750 D HW_DISPLAY_EFFECT: presently, hw_update_color_temp_for_rg_led interface not achieved.
12-17 19:35:10.649  2852  2852 I HwBrightnessUtils:  getSeekBarProgress isAutoMode:true current brightness:27 percentage:0.26507172
12-17 19:35:10.892  1795  2750 D HW_DISPLAY_EFFECT: presently, hw_update_color_temp_for_rg_led interface not achieved.
12-17 19:35:10.959  2852  2925 I EventCenter: ContentChange for slot: 1
12-17 19:35:11.129  2852  2852 I HwBrightnessController: onChange selfChange:false uri.toString():content://settings/system/screen_auto_brightness mIsObserveAutoBrightnessChange:true
12-17 19:35:11.210  2852  2852 I HwBrightnessController: onChange selfChange:false uri.toString():content://settings/system/screen_auto_brightness mIsObserveAutoBrightnessChange:true
12-17 19:35:11.306  1795  2750 D HW_DISPLAY_EFFECT: presently, hw_update_color_temp_for_rg_led interface not achieved.
12-17 19:35:11.711  2852  2852 I ToggleSlider:  mSeekListener onProgressChanged progress:1669 fromUser:false
12-17 19:35:11.721  1795  2750 I HwLightsService: back light level before map = 573
12-17 19:35:11.987  1795  2750 D HW_DISPLAY_EFFECT: presently, hw_update_color_temp_for_rg_led interface not achieved.
12-17 19:35:12.107  2852  2852 I HwBrightnessController: updateSlider1 seekBarProgress:1135
12-17 19:35:12.249  1795  2750 D HW_DISPLAY_EFFECT: presently, hw_update_color_temp_for_rg_led interface not achieved.
12-17 19:35:12.943  5224  5283 I Step_LSC: 20002302|REPORT : 4254 90725 3025 0
12-17 19:35:12.956  2852  2852 D DateTimeView: Change to single clock mode!
12-17 19:35:14.252  5215  5215 E wpa_supplicant: RSSI=-44;LINKSPEED=72;NOISE=9999;FREQUENCY=2452;
12-17 19:35:15.056  2852  2925 I EventCenter: ContentChange for slot: 1
12-17 19:35:15.066  1795  2750 D HW_DISPLAY_EFFECT: presently, hw_update_color_temp_for_rg_led interface not achieved.
12-17 19:35:15.224  1795 11747 I PGManagerService: proxyBroadcast:[com.android.browser] proxy:true
12-17 19:35:15.395  1795  2750 D HW_DISPLAY_EFFECT: presently, hw_update_color_temp_for_rg_led interface not achieved.
12-17 19:35:15.531  2852  2852 I HwBrightnessController: updateSlider2 seekBarProgress:2012
12-17 19:35:15.581  2852  2852 I ToggleSlider:  mSeekListener onProgressChanged progress:2090 fromUser:false
12-17 19:35:15.634  4492  4492 W IInputConnectionWrapper: finishComposingText on inactive InputConnection
12-17 19:35:15.644  1795  3253 I HwActivityManagerService: keyAppBroadcastQueueForIntent intent Intent { flg=0x10 cmp=com.tencent.mm/.booter.MMReceivers$ToolsProcessReceiver (has extras) } on bgkeyapp queue
12-17 19:35:15.676  1795  2750 D HW_DISPLAY_EFFECT: presently, hw_update_color_temp_for_rg_led interface not achieved.
12-17 19:35:15.829  5224  5283 I Step_DataCache: 20002302|getTodayTotalSteps 4254
12-17 19:35:15.842  1795  3247 W ActivityManager: getRunningAppProcesses: caller 10009 does not hold REAL_GET_TASKS; limiting output
12-17 19:35:15.843  3858  4126 I amsnl   : m2: false, m3: false
12-17 19:35:15.934  1795  2671 D HwWifiConnectivityManager: handleScanCounterChanged,reason: 0, mHwSingleScanCounter: 2
12-17 19:35:15.940  5215  5215 D wpa_supplicant: nl80211: Drv Event 33 (NL80211_CMD_TRIGGER_SCAN) received for wlan0
12-17 19:35:15.954  1795 16498 W ActivityManager: getRunningAppProcesses: caller 10105 does not hold REAL_GET_TASKS; limiting output
12-17 19:35:16.452  3879  4071 D HwLauncher: Launcher.LauncherProvider  launcher-restore query - uri:content://com.huawei.android.launcher.settings/badge
12-17 19:35:16.496  5215  5215 D wpa_supplicant: CTRL_IFACE monitor sent successfully to /data/misc/wifi/sockets/wpa_ctrl_1795-194\x00
12-17 19:35:16.501  5215  5215 D wpa_supplicant: random pool - hexdump(len=128): [REMOVED]
12-17 19:35:16.501  5215  5215 D wpa_supplicant: Add randomness: count=895 entropy=498
12-17 19:35:19.897   533  3739 E ANDR-PERF-MPCTL: Invalid profile no. 0, total profiles 0 only
12-17 19:35:21.370  1795  2748 D HwAmbientLuxFilterAlgo: t=123118987,BT=123119385,DT=123122987,BT1=123122385,DT1=123126987,Bn=false,Dn=false,lx=[129.0/123117483, 128.0/123117784, 156.0/123118085, 180.0/123118385, 217.0/123118686, 217.0/123118987],mLx=17.0,s=5.0,ss=27.347492,AuIntervened=false,mProximityState=false,bLux=176.0,dLux=3.5,bLux1=176.0,dLux1=3.5
12-17 19:35:24.671  1795  2380 I TransactionSponsor: Transact:getHwAdminCachedValue to device policy manager service.
12-17 19:35:25.866  2852  2852 D TintTextView: #B3FFFFFF com.android.systemui.tint.TintTextView{7ea3fda V.ED..... ......ID 0,0-0,0 #7f1403e3 app:id/speed}
12-17 19:35:25.916  1795 16501 D ActivityManager: Skipping, withExcluded: false, tr.intent:Intent { act=android.intent.action.VIEW dat=https://service.10046.mi.com/... flg=0x10800000 cmp=com.android.browser/.BrowserActivity (has extras) }
12-17 19:35:26.004  1795  3139 D PowerManagerService: ready=true,policy=3,wakefulness=1,wksummary=0x0,uasummary=0x1,bootcompleted=true,boostinprogress=false,waitmodeenable=false,mode=true,manual=33,auto=-1,adj=0.0userId=0
12-17 19:35:26.213  1795  1809 I MultiTaskManagerService: onForegroundActivitiesChanged pid = 4492, uid = 10105
12-17 19:35:28.475  1795  2739 D HuaweiWifiWatchdogStateMachine: ### mPktChkBadCnt=0
12-17 19:35:28.911   533  3739 E ANDR-PERF-MPCTL: Invalid profile no. 0, total profiles 0 only
12-17 19:35:29.368  1795  2671 V HwWifiServiceFactory: get AllImpl object = com.android.server.wifi.HwWifiServiceFactoryImpl@c332618
12-17 19:35:29.607   633   692 I TCP     : msg.recv{4490} TcpClientThread.onRecv(TcpClientThread.java:515) TCP Msg 28TCP_OK
12-17 19:35:31.360  3879  4071 I HwLauncher: BadgeContentObserver newBadgeNumber:1,oldBadgeNumber:0 mComponentName : ComponentInfo{com.tencent.mm/com.tencent.mm.ui.LauncherUI}
12-17 19:35:31.424  5215  5215 D wpa_supplicant: wlan0: Control interface command 'PKTCNT_POLL'
12-17 19:35:33.880  1795  1795 I TrafficMonitor: expired arrive. level:-1
12-17 19:35:36.459  1795  2728 D HwArpVerifier: mAccessWebStatus : rx = 0, tx = 0
12-17 19:35:36.509  1795  2739 D HuaweiWifiWatchdogStateMachine: 80:38:bc:08:42:c1 history loss[-45]=0.02%, volume=189530
12-17 19:35:36.510  1795  1795 D WifiProJNI: send_cmd_kernel: cmd=7
12-17 19:35:36.510  1795  2737 D WifiProJNI: Received kernel message payload: event 0
12-17 19:35:36.511  1795  2737 W WifiProJNI: poll before: g_monitor_fd =310
12-17 19:35:36.512  1795  2739 D HuaweiWifiWatchdogStateMachine: detectNetworkAvailable:hw.wifipro.dns_fail_count = 1001
12-17 19:35:36.587  2852  2852 I NotificationContentView: transferRemoteInputFocus: 0
12-17 19:35:42.483  1795  2728 E HwCHRWebMonitor: HwCHRWifiUIDWebSpeed [appName=com.tencent.mm UID=10105  WEBSENDSEGS=2  WEBRESENDSEGS=0  WEBRECVSEGS=2  WEBERRSEGS=0  WEBOUTRSTS=0  WEBESTABLISRST=0  WEBRTTDURATION=1  WEBRTTSEGS=1  WEBSNDDUPACKS=0  suckTimes=0 recovage_times=0]
12-17 19:35:44.547  1795  2748 D HwAmbientLuxFilterAlgo: t=123142164,BT=123143164,DT=123146164,BT1=123146164,DT1=123150164,Bn=false,Dn=false,lx=[130.0/123140660, 130.0/123140961, 128.0/123141262, 123.0/123141562, 130.0/123141863, 129.0/123142164],mLx=17.0,s=5.0,ss=0.38639292,AuIntervened=false,mProximityState=false,bLux=176.0,dLux=3.5,bLux1=176.0,dLux1=3.5
12-17 19:35:44.962  1795  1819 I InputDispatcher: frozenCheckLocked mDispatchFrozen=0 mNextUnblockedEvent=0
12-17 19:35:49.851  1795  2750 D HW_DISPLAY_EFFECT: presently, hw_update_color_temp_for_rg_led interface not achieved.
12-17 19:35:49.982  1795  2750 D HW_DISPLAY_EFFECT: presently, hw_update_color_temp_for_rg_led interface not achieved.
12-17 19:35:50.977  1795  2750 D HW_DISPLAY_EFFECT: presently, hw_update_color_temp_for_rg_led interface not achieved.
12-17 19:35:51.616  1795  2396 D PowerManagerService: Releasing suspend blocker "PowerManagerService.WakeLocks".
12-17 19:35:52.488  5215  5215 D wpa_supplicant: CTRL-DEBUG: global_ctrl_sock-sendto: sock=16 sndbuf=229376 outq=0 send_len=34
12-17 19:35:52.525  1795  1795 I WifiProJNI: ######### GET RTT:3 ########
12-17 19:35:53.696  2852  2852 I StackScrollAlgorithm: updateDimmedActivatedHideSensitive overlap:true
12-17 19:35:55.690  1795  1825 E PowerManagerService: startDreaming = true
12-17 19:35:55.766  2852  2852 V MagazineUtils: Is User Assigned Wallpaper? : 0  false
12-17 19:35:55.820   606  2379 E libteec : receive data len = 128
12-17 19:35:55.829  3180  3578 I ash     : com.tencent.mm { running duration=55675 } transition to: doze reason:
12-17 19:35:55.840   835  2385 E libteec : qsc_decode end
12-17 19:35:55.852  2852  2852 I BitmapUtils: 	at com.android.internal.os.ZygoteInit.main(ZygoteInit.java:831)
12-17 19:35:55.894  1795  1825 I PowerManager_screenOn: DisplayPowerStatesetColorFadeLevel: level=1.0967255E-4
12-17 19:35:55.945  1795  3238 D PowerManagerService: Releasing suspend blocker "PowerManagerService.WakeLocks".
12-17 19:35:56.156  1795  2750 D SurfaceControl: Excessive delay in setPowerMode(): 224ms
12-17 19:35:56.178  2852  2925 D KGWallpaper_Magazine: getNextIndex: -1; from 6 to 5; size: 44
12-17 19:35:56.205  1795  2671 D WifiStateMachine:  L2ConnectedState CMD_ENABLE_RSSI_POLL  rt=123153822/443092568 0 0
12-17 19:35:56.226  1046 26554 I Huawei_audio_cust: get_spk_pa_type: pa is max98925
12-17 19:35:56.253  1795  2665 D NetdConnector: RCV <- {200 11634 Tethering stats list completed}
12-17 19:35:56.257  1795  6988 D HwNetworkStatsService: mActiveIface: null
12-17 19:35:56.258  1795  6988 I SendBroadcastPermission: action:com.android.server.action.NETWORK_STATS_UPDATED, mPermissionType:0
12-17 19:35:56.263  1795  3077 D GnssLocationProvider: receive broadcast intent, action: android.intent.action.SCREEN_OFF
12-17 19:35:56.266  2852  2852 I vol.VolumeDialog: VolumeDialogController.Callbacks onScreenOff
12-17 19:35:56.325  7741  7741 D Mms_TX_NOTIFY: Get no-perm notification callback android.intent.action.SCREEN_OFF
12-17 19:35:56.328  5215  5215 D wpa_supplicant: wlan0: Scan completed in 0.388487 seconds
12-17 19:35:56.329  5215  5215 D wpa_supplicant: IEs - hexdump(len=194): 00 0f 48 75 61 77 65 69 2d 45 6d 70 6c 6f 79 65 65 01 08 82 84 0b 16 0c 12 18 24 03 01 0d 05 04 ...
12-17 19:35:56.330  5215  5215 D wpa_supplicant: IEs - hexdump(len=193): 00 0e 77 6c 61 6e 61 63 63 65 73 73 76 32 2e 30 01 08 82 84 0b 16 0c 12 18 24 03 01 01 05 04 00 ...
12-17 19:35:56.330  5215  5215 D wpa_supplicant: wlan0: BSS: Add new id 528 BSSID 80:38:bc:0a:f2:00 SSID 'wlanaccessv2.0' freq 2452
12-17 19:35:56.331  5215  5215 D wpa_supplicant: random pool - hexdump(len=128): [REMOVED]
12-17 19:35:56.336  5215  5215 E wpa_supplicant: bssid=80:38:bc:0b:04:40;freq=2472;level=-91;flags=11;ssid=wlanaccessv2.0;
12-17 19:36:01.795  1795  2670 D WifiController: StaEnabledState what=155652
12-17 19:36:01.798  3218  3218 D VideoCall_LowBattery: BatteryIntent received: android.intent.action.BATTERY_CHANGED
12-17 19:36:01.799  1795  2323 E UsbDeviceManager: 	at android.os.UEventObserver$UEventThread.sendEvent(UEventObserver.java:210)
12-17 19:36:01.800  1795  2323 E UsbDeviceManager: Error reading charge file
12-17 19:36:01.973  2852  2852 V KeyguardSecurityView: Container inflating id = 2130968798 : view Id 2132017669
12-17 19:36:01.977  2852  2852 W StatusBarWindowManager: Apply window without WALLPAPER
12-17 19:36:02.070  2852  2852 I TrafficPanelManager: hideTraffic
12-17 19:36:02.096  2852  2852 D KeyguardUpdateMonitor: onKeyguardVisibilityChanged(true)
12-17 19:36:02.104  2852  2852 V KeyguardUpdateMonitor: FingerStat Visible: true; Interactive: false; Switching: false; Bouncer:false; GoingToSleep: false Occluded: false; dreaming: false; Authenticated: false
12-17 19:36:02.641  2852  2852 I StackScrollAlgorithm: updateClipping isOverlap:false
12-17 19:36:02.718  1795  2323 E UsbDeviceManager: 	at android.os.FileUtils.readTextFile(FileUtils.java:267)
12-17 19:36:03.550  3180  3578 I ash     : huawei.w3 { running duration=961 } transition to: end, reason:not_running
12-17 19:36:03.560  1795  6988 I DisplayManagerService: stopWifiDisplayScanLocked record.mWifiDisplayScanRequested=false
12-17 19:36:03.637  1795  2376 I AlarmManager: set again repeat alarm: next ,nextElapsed = 443700000,repeatInterval = 900000
12-17 19:36:03.816  1795 20786 D PFW.HwPFWAppRestartPolicy: proc: com.tencent.mm:sandbox launch 1times, lastTimes = 1
12-17 19:36:03.818  1795 20787 E BatteryStatsService: no controller energy info supplied
12-17 19:36:04.596  1795  1795 D WifiProJNI: send_cmd_kernel: cmd=6
12-17 19:36:55.998   816  1562 W SocketListener: sending broadcast to Pid = 1795, Uid = 1000 
12-17 19:36:56.000  1795  2665 D NetdConnector: RCV <- {613 IfaceClass idle 1 443115094567860}
12-17 19:36:56.002  3180  3578 I ash     : proxy com.huawei.espacev2 broadcast OK !
12-17 19:36:56.048  3626  3626 E PTM.FileNodeInfo: getTempInfo error: null, 0
12-17 19:36:56.049  3626  3626 E PTM.FileNodeInfo: getTempInfo error: null, 0
12-17 19:36:56.088  1795  2665 D NetdConnector: RCV <- {613 IfaceClass active 1 443152450933985 1000}
12-17 19:37:25.643   816  1562 W SocketListener: sending broadcast to Pid = 1795, Uid = 1000 
12-17 19:37:25.897  1795  6986 D PowerManagerService: acquire lock=116683003, flags=0x1, tag="WakerLock:218529747", name=com.tencent.mm, ws=null, uid=10105, pid=4634
12-17 19:37:26.037  4492  4492 I MediaPlayer: setDataSource(157, 0, 576460752303423487)
12-17 19:37:26.108  1795  1795 I Sensor  : updateLight --> mIsNotificationExisting: true ledOnMS: 300 ledOffMS :1000
12-17 19:37:26.120  2852  2852 D StatusBar: updateNotification(StatusBarNotification(pkg=com.tencent.mm user=UserHandle{0} id=4097 tag=null key=0|com.tencent.mm|4097|null|10105: Notification(pri=1 contentView=null vibrate=[] sound=null tick defaults=0x0 flags=0x101 color=0x00000000 category=msg vis=PRIVATE)))
12-17 19:37:26.164  2852  2852 I TrafficPanelManager: hideTraffic
12-17 19:40:06.528  1795  2323 E UsbDeviceManager: 	at android.os.UEventObserver$UEventThread.run(UEventObserver.java:187)
12-17 19:40:06.551  3879  4071 I HwResourcesImpl: load icon id : 7f020360, pkgName : com.tencent.mm
12-17 19:40:06.569  3879  4071 I HwLauncher: Workspace updateCustomizeShortcuts view invalidate ShortcutInfo(title=微信)
12-17 19:40:23.237   835  2385 D fpc_fingerprint_hal: capture_image POWERPUSH speed up
12-17 19:40:23.303  1795  2750 D libfingersense_wrapper: fingersense_on_resume() finished
12-17 19:40:23.309  1795  1795 I AlarmManager: remove(null) changed bounds; rebatching
12-17 19:40:23.325  3382  3399 I SendBroadcastPermission: action:qualcomm.intent.action.ACTION_RAC_CHANGED, mPermissionType:0
12-17 19:40:23.475  2852  2925 I EventCenter: ContentChange for slot: 1
12-17 19:40:23.514   606  2379 E libteec : send data return = 256
12-17 19:40:23.514   835  2385 E libteec : receive data len = 256
12-17 19:40:23.548  2852  2852 I StackScrollAlgorithm: state.clipTopAmount:299, i:0
12-17 19:40:23.548  2852  2852 I StackScrollAlgorithm: overlapAmount:198.0, previousNotificationEnd:-84.0, newYTranslation:-282.0, location:8, i:1, getTopPadding:499.0, getLocationOnScreen():-822
12-17 19:40:23.558   606  2379 E libteec : send data return = 128
12-17 19:40:23.598  1795  3110 D StatusBarManagerService: manageDisableList userId=0 what=0x0 pkg=com.android.systemui
12-17 19:40:23.619  1795  2396 I HwActivityManagerService: Split enqueueing broadcast [callerApp]:ProcessRecord{506ad58 2852:com.android.systemui/u0a33}
12-17 19:40:23.626  1795  1795 E qti_sensors_hal: read from oem info: data_valid_flag=0x55
12-17 19:40:23.631 32607 32607 W ContextImpl: Calling a method in the system process without a qualified user: android.app.ContextImpl.startService:1527 android.content.ContextWrapper.startService:613 android.content.ContextWrapper.startService:613 com.huawei.betaclub.receiver.RouteSystemReceiver.onReceive:17 android.app.ActivityThread.handleReceiver:3177 
12-17 19:40:23.635  1795  2665 D NetdConnector: RCV <- {200 11640 Tethering stats list completed}
12-17 19:40:23.642  2852  2852 I StackScroller: setScrollingEnabled: true
12-17 19:40:23.658  1795 17832 D PowerManagerService: Releasing suspend blocker "PowerManagerService.WakeLocks".
12-17 19:40:23.659 32607 32607 I BetaClub: [PollingService.onStartCommand]Start
12-17 19:40:23.677  1795  1795 D HwConnectivityService: receive ACTION_USER_PRESENT and unlock.
12-17 19:40:23.692  3218  6115 E HW-JPEG-DEC: [HME_JPEG_DEC_Delete](3298): HME_JPEG_DEC_Delete: decoder_ctx=null
12-17 19:40:23.720  5215  5215 D wpa_supplicant: wlan0: Own scan request started a scan in 0.000117 seconds
12-17 19:40:23.720  2852  2852 I HwNotificationIconAreaController: showNotificationAll
12-17 19:40:23.725  1795  1795 E         : Lib:oem_qmi_cmd: Send to server  passed!!
12-17 19:40:23.732  2852  2852 I HwSignalClusterView: apply hwPhoneState.mSubId:0 anyMobileVisible:false mIsAirplaneMode:false, mobileGroupVisible=true
12-17 19:40:23.765 20818 20818 I art     : Starting a blocking GC AddRemoveAppImageSpace
12-17 19:40:23.809  3180  3578 D HwMultiWindowEx: isInMultiWindowMode ret: 0
12-17 19:40:23.812  1795  3975 E LocSvc_libulp: I/int ulp_msg_process_start_req(), at ulp state = 1
12-17 19:40:23.812  3626  4889 E PTM.FileNodeInfo: getTempInfo error: null, 0
12-17 19:40:23.818  3626  4889 E PTM.FileNodeInfo: getTempInfo error: null, 0
12-17 19:40:23.818  3626  4889 E PTM.FileNodeInfo: getTempInfo error: null, 0
12-17 19:40:23.818  3626  4889 E PTM.FileNodeInfo: getTempInfo error: null, 0
12-17 19:40:23.827  3180  3578 I ash     : clear hibernation actions!
12-17 19:40:23.879  2852  2852 D HwCust  : Create obj success use class android.app.HwCustNotificationImpl
12-17 19:40:23.927  1795 16499 I AlarmManager: remove(PendingIntent{df1c554: PendingIntentRecord{7f86237 com.huawei.espacev2 broadcastIntent}}) changed bounds; rebatching
12-17 19:40:23.960 17238 17238 D Bth     : BtChrStatisticsManager:sendScreenOnEvent enter.
12-17 19:40:24.033 20818 20818 D BetaClub_LogUpload: 自杀进程 :myPid: 20818
12-17 19:40:24.096  5215  5215 D wpa_supplicant: CTRL-DEBUG: ctrl_sock-sendmsg: sock=16 sndbuf=229376 outq=0 send_len=42
12-17 19:40:24.103  1795  2671 I ActivityManager_broadcast: Enqueueing ordered broadcast[background] BroadcastRecord{59a3bf9 u-1 android.net.wifi.SCAN_RESULTS}: prev had 0
12-17 19:40:24.761  1795 16500 I ActivityManager_activity: startActivityMayWait, callerApp: ProcessRecord{c5c29c4 3879:com.huawei.android.launcher/u0a61}, intent: Intent { act=android.intent.action.MAIN cat=[android.intent.category.LAUNCHER] flg=0x10200000 cmp=com.tencent.mm/.ui.LauncherUI bnds=[276,650][540,933] }
12-17 19:40:24.863  4492  4492 I SendBroadcastPermission: action:com.tencent.mm.ui.ACTION_ACTIVE, mPermissionType:0
12-17 19:40:24.890  2852  2852 I PhoneStatusBarPolicy: updateBluetooth::bluetoothEnabled:false, bluetoothConnected=false, bluetoothTransfering=false
12-17 19:40:25.787  4492  4492 V AudioManager: playSoundEffect   effectType: 0
12-17 19:40:25.793  1795 16501 I AlarmManager: set(PendingIntent{bbb2b84: PendingIntentRecord{20bef6d com.tencent.mm broadcastIntent}}) : type=2 triggerAtTime=443632154 win=202498 tElapsed=443632154 maxElapsed=443834652 interval=0 flags=0x8
12-17 19:40:25.882   633   692 I TCP     : msg.recv{4490} TcpClientThread.disconnectSocket(TcpClientThread.java:369) disconnecting to 172.30.70.63(*):7801
12-17 19:40:25.912   633   692 I eSpaceService: LoginThread{6121} LoginC.doLoginByStep(LoginC.java:203) Login_By_Step-> at BeginConnect
12-17 19:40:26.208  1795  1812 I ActivityManager_broadcast: dispatch ordered broadcast [bgkeyapp] BroadcastRecord{5817bf0 u0 null}, has 1 receivers
12-17 19:40:26.592  1795  2728 D HwArpVerifier: AccessWebStatus : reset all
12-17 19:40:27.586  1795  2739 D HuaweiWifiWatchdogStateMachine: 80:38:bc:08:42:c1 current loss[-45]=0%, volume=57
12-17 19:40:29.279  1795  3884 I WindowManger_windowChange: oldFocusWindow: Window{4e22340 u0 com.tencent.mm/com.tencent.mm.ui.LauncherUI}, currentFocusWindow: null, currentFocusApp: AppWindowToken{b6efcd1 token=Token{a978b5b ActivityRecord{5f12a6a u0 com.tencent.mm/.ui.LauncherUI t383}}}
12-17 19:40:29.364  3879  4071 I HwLauncher: WeatherDynamicUpdater positiveUpdate at WeatherDynamicUpdater
12-17 19:40:29.387  2852  3328 I CommandQueue: updateBarBgColor
12-17 19:40:29.412  2852  2852 D TintTextView: #B3FFFFFF com.android.systemui.tint.TintTextView{29531d0 V.ED..... ........ 0,0-144,49 #7f14004e app:id/msim_status_bar_operators_card_one_id}
12-17 19:40:29.741  1795  1821 I ActivityManager_activity: windowsVisibleLocked(): ActivityRecord{930e418 u0 com.huawei.android.launcher/.unihome.UniHomeLauncher t297} idle: true
12-17 19:40:30.998  1795 15988 D HwInputMethodManagerService: ------------startInput--------------
12-17 19:40:31.056  2852  2852 I KeyguardUpdateMonitor: authenticate by 0 mode!
12-17 19:40:31.087   606  2379 E libteec : receive data len = 128
12-17 19:40:31.161  2852  2852 I BitmapUtils: 	at android.os.Handler.dispatchMessage(Handler.java:95)
12-17 19:40:31.161  2852  2852 W WallpaperPagerAdapter: getNextListIndex indexChecked after:1
12-17 19:40:31.206  1795  1825 I PowerManager_screenOn: DisplayPowerStatesetColorFadeLevel: level=0.0
12-17 19:40:31.226  1795  1825 D AutomaticBrightnessController: Disable LightSensor at time:123169775
12-17 19:40:31.494  1795  1795 D HwConnectivityService: wifi tethering: false
12-17 19:40:31.506  1046  2703 I Huawei_audio_cust: get_spk_pa_type: pa is max98925
12-17 19:40:31.506  1046  2703 D audio_hw_extn: audio_extn_set_anc_parameters: anc_enabled:0
12-17 19:40:31.549  2852  3556 I NetworkController.MobileSignalController(0): onDataActivity: direction=0
12-17 19:40:31.553  2852  2852 V KeyguardUpdateMonitor: *** unregister callback for null
12-17 19:40:31.584  2852  2852 I TrafficPanelViewContent: onShowStatusChange show:false
12-17 19:40:31.594  2852  2852 I PanelView: expand: false
12-17 19:40:31.607  2852  2852 V KeyguardDisplayManager: show
12-17 19:40:31.613  2852  2852 W DisabledFeatureUtils: Dis-Feature : 0
12-17 19:40:31.655  2852  2852 I SignalClusterView: applyIconTint ignore
12-17 19:40:31.664  2852  2852 I TrafficPanelManager: hideTraffic
12-17 19:40:31.764  2852  2852 I HwBackDropView: checkVisibility : true; true
12-17 19:41:30.556  1795  1819 D NetdConnector: RCV unsolicited event from native daemon, event = 613 IfaceClass idle 1 443383214297964
12-17 19:42:05.503  2852  2852 I TimeManager: chinaDateTime:晚上7:42
12-17 19:42:05.529  2852  2852 D KeyguardUpdateMonitor: received broadcast android.intent.action.TIME_TICK
12-17 19:42:05.571  1795 16499 W ActivityManager: getRunningAppProcesses: caller 10105 does not hold REAL_GET_TASKS; limiting output
12-17 19:42:05.626  1795  2728 D HwArpVerifier: AccessWebStatus : reset all
12-17 19:42:08.251  7741  7758 D TmoMonitor: Cache monitor msg as screen_off
12-17 19:42:23.124  7194  7208 I PushLog2824: [ReceiverDispatcher-336]enter isSupportCtrlSocketV2, mHasCheckCtrlSocketVersion:true,mIsSupportCtrlSokceV2:true(android/null:-1)
12-17 19:42:23.129  7194  7208 I PushLog2824: [ReceiverDispatcher-336]com.sina.weibo  in user 0 ,uid is 10137(android/null:-1)
12-17 19:42:24.251  1795  2739 I HuaweiWifiWatchdogStateMachine: POta txb txg rxg:0, 37, 0. Lr =0% Totpkt=37
12-17 19:42:24.326 20894 20910 I ChinaServerRequster: mLogUploadInfo.getLogDetailInfo():[{},{},{},{},{},{},{}]
12-17 19:42:24.893 20894 20910 I ChinaUploader: value: http://logservice.vmall.com/osg/logServerAction!uf.htm?lsId=1481974942524130501&st=8wYDXBHvqwtRIMPzaak0xm8vajH2LtMrgAgGZBSx8Uw%3D&dsKey=3&tblName=17
12-17 19:42:26.502  1795  2666 D HwNetworkStatsService: mActiveIface: null
12-17 19:42:27.394   633 31869 E SDK     : 
12-17 19:42:27.395   633 31869 I SDK     : <2016-12-17 19:42:27> [NOTICE] SDK: UE-SeC 2016-12-17 19:42:27:395 Level[NOTICE] magic[3367250208 2814]:Handshake start,SSL timeout is 20s
12-17 19:42:27.444   633 31869 I SDK     : <2016-12-17 19:42:27> [NOTICE] SDK: UE-SeC 2016-12-17 19:42:27:444 Level[NOTICE] magic[3367250208 8910]:Set local private IP is:[10.33.11.129]
12-17 19:42:27.444   633 31869 I SDK     : 
12-17 19:42:27.917   633 31868 I SDK     : <2016-12-17 19:42:27> [NOTICE] SDK: UE-SeC 2016-12-17 19:42:27:917 Level[NOTICE] magic[3365677344 2756]:WriteSdkGroupItem: hash has same item[w00290667_keyServiceTicket]
12-17 19:42:27.919   633 31875 I SDK     : <2016-12-17 19:42:27> [NOTICE] SDK: UE-SeC 2016-12-17 19:42:27:919 Level[NOTICE] magic[3359111456 6458]:FSM_Tool_TreatFolderEncEx => [START]: pcFileName [20161217_192748.log] 
12-17 19:42:27.920   633 31869 I SDK     : <2016-12-17 19:42:27> [NOTICE] SDK: UE-SeC 2016-12-17 19:42:27:920 Level[NOTICE] magic[3367250208 2326]:FSM_OpenFile => [START],Mode[w]
12-17 19:42:27.920   633 31875 E SDK     : 
12-17 19:42:27.921   633 31875 I SDK     : <2016-12-17 19:42:27> [NOTICE] SDK: UE-SeC 2016-12-17 19:42:27:921 Level[NOTICE] magic[3359111456 2361]:FileSec: no bundle id in file tail.
12-17 19:42:27.922   633 31875 I SDK     : <2016-12-17 19:42:27> [NOTICE] SDK: UE-SeC 2016-12-17 19:42:27:922 Level[NOTICE] magic[3359111456 2623]:FileSec: write app bundle id  = &5ߢ[@ñ?z]I= to file tail.
12-17 19:42:27.924   633 20919 I SDK     : 
12-17 19:42:27.942   633 31868 I SDK     : <2016-12-17 19:42:27> [NOTICE] SDK: UE-SeC 2016-12-17 19:42:27:941 Level[NOTICE] magic[3365677344 2549]:Send switch tunnel msg ok,mode is [3],now mode is[3]!
12-17 19:42:43.279  1795  2670 D WifiController: DefaultState what=155652
12-17 19:42:44.479  3382  3399 D QcrilMsgTunnelSocket: readRilMessage: Buffer = [B@204bb9f HexData = [010000000404000011000000514f454d484f4f4bfa0308000100000000]
12-17 19:42:44.493  3218  3517 I QImsService: ImsSenderRxr : isValid = true type = 2 status = 0 userdata = null[SUB0]
12-17 19:42:44.513  3218  3218 I QImsService: ImsServiceSub : Call Type 1has num updates = 1
12-17 19:42:44.526  3466  3466 I Contacts: DialpadFragment sim_one is presence -> updateSingleCardButton
12-17 19:42:44.585  1795  3247 D PowerManagerService: ready=true,policy=0,wakefulness=0,wksummary=0x1,uasummary=0x0,bootcompleted=true,boostinprogress=false,waitmodeenable=false,mode=true,manual=33,auto=-1,adj=0.0userId=0
12-17 19:42:45.004  3466  3466 I Contacts: DialpadFragment SIM 1 enable:true, SIM 2 enable:false
12-17 19:42:45.006  1795 15982 D AlarmManagerService: Kernel timezone updated to -480 minutes west of GMT
12-17 19:42:45.014  3382  3399 D QcrilMsgTunnelSocket: Rac Change (PDC) data: [-1, -1]
12-17 19:42:45.043  3218  3218 I QImsService: ImsServiceSub : Call Type 2has num updates = 1
12-17 19:42:45.528 20894 20910 I SendBroadcastPermission: action:com.huawei.lcagent.UPLOAD_RESULT, mPermissionType:0
