12-17 20:48:59.726  1795  2376 I AlarmManager: sending alarm Alarm{de9db1a type 2 when 447340839 com.qiyi.video},repeatInterval = 300000,listenerTag =null
12-17 20:49:00.097  2852  2852 W ExpandableNotificationRow: setActionsBackground,null == view,mPublicLayout
12-17 20:49:05.339 24266 24266 I qiyippsplay: org.iqiyi.video.ui.bf.h()<-1> : 当前时间2009217
12-17 20:49:06.410   633   692 I TCP     : tcp.recv{4488} TcpClientThread.selfDisconnectSocket(TcpClientThread.java:377) self disconnecting to 45.249.213.63(*):7801
12-17 20:49:06.424   633 31870 I SDK     : <2016-12-17 20:49:06> [WARN] SDK: UE-SeC 2016-12-17 20:49:6:424 Level[WARN] magic[3362781472 684]:PubEvt_Close Getting a socket[29] from the Socket-table Failed!
12-17 20:49:06.425   633 31870 I SDK     : 
12-17 20:49:06.437   633 31870 I SDK     : 
12-17 20:49:06.440   633 31870 I SDK     : <2016-12-17 20:49:06> [WARN] SDK: UE-SeC 2016-12-17 20:49:6:440 Level[WARN] magic[3362781472 684]:PubEvt_Close Getting a socket[138] from the Socket-table Failed!
12-17 20:49:06.450   633 31870 I SDK     : <2016-12-17 20:49:06> [WARN] SDK: UE-SeC 2016-12-17 20:49:6:450 Level[WARN] magic[3362781472 684]:PubEvt_Close Getting a socket[223] from the Socket-table Failed!
12-17 20:49:06.451   633 31870 I SDK     : 
12-17 20:49:06.470  7194 24036 I PushLog2824: [SocketRead_20:30:52-13302]total connect Time:1093396 process quit, so close socket(android/null:-1)
12-17 20:49:06.493  1795  1805 D PowerManagerService: ready=true,policy=3,wakefulness=1,wksummary=0x23,uasummary=0x4,bootcompleted=true,boostinprogress=false,waitmodeenable=false,mode=true,manual=33,auto=-1,adj=0.0userId=0
12-17 20:49:10.275   633   692 I TCP     : msg.recv{4490} TcpClientThread.onRecv(TcpClientThread.java:515) TCP Msg 5740TCP_OK
12-17 20:49:10.484  7194 26894 I PushLog2824: [SocketRead_20:49:10-13331]broadcast(),and mReceivers  4(android/null:-1)
12-17 20:49:15.463  2852  2852 D HwCustMobileSignalControllerImpl: sub =0,strMccMnc =null,hashMccMnc =[],strPlmn =hw_customized_networkType_entry
12-17 20:49:16.418  1795 16498 W ActivityManager: getTasks: caller 10140 does not hold REAL_GET_TASKS; limiting output
12-17 20:49:16.465 24766 26912 D GlobalPush: [PushService] host index:0 Connecting with URL log: tcp://223.99.251.207:7534
12-17 20:49:16.467  2852  2852 D HwCustMobileSignalControllerImpl: isCurrentBySim()=false
12-17 20:49:20.355 24266 24266 D seekbar : org.iqiyi.video.ui.ci.onProgressChanged()<-1> : 当前进度：2024100 缓冲大小:744172 缓冲进度：2768272
12-17 20:49:41.162  1795  2748 D HwAmbientLuxFilterAlgo: t=124934859,BT=124935859,DT=124938859,BT1=124938859,DT1=124942859,Bn=false,Dn=false,lx=[6.0/124933355, 6.0/124933656, 5.0/124933957, 6.0/124934257, 5.0/124934558, 5.0/124934859],mLx=5.0,s=5.0,ss=0.04591837,AuIntervened=false,mProximityState=false,bLux=15.0,dLux=0.0,bLux1=15.0,dLux1=0.0
12-17 20:49:42.921  3858  4126 I amsnl   : c: true, w: false, t: false, l: false
12-17 20:49:44.497 24266 24266 D seekbar : org.iqiyi.video.ui.ci.onProgressChanged()<-1> : 当前进度：2048305 缓冲大小:719967 缓冲进度：2768272
12-17 20:49:44.499 24266 24266 I qiyippsplay: org.iqiyi.video.ui.bf.h()<-1> : 当前时间2048305
12-17 20:49:53.932  2852  2852 D HwCustMobileSignalControllerImpl: sub =0,strMccMnc =null,hashMccMnc =[],strPlmn =hw_show_4g
12-17 20:49:58.432  1795 11746 W ActivityManager: getTasks: caller 10140 does not hold REAL_GET_TASKS; limiting output
12-17 20:50:03.082  2852  2914 I SimCardMethod: isCardAbsent slot:0 slotState:5
12-17 20:50:05.114  2852  2852 I HwSignalClusterView: apply hwPhoneState.mSubId:0 anyMobileVisible:false mIsAirplaneMode:false, mobileGroupVisible=true
12-17 20:50:08.118  2852  2914 I SimCardMethod: isCardAbsent slot:0 slotState:5
12-17 20:50:09.470   633   692 I eSpaceService: Watch Thread{4481} WatchThread.onLoop(WatchThread.java:98) watch thread onLoop...--》 iWatched.doWatch() 
12-17 20:50:11.438  1795  3884 W ActivityManager: getTasks: caller 10140 does not hold REAL_GET_TASKS; limiting output
12-17 20:50:11.785 24266 24266 I qiyippsplay: org.iqiyi.video.ui.bf.h()<-1> : 当前时间2075649
12-17 20:50:12.957  2852  2914 I HwMobileSignalController: subId:0 phoneType:1 networktype:13 targetClass:3 masterLevel:4 slaveLevel:-1
12-17 20:50:15.790 24266 25032 D JOBS    : re-running consumer Thread-96
12-17 20:50:20.649  3858  4126 I amsnl   : t:false, fl: false, p: 2147483647000, ce: true, we: false
12-17 20:50:23.213  1795  1806 I SendBroadcastPermission: action:android.intent.action.SIG_STR, mPermissionType:0
12-17 20:50:28.338  1795  1795 I MQoS    : onSignal: mSubId=0,currDataSubID=0
12-17 20:50:28.339  3858  4126 I amsnl   : csr
12-17 20:50:28.343  3858  4126 I amsnl   : c: true, w: false, t: false, l: false
12-17 20:50:34.010 24266 24266 I qiyippsplay: org.iqiyi.video.ui.bf.h()<-1> : 当前时间2097823
12-17 20:50:39.791  3180  3332 D WakelockMonitor: check gps high power
12-17 20:50:42.106  1795  1807 I AwareLog: 24766,10140,2,0,100;25080,10140,2,0,100;4690,10074,3,0,200;7194,1000,3,0,200;5224,10099,4,0,200;3879,10061,4,0,260;5247,10099,5,4,200;4492,10105,5,7,700;22280,10105,5,7,904;25103,10105,5,7,500
12-17 20:50:46.034 24266 24266 D seekbar : org.iqiyi.video.ui.ci.onProgressChanged()<-1> : 当前进度：2109884 缓冲大小:658388 缓冲进度：2768272
12-17 20:50:47.455  1795  3238 W ActivityManager: getTasks: caller 10140 does not hold REAL_GET_TASKS; limiting output
12-17 20:50:51.365  1795 27025 I ActivityManager_service: ServiceNeeded not bring down service:ServiceRecord{da8286d u0 euid: 0 com.huawei.systemmanager/.service.MainService}
12-17 20:51:00.002  1795  2376 I ActivityManager_broadcast: Enqueueing ordered broadcast[foreground] BroadcastRecord{62b25e7 u-1 android.intent.action.TIME_TICK}: prev had 0
12-17 20:51:04.298  3218  3517 I QImsService: ImsSenderRxr : [UNSL]< UNSOL_SSAC_CHANGED org.codeaurora.ims.ImsQmiIF$SsacInfo@a62b8e7[SUB0]
12-17 20:51:05.637   633   692 I TCP     : tcp.recv{4488} TcpClientThread.onReceiverWork(TcpClientThread.java:314) disconnected
12-17 20:51:05.664   633 31870 I SDK     : <2016-12-17 20:51:05> [WARN] SDK: UE-SeC 2016-12-17 20:51:5:664 Level[WARN] magic[3362781472 684]:PubEvt_Close Getting a socket[125] from the Socket-table Failed!
12-17 20:51:05.683   633 31870 I SDK     : 
12-17 20:51:06.097   633 31868 I SDK     : 
12-17 20:51:06.101   633 31868 I SDK     : <2016-12-17 20:51:06> [NOTICE] SDK: UE-SeC 2016-12-17 20:51:6:101 Level[NOTICE] magic[3365677344 400]:Udp resume detect packet add to conn ok,detect id is [11]!
12-17 20:51:07.179  2852  3556 I NetworkController.MobileSignalController(0): onSignalStrengthsChanged signalStrength=SignalStrength: -1 0 -1 255 -1 255 -1 255 255 19 -101 -8 150 2147483647 2147483647 false gw|lte level=4 isSuspend=false levelOld=4,mSignalStrength level=4
12-17 20:51:07.422  2852  2852 D HwCustMobileSignalControllerImpl: isCurrentBySim()=false
12-17 20:51:09.550  1795  2376 I AlarmManager: Alarm triggering (type 0 or 2): [Alarm{6d4fb8a type 0 when 1481979065606 android}]
12-17 20:51:09.613  1795  3253 D HwConnectivityService: CtrlSocket processCtrlSocket pid = 7194 cmd = 1 param = 55 ret = 0
12-17 20:51:09.800  1795 17831 D PowerManagerService: acquire lock=199399168, flags=0x1, tag="eventloop", name=android, ws=null, uid=1000, pid=7194
12-17 20:51:10.245  1795  1795 I MQoS    : received cell-signal:5
12-17 20:51:12.273  3879  4071 W HwLauncher: UnreadContentObserver newUnreadCount:5,oldUnreadCount:0 className :com.huawei.android.launcher.NewEspaceMessageContentObserver
12-17 20:51:12.443  2852  3556 I NetworkController.MobileSignalController(0): Change in state from: connected=true,enabled=true,level=4,inetCondition=1,iconGroup=IconGroup(4G),activityIn=true,activityOut=true,rssi=0,lastModified=12-17 08:51:09,isRoaming=false,dataSim=true,networkName=中国移动,networkNameData=中国移动,dataConnected=true,isDefault=true,isEmergency=false,airplaneMode=false,carrierNetworkChangeMode=false,userSetup=true
12-17 20:51:15.537  1795  2377 D RMS.MemoryFragReader: invoke the getAvailableMemBlockNum method
12-17 20:51:17.494  2852  2852 D HwCustMobileSignalControllerImpl: sub =0,strMccMnc =null,hashMccMnc =[],strPlmn =hw_customized_networkType_entry
12-17 20:51:17.495  2852  2852 D HwCustMobileSignalControllerImpl: sub =0,strMccMnc =null,hashMccMnc =[],strPlmn =hw_show_4_5G_for_mcc
12-17 20:51:21.640  1795  3121 D PowerManagerService: release:lock=86415410, flg=0x0, tag="RILJ_ACK_WL", name=com.android.phone", ws=null, uid=1001, pid=3218
12-17 20:51:33.098 24266 24266 V chaunce : org.iqiyi.video.vote.b.aux.a()<-1> : checkVoteShowTime--hideVoteView
12-17 20:51:33.471  1795  1805 W ActivityManager: getTasks: caller 10140 does not hold REAL_GET_TASKS; limiting output
12-17 20:51:35.472  1795 11746 W ActivityManager: getTasks: caller 10140 does not hold REAL_GET_TASKS; limiting output
12-17 20:51:39.597  3218  3218 I SendBroadcastPermission: action:org.codeaurora.VOIP_VOPS_SSAC_STATUS, mPermissionType:0
12-17 20:51:42.476  1795 16232 W ActivityManager: getTasks: caller 10140 does not hold REAL_GET_TASKS; limiting output
12-17 20:51:44.698  2852  2852 D HwCustMobileSignalControllerImpl: sub =0,strMccMnc =null,hashMccMnc =[],strPlmn =hw_customized_networkType_entry
12-17 20:51:44.721  2852  2852 D HwCustMobileSignalControllerImpl: isCurrentBySim()=false
12-17 20:51:44.743  2852  2852 D HwCustMobileSignalControllerImpl: isCurrentBySim()=false
12-17 20:51:46.852  2852  3556 D NetworkController.MobileSignalController(0): mSimSubId:0 onDataActivity: direction=0
12-17 20:51:47.605  3626  3753 I LogCollectService: msg = 103 received
12-17 20:51:47.843 27146 27146 I HwSystemManager: HsmStat_info:service connect
12-17 20:51:48.124 24266 24266 I qiyippsplay: org.iqiyi.video.ui.bf.h()<-1> : 当前时间2171847
12-17 20:51:51.480  1795 11745 W ActivityManager: getTasks: caller 10140 does not hold REAL_GET_TASKS; limiting output
12-17 20:51:53.929  2852  2914 I HwMobileSignalController: subId:0 phoneType:1 networktype:13 targetClass:3 masterLevel:4 slaveLevel:-1
12-17 20:51:58.077  1795  2665 D NetdConnector: RCV <- {613 IfaceClass idle 0 447654438532973}
12-17 20:52:00.128 24266 24266 D seekbar : org.iqiyi.video.ui.ci.onProgressChanged()<-1> : 当前进度：2183897 缓冲大小:584375 缓冲进度：2768272
12-17 20:52:04.252  2852  3556 I NetworkController.MobileSignalController(0): 	to: connected=true,enabled=true,level=4,inetCondition=1,iconGroup=IconGroup(4G),activityIn=true,activityOut=true,rssi=0,lastModified=12-17 08:52:03,isRoaming=false,dataSim=true,networkName=中国移动,networkNameData=中国移动,dataConnected=true,isDefault=true,isEmergency=false,airplaneMode=false,carrierNetworkChangeMode=false,userSetup=true
12-17 20:52:04.267  2852  2852 I HwSignalClusterView: setMobileDataIndicatorsHuawei subId:0 visible:true strengthIcon:2130839311 typeIcon:2130839195 contentDescription:手机信号满格。 typeContentDescription:4G isTypeIconWide:true showActivity:true activityIn:true activityOut:true isRoaming:false
12-17 20:52:07.285  2852  2852 D HwCustMobileSignalControllerImpl: isCurrentBySim()=false
12-17 20:52:10.731  3858  4126 I amsnl   : csr
12-17 20:52:18.539  3218  3218 I QImsService: ImsServiceSubHandler : Message received: what = 27
12-17 20:52:19.159  1795 11745 D PowerManagerService: acquire lock=86415410, flags=0x1, tag="RILJ_ACK_WL", name=com.android.phone, ws=null, uid=1001, pid=3218
12-17 20:52:20.179  2852  2852 D HwCustMobileSignalControllerImpl: isCurrentBySim()=false
12-17 20:52:20.184  2852  2852 I HwSignalClusterView: apply hwPhoneState.mSubId:0 anyMobileVisible:false mIsAirplaneMode:false, mobileGroupVisible=true
12-17 20:52:23.615  2852  2852 D NetWorkUtils: mVSimCurCardType is -1
12-17 20:52:25.156 24802 24802 I nativeProcess: iqiyi message: create--runOnSubprocess isProcessExist true
12-17 20:52:31.174 24266 24266 I qiyippsplay: org.iqiyi.video.ui.bf.h()<-1> : 当前时间2215009
12-17 20:52:54.703   633   692 I eSpaceService: Watch Thread{4481} LoginC.doWatch(LoginC.java:1459) Login_By_Step-> watch count =  0
12-17 20:52:59.929  1795 16498 W ActivityManager: Sending non-protected broadcast org.codeaurora.VOIP_VOPS_SSAC_STATUS from system 3218:com.android.phone/1001 pkg com.android.phone
12-17 20:53:00.033  2852  2852 D KeyguardUpdateMonitor: handleTimeUpdate
12-17 20:53:00.048  2852  2852 I HwSignalClusterView: getOrInflateState subId:0
12-17 20:53:00.051  2852  2852 I HwSignalClusterView: getOrInflateState subId:0
12-17 20:53:03.064  3858  4126 I amsnl   : m1: false
12-17 20:53:03.067  3858  4126 I amsnl   : csr
12-17 20:53:05.013  1795 27289 I AwareLog: AwareMem_Kill: execute: killing count=0
12-17 20:53:05.015  1795  1807 I AwareLog: 633,10102,5,7,900;31949,10102,5,7,500;3118,10003,5,12,260;3466,10003,5,12,260;25067,1000,5,12,800;16375,10053,5,12,906;18128,10053,5,12,906;18142,10053,5,12,904;22206,10053,5,12,800;4585,10014,5,13,500
12-17 20:53:05.067  3218  3218 I QImsService: ImsServiceSubHandler : Message received: what = 27
12-17 20:53:07.235  2852  3556 I HwMobileSignalController: mExtDataOld:ExtData [mMasterNetWorkType=3, mSlaveNetWorkType=0, mMasterNetWorkLevel=4, mSlaveNetWorkLevel=-1, mDataState=2, mDataActivity=3, mDataNetType=13] mExtData:ExtData [mMasterNetWorkType=3, mSlaveNetWorkType=0, mMasterNetWorkLevel=4, mSlaveNetWorkLevel=-1, mDataState=2, mDataActivity=4, mDataNetType=13]
12-17 20:53:07.242  2852  2852 D HwCustMobileSignalControllerImpl: sub =0,strMccMnc =null,hashMccMnc =[],strPlmn =hw_show_4_5G_for_mcc
12-17 20:53:07.260   633 31870 I SDK     : <2016-12-17 20:53:07> [WARN] SDK: UE-SeC 2016-12-17 20:53:7:260 Level[WARN] magic[3362781472 684]:PubEvt_Close Getting a socket[14] from the Socket-table Failed!
12-17 20:53:07.267   633 31870 I SDK     : 
12-17 20:53:07.270   633 31870 I SDK     : 
12-17 20:53:07.288   633 31870 I SDK     : 
12-17 20:53:07.290   633 31870 I SDK     : 
12-17 20:53:07.622   633 31868 E SDK     : <2016-12-17 20:53:07> [ERR] SDK: UE-SeC 2016-12-17 20:53:7:621 Level[ERR] magic[3365677344 692]:Decoder message type is invalidation;invalidation MMTP_MSG_ENABLE_EXTEND is [36]
12-17 20:53:07.642   633 31868 I SDK     : 
12-17 20:53:07.837  3879  3879 I HwLauncher: UnreadContentObserver  handle update icon message
12-17 20:53:09.268  2852  2852 I HwSignalClusterView: apply hwPhoneState.mSubId:0 anyMobileVisible:false mIsAirplaneMode:false, mobileGroupVisible=true
12-17 20:53:10.304   633   692 I ECS     : Thread-1611{6255} TcpClient.clearAll(TcpClient.java:240) ==================== TCP CLIENT CLEAR ALL ====================
12-17 20:53:11.368   633   692 I ECS     : msg.recv{4490} XmlMsg.decodeBuf(XmlMsg.java:237) RECV 96 bytes [12]_00_03_02_02_06_05_87_E1_5F_B6_F2_77 cmdCode(CC_GetConferenceList.0x0206)msgType(MT_ACK.2)msgClass(MC_Conference.2)sender(ST_Mobile.0)crypted(true)zipped(false)nobase64(true)length(92)version(3)sno(87E1)
12-17 20:53:16.512  1795 16499 W ActivityManager: getTasks: caller 10140 does not hold REAL_GET_TASKS; limiting output
12-17 20:53:17.464   633   692 I ECS     : msg.recv{4490} XmlMsg.decodeBuf(XmlMsg.java:237) RECV 32 bytes [12]_00_03_02_03_12_05_87_E5_5F_B6_F2_77 cmdCode(CC_Heartbeat.0x0312)msgType(MT_ACK.2)msgClass(MC_InstanceMessage.3)sender(ST_Mobile.0)crypted(true)zipped(false)nobase64(true)length(28)version(3)sno(87E5)
12-17 20:53:21.233 24266 24266 D VideoPlayerImpl: org.iqiyi.video.player.cv.ag()<-1> : current progress: progress= 2264999
12-17 20:53:24.973  1795  6988 I SendBroadcastPermission: action:android.intent.action.SIG_STR, mPermissionType:0
12-17 20:53:29.250 24266 24266 I qiyippsplay: org.iqiyi.video.ui.bf.h()<-1> : 当前时间2273103
12-17 20:53:34.162  2852  2852 I HwSignalClusterView: apply hwPhoneState.mSubId:0 anyMobileVisible:false mIsAirplaneMode:false, mobileGroupVisible=true
12-17 20:53:38.637   802   802 E Thermal-daemon: [Thermal_Hw] temperature_filter: get invalid temperature, use old temp
12-17 20:53:51.325  3626  3626 E PTM.FileNodeInfo: getTempInfo error: null, 0
12-17 20:53:51.817  1795  2748 D HwAmbientLuxFilterAlgo: t=125185514,BT=125186514,DT=125189514,BT1=125189514,DT1=125193514,Bn=false,Dn=false,lx=[6.0/125184010, 7.0/125184311, 6.0/125184612, 6.0/125184912, 7.0/125185213, 7.0/125185514],mLx=5.0,s=5.0,ss=0.023809524,AuIntervened=false,mProximityState=false,bLux=15.0,dLux=0.0,bLux1=15.0,dLux1=0.0
12-17 20:54:01.290 24266 24266 D VideoPlayerImpl: org.iqiyi.video.player.cv.ag()<-1> : current progress: progress= 2305102
12-17 20:54:06.297 24266 24266 V chaunce : org.iqiyi.video.vote.b.aux.a()<-1> : checkVoteShowTime--hideVoteView
12-17 20:54:09.874  2852  2914 I HwMobileSignalController: subId:0 phoneType:1 networktype:13 targetClass:3 masterLevel:4 slaveLevel:-1
12-17 20:54:12.106  3858  4126 I amsnl   : t:false, fl: false, p: 2147483647000, ce: true, we: false
12-17 20:54:15.305 24266 24266 D VideoPlayerImpl: org.iqiyi.video.player.cv.ag()<-1> : current progress: progress= 2318999
12-17 20:54:17.450  2852  2914 I HwMobileSignalController: updateSignalStrength: signalStrength=SignalStrength: -1 0 -1 255 -1 255 -1 255 255 18 -102 -8 144 2147483647 2147483647 false gw|lte
12-17 20:54:23.316 24266 24266 D seekbar : org.iqiyi.video.ui.ci.onProgressChanged()<-1> : 当前进度：2327090 缓冲大小:441182 缓冲进度：2768272
12-17 20:54:23.924  2852  2852 I HwSignalClusterView: setMobileDataIndicatorsHuawei subId:0 visible:true strengthIcon:2130839311 typeIcon:2130839195 contentDescription:手机信号满格。 typeContentDescription:4G isTypeIconWide:true showActivity:true activityIn:false activityOut:false isRoaming:false
12-17 20:54:24.090  1795  2778 D PowerManagerService: release:lock=86415410, flg=0x0, tag="RILJ_ACK_WL", name=com.android.phone", ws=null, uid=1001, pid=3218
12-17 20:54:24.916  2852  2852 D HwCustMobileSignalControllerImpl: isCurrentBySim()=false
12-17 20:54:28.849  2852  2914 I HwMobileSignalController: subId:0 phoneType:1 networktype:13 targetClass:3 masterLevel:4 slaveLevel:-1
12-17 20:54:31.008  2852  2852 D NetWorkUtils: is3GCalling is false,mCdmaSlot is -1
12-17 20:54:31.011  2852  2852 D NetWorkUtils: is3GCalling is false,mCdmaSlot is -1
12-17 20:54:49.141  3858  4126 I amsnl   : t:false, fl: false, p: 2147483647000, ce: true, we: false
12-17 20:54:52.911  1795  2748 D HwAmbientLuxFilterAlgo: t=125246608,BT=125247608,DT=125250608,BT1=125250608,DT1=125254608,Bn=false,Dn=false,lx=[5.0/125245104, 6.0/125245405, 6.0/125245706, 5.0/125246006, 6.0/125246307, 6.0/125246608],mLx=5.0,s=5.0,ss=0.01098901,AuIntervened=false,mProximityState=false,bLux=15.0,dLux=0.0,bLux1=15.0,dLux1=0.0
12-17 20:54:55.354 24266 24266 V chaunce : org.iqiyi.video.vote.b.aux.a()<-1> : checkVoteShowTime--hideVoteView
12-17 20:54:56.357 24266 24266 D seekbar : org.iqiyi.video.ui.ci.onProgressChanged()<-1> : 当前进度：2360085 缓冲大小:408187 缓冲进度：2768272
12-17 20:55:00.001  1795  2376 I ActivityManager_broadcast: Enqueueing ordered broadcast[foreground] BroadcastRecord{a2202e u-1 android.intent.action.TIME_TICK}: prev had 0
12-17 20:55:01.638  1795  2748 D lux trace:: [6.0/125251177, 5.0/125251533, 6.0/125251891, 5.0/125254738, 6.0/125255093]
12-17 20:55:04.806  1795  1795 I MQoS    : received cell-signal:5
12-17 20:55:06.361   633 31870 I SDK     : <2016-12-17 20:55:06> [WARN] SDK: UE-SeC 2016-12-17 20:55:6:361 Level[WARN] magic[3362781472 684]:PubEvt_Close Getting a socket[66] from the Socket-table Failed!
12-17 20:55:06.365   633 31870 I SDK     : 
12-17 20:55:06.368   633 31870 I SDK     : <2016-12-17 20:55:06> [WARN] SDK: UE-SeC 2016-12-17 20:55:6:368 Level[WARN] magic[3362781472 684]:PubEvt_Close Getting a socket[118] from the Socket-table Failed!
12-17 20:55:06.372   633 31870 I SDK     : <2016-12-17 20:55:06> [WARN] SDK: UE-SeC 2016-12-17 20:55:6:372 Level[WARN] magic[3362781472 684]:PubEvt_Close Getting a socket[136] from the Socket-table Failed!
12-17 20:55:06.382   633 31870 I SDK     : <2016-12-17 20:55:06> [WARN] SDK: UE-SeC 2016-12-17 20:55:6:382 Level[WARN] magic[3362781472 684]:PubEvt_Close Getting a socket[175] from the Socket-table Failed!
12-17 20:55:06.386   633 31870 I SDK     : <2016-12-17 20:55:06> [WARN] SDK: UE-SeC 2016-12-17 20:55:6:386 Level[WARN] magic[3362781472 684]:PubEvt_Close Getting a socket[188] from the Socket-table Failed!
12-17 20:55:06.387   633 31870 I SDK     : <2016-12-17 20:55:06> [WARN] SDK: UE-SeC 2016-12-17 20:55:6:387 Level[WARN] magic[3362781472 684]:PubEvt_Close Getting a socket[191] from the Socket-table Failed!
12-17 20:55:06.396   633 31870 I SDK     : 
12-17 20:55:06.515   633 31868 I SDK     : <2016-12-17 20:55:06> [NOTICE] SDK: UE-SeC 2016-12-17 20:55:6:515 Level[NOTICE] magic[3365677344 747]:When reconnect, the max packet size for UDPS tunnel is 1368.
12-17 20:55:06.620   633 31868 I SDK     : 
12-17 20:55:06.621   633 31868 I SDK     : <2016-12-17 20:55:06> [NOTICE] SDK: UE-SeC 2016-12-17 20:55:6:621 Level[NOTICE] magic[3365677344 2761]:Get host ip [10.6.111.33] ([560924170]) for third party when ReHandShake!
12-17 20:55:06.676   633 31868 I SDK     : 
12-17 20:55:06.704   633   692 I ECS     : tcp.recv{4488} SimpleThread.close(SimpleThread.java:69) stopping Heartbeat timer.timers{6258}
12-17 20:55:09.763  1795  2748 D HwAmbientLuxFilterAlgo: t=125263459,BT=125264459,DT=125267459,BT1=125267459,DT1=125271459,Bn=false,Dn=false,lx=[5.0/125261956, 6.0/125262257, 6.0/125262557, 7.0/125262858, 6.0/125263159, 6.0/125263459],mLx=5.0,s=5.0,ss=0.011235953,AuIntervened=false,mProximityState=false,bLux=15.0,dLux=0.0,bLux1=15.0,dLux1=0.0
12-17 20:55:10.232   816 27496 D DnsProxyListener: GetAddrInfoHandler addr: app-inter.huawei.com {307, 917811, 10102} 45.249.212.91
12-17 20:55:10.247   633   692 I Contact : pool-1-thread-1{4483} Helper.onSaveTimestamp(MainActivity.java:2193) set timestamp = 20161217155855
12-17 20:55:10.347  2852  3556 I NetworkController.MobileSignalController(0): 	to: connected=true,enabled=true,level=4,inetCondition=1,iconGroup=IconGroup(4G),activityIn=true,activityOut=true,rssi=0,lastModified=12-17 08:55:08,isRoaming=false,dataSim=true,networkName=中国移动,networkNameData=中国移动,dataConnected=true,isDefault=true,isEmergency=false,airplaneMode=false,carrierNetworkChangeMode=false,userSetup=true
12-17 20:55:13.049  1795  1807 I AwareLog: 24919,1000,5,13,800;24958,1000,5,13,800;27146,1000,5,13,900;24737,10140,5,14,800;4585,10014,5,17,800;17357,10029,5,17,900;31558,10029,5,17,900;16628,10028,5,18,900;9495,10007,5,18,902;
12-17 20:55:16.389  2852  2852 D HwCustMobileSignalControllerImpl: isCurrentBySim()=false
12-17 20:55:21.385 24266 24266 I qiyippsplay: org.iqiyi.video.ui.bf.h()<-1> : 当前时间2385176
12-17 20:55:25.296  2852  2914 I HwMobileSignalController: updateSignalStrength: signalStrength=SignalStrength: -1 0 -1 255 -1 255 -1 255 255 19 -102 -10 64 2147483647 2147483647 false gw|lte
12-17 20:55:26.387 24266 24266 V chaunce : org.iqiyi.video.vote.b.aux.a()<-1> : checkVoteShowTime-->2390173
12-17 20:55:29.274   633 31867 I SDK     : 
12-17 20:55:40.665  3858  4126 I amsnl   : m1: false
12-17 20:55:43.500 24266 24266 D seekbar : org.iqiyi.video.ui.ci.onProgressChanged()<-1> : 当前进度：2407371 缓冲大小:360901 缓冲进度：2768272
12-17 20:55:48.337  3858  4126 I amsnl   : t:false, fl: false, p: 2147483647000, ce: true, we: false
12-17 20:55:48.339  3858  4126 I amsnl   : c: true, w: false, t: false, l: false
12-17 20:55:49.273   633 31867 I SDK     : <2016-12-17 20:55:49> [NOTICE] SDK: UE-SeC 2016-12-17 20:55:49:273 Level[NOTICE] magic[3368294688 1013]:s(0, 0),r(0, 0)in 20s;vsock(147293B, 11657B, 0, 0), sock(916, 964, 0, 0), times(37, 0, 213, 62), delay(0, 0)ms, m(0, 6144)KB, p:41696, s:41696, t(164, 1, 34833B, 54957B), u(0, 0, 191016B, 51672B), c(2401, 2549, 0, 0), e(73162, 1767)/(1442, 1767), k:77, d(638, 726), de(0), s(online, 2, 1), SSL(0), UDP(0), r_d(0), s_d(0), c_d(0), dur(1466 m), vs(0, 0, 0), sysFM(0 KB), ls(1918, 1918),bypass[0]:[0]
12-17 20:55:49.562 24266 24266 V chaunce : org.iqiyi.video.vote.b.aux.a()<-1> : checkVoteShowTime--hideVoteView
12-17 20:55:55.448  1795  1795 D HuaweiWifiWatchdogStateMachine:  not in link monitoring mode, ignore TCP result .
12-17 20:55:59.664 24266 24266 V chaunce : org.iqiyi.video.vote.b.aux.a()<-1> : checkVoteShowTime--hideVoteView
12-17 20:56:00.008  2852  2852 I TimeManager: act:android.intent.action.TIME_TICK  flag:1342177300 FLAG_IS_FIRST_POWER_OFF_ALARM=false android.intent.extra.ALARM_COUNT=1 
12-17 20:56:05.420  2852  2852 D HwCustMobileSignalControllerImpl: sub =0,strMccMnc =null,hashMccMnc =[],strPlmn =hw_show_4g
12-17 20:56:08.436  2852  2852 D HwCustMobileSignalControllerImpl: isCurrentBySim()=false
12-17 20:56:23.214  1795 16500 D PowerManagerService: ready=true,policy=3,wakefulness=1,wksummary=0x23,uasummary=0x4,bootcompleted=true,boostinprogress=false,waitmodeenable=false,mode=true,manual=33,auto=-1,adj=0.0userId=0
12-17 20:56:23.916 24266 24266 D seekbar : org.iqiyi.video.ui.ci.onProgressChanged()<-1> : 当前进度：2447713 缓冲大小:320559 缓冲进度：2768272
12-17 20:56:25.464  1795  2737 W WifiProJNI: poll before: g_monitor_fd =310
12-17 20:56:25.934 24266 24266 V chaunce : org.iqiyi.video.vote.b.aux.a()<-1> : checkVoteShowTime-->2449787
12-17 20:56:31.590  1795  6986 W ActivityManager: getTasks: caller 10140 does not hold REAL_GET_TASKS; limiting output
12-17 20:56:35.028 24266 24266 V chaunce : org.iqiyi.video.vote.b.aux.a()<-1> : checkVoteShowTime--hideVoteView
12-17 20:56:39.064 24266 24266 V chaunce : org.iqiyi.video.vote.b.aux.a()<-1> : checkVoteShowTime--hideVoteView
12-17 20:56:44.208 24593 24721 E UGCHttpClient: HCDN_LOG: [2016/12/17-20:56:44:208]:GetHostByName(msg.71.am) takes 4 ms.
12-17 20:56:44.412 24593 24721 E UGCHttpClient: HCDN_LOG: [2016/12/17-20:56:44:412]:connect(msg.71.am) takes 203 ms.
12-17 20:56:55.492  1795  2737 I QosMonitor: postEventFromNative: msg=100,arg1=0,arg2=9
12-17 20:57:00.032  2852  2852 I StackScrollAlgorithm: updateDimmedActivatedHideSensitive overlap:true
12-17 20:57:00.035  2852  2852 E DateLunarView: mDateString is: 12月17日星期六
12-17 20:57:03.258  3858  4126 I amsnl   : csr
12-17 20:57:04.604  1795  3110 W ActivityManager: getTasks: caller 10140 does not hold REAL_GET_TASKS; limiting output
12-17 20:57:05.133  3858  4126 I amsnl   : m1: false
12-17 20:57:06.607  1795 16232 W ActivityManager: getTasks: caller 10140 does not hold REAL_GET_TASKS; limiting output
12-17 20:57:10.380  3218  3218 I QImsService: ImsServiceSub : handleSsac voice = 255
12-17 20:57:15.465  1795 16500 W ActivityManager: Sending non-protected broadcast org.codeaurora.VOIP_VOPS_SSAC_STATUS from system 3218:com.android.phone/1001 pkg com.android.phone
12-17 20:57:15.477  2852  3556 D NetworkController.MobileSignalController(0): mSimSubId:0 onDataActivity: direction=4
12-17 20:57:19.348  3218  3517 I QImsService: ImsSenderRxr :  Tag -1 3 219 0[SUB0]
12-17 20:57:24.479  2852  2852 D NetWorkUtils: mVSimCurCardType is -1
12-17 20:57:25.117 24266 24266 D VideoPlayerImpl: org.iqiyi.video.player.cv.ag()<-1> : current progress: progress= 2508926
12-17 20:57:26.124 24266 24266 I qiyippsplay: org.iqiyi.video.ui.bf.h()<-1> : 当前时间2509966
12-17 20:57:33.128 24266 24266 V chaunce : org.iqiyi.video.vote.b.aux.a()<-1> : checkVoteShowTime-->2517018
12-17 20:57:35.624  1795 11745 W ActivityManager: getTasks: caller 10140 does not hold REAL_GET_TASKS; limiting output
12-17 20:57:36.135 24266 24266 D seekbar : org.iqiyi.video.ui.ci.onProgressChanged()<-1> : 当前进度：2519922 缓冲大小:248350 缓冲进度：2768272
12-17 20:57:45.142 24266 24266 V chaunce : org.iqiyi.video.vote.b.aux.a()<-1> : checkVoteShowTime-->2528846
12-17 20:57:52.153 24266 24266 V chaunce : org.iqiyi.video.vote.b.aux.a()<-1> : checkVoteShowTime-->2535908
12-17 20:57:55.527  1795  1795 I MQoS    : rtt=360,tcp_tx_pkts=1485554,tcp_rx_pkts=1771325
12-17 20:58:00.025  2852  2852 I StackScrollAlgorithm: updateClipping isOverlap:true
12-17 20:58:00.037  2852  2852 D KeyguardUpdateMonitor: handleTimeUpdate
12-17 20:58:00.059  5224  5224 I Step_LSC: 20002302|logicalDealBroadcastEvent : Intent { act=android.intent.action.TIME_TICK flg=0x50000014 (has extras) }
12-17 20:58:00.081  1795  1795 D PowerManagerService: ready=true,policy=3,wakefulness=1,wksummary=0x23,uasummary=0x4,bootcompleted=true,boostinprogress=false,waitmodeenable=false,mode=true,manual=33,auto=-1,adj=0.0userId=0
12-17 20:58:01.463  2852  3556 I NetworkController.MobileSignalController(0): onSignalStrengthsChanged signalStrength=SignalStrength: -1 0 -1 255 -1 255 -1 255 255 20 -101 -8 176 2147483647 2147483647 false gw|lte level=4 isSuspend=false levelOld=4,mSignalStrength level=4
12-17 20:58:03.307  3858  4126 I amsnl   : m1: false
12-17 20:58:04.170 24266 24266 V chaunce : org.iqiyi.video.vote.b.aux.a()<-1> : checkVoteShowTime--hideVoteView
12-17 20:58:08.761  2852  2852 D HwCustMobileSignalControllerImpl: sub =0,strMccMnc =null,hashMccMnc =[],strPlmn =hw_show_4_5G_for_mcc
12-17 20:58:11.640  1795 15988 W ActivityManager: getTasks: caller 10140 does not hold REAL_GET_TASKS; limiting output
12-17 20:58:11.684  1795  2396 D PowerManagerService: ready=true,policy=3,wakefulness=1,wksummary=0x23,uasummary=0x4,bootcompleted=true,boostinprogress=false,waitmodeenable=false,mode=true,manual=33,auto=-1,adj=0.0userId=0
12-17 20:58:11.691  1795 17831 D PowerManagerService: acquire lock=92642613, flags=0x1, tag="eventloop", name=android, ws=null, uid=1000, pid=7194
12-17 20:58:12.084  1795  3249 I AlarmManager: remove(PendingIntent{20e0817: PendingIntentRecord{5a2aba3 android broadcastIntent}}) changed bounds; rebatching
12-17 20:58:12.553  2852  2852 D HwCustMobileSignalControllerImpl: isCurrentBySim()=false
12-17 20:58:15.801 24266 25032 D JOBS    : didn't allow me to die, re-running Thread-96
12-17 20:58:17.187 24266 24266 I qiyippsplay: org.iqiyi.video.ui.bf.h()<-1> : 当前时间2561030
12-17 20:58:18.594  2852  2852 D HwCustMobileSignalControllerImpl: isCurrentBySim()=false
12-17 20:58:18.603  2852  2852 D NetWorkUtils: mVSimCurCardType is -1
12-17 20:58:20.201 24802 24802 I nativeProcess: iqiyi message: ==== isProcesssExist: stat=0, errno=13
12-17 20:58:20.201 24802 24802 I nativeProcess: iqiyi message: create--runOnSubprocess isProcessExist true
12-17 20:58:22.683  1795  1806 W ActivityManager: getRunningAppProcesses: caller 10105 does not hold REAL_GET_TASKS; limiting output
12-17 20:58:27.468  2852  2852 D HwCustMobileSignalControllerImpl: isCurrentBySim()=false
12-17 20:58:29.273   633 31867 I SDK     : 
12-17 20:58:34.203 24266 24266 D VideoPlayerImpl: org.iqiyi.video.player.cv.ag()<-1> : current progress: progress= 2578022
12-17 20:58:38.892  2852  2852 I HwSignalClusterView: apply hwPhoneState.mSubId:0 anyMobileVisible:false mIsAirplaneMode:false, mobileGroupVisible=true
12-17 20:58:39.662  1795  3247 W ActivityManager: getRunningAppProcesses: caller 10102 does not hold REAL_GET_TASKS; limiting output
12-17 20:58:41.880  1795  1795 I MQoS    : onSignal: mSubId=0,currDataSubID=0
12-17 20:58:43.078  1795  1819 D NetworkManagement: notifyInterfaceClassActivity: client is android.net.INetworkManagementEventObserver$Stub$Proxy@c0acf8b
12-17 20:58:43.335  1795  1795 I MQoS    : onSignal: mSubId=1,currDataSubID=0
12-17 20:58:49.227 24266 24266 I qiyippsplay: org.iqiyi.video.ui.bf.h()<-1> : 当前时间2592969
12-17 20:58:55.586  1795  1795 D HuaweiWifiWatchdogStateMachine:  not in link monitoring mode, ignore TCP result .
12-17 20:59:03.353  1795  1795 I MQoS    : onSignal: mSubId=1,currDataSubID=0
12-17 20:59:03.359  1795  1795 I MQoS    : received cell-signal:1
12-17 20:59:07.243 24266 24266 D VideoPlayerImpl: org.iqiyi.video.player.cv.ag()<-1> : current progress: progress= 2610989
12-17 20:59:10.440 31949 31967 I PushService: tcp.conn{4787} ServiceC.connectedNotify(ServiceC.java:289) 45.249.213.63
12-17 20:59:11.504  3626  3626 E PTM.FileNodeInfo: getTempInfo error: null, 0
12-17 20:59:11.544   633   692 I ECS     : msg.recv{4490} XmlMsg.decodeBuf(XmlMsg.java:237) RECV 32 bytes [12]_00_03_02_03_12_05_87_F2_75_A5_84_FC cmdCode(CC_Heartbeat.0x0312)msgType(MT_ACK.2)msgClass(MC_InstanceMessage.3)sender(ST_Mobile.0)crypted(true)zipped(false)nobase64(true)length(28)version(3)sno(87F2)
12-17 20:59:14.736  1795  1795 I MQoS    : onSignal: mSubId=0,currDataSubID=0
12-17 20:59:17.823  2852  3556 I HwMobileSignalController: mExtDataOld:ExtData [mMasterNetWorkType=3, mSlaveNetWorkType=0, mMasterNetWorkLevel=4, mSlaveNetWorkLevel=-1, mDataState=2, mDataActivity=0, mDataNetType=13] mExtData:ExtData [mMasterNetWorkType=3, mSlaveNetWorkType=0, mMasterNetWorkLevel=4, mSlaveNetWorkLevel=-1, mDataState=2, mDataActivity=3, mDataNetType=13]
12-17 20:59:18.847  2852  2852 I HwSignalClusterView: getOrInflateState subId:0
12-17 20:59:21.896  2852  2852 I HwSignalClusterView: setMobileDataIndicatorsHuawei subId:0 visible:true strengthIcon:2130839311 typeIcon:2130839195 contentDescription:手机信号满格。 typeContentDescription:4G isTypeIconWide:true showActivity:true activityIn:false activityOut:false isRoaming:false
12-17 20:59:43.389  3858  4126 I amsnl   : t:false, fl: false, p: 2147483647000, ce: true, we: false
12-17 20:59:43.394  3858  4126 I amsnl   : c: true, w: false, t: false, l: false
12-17 20:59:47.317 24266 24266 V chaunce : org.iqiyi.video.vote.b.aux.a()<-1> : checkVoteShowTime-->2651197
12-17 20:59:48.542 24266 24266 D Cupid004: deregisterJsonDelegate(): vv id: 33554432, slot type: 4
12-17 20:59:48.546 24266 24266 I CLog    : 2016-12-17 20:59:48.546 T:24266   DEBUG: [CUPID]virtual void CUPID::PingbackController::Flush(uint32)(): vv id: 33554432
12-17 20:59:48.592 24266 24266 I QiYiData: QiYiStatistics============================== start ================================
12-17 20:59:48.595 24266 24266 I QiYiData: QiYiStatistics | r = null
12-17 20:59:48.635 24266 24266 D cqx0902 : hasInstallPackage packageName 
12-17 20:59:48.721   814 20751 I OMX-VDEC-1080P: Video slvp perflock released
12-17 20:59:48.859 24266 24266 D Cupid004: RegisterJsonDelegate(): vv id: 50331648, slot type: 6
12-17 20:59:48.879 24266 24756 D JOBS    : added job id: -2147483633 class: com2 priority: 200 delay: 0 group : null persistent: false 
12-17 20:59:48.890 24266 24266 I PlayerLogic: [qiyi_LOG_INFO PlayerLogic] revisePlayIndexForEpisode +tid=null  aid=null
12-17 20:59:48.891 24266 24266 I PlayerLogic: [qiyi_LOG_INFO PlayerLogic] revisePlayIndexForEpisode +tid=null  aid=null
12-17 20:59:48.930 24266 24312 I Utility : [qiyi_LOG_INFO Utility] isQiyiPackage ret:true
12-17 20:59:48.938 24266 24312 I Utility : [qiyi_LOG_INFO Utility] isQiyiPackage ret:true
12-17 20:59:49.158 24266 24266 D OKHttpRequestAdapter: org.iqiyi.video.v.a.con.onResponse()<-1> : sendSuccessResultCallback, Thread :main , playerRequest = org.iqiyi.video.v.b.b.con@fff4fef
12-17 20:59:49.613  2852  3556 I NetworkController.MobileSignalController(0): onSignalStrengthsChanged signalStrength=SignalStrength: -1 0 -1 255 -1 255 -1 255 255 19 -103 -10 68 2147483647 2147483647 false gw|lte level=4 isSuspend=false levelOld=4,mSignalStrength level=4
12-17 20:59:49.693  1795 17831 W ActivityManager: getRunningAppProcesses: caller 10102 does not hold REAL_GET_TASKS; limiting output
12-17 20:59:50.716 24266 24266 I NativePlayer: org.qiyi.android.coreplayer.NativePlayer.setVideoViewScale()<-1> : setVideoViewScale: height=1080width=1920
12-17 20:59:50.807 24266 24266 I NativePlayer: org.qiyi.android.coreplayer.NativePlayer.setVideoViewScale()<-1> : setVideoViewScale: height=1080width=1920
12-17 20:59:50.903  1046  9752 V APM_AudioPolicyManager: selectOutput() commonFlags for output 13, 0000
12-17 20:59:50.903  1046  9752 V APM_AudioPolicyManager: selectOutput() commonFlags for output 29, 0001
12-17 20:59:50.945  1046  1131 D aud_dev_arbi: acquireOneDevice: device owner for device 2 is 1
12-17 20:59:52.787  1795  2381 D libfingersense_wrapper: fingersense_classify_touch() finished
12-17 20:59:52.971 24266 24312 I Utility : [qiyi_LOG_INFO Utility] isQiyiPackage PackageName:com.qiyi.video
12-17 20:59:54.098 24266 24266 D seekbar : org.iqiyi.video.ui.ci.onProgressChanged()<-1> : 当前进度：63996 缓冲大小:2620010 缓冲进度：2684006
12-17 20:59:55.296 24266 24312 I Utility : [qiyi_LOG_INFO Utility] isQiyiPackage ret:true
12-17 20:59:56.319  1795  2380 D PowerManagerService: ready=true,policy=3,wakefulness=1,wksummary=0x23,uasummary=0x1,bootcompleted=true,boostinprogress=false,waitmodeenable=false,mode=true,manual=33,auto=-1,adj=0.0userId=0
12-17 20:59:56.473 24266 24266 E zhaolu  : org.iqiyi.video.ac.lpt2.b()<-1> : 手势事件 doWhat ：FAST_FORWARD横屏-手势快进
12-17 20:59:56.479 24266 24312 D QYVideoLib: org.qiyi.android.corejar.QYVideoLib.getSid()<-1> : getSid: lk3lkzqc2nae7bue
12-17 20:59:57.343  3180  3578 I ash     : com.huawei.appmarket { hibernation duration=1600619 } transition to: running reason:bc_notify_android.intent.action.PACKAGE_CHANGED
12-17 21:00:00.025  2852  2852 I StackScrollAlgorithm: updateClipping isOverlap:true
12-17 21:00:00.108  2852  2852 W ExpandableNotificationRow: setActionsBackground,null == view,mPublicLayout
12-17 21:00:00.110  2852  2852 I StackScrollAlgorithm: overlapAmount:832.6, previousNotificationEnd:571.0, newYTranslation:-261.59998, location:2, i:1, getTopPadding:499.0, getLocationOnScreen():-72
12-17 21:00:00.177  3626  3770 I LSC_903001002: process buffer and get message
12-17 21:00:00.201   818  1152 I logserver: handle_exception_events enter
12-17 21:00:00.226  3626 27969 I iMonitor: send: 903001007
12-17 21:00:00.384   818  1152 I logserver: handle_exception_events enter
12-17 21:00:00.451  3626 27969 I iMonitor: send: 903001013
12-17 21:00:00.510  3626  3753 I LogCollectService: msg = 103 received
12-17 21:00:00.519  2852  2852 D HwCustMobileSignalControllerImpl: isCurrentBySim()=false
12-17 21:00:00.522  2852  2852 I HwSignalClusterView: apply hwPhoneState.mSubId:0 anyMobileVisible:false mIsAirplaneMode:false, mobileGroupVisible=true
12-17 21:00:00.759  1795  2671 D WifiNative-HAL: Failing getSupportedFeatureset because HAL isn't started
12-17 21:00:07.551  2852  2914 I HwMobileSignalController: subId:0 phoneType:1 networktype:13 targetClass:3 masterLevel:4 slaveLevel:-1
12-17 21:00:07.736  2852  2852 I HwMobileSignalController: notifyListenerHuawei::origin typeIcon:2130839195 icons.mName:4G isSuspend:false, showDataIcon=true, dataConnected=true, isRoaming=false
12-17 21:00:12.692  1795  3121 W ActivityManager: getTasks: caller 10140 does not hold REAL_GET_TASKS; limiting output
12-17 21:00:19.913  2852  3556 I NetworkController.MobileSignalController(0): onDataActivity: direction=0
12-17 21:00:20.924  2852  2852 D HwCustMobileSignalControllerImpl: sub =0,strMccMnc =null,hashMccMnc =[],strPlmn =hw_customized_networkType_entry
12-17 21:00:21.935  2852  2852 D NetWorkUtils: mVSimCurCardType is -1
12-17 21:00:26.287  2852  2852 D HwCustMobileSignalControllerImpl: isCurrentBySim()=false
12-17 21:00:27.297  2852  2852 D HwCustMobileSignalControllerImpl: isCurrentBySim()=false
12-17 21:00:27.568  1795  1825 D PowerManagerService: ready=true,policy=3,wakefulness=1,wksummary=0x23,uasummary=0x4,bootcompleted=true,boostinprogress=false,waitmodeenable=false,mode=true,manual=33,auto=-1,adj=0.0userId=0
12-17 21:00:28.082  3858  4126 I amsnl   : c: true, w: false, t: false, l: false
12-17 21:00:29.343   818  1086 E iMonitor: Systrace:: buffer is full and will reset.
12-17 21:00:37.005  2852  2852 D HwCustMobileSignalControllerImpl: isCurrentBySim()=false
12-17 21:00:37.147 24266 24266 V chaunce : org.iqiyi.video.vote.b.aux.a()<-1> : checkVoteShowTime--hideVoteView
12-17 21:00:38.338  3858  4126 I amsnl   : m1: false
12-17 21:00:39.022  2852  2852 I HwSignalClusterView: getOrInflateState subId:0
12-17 21:00:42.563  1795  2748 D HwAmbientLuxFilterAlgo: t=125596260,BT=125597260,DT=125600260,BT1=125600260,DT1=125604260,Bn=false,Dn=false,lx=[6.0/125594756, 6.0/125595057, 6.0/125595357, 6.0/125595658, 6.0/125595959, 6.0/125596260],mLx=5.0,s=5.0,ss=0.010989008,AuIntervened=false,mProximityState=false,bLux=15.0,dLux=0.0,bLux1=15.0,dLux1=0.0
12-17 21:00:46.647  1795 28027 W AwareLog: AwareMem_Kill: empty group list!
12-17 21:00:55.169 24266 24266 D VideoPlayerImpl: org.iqiyi.video.player.cv.ag()<-1> : current progress: progress= 219184
12-17 21:00:55.222 24802 24802 I nativeProcess: iqiyi message: ==== do something  executeCmd isProcessExist true =====
12-17 21:00:57.468  1795  3139 D PowerManagerService: ready=true,policy=3,wakefulness=1,wksummary=0x23,uasummary=0x4,bootcompleted=true,boostinprogress=false,waitmodeenable=false,mode=true,manual=33,auto=-1,adj=0.0userId=0
12-17 21:00:57.470  1795  3238 D GpsFreezeProc: addFreezeProcess pkg:com.huawei.appmarket
12-17 21:00:59.403  3218  3517 I QImsService: ImsSenderRxr : Response data: [12, 13, -1, -1, -1, -1, 16, 3, 24, -37, 1, 32, 0, 13, 100, 0, 0, 0, 21, 10, 0, 0, 0, 29, 100, 0, 0, 0, 37, 0, 0, 0, 0, 45, -1, 0, 0, 0, 53, -1, -1, 0, 0, 61, -1, 0, 0, 0, 69, -1, -1, 0, 0][SUB0]
12-17 21:01:04.991  2852  3556 I NetworkController.MobileSignalController(0): 	to: connected=true,enabled=true,level=4,inetCondition=1,iconGroup=IconGroup(4G),activityIn=true,activityOut=true,rssi=0,lastModified=12-17 09:01:03,isRoaming=false,dataSim=true,networkName=中国移动,networkNameData=中国移动,dataConnected=true,isDefault=true,isEmergency=false,airplaneMode=false,carrierNetworkChangeMode=false,userSetup=true
12-17 21:01:05.987   633 31867 I SDK     : 
12-17 21:01:06.194   633 31868 E SDK     : <2016-12-17 21:01:06> [ERR] SDK: UE-SeC 2016-12-17 21:1:6:193 Level[ERR] magic[3365677344 692]:Decoder message type is invalidation;invalidation MMTP_MSG_ENABLE_EXTEND is [36]
12-17 21:01:06.196   633 31868 I SDK     : 
12-17 21:01:09.029  2852  2852 D HwCustMobileSignalControllerImpl: isCurrentBySim()=false
12-17 21:01:11.194 24266 24266 V chaunce : org.iqiyi.video.vote.b.aux.a()<-1> : checkVoteShowTime--hideVoteView
12-17 21:01:18.726  1795 11745 W ActivityManager: getTasks: caller 10140 does not hold REAL_GET_TASKS; limiting output
12-17 21:01:19.209 24266 24266 I qiyippsplay: org.iqiyi.video.ui.bf.h()<-1> : 当前时间243204
12-17 21:01:24.113  2852  2852 D NetWorkUtils: mVSimCurCardType is -1
12-17 21:01:25.113  2852  2852 D HwCustMobileSignalControllerImpl: sub =0,strMccMnc =null,hashMccMnc =[],strPlmn =hw_customized_networkType_entry
12-17 21:01:28.147  2852  2852 D NetWorkUtils: mVSimCurCardType is -1
12-17 21:01:30.227 24802 24802 I nativeProcess: iqiyi message: ==== isProcesssExist: stat=0, errno=13
12-17 21:01:30.348  2852  2852 I StackScrollAlgorithm: updateDimmedActivatedHideSensitive overlap:true
12-17 21:01:32.221 24266 24266 V chaunce : org.iqiyi.video.vote.b.aux.a()<-1> : checkVoteShowTime--hideVoteView
12-17 21:01:36.504  1795  1795 I MQoS    : onSignal: mSubId=0,currDataSubID=0
12-17 21:01:40.231 24266 24266 I qiyippsplay: org.iqiyi.video.ui.bf.h()<-1> : 当前时间264088
12-17 21:01:40.734  1795 15987 W ActivityManager: getTasks: caller 10140 does not hold REAL_GET_TASKS; limiting output
12-17 21:01:42.461  3218  4070 W System.err: 	at android.content.ContextWrapper.enforceCallingOrSelfPermission(ContextWrapper.java:707)
12-17 21:01:46.234 24266 24266 D VideoPlayerImpl: org.iqiyi.video.player.cv.ag()<-1> : current progress: progress= 270099
12-17 21:01:46.235 24266 24266 V chaunce : org.iqiyi.video.vote.b.aux.a()<-1> : checkVoteShowTime-->270099
12-17 21:01:49.338  3218 13114 W System.err: 	at com.android.providers.telephony.TpProviderHw.query(TpProviderHw.java:572)
12-17 21:01:51.638  2852  2852 D HwCustMobileSignalControllerImpl: sub =0,strMccMnc =null,hashMccMnc =[],strPlmn =hw_show_4_5G_for_mcc
12-17 21:01:51.639  2852  2852 I HwSignalClusterView: getOrInflateState subId:0
12-17 21:01:55.654  2852  2852 D HwCustMobileSignalControllerImpl: sub =0,strMccMnc =null,hashMccMnc =[],strPlmn =hw_show_4g
12-17 21:01:55.688   633   692 I eSpaceService: Watch Thread{4481} LoginC.doWatch(LoginC.java:1459) Login_By_Step-> watch count =  0
12-17 21:01:55.738  1795  1795 I MQoS    : rtt=360,tcp_tx_pkts=1485554,tcp_rx_pkts=1771325
12-17 21:01:57.247 24266 24266 V chaunce : org.iqiyi.video.vote.b.aux.a()<-1> : checkVoteShowTime-->281304
12-17 21:01:57.941  2852  2852 D HwCustMobileSignalControllerImpl: sub =0,strMccMnc =null,hashMccMnc =[],strPlmn =hw_show_4_5G_for_mcc
12-17 21:02:00.251 24266 24266 V chaunce : org.iqiyi.video.vote.b.aux.a()<-1> : checkVoteShowTime-->284196
12-17 21:02:02.253 24266 24266 V chaunce : org.iqiyi.video.vote.b.aux.a()<-1> : checkVoteShowTime-->286268
12-17 21:02:06.091  1795  3121 D PowerManagerService: acquire lock=175892641, flags=0x1, tag="RILJ_ACK_WL", name=com.android.phone, ws=null, uid=1001, pid=3218
12-17 21:02:06.113  2852  2852 D HwCustMobileSignalControllerImpl: isCurrentBySim()=false
12-17 21:02:07.130  2852  2852 I HwSignalClusterView: apply hwPhoneState.mSubId:0 anyMobileVisible:false mIsAirplaneMode:false, mobileGroupVisible=true
12-17 21:02:10.288 31949 31967 I TCP     : tcp.conn{4787} TcpSocket.connect_i(TcpSocket.java:84) connecting to ip address uc.huawei.com/45.249.213.63
12-17 21:02:13.167  2852  2852 D HwCustMobileSignalControllerImpl: sub =0,strMccMnc =null,hashMccMnc =[],strPlmn =hw_hspap_show_4g
12-17 21:02:16.271 24266 24266 D VideoPlayerImpl: org.iqiyi.video.player.cv.ag()<-1> : current progress: progress= 300140
12-17 21:02:21.279 24266 24266 V chaunce : org.iqiyi.video.vote.b.aux.a()<-1> : checkVoteShowTime--hideVoteView
12-17 21:02:26.406  3858  4126 I amsnl   : csr
12-17 21:02:37.370  3858  4126 I amsnl   : t:false, fl: false, p: 2147483647000, ce: true, we: false
12-17 21:02:39.722   633   692 I eSpaceService: Watch Thread{4481} WatchThread.onLoop(WatchThread.java:98) watch thread onLoop...--》 iWatched.doWatch() 
12-17 21:02:40.304 24266 24266 D VideoPlayerImpl: org.iqiyi.video.player.cv.ag()<-1> : current progress: progress= 324216
12-17 21:02:40.532  1795  2748 D HwAmbientLuxFilterAlgo: t=125714229,BT=125715229,DT=125718229,BT1=125718229,DT1=125722229,Bn=false,Dn=false,lx=[7.0/125712725, 6.0/125713026, 5.0/125713327, 6.0/125713628, 6.0/125713928, 6.0/125714229],mLx=5.0,s=5.0,ss=0.04081632,AuIntervened=false,mProximityState=false,bLux=15.0,dLux=0.0,bLux1=15.0,dLux1=0.0
12-17 21:02:40.675  2852  2852 D HwCustMobileSignalControllerImpl: sub =0,strMccMnc =null,hashMccMnc =[],strPlmn =hw_mcc_mnc
12-17 21:02:40.676  2852  2852 D HwCustMobileSignalControllerImpl: sub =0,strMccMnc =null,hashMccMnc =[],strPlmn =hw_hspap_show_4g
12-17 21:02:42.639  1795  2748 D HwAmbientLuxFilterAlgo: t=125716337,BT=125717337,DT=125720337,BT1=125720337,DT1=125724337,Bn=false,Dn=false,lx=[6.0/125714832, 6.0/125715132, 6.0/125715434, 6.0/125715735, 6.0/125716036, 6.0/125716337],mLx=5.0,s=5.0,ss=0.037593976,AuIntervened=false,mProximityState=false,bLux=15.0,dLux=0.0,bLux1=15.0,dLux1=0.0
12-17 21:02:42.930  2852  2852 D HwCustMobileSignalControllerImpl: sub =0,strMccMnc =null,hashMccMnc =[],strPlmn =hw_show_4g
12-17 21:02:42.933  2852  2852 I HwSignalClusterView: getOrInflateState subId:0
12-17 21:02:43.528  1795  1806 D PowerManagerService: ready=true,policy=3,wakefulness=1,wksummary=0x23,uasummary=0x4,bootcompleted=true,boostinprogress=false,waitmodeenable=false,mode=true,manual=33,auto=-1,adj=0.0userId=0
12-17 21:02:46.234  3858  4126 I amsnl   : csr
12-17 21:02:46.852  1795  2748 D HwAmbientLuxFilterAlgo: t=125720549,BT=125721549,DT=125724549,BT1=125724549,DT1=125728549,Bn=false,Dn=false,lx=[6.0/125719047, 6.0/125719347, 6.0/125719647, 7.0/125719948, 6.0/125720248, 6.0/125720549],mLx=5.0,s=5.0,ss=0.043478258,AuIntervened=false,mProximityState=false,bLux=15.0,dLux=0.0,bLux1=15.0,dLux1=0.0
12-17 21:02:46.923  3218  3218 I SendBroadcastPermission: action:org.codeaurora.VOIP_VOPS_SSAC_STATUS, mPermissionType:0
12-17 21:02:51.957  1795  1819 D NetworkManagement: notifyInterfaceClassActivity: client is android.net.INetworkManagementEventObserver$Stub$Proxy@c0acf8b
12-17 21:02:59.330 24266 24266 V chaunce : org.iqiyi.video.vote.b.aux.a()<-1> : checkVoteShowTime--hideVoteView
12-17 21:03:00.035  2852  2852 E DateLunarView: mDateString is: 12月17日星期六
12-17 21:03:09.747   633   692 I eSpaceService: Watch Thread{4481} WatchThread.onLoop(WatchThread.java:94) watch thread onLoop... 
12-17 21:03:10.451  1795  1819 D NetworkManagement: notifyInterfaceClassActivity: client is android.net.INetworkManagementEventObserver$Stub$Proxy@c0acf8b
12-17 21:03:10.625  2852  2852 D HwCustMobileSignalControllerImpl: sub =0,strMccMnc =null,hashMccMnc =[],strPlmn =hw_mcc_mnc
12-17 21:03:10.629  2852  2852 I HwSignalClusterView: setMobileDataIndicatorsHuawei subId:0 visible:true strengthIcon:2130839311 typeIcon:2130839195 contentDescription:手机信号满格。 typeContentDescription:4G isTypeIconWide:true showActivity:true activityIn:false activityOut:false isRoaming:false
12-17 21:03:12.351 24266 24266 I qiyippsplay: org.iqiyi.video.ui.bf.h()<-1> : 当前时间356342
12-17 21:03:12.637  2852  2852 D HwCustMobileSignalControllerImpl: sub =0,strMccMnc =null,hashMccMnc =[],strPlmn =hw_show_4g
12-17 21:03:15.239 24802 24802 I nativeProcess: iqiyi message: ==== do something  executeCmd isProcessExist true =====
12-17 21:03:15.786  1795  1806 D PowerManagerService: ready=true,policy=3,wakefulness=1,wksummary=0x23,uasummary=0x4,bootcompleted=true,boostinprogress=false,waitmodeenable=false,mode=true,manual=33,auto=-1,adj=0.0userId=0
12-17 21:03:15.815  1795  5350 I MQoS    : MSG_QUERY_TCP_INFO called,count:230
12-17 21:03:27.979  1795 28229 I AwareLog: AwareMem_EventTracker: [POLLING_TIMEOUT_125761640] kill uid:1000, proc:com.huawei.bd
12-17 21:03:29.028  1795  3247 I ActivityManager_service: New app record ProcessRecord{6dc794 28260:com.huawei.bd/1000} thread=android.os.BinderProxy@205423d pid=28260 procname=com.huawei.bd
12-17 21:03:35.378 24266 24266 D seekbar : org.iqiyi.video.ui.ci.onProgressChanged()<-1> : 当前进度：379387 缓冲大小:2304619 缓冲进度：2684006
12-17 21:03:35.544  2852  2852 D HwCustMobileSignalControllerImpl: sub =0,strMccMnc =null,hashMccMnc =[],strPlmn =hw_show_4_5G_for_mcc
12-17 21:03:39.798  1795  2778 W ActivityManager: getRunningAppProcesses: caller 10102 does not hold REAL_GET_TASKS; limiting output
12-17 21:03:40.579  2852  2852 I HwSignalClusterView: apply hwPhoneState.mSubId:0 anyMobileVisible:false mIsAirplaneMode:false, mobileGroupVisible=true
12-17 21:03:41.389 24266 24266 I qiyippsplay: org.iqiyi.video.ui.bf.h()<-1> : 当前时间385402
