12-17 21:22:41.688 24266 24266 I DownloadEpisodeAdapter: [qiyi_LOG_INFO DownloadEpisodeAdapter] setUnFinishedText:DownloadObject{albumId='203364601', tvId='575086800', res_type=4, _id=30, vid='a36aebaa1739592b3333b5a460ddd08f', fileName='203364601_575086800.qsv', downloadFileDir='/storage/emulated/0/Android/data/com.qiyi.video/files/203364601_575086800/', imgUrl='http://m.qiyipic.com/image/20161127/38/a8/v_111368601_m_601_320_180.jpg', text='锦绣未央第30集', subTitle='开城杀敌 背水一战', DOWNLOAD_KEY='203364601_575086800', downloadWay=8, downloadRequestUrl='', displayType=TV_TYPE, fileSize=141601972, progress=100.0, status=FINISHED, clicked=0, videoDuration=2787, clm='锦绣未央', _a_t='锦绣未央', episode=30, year='2016', playRc=-1, taskStatus=2, mNeedDel=0, isDownloadPlay=true, speed=0, errorCode='', downloadTime=0, _pc=0, auto=0, cid=0, fDownloadRequestUrl='http://pic2.qiyipic.com/image/20161211/9a/b4/a_100018961_m_601_m3_284_160.jpg', downloadSource=DOWNLOAD_DEFAULT, f4vJsonUrl='http://cache.video.qiyi.com/vp/575086800/a36aebaa1739592b3333b5a460ddd08f/?src=2_22_222&t=1481526451274&vf=5ee8847c2fc13bf076e1e5dae438bcd6&vt=1', f4vSections=null, svrip='null', segidx='null', accelerate_speed0'}
12-17 21:22:41.750   633 31875 I SDK     : 
12-17 21:22:41.860 24266 24266 I DownloadEpisodeAdapter: [qiyi_LOG_INFO DownloadEpisodeAdapter] loadImage
12-17 21:22:41.877 24266 24266 I DownloadEpisodeAdapter: [qiyi_LOG_INFO DownloadEpisodeAdapter] showExceptionStatus
12-17 21:22:41.899 24266 24266 I DownloadEpisodeAdapter: [qiyi_LOG_INFO DownloadEpisodeAdapter] localPath = /storage/emulated/0/Android/data/com.qiyi.video/files/203364601_574272000/203364601_574272000.jpg
12-17 21:22:41.945 24266 24266 I ActivityManager_activity: Reporting idle of ActivityRecord{ac1b115 token=android.os.BinderProxy@6b6a66c {com.qiyi.video/org.qiyi.android.video.ui.phone.download.PhoneDownloadEpisodeActivity}} finished=false
12-17 21:22:44.175 24266 24266 I DownloadEpisodeAdapter: [qiyi_LOG_INFO DownloadEpisodeAdapter] setUnFinishedText:DownloadObject{albumId='203364601', tvId='575086800', res_type=4, _id=30, vid='a36aebaa1739592b3333b5a460ddd08f', fileName='203364601_575086800.qsv', downloadFileDir='/storage/emulated/0/Android/data/com.qiyi.video/files/203364601_575086800/', imgUrl='http://m.qiyipic.com/image/20161127/38/a8/v_111368601_m_601_320_180.jpg', text='锦绣未央第30集', subTitle='开城杀敌 背水一战', DOWNLOAD_KEY='203364601_575086800', downloadWay=8, downloadRequestUrl='', displayType=TV_TYPE, fileSize=141601972, progress=100.0, status=FINISHED, clicked=0, videoDuration=2787, clm='锦绣未央', _a_t='锦绣未央', episode=30, year='2016', playRc=-1, taskStatus=2, mNeedDel=0, isDownloadPlay=true, speed=0, errorCode='', downloadTime=0, _pc=0, auto=0, cid=0, fDownloadRequestUrl='http://pic2.qiyipic.com/image/20161211/9a/b4/a_100018961_m_601_m3_284_160.jpg', downloadSource=DOWNLOAD_DEFAULT, f4vJsonUrl='http://cache.video.qiyi.com/vp/575086800/a36aebaa1739592b3333b5a460ddd08f/?src=2_22_222&t=1481526451274&vf=5ee8847c2fc13bf076e1e5dae438bcd6&vt=1', f4vSections=null, svrip='null', segidx='null', accelerate_speed0'}
12-17 21:22:44.223 24266 24266 I DownloadEpisodeAdapter: [qiyi_LOG_INFO DownloadEpisodeAdapter] showExceptionStatus
12-17 21:22:44.257 24266 24266 I DownloadEpisodeAdapter: [qiyi_LOG_INFO DownloadEpisodeAdapter] showExceptionStatus
12-17 21:22:44.260 24266 24266 I DownloadEpisodeAdapter: [qiyi_LOG_INFO DownloadEpisodeAdapter] 锦绣未央第26集 = 下载完成
12-17 21:22:45.407 24802 24802 I nativeProcess: iqiyi message: create--runOnSubprocess isProcessExist true
12-17 21:22:48.399  2852  2852 D HwCustMobileSignalControllerImpl: isCurrentBySim()=false
12-17 21:22:51.088 24266 24266 I DownloadEpisodeAdapter: [qiyi_LOG_INFO DownloadEpisodeAdapter] setUnFinishedText:DownloadObject{albumId='203364601', tvId='576212000', res_type=4, _id=34, vid='189d80ad13de2bb8b445510dc9c182f0', fileName='203364601_576212000.qsv', downloadFileDir='/storage/emulated/0/Android/data/com.qiyi.video/files/203364601_576212000/', imgUrl='http://m.qiyipic.com/image/20161129/d7/9d/v_111380016_m_601_320_180.jpg', text='锦绣未央第34集', subTitle='未央蒙冤 感情破裂', DOWNLOAD_KEY='203364601_576212000', downloadWay=8, downloadRequestUrl='', displayType=TV_TYPE, fileSize=133792202, progress=99.0, status=FINISHED, clicked=1, videoDuration=2685, clm='锦绣未央', _a_t='锦绣未央', episode=34, year='2016', playRc=1524, taskStatus=2, mNeedDel=0, isDownloadPlay=true, speed=0, errorCode='', downloadTime=0, _pc=0, auto=0, cid=0, fDownloadRequestUrl='http://pic2.qiyipic.com/image/20161211/9a/b4/a_100018961_m_601_m3_284_160.jpg', downloadSource=DOWNLOAD_DEFAULT, f4vJsonUrl='http://cache.video.qiyi.com/vp/576212000/189d80ad13de2bb8b445510dc9c182f0/?src=2_22_222&t=1481879366810&vf=1b55274885c6f2fdbc267a87b7ada5af&vt=1', f4vSections=null, svrip='null', segidx='null', accelerate_speed0'}
12-17 21:22:52.846  1795  2381 D libfingersense_wrapper: Calling fingersense_classify_touch()
12-17 21:22:53.455  1795  2736 D hwintelligencewifi: current cell id is not monitor ..... cellid = 46000176128782
12-17 21:22:53.494  3858  4126 I amsnl   : m1: false
12-17 21:22:55.605 24266 24266 E HW-JPEG-DEC: [HME_JPEG_DEC_Delete](3298): HME_JPEG_DEC_Delete: decoder_ctx=null
12-17 21:22:55.886 24266 24266 I DownloadEpisodeAdapter: [qiyi_LOG_INFO DownloadEpisodeAdapter] 锦绣未央第32集>>showCommonView
12-17 21:22:55.965 24266 24266 I DownloadEpisodeAdapter: [qiyi_LOG_INFO DownloadEpisodeAdapter] showExceptionStatus
12-17 21:22:55.973  2852  2852 I HwPhoneStatusBar: updateNotificationShade
12-17 21:22:56.068  2852  2852 I StatusBarIconView: updateTint: tint=1
12-17 21:23:00.195 24266 24266 I DownloadEpisodeAdapter: [qiyi_LOG_INFO DownloadEpisodeAdapter] setUnFinishedText:DownloadObject{albumId='203364601', tvId='578148000', res_type=4, _id=41, vid='edd4ea1c56dcc8a25b903beae326763e', fileName='203364601_578148000.qsv', downloadFileDir='/storage/emulated/0/Android/data/com.qiyi.video/files/203364601_578148000/', imgUrl='http://m.qiyipic.com/image/20161202/6d/b0/v_111400797_m_601_320_180.jpg', text='锦绣未央第40集', subTitle='真凶落网 白芷遇害', DOWNLOAD_KEY='203364601_578148000', downloadWay=8, downloadRequestUrl='', displayType=TV_TYPE, fileSize=126350536, progress=99.0, status=FINISHED, clicked=0, videoDuration=2671, clm='锦绣未央', _a_t='锦绣未央', episode=40, year='2016', playRc=-1, taskStatus=2, mNeedDel=0, isDownloadPlay=true, speed=0, errorCode='', downloadTime=0, _pc=0, auto=0, cid=0, fDownloadRequestUrl='http://pic2.qiyipic.com/image/20161211/9a/b4/a_100018961_m_601_m3_284_160.jpg', downloadSource=DOWNLOAD_DEFAULT, f4vJsonUrl='http://cache.video.qiyi.com/vp/578148000/edd4ea1c56dcc8a25b903beae326763e/?src=2_22_222&t=1481882504394&vf=b0d66ab4f2ced13aadc0ee4b66e3ccb4&vt=1', f4vSections=null, svrip='null', segidx='null', accelerate_speed0'}
12-17 21:23:01.950 24266 24472 D 2DSDR   : APS: 2DSDR: CanvasContext::setSDRZoomout(), the SDR ratio from ViewRootImpl is -1.000000, native window width = 1080, height = 1800
12-17 21:23:05.461  2852  2852 D HwCustMobileSignalControllerImpl: sub =0,strMccMnc =null,hashMccMnc =[],strPlmn =hw_mcc_mnc
12-17 21:23:06.739  1795  2381 D libfingersense_wrapper: Calling fingersense_classify_touch()
12-17 21:23:12.236  2852  2914 V AudioManager: querySoundEffectsEnabled...
12-17 21:23:12.237  1795  2380 I TransactionProcessor: HwDPMS received transaction_isHwFrameworkAdminAllowed, the ret: false
12-17 21:23:12.299 24266 24266 I QiyiDownloadManager: com.iqiyi.video.download.g.com2.e()<-1> : checkActionModule:4194304
12-17 21:23:12.343 24266 24266 I MessageDeliver: [qiyi_LOG_INFO MessageDeliver] action = 2000
12-17 21:23:12.477 24266 24266 I plugin  : [qiyi_LOG_INFO plugin] startAndBindService
12-17 21:23:12.570 24266 24266 I MyMainAdapterN: [qiyi_LOG_INFO MyMainAdapterN] MSG_DOWNLOAD_DATA_SET_CHANGED
12-17 21:23:13.627   633 31867 I SDK     : 
12-17 21:23:14.457  1795  2381 D libfingersense_wrapper: fingersense_touch_up() finished
12-17 21:23:15.208 25080 30217 D TransferUtils: APP_PT:2
12-17 21:23:15.301 25080 30201 E UGCHttpClient: HCDN_LOG: [2016/12/17-21:23:15:301]:GetHostByName(pdata.video.iqiyi.com) takes 32 ms.
12-17 21:23:15.600 24266 24266 I QiyiDownloadManager: [qiyi_LOG_INFO QiyiDownloadManager] ACTION_DOWNLOAD_UNBIND_DOWNLOAD_SERVICE
12-17 21:23:15.719 24266 24418 I CLog    : 2016-12-17 21:23:15.719 T:24418   DEBUG: Thread PumaNetWork 18446744072803055904 terminating
12-17 21:23:15.737  1795  6986 I ActivityManager_service: ServiceNeeded not bring down service:ServiceRecord{a4b174 u0 euid: 0 com.qiyi.video/org.qiyi.android.plugin.ipc.IPCService}
12-17 21:23:16.200 30234 30234 D LocalPlayerLib: In the setLocalPlayerPlatformtype
12-17 21:23:16.633 30234 30316 D mmachina: mma_config mobile:true | false
12-17 21:23:16.854 30234 30327 D IM      : ConnectorStart, initConnection connected = true
12-17 21:23:17.167 30234 30252 I CLog    : 2016-12-17 21:23:17.167 T:30252    INFO: virtual bool QYPuma::CurlHttpLoader::Load(const QYPuma::QYHttpRequest&, QYPuma::IQYHttpHandler*) - 0, url: http://data.video.iqiyi.com/v.f4v
12-17 21:23:17.339   835  2385 I fpc_tac : fpc_tac_send_set_arbitrary_data_cmd:ok, response:0
12-17 21:23:17.499  1795  1825 W LightSensor: LightSensor, enable, 283: en=0
12-17 21:23:17.503  1795  1795 D DeviceIdleController: Moved from STATE_ACTIVE to STATE_INACTIVE
12-17 21:23:17.594 30234 30375 E hcdn_downloadengine: HCDN_LOG: [2016/12/17-21:23:17:594]:OnRecvIsCDNSpeedUp,1330    mobile upload conn_power:0,lock_screen:0,no_task:0,battery:30,speed:2048 kbps
12-17 21:23:17.594 30234 30377 E p2pnetwork: HCDN_LOG: [2016/12/17-21:23:17:594]:Set_p2p_quality_weight_for_offline,2351. 1,3,1,4,48,1,64,50,1,80,10,0.750000,0.750000,0,0
12-17 21:23:17.724  1795  2750 D SurfaceControl: Excessive delay in setPowerMode(): 221ms
12-17 21:23:17.791  1795  3077 I GnssLocationProvider: disableGps:false  isEnabled()=true
12-17 21:23:17.820  2852  2852 V KeyguardSecurityView: Container inflating id = 2130968798 : view Id 2132017669
12-17 21:23:17.952  1795  1808 I ActivityManager: new Process app=ProcessRecord{f231e58 0:com.huawei.intelligent/u0a17}, name: com.huawei.intelligent, euid: 0
12-17 21:23:18.100  2852  2852 D TintTextView: #B3FFFFFF com.android.systemui.tint.TintTextView{88b1de7 V.ED..... ......ID 0,11-144,60 #7f14004e app:id/msim_status_bar_operators_card_one_id}
12-17 21:23:18.554 30445 30475 E HW-JPEG-DEC: [HME_JPEG_DEC_Delete](3298): HME_JPEG_DEC_Delete: decoder_ctx=null
12-17 21:23:19.039 30234 30234 D Feed    : com.iqiyi.qyplayercardview.j.con.a()<-1> :  mEmotions.get(i) = Emotion@7765a2amOrder = 21,mId = 20,mName = pp_icon_expression_21,mContent = [衰],mImagePath = /data/user/0/com.qiyi.video/app_feed/feedemotion/pp_icon_expression_21.png,mImageUrl = http://img5.qiyipic.com/image/qitan/qitan_pp_icon_expression_21_default.png
12-17 21:23:19.166  1795  2748 D HwAmbientLuxFilterAlgo: t=126952863,BT=126953363,DT=126953863,BT1=126956863,DT1=126960863,Bn=false,Dn=false,lx=[1.0/126952261, -1.0/126952563, 1.0/126952863],mLx=1.0,s=5.0,ss=4.0,AuIntervened=false,mProximityState=false,bLux=7.8,dLux=0.0,bLux1=7.8,dLux1=0.0
12-17 21:23:22.063  3168  3369 W ContextImpl: Calling a method in the system process without a qualified user: android.app.ContextImpl.sendBroadcast:996 com.huawei.android.chr.statistics.TelStatusService.setStatisticForDB:553 com.huawei.android.chr.statistics.TelStatusService.reportStatisticChr:765 com.huawei.android.chr.statistics.TelStatusService.triggerStatsReport:449 com.huawei.android.chr.statistics.TelStatusService.triggerAllStatsReport:458 
12-17 21:23:22.130  3168  3307 I iMonitor: create: 904000000
12-17 21:23:22.130  3168 30499 D HwRepairHelper: update()   updated:  3205280748
12-17 21:23:24.503  3858  4126 I amsnl   : csr
12-17 21:23:26.998 30234 30518 I Utility : [qiyi_LOG_INFO Utility] isQiyiPackage PackageName:com.qiyi.video
12-17 21:23:27.028 30234 30517 D HsmInterfaceImpl: List [ResolveInfo{8b39f7e com.qiyi.video/com.baidu.android.pushservice.RegistrationReceiver m=0x108000 euid=0}]
12-17 21:23:27.148 24766 24834 D GlobalPush: [PushService] --- request ---
12-17 21:23:27.281 30521 30521 D Tinker.DefaultAppLike: onTrimMemory level:5
12-17 21:23:27.720  1795  2709 I ActivityManager_service: retrieveServiceLocked, callerApp: ProcessRecord{34bf34f 0:system/1000}, flags: 10000400
12-17 21:25:22.692  1795  3110 I AlarmManager: set(PendingIntent{4dd59f0: PendingIntentRecord{3469b69 android broadcastIntent}}) : type=0 triggerAtTime=1481981204547 win=0 tElapsed=449740911 maxElapsed=449740911 interval=0 flags=0x9
12-17 21:25:23.084  2852  2852 I TrafficPanelManager: hideTraffic
12-17 21:25:27.692  1795  3884 D PowerManagerService: release:lock=40600994, flg=0x0, tag="dispatcher", name=android", ws=null, uid=1000, pid=7194
12-17 21:25:31.721  3626  3626 E PTM.FileNodeInfo: getTempInfo error: null, 0
12-17 21:25:54.103  1795 15987 I HwPowerManagerService: Waking up from sleep (uid 10033)...
12-17 21:25:54.358   606  2379 E libteec : qsc_send_cmd finish
12-17 21:25:54.364   835  2385 E libteec : receive data len = 256
12-17 21:25:54.377  2852  2852 I QSCustomizer: hide:x=0, y=0, isShown=false
12-17 21:25:54.434  2852  2852 I HwLockScreenReporter: report msg is :{picture: Deepwater-07-2.3.001-bigpicture_07_3.jpg}
12-17 21:25:54.437  2852  2852 I TintManager: updateBarBgColor:emuiStyle=-1,statusBarColor=#FFFCFCFC,navigationBarColor=#00000000, isEmuiLight=-1
12-17 21:25:54.474  1795  1825 D PowerManagerService: ready=true,policy=3,wakefulness=1,wksummary=0x0,uasummary=0x1,bootcompleted=true,boostinprogress=false,waitmodeenable=false,mode=true,manual=33,auto=-1,adj=0.0userId=0
12-17 21:25:54.488  1795 11745 I HwPFWLogger: AppAutoStartupPolicy:prevent start receiver of package cn.wps.moffice_eng for action android.intent.action.USER_PRESENT
12-17 21:25:54.490  1795  1808 W BroadcastQueue: Permission Denial: broadcasting Intent { act=android.intent.action.USER_PRESENT flg=0x24000010 } from com.android.systemui (pid=2852, uid=10033) requires com.huawei.wifipro.permission.RECV.WIFI_CONNECTED_CONCURRENTLY due to registered receiver BroadcastFilter{a30c562 u0 ReceiverList{6b87c2d 1795 system/1000/u0 local:fc2f344}}
12-17 21:25:54.597 25067 30726 I UX      : CollectorManager--isCollectorEnabled--getBoolean: false
12-17 21:25:54.668  1795  3237 I HwPFWLogger: AppAutoStartupPolicy:prevent start provider of package com.mobike.mobikeapp, auth: com.mobike.mobikeapp.bdpush, name: com.baidu.android.pushservice.PushInfoProvider by callerPid 30556, callerUid 10140
12-17 21:25:54.747 24802 24802 I nativeProcess: iqiyi message: ==== do something  executeCmd isProcessExist true =====
12-17 21:25:54.791   633 31868 I SDK     : 
12-17 21:25:54.823   633 31870 I SDK     : <2016-12-17 21:25:54> [WARN] SDK: UE-SeC 2016-12-17 21:25:54:823 Level[WARN] magic[3362781472 684]:PubEvt_Close Getting a socket[24] from the Socket-table Failed!
12-17 21:25:54.834   633 31870 I SDK     : 
12-17 21:25:54.852   633   692 E HW_DEBUG: pool-3-thread-1{4478} 10.run(RecentConversationFunc.java:2177) <<< ERROR(6) >>> not connect!
12-17 21:25:54.852   633 31870 I SDK     : 
12-17 21:25:54.856   633 31870 I SDK     : <2016-12-17 21:25:54> [WARN] SDK: UE-SeC 2016-12-17 21:25:54:856 Level[WARN] magic[3362781472 684]:PubEvt_Close Getting a socket[166] from the Socket-table Failed!
12-17 21:25:54.877   633 31870 I SDK     : 
12-17 21:25:54.892   633 30759 I SDK     : <2016-12-17 21:25:54> [NOTICE] SDK: UE-SeC 2016-12-17 21:25:54:892 Level[NOTICE] magic[2441980192 1019]:SDK:net change notify: old=1, new=2, errCode=0
12-17 21:25:54.942 31949 31967 I TCP     : 	at com.huawei.ecs.mip.proxy.TcpSocket.connect(TcpSocket.java:57)
12-17 21:25:54.977 30732 30732 D BetaClub_LogUpload: [LogUploadService.onStartCommand]
12-17 21:25:57.268  1795  1809 I WindowManager: rotationForOrientationLw(orient=1, last=0); user=0 
12-17 21:25:58.707 24766 30781 D GlobalPush: [iQiyiPushService] System.currentTimeMillis = 1481981158707 lastOutboundActivity = 1481981158605 lastInboundActivity = 1481981158702
12-17 21:25:59.390  1795 11746 I TransactionProcessor: HwDPMS received transaction_getHwFrameworkAdminList user: 0:4006
12-17 21:25:59.472  2852  2852 I HwPhoneStatusBarTransitions: restoreBackgroundColor:new=0, old=0
12-17 21:25:59.763  2852  2852 D HwCustMobileSignalControllerImpl: sub =0,strMccMnc =null,hashMccMnc =[],strPlmn =hw_mcc_mnc
12-17 21:25:59.796   633 30788 I SDK     : <2016-12-17 21:25:59> [NOTICE] SDK: UE-SeC 2016-12-17 21:25:59:796 Level[NOTICE] magic[2430892320 247]:Send udp detect packet ok when login,id:[8];count:[2]!
12-17 21:26:00.264  2852  2852 I ToggleSlider:  mSeekListener onProgressChanged progress:855 fromUser:false
12-17 21:26:00.511  2852  2852 I HwBrightnessUtils:  getSeekBarProgress isAutoMode:true current brightness:4 percentage:0.0
12-17 21:26:00.971  3626  3626 W PTM.PeriodCheckManager: mSendService start
12-17 21:26:02.149  1795  3238 I ActivityManager_activity: resumeTopActivityLocked: Pausing ActivityRecord{62a5344 u0 com.huawei.espacev2/com.huawei.espace.module.main.ui.MainActivity t370}
12-17 21:26:02.150  1795  3238 I ActivityManager_activity: resumeTopActivityLocked: Skip resume: need to start pausing
12-17 21:26:02.613  1046  1125 I audio_hw_utils: audio_extn_utils_send_app_type_cfg PLAYBACK app_type 69937, acdb_dev_id 7, sample_rate 48000
12-17 21:26:04.811  2852  2852 D NetWorkUtils: mVSimCurCardType is -1
12-17 21:26:05.127  5224  5283 I Step_DataCache: 20002302|getTodayTotalSteps 6974
12-17 21:26:06.506  1795 20747 D PowerManagerService: ready=true,policy=3,wakefulness=1,wksummary=0x1,uasummary=0x1,bootcompleted=true,boostinprogress=false,waitmodeenable=false,mode=true,manual=33,auto=-1,adj=0.0userId=0
12-17 21:26:06.913  1046  1125 D audio_hw_primary: out_standby: exit
12-17 21:26:07.199  1795  3237 I HwActivityManagerService: Split enqueueing broadcast [callerApp]:ProcessRecord{580cfb2 5224:com.huawei.health:DaemonService/u0a99}
12-17 21:26:08.466  3218  3517 I QImsService: ImsSenderRxr : Ims registrationorg.codeaurora.ims.ImsQmiIF$Registration@8c57aa2[SUB0]
12-17 21:26:08.511  2852  2852 W AppHandler: sendMessage 117
12-17 21:26:08.517  2852  2852 D HwCustMobileSignalControllerImpl: sub =0,strMccMnc =null,hashMccMnc =[],strPlmn =hw_mcc_mnc
12-17 21:26:08.535  1795  2685 D HwPFWLogger: AutoStartupDataMgr:retrieveStartupSettings type 0 of com.sina.weibo is 0
12-17 21:26:08.535  1795  2685 D HwPFWLogger: AutoStartupDataMgr:retrieveStartupSettings type 0 of com.sina.weibo is 0
12-17 21:26:08.535  1795  2685 I HwPFWLogger: AppAutoStartupPolicy:prevent start receiver of package com.sina.weibo for action android.net.conn.CONNECTIVITY_CHANGE
12-17 21:26:08.538  2852  2852 I HwSignalClusterView: setMobileDataIndicatorsHuawei subId:0 visible:true strengthIcon:2130839311 typeIcon:2130839153 contentDescription:手机信号满格。 typeContentDescription: isTypeIconWide:false showActivity:false activityIn:false activityOut:false isRoaming:false
12-17 21:26:08.601  2852  2852 D HwMobileSignalController: getTypeIcon type:1
12-17 21:26:08.602  2852  2852 I HwSignalClusterView: setMobileDataIndicatorsHuawei subId:0 visible:true strengthIcon:2130839311 typeIcon:2130839153 contentDescription:手机信号满格。 typeContentDescription: isTypeIconWide:false showActivity:false activityIn:false activityOut:false isRoaming:false
12-17 21:26:08.604  2852  2852 I HwSignalClusterView: apply hwPhoneState.mSubId:0 anyMobileVisible:false mIsAirplaneMode:false, mobileGroupVisible=true
12-17 21:26:08.615  7194  7194 W BlockMonitor: { callback=android.app.LoadedApk$ReceiverDispatcher$Args receiver=com.huawei.android.bastet.HwBastet$1 act=null target=android.app.ActivityThread$H }: 303
12-17 21:26:08.682  3168  3330 E         : Lib:oem_qmi_cmd: Send to server  passed!!
12-17 21:26:08.720  3168  3168 I CHR_ChrDataService: defaultDsDisconnectedFailed:Enter reason = null
12-17 21:26:08.797  3218  3218 I QImsService: ImsServiceSub : type = 1 status = 0 isValid = true
12-17 21:26:08.849 30820 30820 I HwSystemManager: TMSEngineFeature: TMS support enable for netassistant.
12-17 21:26:08.896  2852  2852 I HwSignalClusterView: apply hwPhoneState.mSubId:0 anyMobileVisible:false mIsAirplaneMode:false, mobileGroupVisible=true
12-17 21:26:09.248  3879  4071 I HwLauncher: Workspace updateCustomizeShortcuts view invalidate ShortcutInfo(title=eSpace)
12-17 21:26:09.692  1795 17831 I ActivityManager: new Process app=ProcessRecord{c09c792 0:com.huawei.phoneservice:loguploadservice/u0a18}, name: com.huawei.phoneservice:loguploadservice, euid: 0
12-17 21:26:09.792  1046  9752 D audio_hw_spkr_prot: audio_extn_fbsp_set_parameters: Speaker protection disabled
12-17 21:26:09.892  3218  3218 D Telephony: TelephonyConnection: clearOriginalConnection
12-17 21:26:09.905  1795  1795 D Telecom : DirectToVoicemailCallFilter: onCallerInfoQueryComplete: TSI.aNIC->CILH.sL->CILH.oQC@EyA_1_0
12-17 21:26:09.968   633 31870 I SDK     : 
12-17 21:26:09.978   633 31870 I SDK     : <2016-12-17 21:26:09> [WARN] SDK: UE-SeC 2016-12-17 21:26:9:978 Level[WARN] magic[3362781472 684]:PubEvt_Close Getting a socket[39] from the Socket-table Failed!
12-17 21:26:09.981   633 31870 I SDK     : 
12-17 21:26:09.995   633 31870 I SDK     : <2016-12-17 21:26:09> [WARN] SDK: UE-SeC 2016-12-17 21:26:9:995 Level[WARN] magic[3362781472 684]:PubEvt_Close Getting a socket[73] from the Socket-table Failed!
12-17 21:26:10.000   633 31870 I SDK     : 
12-17 21:26:10.004   633 31870 I SDK     : <2016-12-17 21:26:10> [WARN] SDK: UE-SeC 2016-12-17 21:26:10:4 Level[WARN] magic[3362781472 684]:PubEvt_Close Getting a socket[114] from the Socket-table Failed!
12-17 21:26:10.022   633 31870 I SDK     : 
12-17 21:26:10.024   633 31870 I SDK     : 
12-17 21:26:10.089  1795 17831 D HwPFWLogger: AutoStartupDataMgr:retrieveStartupSettings type 1 of huawei.w3 is 0
12-17 21:26:10.137  1046  1467 I APM_AudioPolicyManager: checkOutputForStrategy() getDeviceForStrategy strategy=0 newDevice=2 oldDevice=2
12-17 21:26:10.138  2835  2835 E MMIjni  : Trying to connect...
12-17 21:26:10.140  1795  1808 W BroadcastQueue: Permission Denial: receiving Intent { act=android.intent.action.PHONE_STATE flg=0x10 (has extras) } to ProcessRecord{9ef8336 4492:com.tencent.mm/u0a105} (pid=4492, uid=10105) requires android.permission.READ_PRIVILEGED_PHONE_STATE due to sender android (uid 1000)
12-17 21:26:10.143  1046  9752 D audio_hw_extn: audio_extn_get_parameters: returns 
12-17 21:26:10.158  1795 30974 I CallVoiceAsisstant: onCallAdded,report incoming call.......mVoiceBroadCastOpen =falsemVoiceControlOpenfalsemVDriveCallMsgBroadCastOpen is falsemVDriveControlOpen is false
12-17 21:26:10.256  1795 20747 I ActivityManager_broadcast: dispatch ordered broadcast [background] BroadcastRecord{ff9ad53 u-1 android.intent.action.PHONE_STATE}, has 2 receivers
12-17 21:26:10.282 30521 30521 D IM_PS   : [DaemonStrategy23] sendBroadcastByAmsBinder
12-17 21:26:10.282  1046  2703 I APM_AudioPolicyManager: setStreamVolumeIndex() stream 8, device 0x0004, index 12
12-17 21:26:10.352  3608  3608 D InCall  : InCallPresenter - onCallListChange newState changed to INCOMING
12-17 21:26:10.611  1795  2396 I HwNetworkPolicy: onTransact, code = 203
12-17 21:26:10.663  1795 15988 I qti_sensors_hal: flush,260 handle 0
12-17 21:26:12.213  2852  2852 I PhoneStatusBar: removeNotificationChildren
12-17 21:26:12.747  1046 26554 I Huawei_audio_cust: huawei_common_set_parameters: exit with code(0)
12-17 21:26:12.771  1795  2778 I HwPFWLogger: AppAutoStartupPolicy:prevent start receiver of package com.autonavi.minimap for action android.intent.action.PHONE_STATE
12-17 21:26:12.812  3218 13036 D VoiceRecorderManager: isAutoRecordNumber() autokey false
12-17 21:26:12.838  1795  2332 I qti_sensors_hal: [ACC]processReportInd: X: 0.444565 Y: 2.850464 Z: 9.780502  x_offset:0.000000 y_offset:0.000000 z_offset:1.000000
12-17 21:26:12.861  3608  3608 I InCall  : VideoCallPresenter - checkForVideoCallChange: videoCall=null mVideoCall=null
12-17 21:26:15.730  1795  2748 D HwAmbientLuxFilterAlgo: t=127000111,BT=127001111,DT=127004111,BT1=127004111,DT1=127008111,Bn=false,Dn=false,lx=[0.0/126998607, 0.0/126998908, 0.0/126999208, 0.0/126999509, 0.0/126999810, 0.0/127000111],mLx=0.0,s=5.0,ss=3.7018642,AuIntervened=false,mProximityState=false,bLux=6.0,dLux=-1.0,bLux1=6.0,dLux1=-1.0
12-17 21:26:18.179  5224  5283 I Step_ExtendStepDataManager: 20002302|after compensate: cache step_6992
12-17 21:26:19.143  2852  2852 I EventCenter: EventCenter Get :android.com.huawei.bone.NOTIFY_SPORT_DATA
12-17 21:26:23.178  2852  2852 I StackScrollAlgorithm: updateDimmedActivatedHideSensitive overlap:true
12-17 21:26:25.001  5224  5224 I Step_LSC: 20002302|compensate received
12-17 21:26:28.980  5224  5283 I Step_DataCache: 20002302|getTodayTotalSteps 7007
12-17 21:26:34.950  5224  5283 I Step_DataCache: 20002302|getTodayTotalSteps 7018
12-17 21:26:35.047  1795 11746 I HwActivityManagerService: Split enqueueing broadcast [callerApp]:ProcessRecord{580cfb2 5224:com.huawei.health:DaemonService/u0a99}
12-17 21:26:36.241  1795  1825 D PowerManagerService: handleUserActivityTimeout
12-17 21:26:38.729  3168 31047 D HwRepairHelper: query() sql:select * from 'CHREventType' where EVENTTYPE = 'LOST_NETWORK'
12-17 21:26:42.079  2852  2852 I StackScrollAlgorithm: updateDimmedActivatedHideSensitive overlap:true
12-17 21:26:42.359  1795  1795 D DeviceIdleController: scheduleAlarmLocked(1800000, false)
12-17 21:26:42.576  1795  2750 D PowerManagerService: Setting HAL auto-suspend mode to true
12-17 21:26:42.627  5224  5283 I Step_DataCache: 20002302|getTodayTotalSteps 7037
12-17 21:26:42.796   606  2379 E libteec : send data return = 128
12-17 21:26:43.704  2852  2852 I PhoneStatusBar: updateNotificationShade
12-17 21:26:44.548  1795  2376 I AlarmManager: sending alarm Alarm{32e7708 type 0 when 1481981204547 android},repeatInterval = 0,listenerTag =null
12-17 21:26:48.465  5224  5283 I Step_ExtendStepDataManager: 20002302|compensate 24699686 74
12-17 21:26:49.570  1795  1825 D PowerManagerService: userActivityNoUpdateLocked: eventTime=127033949, event=0, flags=0x0, uid=1000
12-17 21:26:49.572  1795  1795 I WindowManger_keyguard: Started waking up...
12-17 21:26:49.948  3608  3608 D InCall  : AnswerPresenter - onUiShowingtrue
12-17 21:26:50.130  3608  3608 E InCall  : StatusBarNotifier - getNotificationBuilder
12-17 21:26:50.191  1795 16232 I qti_sensors_hal: read from oem info: data_readback
12-17 21:26:50.210  1795 11745 D PowerManagerService: ready=false,policy=0,wakefulness=0,wksummary=0x11,uasummary=0x0,bootcompleted=true,boostinprogress=false,waitmodeenable=false,mode=true,manual=33,auto=-1,adj=0.0userId=0
12-17 21:26:50.274  2883  2996 I HwSystemManager: NatTrafficNotifyService:delta byte = 0 no traffic delta = 0Traffic state is 301
12-17 21:26:50.346  2852  2852 I ActivatableNotificationView: setOverlap mOverlap:true, mDimmed:false
12-17 21:26:50.642  3382  3399 D QcrilMsgTunnelSocket: Broadcasting intent ACTION_RAC_CHANGED
12-17 21:26:50.779  1795  1809 I WindowOrientationListener: WindowOrientationListener enabled
12-17 21:26:50.877  3608  3608 I ActivityManager_activity: Reporting idle of ActivityRecord{fd45985 token=android.os.BinderProxy@af8ea9b {com.android.incallui/com.android.incallui.InCallActivity}} finished=false
12-17 21:26:50.921  2852  2852 I NotificationContentView: transferRemoteInputFocus: 0
12-17 21:26:51.072  1795  1795 I SendBroadcastPermission: action:android.intent.action.SCREEN_ON, mPermissionType:0
12-17 21:26:51.539  2852  2852 I StatusBarIconView: updateTint: tint=0
12-17 21:26:51.571  2852  2852 I HwBrightnessUtils:  getSeekBarProgress isAutoMode:true current brightness:0 percentage:NaN
12-17 21:26:51.596  1795  3237 I ActivityManager_activity: Moving to PAUSED: ActivityRecord{b46dc67 u0 com.android.incallui/.InCallActivity t310} (pause complete)
12-17 21:26:51.893   606  2379 E libteec : receive data len = 128
12-17 21:26:53.338  1795  1809 E qti_sensors_hal: read from oem info: x_offset=0.160831, y_offset=0.184366, z_offset=0.985027
12-17 21:26:53.443  1795 11746 W ActivityManager: getRunningAppProcesses: caller 10105 does not hold REAL_GET_TASKS; limiting output
12-17 21:26:53.653  1795  1825 I PowerManager_screenOn: PowerManagerNotifier onWakefulnessChangeFinished mInteractiveChanging=true, mInteractive=false
12-17 21:26:53.714  1046  2703 V audio_hw_primary: adev_set_parameters: exit with code(0)
12-17 21:26:53.719  1795  2670 D WifiController: ApStaDisabledState what=155653
12-17 21:26:53.827  2852  2852 D MagazineDetailView: resetPagerState
12-17 21:26:53.862  2852  2852 I NotificationContentView: transferRemoteInputFocus: 0
12-17 21:26:53.867  1795 16501 D PowerManagerService: ready=true,policy=0,wakefulness=0,wksummary=0x10,uasummary=0x0,bootcompleted=true,boostinprogress=false,waitmodeenable=false,mode=true,manual=33,auto=-1,adj=0.0userId=0
12-17 21:26:54.631  2852  2866 W AppHandler: sendMessage 14
12-17 21:26:55.018  3608  3608 D InCall  : CallCardFragment - onGlobalLayout
12-17 21:26:55.041  2852  2852 D BarTransitions.HwPhoneStatusBarView: MODE_TRANSLUCENT -> MODE_OPAQUE animate=false
12-17 21:26:55.149  1795  1795 I qti_sensors_hal: 0x55, 0x0, 0x0, 0x0
12-17 21:26:55.231  1795  2778 I AlarmManager: remove(PendingIntent{3155f71: PendingIntentRecord{601e5f3 com.huawei.indexsearch.observer broadcastIntent}}) changed bounds; rebatching
12-17 21:26:55.295  2852  2852 I StackScrollAlgorithm: overlapAmount:826.6, previousNotificationEnd:607.0, newYTranslation:-219.59998, location:2, i:1, getTopPadding:499.0, getLocationOnScreen():-36
12-17 21:26:55.394  1795  1825 I PowerManagerService: Going to sleep due to proximity...
12-17 21:26:55.651  1795  2750 D PowerManagerService: Setting HAL auto-suspend mode to true
12-17 21:26:55.672  2883  2883 I HwSystemManager: AutoCleanReceiveServer:receive action:android.intent.action.SCREEN_OFF
12-17 21:26:55.686  1795  1825 I PowerManager_screenOn: PowerManagerServiceonProximityNegative by Phone
12-17 21:26:55.686  1795  1825 D HW_DISPLAY_EFFECT: hw_get_smart_display_supported: end--
12-17 21:26:55.704  2852  2852 I PhoneStatusBar: removeNotificationChildren
12-17 21:26:55.793  3608  3608 D InCall  : StatusBarNotifier - cancelInCall()...
12-17 21:26:55.798  3608  3608 D InCall  : AnswerPresenter - onCallListChange callList=com.android.incallui.CallList@86c7f97
12-17 21:26:56.183  2852  2852 I HwNotificationIconAreaController: showNotificationAll
12-17 21:26:56.208  1795  1795 D HwConnectivityService: CtrlSocket Receiver,disable: false locked: true action: android.intent.action.SCREEN_ON mSmartKeyguardLevel: normal_level mStartPowerSaving: true
12-17 21:26:56.253  1795  2748 D HwAmbientLuxFilterAlgo: earliestValidTime + POWER_ON_BRIGHTENING_LIGHT_DEBOUNCE
12-17 21:26:56.300  3626  3770 I LSC_903001010: process buffer and get message
12-17 21:26:56.313 31949 31967 I TCP     : 	at com.huawei.ecs.mip.proxy.TcpClientThread.onLoop(TcpClientThread.java:177)
12-17 21:26:56.370  1795  1825 I qti_sensors_hal: batch,376,handle 0, timeout:0 ,period_ns:200000000
12-17 21:26:56.451  1795  1825 I qti_sensors_hal: 0x0, 0x0, 0x0, 0x0
12-17 21:26:56.975  3608  3608 D InCall  : InCallActivity - onResume()... end
12-17 21:26:56.975  3608  3608 I InCall  : VTCallButtonFragment - --- onResume ---
12-17 21:26:57.454  2852  2852 I HwNotificationIconAreaController: showNotificationAll
12-17 21:26:58.041  1795  1825 W HW_DISPLAY_EFFECT: Warning: hw_set_colortemperature is COLOR_TEMP_2_DIMENSION interface, not supported presently.
12-17 21:26:58.351  1795  1795 I DeviceIdleController: becomeActiveLocked, reason = screen
12-17 21:26:58.354  1795 17831 D PowerManagerService: ready=false,policy=3,wakefulness=1,wksummary=0x10,uasummary=0x1,bootcompleted=true,boostinprogress=false,waitmodeenable=false,mode=true,manual=33,auto=-1,adj=0.0userId=0
12-17 21:26:58.383  1795  2671 D WifiStateMachine:  InitialState CMD_ENABLE_RSSI_POLL  rt=127042765/449754746 0 0
12-17 21:26:58.443  2883  2883 I HwSystemManager: AutoCleanReceiveServer:receive action:android.intent.action.SCREEN_OFF
12-17 21:26:58.509  2852  2852 I HwBrightnessController: updateSlider2 seekBarProgress:3129
12-17 21:26:58.585  1795  2371 E LightSensor: read Events lux: 24.0
12-17 21:26:58.703  1795  3077 I GnssLocationProvider: disableGps:false  isEnabled()=true
12-17 21:26:58.759  2883  2996 I HwSystemManager: ExtraTrafficSetting:result is empty
12-17 21:26:58.799  1795 16499 D StubTelephonyRegistry: uid:10028 pid:16628 PhoneStateListener.LISTEN_CELL_LOCATION:16 events:16
12-17 21:26:58.821  1795  6988 I AlarmManager: remove(PendingIntent{85289c1: PendingIntentRecord{7f86237 com.huawei.espacev2 broadcastIntent}}) changed bounds; rebatching
12-17 21:26:59.594  3858  4126 I amsnl   : m1: false
12-17 21:26:59.627  1795  2665 D NetdConnector: RCV <- {200 11776 Tethering stats list completed}
12-17 21:26:59.673  2883  2996 E HwSystemManager: NormalTrafficAnalysis:alert byte = 0, so return
12-17 21:26:59.685  2883  2996 I HwSystemManager: TafficState:default sub id = 0slotIndex = 0 subscriptionId = 0
12-17 21:26:59.755  2852  2925 I EventCenter: ContentChange for slot: 1
12-17 21:26:59.870  1795  1795 D HwConnectivityService: CtrlSocket receive screen on intent!
12-17 21:26:59.874  1795  1795 I NotificationManager: updateLightsLocked,mInCall =true,mScreenOn = true,ledNotification == null?true
12-17 21:26:59.916  1795  6986 D PowerManagerService: release:lock=184063844, flg=0x0, tag="NetworkStats", name=android", ws=null, uid=1000, pid=1795
12-17 21:26:59.956  1795  3111 I AlarmManager: remove(PendingIntent{21c8dd8: PendingIntentRecord{601e5f3 com.huawei.indexsearch.observer broadcastIntent}}) changed bounds; rebatching
12-17 21:26:59.961  2883  2996 I HwSystemManager: TafficState:default sub id = 0slotIndex = 0 subscriptionId = 0
12-17 21:27:00.424  5224  5283 I Step_HSNH: 20002302|rebuild notification
12-17 21:27:01.065 31949 31967 I TCP     : tcp.conn{4787} TcpClientThread.onRecv(TcpClientThread.java:522) tcp connection event TCP_UNREACHABLE
12-17 21:27:01.317  5224  5283 I Step_ExtendStepDataManager: 20002302|before compensate: cache step_7059
12-17 21:27:02.314  5224  5283 I Step_DataCache: 20002302|getTodayTotalSteps 7061
12-17 21:27:02.315  5224  5283 I Step_ExtendStepDataManager: 20002302|before compensate: cache step_7061
12-17 21:27:03.280  1795  1795 D PowerManagerService: Acquiring suspend blocker "PowerManagerService.WakeLocks".
12-17 21:27:03.700  1795 15987 I SendBroadcastPermission: action:android.intent.action.SUBSCRIPTION_PHONE_STATE, mPermissionType:0
12-17 21:27:03.708  3168  3168 I CHR_TelStatusListenr0: stepAtomic
12-17 21:27:03.708  3168  3168 I CHR_TelStatusListenr0: stepAtomic
12-17 21:27:03.710   836   928 I knuckle_sensor: Got ENABLE response, status = 0, id = 96
12-17 21:27:03.717  1795  1795 D WindowManager: ACTIVITY check resid: android, size=8
12-17 21:27:03.746  2852  2852 I StackScrollAlgorithm: overlapAmount:670.0, previousNotificationEnd:463.0, newYTranslation:-207.0, location:2, i:2, getTopPadding:499.0, getLocationOnScreen():-36
12-17 21:27:03.755  2852  2852 D TintManager: statusBarIconTint=#B3FFFFFF,navigationBarIconTint=#00000000
12-17 21:27:03.793  1046  2704 V audio_hw_primary: adev_set_parameters: exit with code(0)
12-17 21:27:03.805  1795 16498 D PowerManagerService: ready=false,policy=3,wakefulness=1,wksummary=0x11,uasummary=0x1,bootcompleted=true,boostinprogress=false,waitmodeenable=false,mode=true,manual=33,auto=-1,adj=0.0userId=0
12-17 21:27:03.934  1795 16500 I HwActivityManagerService: Split enqueueing broadcast [callerApp]:ProcessRecord{24cdca7 3218:com.android.phone/1001}
12-17 21:27:03.940  3608  3608 I InCall  : InCallActivity - bgCallTwinkingSwitch is truemIsForegroundActivity is true
12-17 21:27:03.961  1046  1467 V APM_AudioPolicyManager: selectOutput() commonFlags for output 29, 0000
12-17 21:27:03.968  1795  3884 D HwPFWLogger: AutoStartupDataMgr:isUnderControll third party not in whitelist: com.autonavi.minimap
12-17 21:27:04.014  2835  2835 E MMIjni  : Trying to connect...
12-17 21:27:04.053  2852  2852 W DisabledFeatureUtils: Dis-Feature : 0
12-17 21:27:04.081  3608  3608 D InCall  : InCallActivity - dismiss redial dialog
12-17 21:27:04.104  1795  1795 I Sensor  : updateLightsLocked --> level:71, status:3
12-17 21:27:04.166  1795  2377 I IO.IOStatsService: saveIOStatsAndLatestUids,the time interval is too shorter than the last screen off
12-17 21:27:04.180  1795 17832 D HwNetworkStatsService: mActiveIface: rmnet_data0
12-17 21:27:04.245  1795  1821 I WindowManger_keyguard: Setting mHideLockScreen to true by win Window{e6a6b5e u0 com.android.incallui/com.android.incallui.InCallActivity}
12-17 21:27:04.287  1795  1825 I PowerManager_screenOn: DisplayPowerController Unblocked screen on after 683 ms
12-17 21:27:04.291  1795  1825 D PowerManagerService: ready=true,policy=3,wakefulness=1,wksummary=0x1,uasummary=0x1,bootcompleted=true,boostinprogress=false,waitmodeenable=false,mode=true,manual=33,auto=-1,adj=0.0userId=0
12-17 21:27:04.393  3626  3626 I iMonitor: create: 903001010
12-17 21:27:04.400  1046  1125 D ACDB-LOADER: ACDB -> ACDB_CMD_GET_AFE_TOPOLOGY_ID
12-17 21:27:04.540  1795  2691 D HwConnectivityService: [tiger]setBastetFilterInfo action 3pid 1000
12-17 21:27:04.706  5224  5283 I Step_DataCache: 20002302|getTodayTotalSteps 7065
12-17 21:27:04.849  1795  2671 D WifiStateMachine:  InitialState CMD_SET_SUSPEND_OPT_ENABLED  rt=127049231/449761213 1 0
12-17 21:27:04.857  1795  1795 I Sensor  : updateLightsLocked --> mBatteryLight.turnOff
12-17 21:27:04.887  1795  3139 D HwNetworkStatsService: mActiveIface: rmnet_data0
12-17 21:27:04.906  1795  2685 D HwPFWLogger: AutoStartupDataMgr:isUnderControll third party not in whitelist: com.achievo.vipshop
12-17 21:27:05.046  1795 16500 I ActivityManager_service: retrieveServiceLocked, callerApp: ProcessRecord{2b38b6e 2883:com.huawei.systemmanager:service/1000}, flags: 10000400
12-17 21:27:05.082  3608  3608 D InCall  : InCallPresenter - onCallListChange oldState= INCALL newState=NO_CALLS
12-17 21:27:05.191  3782  3782 W DPMJ    : |SERVICE| If apn type is default ->default
12-17 21:27:05.205  2852  2852 D HwCustMobileSignalControllerImpl: sub =0,strMccMnc =null,hashMccMnc =[],strPlmn =hw_mcc_mnc
12-17 21:27:05.306  3608  3608 D InCall  : CallCardPresenter - onStateChange() NO_CALLS
12-17 21:27:05.358  2852  2852 D HwCustMobileSignalControllerImpl: isCurrentBySim()=false
12-17 21:27:05.395  1795  2396 E HsmCoreServiceImpl: onTransact in code is: 103
12-17 21:27:05.493 22206 22206 I HwOUC   : [main-1]Network available(hwouc/DownloadReceiver.java:206)
12-17 21:27:05.517  1795  1809 I WindowManager: Application requested orientation 1, got rotation 0 which has compatible metrics
12-17 21:27:05.669 16375 16375 D HiWiServiceBD: HiWiService stopself
12-17 21:27:05.787  1795  1795 D HwConnectivityService: CtrlSocket restoreScrOnStatus turnonDC
12-17 21:27:06.298  2852  2852 I ToggleSlider:  mSeekListener onProgressChanged progress:1256 fromUser:false
12-17 21:27:06.347  2852  2852 I ToggleSlider:  mSeekListener onProgressChanged progress:1474 fromUser:false
12-17 21:27:06.661  2883  3107 I HwSystemManager: PermissionDbVisitor:insertHistoryRecord:HistoryRecord[packageName:com.qiyi.video,permissionType:33554432,action:10,dateStartTime:1481904000000,timestamp:1481981226655]
12-17 21:27:06.662 30234 30764 D HsmInterfaceImpl: List []
12-17 21:27:06.665   633 31870 I SDK     : <2016-12-17 21:27:06> [WARN] SDK: UE-SeC 2016-12-17 21:27:6:665 Level[WARN] magic[3362781472 684]:PubEvt_Close Getting a socket[40] from the Socket-table Failed!
12-17 21:27:06.670   633 31870 I SDK     : 
12-17 21:27:06.672   633 31870 I SDK     : <2016-12-17 21:27:06> [WARN] SDK: UE-SeC 2016-12-17 21:27:6:672 Level[WARN] magic[3362781472 684]:PubEvt_Close Getting a socket[80] from the Socket-table Failed!
12-17 21:27:06.675   633 31870 I SDK     : <2016-12-17 21:27:06> [WARN] SDK: UE-SeC 2016-12-17 21:27:6:675 Level[WARN] magic[3362781472 684]:PubEvt_Close Getting a socket[105] from the Socket-table Failed!
12-17 21:27:06.686   633 31870 I SDK     : <2016-12-17 21:27:06> [WARN] SDK: UE-SeC 2016-12-17 21:27:6:686 Level[WARN] magic[3362781472 684]:PubEvt_Close Getting a socket[191] from the Socket-table Failed!
12-17 21:27:06.694   633 31870 I SDK     : <2016-12-17 21:27:06> [WARN] SDK: UE-SeC 2016-12-17 21:27:6:694 Level[WARN] magic[3362781472 684]:PubEvt_Close Getting a socket[213] from the Socket-table Failed!
12-17 21:27:06.742  1795  2750 D HW_DISPLAY_EFFECT: presently, hw_update_color_temp_for_rg_led interface not achieved.
12-17 21:27:07.007 31456 31456 I HwCust  : Constructor found for class com.huawei.android.cust.cota.util.HwCustHwOucUtilityImpl, args = [Ljava.lang.Object;@c57b157
12-17 21:27:07.072   816 31491 D DnsProxyListener: GetAddrInfoHandler addr: loc.map.baidu.com {307, 917811, 10028} 183.232.231.44
12-17 21:27:08.566   816 31546 D DnsProxyListener: GetAddrInfoHandler addr: data.hicloud.com {307, 917811, 10028} 117.78.58.31
12-17 21:27:08.755  1795  6985 I AlarmManager: remove(PendingIntent{854ff5: PendingIntentRecord{39de18a com.huawei.intelligent startService}}) changed bounds; rebatching
12-17 21:27:08.790  2852  2852 D StatusBar: applyInPlace=true shouldPeek=false alertAgain=true
12-17 21:27:09.766 24802 24802 I nativeProcess: iqiyi message: create--runOnSubprocess isProcessExist true
12-17 21:27:11.668  5224  5283 I Step_DataCache: 20002302|getTodayTotalSteps 7078
12-17 21:27:12.799  2852  2852 I StackScrollAlgorithm: updateDimmedActivatedHideSensitive overlap:true
12-17 21:27:14.793  2852  2852 I StatusBarIconView: updateTint: tint=0
12-17 21:27:15.599  2852  2852 I StackScrollAlgorithm: state.clipTopAmount:177, i:1
12-17 21:27:15.639  5224  5224 I Step_LSC: 20002302|onStandStepChanged 68460
12-17 21:27:16.229  2852  2852 I NotificationContentView: transferRemoteInputFocus: 3
12-17 21:27:16.453   606 31604 E libteec : function begin
12-17 21:27:16.491  1795  6985 E libteec : begin
12-17 21:27:16.769  2852  2852 D HwCust  : Create obj success use class android.app.HwCustNotificationImpl
12-17 21:27:17.007  2852  2852 V AudioManager: playSoundEffect   effectType: 0
12-17 21:27:17.017  3180  3588 I InputManager: new hook event
12-17 21:27:17.018  3180  3332 I ScenarioAction: new ScenarioAction sPoolSize: 0
12-17 21:27:17.020  3180  3578 I ash     : Application com.qiyi.video, notification removed, delay to hibernation
12-17 21:27:18.431  1795  2376 I ActivityManager_broadcast: Enqueueing ordered broadcast[bgkeyapp] BroadcastRecord{14e0f33 u0 ALARM_ACTION(25103)}: prev had 0
12-17 21:27:18.450  2852  2852 I TrafficPanelViewContent: onShowStatusChange show:false
12-17 21:27:18.634  5224  5283 I Step_ExtendStepDataManager: 20002302|after compensate: cache step_7092
12-17 21:27:20.042  1795  2381 D InputDispatcher: notifyKey - action=0x0, keyCode=0x1a
12-17 21:27:20.428  1795  3110 D PowerManagerService: ready=false,policy=0,wakefulness=0,wksummary=0x0,uasummary=0x0,bootcompleted=true,boostinprogress=false,waitmodeenable=false,mode=true,manual=33,auto=-1,adj=0.0userId=0
12-17 21:27:20.613  5224  5224 I Step_LSC: 20002302|compensate received
12-17 21:27:20.646  2852  2866 E KeyguardUpdateMonitor: isSimPinSecure mSimDatas is null or empty 
12-17 21:27:20.666  1795  1795 D HwConnectivityService: pluggedStatus: 0
12-17 21:27:20.701  1795  2377 I IO.IOStatsService: saveIOStatsAndLatestUids,the time interval is too shorter than the last screen off
12-17 21:27:20.793  2852  2852 I BarTransitions.HwPhoneStatusBarView: transitionTo: mode=MODE_TRANSLUCENT, animate=false
12-17 21:27:20.800  2852  2852 D KeyguardViewBase: showPrimarySecurityScreen()
12-17 21:27:20.911  2852  2852 I HwPhoneStatusBar: updateNotificationShade
12-17 21:27:20.914  2852  2852 I TrafficPanelManager: hideTraffic
12-17 21:27:20.914  1795 11746 I NotificationManager: onNotificationExpansionChanged called
12-17 21:27:39.624  1795  2323 E UsbDeviceManager: 	at com.android.server.usb.UsbDeviceManager$2.onUEvent(UsbDeviceManager.java:328)
12-17 21:27:45.202  1795  3237 I TransactionSponsor: Transact:getHwAdminCachedListto device policy manager service.
12-17 21:27:45.202  1795  3237 I ActivityManager: Force stopping com.qiyi.video appid=10140 user=0: from pid 3180by app
12-17 21:27:45.257  1795  1795 I NotificationManager: mIntentReceiver-Package changed
12-17 21:27:45.365  5224  5224 I Step_LSC: 20002302|compensate received
12-17 21:27:46.116  7741  7758 D TmoMonitor: Cache monitor msg as screen_off
12-17 21:27:46.779  2852  2852 W HwLockScreenPanel: Handle message: 4
12-17 21:27:49.998  7741  7758 D TmoMonitor: Cache monitor msg as screen_off
12-17 21:28:16.733   836   928 I knuckle_sensor: Got ENABLE response, status = 0, id = 97
12-17 21:28:16.832  1795  1821 I WindowManager: All windows ready for display!
12-17 21:28:16.965   606  2379 E libteec : qsc_send_cmd finish
12-17 21:28:17.107  3879  3879 I HwLauncher: Launcher  Launcher hot start cost 41 ms
12-17 21:28:17.132  1795  1795 D WifiService: onReceive, action:android.intent.action.USER_PRESENT
12-17 21:28:17.149  1795  2377 I AwareLog: AwareMem_DMEServer: start
12-17 21:28:17.154 25067 25098 D AndroidCommon: [SdcardManager.isMounted]Path:/storage/emulated/0
12-17 21:28:17.262  3626  3626 I HourObserver: enter into handleScrnOnOffTimeStats, scrnOn = true, mIsPreScrnOn = false, mScrnSwitchTime = 1481981240986, occurTime = 1481981297261, delta = 56275, mScrnOffAccTime = 168769, mScrnOnAccTime = 1472201
12-17 21:28:17.316 16628 16628 I TotemWeather: RetryTaskController:mTaskList is null
12-17 21:28:17.345   633 31868 I SDK     : 
12-17 21:28:17.421  3879  3879 I HwLauncher: Model  onReceive user=UserHandle{0}
12-17 21:28:18.209  1795 16501 I ActivityManager_activity: Start pausing: ActivityRecord{930e418 u0 com.huawei.android.launcher/.unihome.UniHomeLauncher t297}
12-17 21:28:19.429  1795  1809 I WindowManager: onProposedRotationChanged, rotation=0
12-17 21:28:20.826  5224  5283 I Step_HSNH: 20002302|rebuild notification
12-17 21:28:20.837  2852  2852 I NotificationGroupManager: onEntryUpdated:0|com.huawei.health|10010|null|10099
12-17 21:28:23.526  1795  2381 D libfingersense_wrapper: Calling fingersense_classify_touch()
12-17 21:28:23.609  2852  2852 D HwNavigationBarView:  navigation bar is not support slide!
12-17 21:28:23.703  5224  5224 I Step_LSC: 20002302|onStandStepChanged 68606
12-17 21:28:23.820  2852  2852 I StatusBarIconView: updateTint: tint=0
12-17 21:28:24.256  2852  2852 I HwSignalClusterView: setMobileDataIndicatorsHuawei subId:0 visible:true strengthIcon:2130839311 typeIcon:2130839195 contentDescription:手机信号满格。 typeContentDescription:4G isTypeIconWide:true showActivity:true activityIn:false activityOut:false isRoaming:false
12-17 21:28:24.723  1795  2381 I PowerManager_screenOn: PowerManagerService goToSleepNoUpdateLocked: eventTime=127082015, reason=4, flags=0, uid=1000
12-17 21:28:24.801   835  2385 E libteec : qsc_decode end
12-17 21:28:24.812  2852  2852 I NotificationGroupManager: onEntryAdded:0|com.huawei.health|10010|null|10099, group=0|com.huawei.health|10010|null|10099
12-17 21:28:24.844   835  2385 E libteec : qsc_decode end
12-17 21:28:25.192  2852  2852 V KeyguardUpdateMonitor: *** register callback for com.android.keyguard.KeyguardMessageArea$2@f31394a
12-17 21:28:25.197  1795  1795 D HwConnectivityService: bt tethering: false
12-17 21:28:25.335  2852  2852 I HwBackDropView: restore param to 0
12-17 21:28:25.396  2852  2852 D PhoneStatusBar: disable: < expand ICONS alerts SYSTEM_INFO BACK* HOME* RECENT* clock navigationbar SEARCH* quick_settings >
12-17 21:28:25.413  2852  2852 I PhoneStatusBar: setSystemUiVisibility vis=8608 mask=ffffffff oldVal=c0000700 newVal=8608 diff=c0008108
12-17 21:28:25.418  2852  2852 D StatusBar: No peeking: not in use: 0|com.huawei.health|10010|null|10099
12-17 21:28:25.596  1795  1795 D PowerManagerService: Releasing suspend blocker "PowerManagerService.Broadcasts".
12-17 21:28:25.598  2852  2852 I TrafficPanelManager: hideTraffic
12-17 21:28:28.101  1795 11746 D PowerManagerService: ready=true,policy=0,wakefulness=0,wksummary=0x1,uasummary=0x0,bootcompleted=true,boostinprogress=false,waitmodeenable=false,mode=true,manual=33,auto=-1,adj=0.0userId=0
12-17 21:28:31.696  2852  2852 I PhoneStatusBar: updateNotificationShade
12-17 21:28:31.736  2852  2852 I HwSignalClusterView: getOrInflateState subId:0
12-17 21:29:18.135   802   802 E ThermalBinder: mThermalService is NULL!
12-17 21:29:18.167   633 31870 I SDK     : <2016-12-17 21:29:18> [WARN] SDK: UE-SeC 2016-12-17 21:29:18:167 Level[WARN] magic[3362781472 684]:PubEvt_Close Getting a socket[22] from the Socket-table Failed!
12-17 21:29:18.183   633 31870 I SDK     : <2016-12-17 21:29:18> [WARN] SDK: UE-SeC 2016-12-17 21:29:18:183 Level[WARN] magic[3362781472 684]:PubEvt_Close Getting a socket[86] from the Socket-table Failed!
12-17 21:29:18.189   633 31870 I SDK     : <2016-12-17 21:29:18> [WARN] SDK: UE-SeC 2016-12-17 21:29:18:189 Level[WARN] magic[3362781472 684]:PubEvt_Close Getting a socket[112] from the Socket-table Failed!
12-17 21:29:18.201   633 31870 I SDK     : 
12-17 21:29:18.212   633 31870 I SDK     : <2016-12-17 21:29:18> [WARN] SDK: UE-SeC 2016-12-17 21:29:18:212 Level[WARN] magic[3362781472 684]:PubEvt_Close Getting a socket[194] from the Socket-table Failed!
12-17 21:29:18.220  5224  5283 I Step_HSNH: 20002302|rebuild notification
12-17 21:29:18.490   633 31788 I SDK     : 
12-17 21:29:19.391  3626  3626 E PTM.FileNodeInfo: getTempInfo error: null, 0
12-17 21:29:23.272  2852  2852 I NotificationContentView: transferRemoteInputFocus: 0
12-17 21:29:23.284  2852  2852 D NetWorkUtils: is3GCalling is false,mCdmaSlot is -1
12-17 21:29:23.431  5224  5283 I Step_LSC: 20002302|MSG_RECORD_DATA_TO_FILE 
12-17 21:29:23.431  5224  5283 I Step_LSC: 20002302|MSG_RECORD_DATA_TO_FILE datas.size()=8490
12-17 21:30:19.156  1795 20747 I PGManagerService: proxyWakeLockByPidUid, pid: 17357, uid: 10029, proxy: true
