12-17 21:32:42.833  5224  5283 I Step_DataCache: 20002302|getTodayTotalSteps 7927
12-17 21:32:42.883 32294 32294 I HwOUC   : [main-1]initNewVersionRecord isLastUpdateAvailableForCurVersion false(/HwOucUtility.java:3077)
12-17 21:32:43.115  1795  1795 D Telecom : NumberMarkController: call findNumberMark()
12-17 21:32:45.912 31532 32360 D IntelligentIntentService: eventAction :class com.huawei.intelligent.main.receiver.action.ActionBarPullDownAction
12-17 21:32:45.933   633 31870 I SDK     : <2016-12-17 21:32:45> [WARN] SDK: UE-SeC 2016-12-17 21:32:45:933 Level[WARN] magic[3362781472 684]:PubEvt_Close Getting a socket[41] from the Socket-table Failed!
12-17 21:32:45.963   633 31870 I SDK     : 
12-17 21:32:46.119  1795  6985 D HwActivityManagerService: handleANRFilterFIFO,uid = 10103cmd = 1
12-17 21:32:46.222   633 31875 I SDK     : <2016-12-17 21:32:46> [NOTICE] SDK: UE-SeC 2016-12-17 21:32:46:222 Level[NOTICE] magic[3359111456 6458]:FSM_Tool_TreatFolderEncEx => [START]: pcFileName [20161217_195902.log] 
12-17 21:32:46.876  1795  2381 D libfingersense_wrapper: fingersense_touch_up() finished
12-17 21:32:46.936  2852  2852 I TrafficPanelViewContent: onShowStatusChange show:false
12-17 21:32:51.049  1795  3139 D PowerManagerService: userActivityNoUpdateLocked: eventTime=127130223, event=0, flags=0x0, uid=10033
12-17 21:32:54.447  1795  2748 D HwAmbientLuxFilterAlgo: t=127133622,BT=127134622,DT=127137622,BT1=127137622,DT1=127141622,Bn=false,Dn=false,lx=[3.0/127132119, 3.0/127132420, 3.0/127132720, 2.0/127133021, 3.0/127133321, 10.0/127133622],mLx=2.0,s=5.0,ss=0.20879118,AuIntervened=false,mProximityState=false,bLux=9.6,dLux=0.0,bLux1=9.6,dLux1=0.0
12-17 21:32:57.866  2852  2852 D HwCust  : Create obj success use class android.app.HwCustNotificationImpl
12-17 21:32:58.531   838   838 E gatekeeper_device: resp->status: -30
12-17 21:33:01.665  1795  1795 D WifiProJNI: send_cmd_kernel: cmd=1
12-17 21:33:01.736  5224  5283 I Step_LSC: 20002302|MSG_RECORD_DATA_TO_FILE 
12-17 21:33:02.736  1795  3225 W ActivityManager: getTasks: caller 10105 does not hold REAL_GET_TASKS; limiting output
12-17 21:33:05.816  5224  5283 I SendBroadcastPermission: action:android.com.huawei.bone.NOTIFY_SPORT_DATA, mPermissionType:0
12-17 21:33:05.836  2852  2852 I PhoneStatusBar: removeNotificationChildren
12-17 21:33:06.489  1795  3253 I PowerManager_screenOn: PowerManagerNotifier onUserActivity: event=0, uid=10033
12-17 21:33:08.702  5224  5283 I Step_DataCache: 20002302|getTodayTotalSteps 7985
12-17 21:33:14.798  2852  2852 I StatusBarIconView: updateTint: tint=0
12-17 21:33:22.755  2852  2852 I NotificationContentView: transferRemoteInputFocus: 0
12-17 21:33:23.633  5224  5283 I Step_DataCache: 20002302|getTodayTotalSteps 8011
12-17 21:33:23.639  5224  5283 I Step_ExtendStepDataManager: 20002302|compensate 24699693 44
12-17 21:33:28.718  2852  2852 I StatusBar: onNotificationPosted: StatusBarNotification(pkg=com.huawei.health user=UserHandle{0} id=10010 tag=null key=0|com.huawei.health|10010|null|10099: Notification(pri=0 contentView=null vibrate=null sound=null defaults=0x0 flags=0x62 color=0x00000000 vis=PRIVATE)) important=2, post=1481981608715, when=1481531589202, vis=0, userid=0
12-17 21:33:32.590  5224  5283 I Step_ExtendStepDataManager: 20002302|before compensate: cache step_8028
12-17 21:33:33.587  5224  5283 I Step_DataCache: 20002302|getTodayTotalSteps 8029
12-17 21:33:33.954  1795  1805 D PowerManagerService: userActivityNoUpdateLocked: eventTime=127173129, event=0, flags=0x0, uid=10033
12-17 21:33:34.687  2852  2852 I HwSignalClusterView: getOrInflateState subId:0
12-17 21:33:38.565  5224  5283 I Step_ExtendStepDataManager: 20002302|compensate 24699693 70
12-17 21:33:39.678  2852  2852 W AppHandler: sendMessage 4
12-17 21:33:41.124 30820 30820 W System.err: 	at com.huawei.systemmanager.rainbow.comm.request.AbsRequest.processRequest(AbsRequest.java:13)
12-17 21:33:41.650  5224  5283 I SendBroadcastPermission: action:android.com.huawei.bone.NOTIFY_SPORT_DATA, mPermissionType:0
12-17 21:33:42.208  1795  2381 D libfingersense_wrapper: fingersense_touch_up() finished
12-17 21:33:43.550  5224  5283 I Step_DataCache: 20002302|getTodayTotalSteps 8050
12-17 21:33:45.660  2852  2852 W PanelView: set notification panel padding = 1675
12-17 21:33:52.310  1795 11745 D PowerManagerService: ready=true,policy=3,wakefulness=1,wksummary=0x0,uasummary=0x1,bootcompleted=true,boostinprogress=false,waitmodeenable=false,mode=true,manual=33,auto=-1,adj=0.0userId=0
12-17 21:33:52.451  2852  2852 W HwLockScreenPanel: Handle message: 4
12-17 21:33:54.608  2852  2852 D HwCust  : Create obj success use class android.app.HwCustNotificationImpl
12-17 21:33:59.186  1795 15982 I SendBroadcastPermission: action:android.intent.action.SIG_STR, mPermissionType:0
12-17 21:34:00.042  5224  5283 I Step_LSC: 20002302| ## MSG_DEAL_SYSTEM_EVENT android.intent.action.TIME_TICK
12-17 21:34:01.444  1795  2381 D libfingersense_wrapper: Calling fingersense_touch_up()
12-17 21:34:01.564  5224  5283 I Step_LSC: 20002302|REPORT : 8082 172998 5769 0
12-17 21:34:04.457  5224  5283 I Step_ExtendStepDataManager: 20002302|after compensate: cache step_8087
12-17 21:34:07.226  2852  2914 I HwMobileSignalController: subId:0 phoneType:1 networktype:13 targetClass:3 masterLevel:5 slaveLevel:-1
12-17 21:34:07.551  2852  2852 D StatusBar: reusing notification for key: 0|com.huawei.health|10010|null|10099
12-17 21:34:20.978  2852  2852 V AudioManager: playSoundEffect   effectType: 0
12-17 21:34:25.469  1795  1795 I NotificationManager: enqueueNotificationInternal: n.getKey = 0|com.huawei.health|10010|null|10099
12-17 21:34:29.179   633 31870 I SDK     : 
12-17 21:34:29.199   633 31870 I SDK     : <2016-12-17 21:34:29> [WARN] SDK: UE-SeC 2016-12-17 21:34:29:199 Level[WARN] magic[3362781472 684]:PubEvt_Close Getting a socket[123] from the Socket-table Failed!
12-17 21:34:29.202   633 31870 I SDK     : <2016-12-17 21:34:29> [WARN] SDK: UE-SeC 2016-12-17 21:34:29:202 Level[WARN] magic[3362781472 684]:PubEvt_Close Getting a socket[150] from the Socket-table Failed!
12-17 21:34:29.544   633 31875 I SDK     : 
12-17 21:34:30.340  5224  5283 I Step_DataCache: 20002302|getTodayTotalSteps 8134
12-17 21:34:31.186  2852  2852 I HwSignalClusterView: setMobileDataIndicatorsHuawei subId:0 visible:true strengthIcon:2130839311 typeIcon:2130839195 contentDescription:手机信号满格。 typeContentDescription:4G isTypeIconWide:true showActivity:true activityIn:false activityOut:false isRoaming:false
12-17 21:34:31.188  2852  2852 D NetWorkUtils: mVSimCurCardType is -1
12-17 21:34:35.433  2852  2852 D HwCust  : Create obj success use class android.app.HwCustNotificationImpl
12-17 21:34:35.444  3879  4071 I HwLauncher: AllIdleAppsList  updatePackage  isCloneApp =  false
12-17 21:34:36.186  1795  1825 D PowerManagerService: ready=false,policy=2,wakefulness=1,wksummary=0x0,uasummary=0x2,bootcompleted=true,boostinprogress=false,waitmodeenable=false,mode=true,manual=33,auto=-1,adj=0.0userId=0
12-17 21:34:36.444  2852  2852 I StackScrollAlgorithm: overlapAmount:323.0, previousNotificationEnd:0.0, newYTranslation:-323.0, location:4, i:0, getTopPadding:837.0, getLocationOnScreen():-499
12-17 21:34:36.929  1795  2750 D HW_DISPLAY_EFFECT: presently, hw_update_color_temp_for_rg_led interface not achieved.
12-17 21:35:42.183   633 31870 I SDK     : 
12-17 21:35:42.189   633 31870 I SDK     : <2016-12-17 21:35:42> [WARN] SDK: UE-SeC 2016-12-17 21:35:42:189 Level[WARN] magic[3362781472 684]:PubEvt_Close Getting a socket[78] from the Socket-table Failed!
12-17 21:35:42.226   633 31870 I SDK     : <2016-12-17 21:35:42> [WARN] SDK: UE-SeC 2016-12-17 21:35:42:226 Level[WARN] magic[3362781472 684]:PubEvt_Close Getting a socket[247] from the Socket-table Failed!
12-17 21:35:42.232   633 32600 I SDK     : 
12-17 21:35:42.484   633 31875 I SDK     : 
12-17 21:35:47.254  3180  3578 I ash     : running package: huawei.w3, visible: false
12-17 21:36:43.615   633 31870 I SDK     : <2016-12-17 21:36:43> [WARN] SDK: UE-SeC 2016-12-17 21:36:43:615 Level[WARN] magic[3362781472 684]:PubEvt_Close Getting a socket[74] from the Socket-table Failed!
12-17 21:36:43.653   633 31870 I SDK     : <2016-12-17 21:36:43> [WARN] SDK: UE-SeC 2016-12-17 21:36:43:653 Level[WARN] magic[3362781472 684]:PubEvt_Close Getting a socket[165] from the Socket-table Failed!
12-17 21:36:43.687   633 31870 I SDK     : 
12-17 21:36:43.796   633 31868 I SDK     : <2016-12-17 21:36:43> [NOTICE] SDK: UE-SeC 2016-12-17 21:36:43:796 Level[NOTICE] magic[3365677344 747]:When reconnect, the max packet size for UDPS tunnel is 1368.
12-17 21:36:43.967   633 32634 I SDK     : 
12-17 21:36:44.628   633   692 I TCP     : tcp.conn{4485} TcpClientThread.connectSocket(TcpClientThread.java:349) connecting max 30000ms to 45.249.213.63:7801
12-17 21:36:44.878   633   692 I SsoLogin: LoginThread{6364} LoginRequester.getRequestData(LoginRequester.java:120) [Aynoffice SSO] --> getStrAnyofficeSsoTicket failed, set no sso login., setAuthType = 1
12-17 21:36:52.746  2852  2852 D NetWorkUtils: mVSimCurCardType is -1
12-17 21:36:52.769  1795  3121 D PowerManagerService: ready=true,policy=0,wakefulness=0,wksummary=0x1,uasummary=0x0,bootcompleted=true,boostinprogress=false,waitmodeenable=false,mode=true,manual=33,auto=-1,adj=0.0userId=0
12-17 21:37:46.735  1795  1795 V NotificationService: disableEffects=null canInterrupt=false once update: false
12-17 21:37:46.993   633 31870 I SDK     : 
12-17 21:37:47.052   633 31870 I SDK     : <2016-12-17 21:37:47> [WARN] SDK: UE-SeC 2016-12-17 21:37:47:52 Level[WARN] magic[3362781472 684]:PubEvt_Close Getting a socket[168] from the Socket-table Failed!
12-17 21:37:47.075   633 31870 I SDK     : 
12-17 21:37:47.516   633 32686 I SDK     : <2016-12-17 21:37:47> [NOTICE] SDK: UE-SeC 2016-12-17 21:37:47:516 Level[NOTICE] magic[2421467424 2487]:FSM_OpenFile => [END]
12-17 21:37:47.569   633 32689 I SDK     : 
12-17 21:37:47.712  1795  1795 I NotificationManager: enqueueNotificationInternal: n.getKey = 0|com.huawei.health|10010|null|10099
12-17 21:37:47.730  2852  2852 W AppHandler: sendMessage 4
12-17 21:38:47.801   633 31870 I SDK     : <2016-12-17 21:38:47> [WARN] SDK: UE-SeC 2016-12-17 21:38:47:801 Level[WARN] magic[3362781472 684]:PubEvt_Close Getting a socket[13] from the Socket-table Failed!
12-17 21:38:47.810   633 31870 I SDK     : 
12-17 21:38:47.816   633 31870 I SDK     : <2016-12-17 21:38:47> [WARN] SDK: UE-SeC 2016-12-17 21:38:47:816 Level[WARN] magic[3362781472 684]:PubEvt_Close Getting a socket[90] from the Socket-table Failed!
12-17 21:38:47.827   633 31870 I SDK     : 
12-17 21:38:47.851   633 31870 I SDK     : <2016-12-17 21:38:47> [WARN] SDK: UE-SeC 2016-12-17 21:38:47:851 Level[WARN] magic[3362781472 684]:PubEvt_Close Getting a socket[245] from the Socket-table Failed!
12-17 21:38:48.132   633 31868 E SDK     : 
12-17 21:38:49.768  2852  2852 I NotificationGroupManager: onEntryUpdated:0|com.huawei.health|10010|null|10099
12-17 21:38:56.797  1795  2323 D HwBatteryService: onUEvent fcpStatus = 0,scpStatus =0,ovpStatus=0
12-17 21:38:56.823  3382  3399 I SendBroadcastPermission: action:qualcomm.intent.action.ACTION_RAC_CHANGED, mPermissionType:0
12-17 21:39:52.415 31949 31967 I TCP     : tcp.recv{4790} TcpClientThread.selfDisconnectSocket(TcpClientThread.java:377) self disconnecting to uc.huawei.com:7801
12-17 21:39:52.431   633 31870 I SDK     : 
12-17 21:39:52.433  1795 16232 I NotificationManager: enqueueNotificationInternal: pkg=com.huawei.health id=10010 notification=Notification(pri=0 contentView=null vibrate=null sound=null defaults=0x0 flags=0x2 color=0x00000000 vis=PRIVATE)
12-17 21:39:52.443   633 31870 I SDK     : 
12-17 21:39:52.461   633 31870 I SDK     : 
12-17 21:39:52.468   633 31870 I SDK     : <2016-12-17 21:39:52> [WARN] SDK: UE-SeC 2016-12-17 21:39:52:468 Level[WARN] magic[3362781472 684]:PubEvt_Close Getting a socket[224] from the Socket-table Failed!
12-17 21:39:52.468   633 31870 I SDK     : <2016-12-17 21:39:52> [WARN] SDK: UE-SeC 2016-12-17 21:39:52:468 Level[WARN] magic[3362781472 684]:PubEvt_Close Getting a socket[230] from the Socket-table Failed!
12-17 21:39:53.970  2852  2852 I StackScrollAlgorithm: updateClipping isOverlap:false
12-17 21:40:03.876  2852  2852 I HwSignalClusterView: setMobileDataIndicatorsHuawei subId:0 visible:true strengthIcon:2130839311 typeIcon:2130839195 contentDescription:手机信号满格。 typeContentDescription:4G isTypeIconWide:true showActivity:true activityIn:false activityOut:false isRoaming:false
12-17 21:40:05.207  3382  3399 D QcrilMsgTunnelSocket: Rac Change (PDC) data: [-1, -1]
12-17 21:40:05.372  2852  2852 I StatusBarIconView: updateTint: tint=0
12-17 21:40:11.349  1795  1808 I ActivityManager_broadcast: dispatch ordered broadcast [background] BroadcastRecord{8df4b43 u0 android.intent.action.LTE_CA_STATE}, has 1 receivers
12-17 21:40:12.516  1795  2396 D PowerManagerService: ready=true,policy=0,wakefulness=0,wksummary=0x1,uasummary=0x0,bootcompleted=true,boostinprogress=false,waitmodeenable=false,mode=true,manual=33,auto=-1,adj=0.0userId=0
12-17 21:40:12.539  3382  3399 I SendBroadcastPermission: action:qualcomm.intent.action.ACTION_RAC_CHANGED, mPermissionType:0
12-17 21:40:16.304  1795  2323 E UsbDeviceManager: 	at android.os.UEventObserver$UEventThread.run(UEventObserver.java:187)
12-17 21:40:16.314  2852  2852 D StepCounterView: onStepCounterChange stepsNum:8747
12-17 21:41:09.927   633 31870 I SDK     : <2016-12-17 21:41:09> [WARN] SDK: UE-SeC 2016-12-17 21:41:9:927 Level[WARN] magic[3362781472 684]:PubEvt_Close Getting a socket[107] from the Socket-table Failed!
12-17 21:41:09.944   633 31870 I SDK     : <2016-12-17 21:41:09> [WARN] SDK: UE-SeC 2016-12-17 21:41:9:944 Level[WARN] magic[3362781472 684]:PubEvt_Close Getting a socket[201] from the Socket-table Failed!
12-17 21:41:09.945   633 31870 I SDK     : 
12-17 21:41:09.952   633 31870 I SDK     : <2016-12-17 21:41:09> [WARN] SDK: UE-SeC 2016-12-17 21:41:9:952 Level[WARN] magic[3362781472 684]:PubEvt_Close Getting a socket[219] from the Socket-table Failed!
12-17 21:41:10.246   633 31870 I SDK     : <2016-12-17 21:41:10> [WARN] SDK: UE-SeC 2016-12-17 21:41:10:246 Level[WARN] magic[3362781472 684]:PubEvt_Close Getting a socket[15] from the Socket-table Failed!
12-17 21:41:29.778   633   583 I SDK     : <2016-12-17 21:41:29> [NOTICE] SDK: UE-SeC 2016-12-17 21:41:29:778 Level[NOTICE] magic[2415102240 982]:svn_gethostbyname_withtimeout: parse url <byod-web.huawei.com> cost 262 ip<469626295>
12-17 21:41:29.832   633 31869 E SDK     : 
12-17 21:41:32.377  1795  2323 E UsbDeviceManager: 	at java.io.FileInputStream.<init>(FileInputStream.java:146)
12-17 21:41:32.683  5224  5283 I Step_LSC: 20002302|REPORT : 8889 190238 6343 0
12-17 21:41:32.713  2852  2852 D HwCust  : Create obj success use class android.app.HwCustNotificationImpl
12-17 21:42:34.571  3218  3234 W PhoneInterfaceManager: shouldBlockLocation running ...
12-17 21:42:34.762 31532   693 D NetworkSecurityConfig: No Network Security Config specified, using platform default
12-17 21:42:35.782  2852  2852 D HwCust  : Create obj success use class android.app.HwCustNotificationImpl
12-17 21:42:37.629  5224  5283 I Step_DataCache: 20002302|getTodayTotalSteps 9006
12-17 21:42:41.194  1795  2323 E UsbDeviceManager: java.io.FileNotFoundException: sys/class/hw_power/charger/charge_data/water_intrused (No such file or directory)
12-17 21:42:48.392  1795  2323 D HwBatteryService: onUEvent fcpStatus = 0,scpStatus =0,ovpStatus=0
12-17 21:43:12.604  1795  2323 E UsbDeviceManager: 	at java.io.FileInputStream.open(Native Method)
12-17 21:43:35.905  1795  2323 E UsbDeviceManager: 	at com.android.server.usb.UsbDeviceManager$2.onUEvent(UsbDeviceManager.java:328)
12-17 21:43:46.991  1795  2323 E UsbDeviceManager: 	at com.android.server.usb.UsbDeviceManager$2.onUEvent(UsbDeviceManager.java:328)
12-17 21:44:40.279  1795  1808 I ActivityManager_broadcast: dispatch ordered broadcast [foreground] BroadcastRecord{8a617e9 u-1 android.intent.action.TIME_TICK}, has 10 receivers
12-17 21:45:33.497  2852  2852 I HwPhoneStatusBar: updateNotificationShade
12-17 21:47:07.359  1795  2323 E UsbDeviceManager: Error reading charge file
12-17 21:47:07.394  2852  2852 W PanelView: set notification panel padding = 1675
12-17 21:47:08.128  2852  2852 I TrafficPanelManager: hideTraffic
12-17 21:47:12.834  1795 16499 D PowerManagerService: ready=true,policy=0,wakefulness=0,wksummary=0x1,uasummary=0x0,bootcompleted=true,boostinprogress=false,waitmodeenable=false,mode=true,manual=33,auto=-1,adj=0.0userId=0
12-17 21:47:17.811  1795  2323 E UsbDeviceManager: 	at java.io.FileInputStream.open(Native Method)
12-17 21:47:18.113  3168  3330 E         : ---qmi : rapi_event_type=10044, qmi_ret=0, return_status=1. 
12-17 21:47:18.966  1046 26554 D audio_hw_primary: adev_set_parameters: enter: vsid=297816064;call_state=1
12-17 21:47:18.970  1795 16232 D PowerManagerService: ready=true,policy=0,wakefulness=0,wksummary=0x1,uasummary=0x0,bootcompleted=true,boostinprogress=false,waitmodeenable=false,mode=true,manual=33,auto=-1,adj=0.0userId=0
12-17 21:47:19.243  2883  6116 I HwSystemManager: BlockCheckProvider:paramenter = [1, 16, 2000]
12-17 21:47:20.953  2852  2852 I StackScrollAlgorithm: updateClipping isOverlap:false
12-17 21:47:22.752  5224  5283 I Step_DataCache: 20002302|getTodayTotalSteps 9764
12-17 21:47:23.911  2852  2852 D StatusBar: No peeking: not in use: 0|com.huawei.health|10010|null|10099
12-17 21:47:24.457  3608  3608 I InCall  : CallList - no active call on sub 1
12-17 21:47:24.902  2852  2852 I BarTransitions.HwNavigationBarView: transitionTo: mode=MODE_OPAQUE, animate=false
12-17 21:47:24.946  1795  1808 I ActivityManager_broadcast: dispatch ordered broadcast [foreground] BroadcastRecord{8452675 u-1 android.intent.action.SCREEN_ON}, has 55 receivers
12-17 21:47:24.985  1795  1795 D HwConnectivityService: CtrlSocket Receiver,disable: false locked: true action: android.intent.action.SCREEN_ON mSmartKeyguardLevel: normal_level mStartPowerSaving: true
12-17 21:47:25.311  1795  3975 E LocSvc_libulp: I/===> int ulp_brain_turn_onoff_dr_provider() line 848 
12-17 21:47:25.407  1795  3110 D PowerManagerService: release:lock=260745430, flg=0x0, tag="hibernation", name=com.huawei.powergenie", ws=null, uid=1000, pid=3180
12-17 21:47:31.017  2852  2914 I HwMobileSignalController: updateSignalStrength: signalStrength=SignalStrength: -65 0 -1 255 -1 255 -1 255 255 99 2147483647 2147483647 2147483647 2147483647 2147483647 false gw|lte
12-17 21:47:31.985  5224  5283 I Step_ExtendStepDataManager: 20002302|before compensate: cache step_9782
12-17 21:47:32.734  1795  1809 I WindowManager: updateRotationUnchecked(alwaysSendConfiguration=false)
12-17 21:47:33.978  5224  5283 I Step_ExtendStepDataManager: 20002302|compensate 24699707 180
12-17 21:47:37.090  2852  2852 D StatusBar: updateNotification(StatusBarNotification(pkg=com.huawei.health user=UserHandle{0} id=10010 tag=null key=0|com.huawei.health|10010|null|10099: Notification(pri=0 contentView=null vibrate=null sound=null defaults=0x0 flags=0x62 color=0x00000000 vis=PRIVATE)))
12-17 21:47:37.247  1795  1809 I WindowManager: rotationForOrientationLw(orient=1, last=0); user=0 
12-17 21:47:37.975  5224  5283 I Step_DataCache: 20002302|getTodayTotalSteps 9793
12-17 21:47:43.030  1795  1809 I WindowManager: Application requested orientation 1, got rotation 0 which has compatible metrics
12-17 21:47:43.089  2852  2852 I StackScrollAlgorithm: updateDimmedActivatedHideSensitive overlap:true
12-17 21:47:44.112  5224  5283 I Step_DataCache: 20002302|getTodayTotalSteps 9804
12-17 21:47:45.238  1795  1809 I WindowManager: onProposedRotationChanged, rotation=3
12-17 21:47:46.965  5224  5283 I Step_ExtendStepDataManager: 20002302|after compensate: cache step_9810
12-17 21:47:48.941  5224  5224 I Step_LSC: 20002302|onStandStepChanged 71189
12-17 21:47:50.061  2852  2852 D HwCust  : Create obj success use class android.app.HwCustNotificationImpl
12-17 21:47:52.948  5224  5283 I Step_ExtendStepDataManager: 20002302|after compensate: cache step_9821
12-17 21:47:57.086  2852  2852 I StatusBarIconView: updateTint: tint=0
12-17 21:47:59.894  2883  5296 I HwSystemManager: PhoneMatch:PhoneMathConfig: isConfiged = true, MIN_MATCH = 7, NUM_SHORT = 11, NUM_LONG = 11
12-17 21:48:07.696  1795  1809 I WindowManager: Application requested orientation 1, got rotation 0 which has compatible metrics
12-17 21:48:07.999  5224  5283 I Step_HSNH: 20002302|rebuild notification
12-17 21:48:09.411  3180  3578 I ash     : 1795 binder call 2852
12-17 21:48:10.885  5224  5224 I Step_LSC: 20002302|compensate received
12-17 21:48:12.892  5224  5283 I Step_DataCache: 20002302|getTodayTotalSteps 9856
12-17 21:48:14.208  2852  3556 I NetworkController.MobileSignalController(0): onSignalStrengthsChanged signalStrength=SignalStrength: -70 0 -1 255 -1 255 -1 255 255 99 2147483647 2147483647 2147483647 2147483647 2147483647 false gw|lte level=5 isSuspend=false levelOld=5,mSignalStrength level=5
12-17 21:48:15.988  2852  2852 D StatusBar: reusing notification for key: 0|com.huawei.health|10010|null|10099
12-17 21:48:18.038  2852  2852 D HwCust  : Create obj success use class android.app.HwCustNotificationImpl
12-17 21:48:19.799  1795  3249 D PowerManagerService: ready=true,policy=3,wakefulness=1,wksummary=0x2b,uasummary=0x4,bootcompleted=true,boostinprogress=false,waitmodeenable=false,mode=true,manual=33,auto=-1,adj=0.0userId=0
12-17 21:48:19.859  3168  3309 E         : ######  output 219
12-17 21:48:19.914  1795  3238 D PowerManagerService: release:lock=238713002, flg=0x0, tag="InCallWakeLockController", name=com.android.server.telecom", ws=null, uid=1000, pid=1795
12-17 21:48:20.015  1795  2332 I qti_sensors_hal: [ACC]processReportInd: X: -5.260287 Y: -10.147928 Z: -3.013865  x_offset:0.160831 y_offset:0.184366 z_offset:0.985027
12-17 21:48:20.025  1795  6986 I PowerManager_screenOn: PowerManagerService Waking up from sleep (uid 1000)...
12-17 21:48:20.026  1795  6986 D HwPowerManagerService: setColorTemperature:128
12-17 21:48:20.031  2852  2852 I QSContainer: updateQsState:false
12-17 21:48:20.051  2852  2852 I Tile.RotationLockTile: refreshState=rotation, BooleanState[,icon=ResourceIcon[resId=0x7f0202ed],label=自动旋转,labelTint=1,textChangedDelay=400,contentDescription=自动旋转屏幕,dualLabelContentDescription=null,minimalContentDescription=null,minimalAccessibilityClassName=android.widget.Switch,expandedAccessibilityClassName=android.widget.Switch,autoMirrorDrawable=false,disabledByPolicy=false,enforcedAdmin=null,value=true]
12-17 21:48:20.089  3608  3608 D InCall  : StatusBarNotifier - updateInCallNotification: timer cleared
12-17 21:48:20.168  1795  1825 D DisplayPowerController: Animating brightness: target=4, rate=40
12-17 21:48:20.176  3879  4201 I TotemWeather: WidgetDataManager:my location is 77666
12-17 21:48:20.179  1795  2671 D PowerManagerService: ready=true,policy=3,wakefulness=1,wksummary=0x1,uasummary=0x1,bootcompleted=true,boostinprogress=false,waitmodeenable=false,mode=true,manual=33,auto=-1,adj=0.0userId=0
12-17 21:48:20.189  3218  4070 D PhoneInterfaceManager: [PhoneIntfMgr] getDataEnabled: subId=0 retVal=true
12-17 21:48:20.191  1795  1795 D HwConnectivityService: CtrlSocket getMobileDataEnabled = true
12-17 21:48:20.258  2852  3556 I SystemUIIdleHandler: enter addToIdleMessage(type:1001), mainloop is busy, add to idleMessage
12-17 21:48:20.265  2852  2852 I BitmapUtils: 	at com.huawei.keyguard.support.magazine.MagazineWallpaper$3.onMagazinePicLoaded(MagazineWallpaper.java:733)
12-17 21:48:20.312  2852  2852 I QSContainer: updateQsState:false
12-17 21:48:20.328  2852  2852 W HwLockScreenPanel: Handle message: 10
12-17 21:48:20.394  2852  2852 W StatusBarWindowManager: Apply window without WALLPAPER
12-17 21:48:20.577  2852  2925 I ExifParser: mTiffStream skip = 0
12-17 21:48:20.740  1795  1795 I MQoS    : received cell-signal:5
12-17 21:48:20.750  3218  3218 D QC_RIL_OEM_HOOK: Received Broadcast Intent ACTION_UNSOL_RESPONSE_OEM_HOOK_RAW
12-17 21:48:20.758   633   692 I TCP     : Thread-1749{6410} TcpClientThread.disconnectSocket(TcpClientThread.java:369) disconnecting to uc.huawei.com:7801
12-17 21:48:20.818  1795  2685 D HwPFWLogger: AutoStartupDataMgr:retrieveStartupSettings type 0 of com.sina.weibo is 0
12-17 21:48:20.819  1795  2685 I HwPFWLogger: AppAutoStartupPolicy:prevent start receiver of package com.huawei.gamebox for action android.net.conn.CONNECTIVITY_CHANGE
12-17 21:48:21.274  1448  1488 I LogUploadHandler: msg = 1 received
12-17 21:48:21.294  2883  3125 I HwSystemManager: StartupResidentService:InnerHandler Message:7
12-17 21:48:21.555  1501  1501 E BetaClub_LogUpload: [Utils.lockCreate] <>
12-17 21:48:21.997  2852  2852 I NotificationContentView: transferRemoteInputFocus: 0
12-17 21:48:23.792  3466  5331 I Contacts: NumberMarkManager no info on 3 server
12-17 21:48:24.299  3168  1664 D CommunicateRecord : getRcvData() MCC :  460
12-17 21:48:24.355  1795 20747 D HwActivityManagerService: handleANRFilterFIFO,uid = 10103cmd = 1
12-17 21:48:25.184 25067  1584 I ret     : redirect = redirect.replace(new RegExp('\&#40;','gm'),'(');
12-17 21:48:27.948  2852  2852 I NotificationGroupManager: onEntryUpdated:0|com.huawei.health|10010|null|10099
12-17 21:48:28.827  5224  5283 I Step_DataCache: 20002302|getTodayTotalSteps 9883
12-17 21:48:30.290  1795  1795 I AlarmManager: set(null) : type=2 triggerAtTime=451346653 win=225000 tElapsed=451346653 maxElapsed=451571653 interval=0 flags=0x8
12-17 21:48:30.586  2852  2925 I ExifParser: mTiffStream skip = 0
12-17 21:48:30.602  1795  2670 D WifiController: DefaultState what=155653
12-17 21:48:35.419  1795  1795 I NotificationManager: enqueueNotificationInternal: n.getKey = 0|com.huawei.health|10010|null|10099
12-17 21:48:37.636  1795  1795 D WifiService: ACTION_BATTERY_CHANGED pluggedType: 0
12-17 21:50:28.106  1795  1825 D Sensors : batch called handle:3 sample_ns:300000000 latency_ns:0
12-17 21:50:28.216  2852  2852 V KeyguardUpdateMonitor: KGSvcFp onAuthenticationAcquired.0
12-17 21:50:28.483  2852  2852 I StackScrollAlgorithm: updateClipping isOverlap:true
12-17 21:50:28.967  1795  1808 I ActivityManager_broadcast: dispatch ordered broadcast [background] BroadcastRecord{b4dd0cd u0 com.huawei.betaclub.UPLOAD_PROGRESS}, has 1 receivers
12-17 21:50:29.007  1795  2332 I qti_sensors_hal: [ACC]processReportInd: X: -0.381061 Y: 3.491583 Z: 9.864657  x_offset:0.160831 y_offset:0.184366 z_offset:0.985027
12-17 21:50:29.237  1762  1762 W ContextImpl: Failed to ensure /data/user/0/com.mobike.mobikeapp/shared_prefs: mkdir failed: EACCES (Permission denied)
12-17 21:50:29.836   633   692 I eSpaceService: msg.recv{4490} EspaceService.beginPushProcess(EspaceService.java:1106)  Begin Push Process
12-17 21:50:30.565  2852  2852 I StackScrollAlgorithm: updateDimmedActivatedHideSensitive overlap:true
12-17 21:50:32.902  3466  3466 D HwCust  : Create obj success use class com.android.contacts.HwCustPhoneCallDetailsHelperImpl
12-17 21:50:34.484  3466  1916 D HwCust  : Create obj success use class com.android.contacts.calllog.HwCustContactInfoHelperImpl
12-17 21:50:35.780  3466  3466 I Contacts: DialpadFragment SIM 1 enable:true, SIM 2 enable:false
12-17 21:50:36.887  3466  1921 D HwCust  : Create obj success use class com.android.contacts.calllog.HwCustContactInfoHelperImpl
12-17 21:50:37.072  3879  3879 I ActivityManager_activity: Resuming ActivityRecord{4679a0a token=android.os.BinderProxy@5462fa {com.huawei.android.launcher/com.huawei.android.launcher.unihome.UniHomeLauncher}} with isForward=false,forwardBitChanged=false onlyLocalRequest=false
12-17 21:50:37.400  1795  1795 D HuaweiWifiWatchdogStateMachine:  not in link monitoring mode, ignore TCP result .
12-17 21:50:39.629  3879  3879 I HwLauncher: Launcher workspaceTranslationX = 0.0
12-17 21:50:39.803  1795  2396 V InputMethodManagerService: Window asks to hide input
12-17 21:50:40.168  5224  5283 I Step_LSC: 20002302|REPORT : 10096 215595 7189 0
12-17 21:50:43.322  1795  2748 D HwNormalizedSpline: write:userId=0,mPosBrightness =0.0,mOffsetBrightness_last=4.0,mIsUserChange=false,mDeltaNew=0.0,mStartLuxDefaultBrightness=4.0mLastLuxDefaultBrightness=4.0,mAmLux=0.0
12-17 21:50:45.311  1795  2750 I HwLightsService: back light level before map = 382
12-17 21:50:45.400  2852  2852 I HwSignalClusterView: getOrInflateState subId:0
12-17 21:50:47.680  3382  3399 D QcrilMsgTunnelSocket: readRilMessage: Buffer = [B@204bb9f HexData = [010000000404000012000000514f454d484f4f4b1d04080002000000ffff]
12-17 21:50:47.814  2852  2852 D NetWorkUtils: mVSimCurCardType is -1
12-17 21:50:47.878  3382  3382 D QcrilMsgTunnelIfaceManager: handleMessage what = 0
12-17 21:50:47.880  2852  2852 I NetworkSpeedView: updateVisibility parent class:class com.android.systemui.statusbar.HwSystemIcons
12-17 21:50:47.945   633   692 I TCP     : main{1} TcpClientThread.closeSocket(TcpClientThread.java:396) closed socket.
12-17 21:50:47.968  1795  1795 D HwPFWLogger: AutoStartupDataMgr:retrieveStartupSettings type 1 of com.icbc.im is 0
12-17 21:50:47.985  1795  2709 I ActivityManager_service: retrieveServiceLocked, callerApp: ProcessRecord{34bf34f 0:system/1000}, flags: 10000400
12-17 21:50:48.129 25067 25067 I UX      : CollectorManager--isCollectorEnabled--getBoolean: false
12-17 21:50:48.361  1795 15988 W ActivityManager: Sending non-protected broadcast com.huawei.betaclub.UPLOAD_PROGRESS from system 2003:com.huawei.betaclub:loguploadservice/1000 pkg com.huawei.betaclub
12-17 21:50:48.595  3782  3782 W DPMJ    : |SERVICE| If apn type is default ->default
12-17 21:50:48.608   633 31870 I SDK     : 
12-17 21:50:48.609   633 31870 I SDK     : <2016-12-17 21:50:48> [WARN] SDK: UE-SeC 2016-12-17 21:50:48:609 Level[WARN] magic[3362781472 684]:PubEvt_Close Getting a socket[216] from the Socket-table Failed!
12-17 21:50:48.776  1795  1795 D Telecom : RespondViaSmsManager: loadCannedTextMessages() starting
12-17 21:50:48.814  1795  1795 D Telecom : InCallController: Default Dialer package: com.android.contacts
12-17 21:50:48.846  1795  3884 D PowerManagerService: ready=true,policy=3,wakefulness=1,wksummary=0x2b,uasummary=0x1,bootcompleted=true,boostinprogress=false,waitmodeenable=false,mode=true,manual=33,auto=-1,adj=0.0userId=0
12-17 21:50:49.199  1795 16498 D PowerManagerService: acquire lock=230301592, flags=0x1, tag="*launch*", name=android, ws=WorkSource{1001}, uid=1000, pid=1795
12-17 21:50:49.354  3608  3608 D InCall  : CallButtonFragment - showSpeakerphoneOnIcon: false
12-17 21:50:49.405  3608  3608 D InCall  : InCallPresenter - onDeviceOrientationChange: orientation= 0
12-17 21:50:50.664  1046  1125 D voice_extn: update_calls: cur_state=1 new_state=1 vsid=11c05000
12-17 21:50:50.695  1795  2701 I HwActivityManagerService: Split enqueueing broadcast [callerApp]:ProcessRecord{34bf34f 0:system/1000}
12-17 21:50:50.705  1046  9753 D ACDB-LOADER: ACDB -> ACDB_AVSYNC_INFO: ACDB_CMD_GET_DEVICE_PROPERTY
12-17 21:50:50.862  3382  3399 D QcrilMsgTunnelSocket: AudioState data received: vsid=297816064;call_state=2;call_type=GSM
12-17 21:50:50.930  1046  1046 D audio_hw_extn: audio_extn_set_anc_parameters: anc_enabled:0
12-17 21:50:51.009  1795 16501 I ActivityManager_broadcast: dispatch ordered broadcast [background] BroadcastRecord{99c5e88 u-1 android.intent.action.PHONE_STATE}, has 2 receivers
12-17 21:50:51.017  1795  2709 I ActivityManager_service: retrieveServiceLocked, callerApp: ProcessRecord{34bf34f 0:system/1000}, flags: 10000400
12-17 21:50:51.052  1795  6988 E huawei_ProximitySensor_CPP_Test: write 20 failed
12-17 21:50:51.076  3608  3608 D InCall  : CallCardPresenter - isPredefinedNumber is true
12-17 21:50:53.957  3858  4126 I amsnl   : t:false, fl: false, p: 2147483647000, ce: true, we: false
12-17 21:50:54.675  3608  3608 I SendBroadcastPermission: action:InCallScreenIsForegroundActivity, mPermissionType:0
12-17 21:50:56.882  5224  5283 I Step_LSC: 20002302|REPORT : 10112 215595 7189 0
12-17 21:50:57.806  5224  5283 I Step_ExtendStepDataManager: 20002302|after compensate: cache step_10114
12-17 21:50:58.916  2852  2852 I EventCenter: EventCenter Get :android.com.huawei.bone.NOTIFY_SPORT_DATA
12-17 21:51:00.327  1795  1795 I NotificationManager: enqueueNotificationInternal: n.getKey = 0|com.android.incallui|2|null|1001
12-17 21:51:00.574  2852  2852 V KeyguardUpdateMonitor: FingerStat Visible: false; Interactive: false; Switching: false; Bouncer:false; GoingToSleep: false Occluded: false; dreaming: false; Authenticated: false
12-17 21:51:00.640   835  2385 E libteec : begin
12-17 21:51:00.655  1795  3253 D PowerManagerService: ready=true,policy=0,wakefulness=0,wksummary=0x11,uasummary=0x0,bootcompleted=true,boostinprogress=false,waitmodeenable=false,mode=true,manual=33,auto=-1,adj=0.0userId=0
12-17 21:51:00.908  1795  1825 D PowerManagerService: Acquiring suspend blocker "PowerManagerService.Display".
12-17 21:51:00.972  1795  1795 D HwConnectivityService: TurnOffDCState: false
12-17 21:51:00.995  1795  1795 I NotificationManager: cancelNotification,cancelNotificationLocked,callingUid = 1001,callingPid = 3608
12-17 21:51:01.712  2852  2925 I EventCenter: ContentChange for slot: 1
12-17 21:51:01.712  2852  2852 I HwBrightnessController: onChange selfChange:false uri.toString():content://settings/system/screen_auto_brightness mIsObserveAutoBrightnessChange:true
12-17 21:51:01.912  2852  2925 I EventCenter: ContentChange for slot: 1
12-17 21:51:02.012  2852  2852 I HwBrightnessUtils: APS brightness=5.0,ConvertToPercentage=0.046435263
12-17 21:51:07.993  5224  5283 I Step_DataCache: 20002302|getTodayTotalSteps 10129
12-17 21:51:10.214 30820 30820 D HsmJoinRequest: Get wakeLock now
12-17 21:51:10.538  1795  2748 D HwAmbientLuxFilterAlgo: t=127415107,BT=127415607,DT=127416107,BT1=127419107,DT1=127423107,Bn=false,Dn=false,lx=[0.0/127413602, 0.0/127413903, 0.0/127414204, 1.0/127414506, 1.0/127414806, 1.0/127415107],mLx=0.0,s=5.0,ss=3.1428561,AuIntervened=false,mProximityState=false,bLux=6.0,dLux=-1.0,bLux1=6.0,dLux1=-1.0
12-17 21:51:18.022  2852  2852 D StatusBar: applyInPlace=true shouldPeek=false alertAgain=true
12-17 21:51:18.919  5224  5283 I Step_ExtendStepDataManager: 20002302|compensate 24699711 25
12-17 21:51:20.999  2852  2852 D StepCounterView: onStepCounterChange stepsNum:10146
12-17 21:51:25.854  5224  5283 I Step_ExtendStepDataManager: 20002302|before compensate: cache step_10150
12-17 21:51:27.377  2852  3556 I NetworkController.MobileSignalController(0): onSignalStrengthsChanged signalStrength=SignalStrength: -80 0 -1 255 -1 255 -1 255 255 99 2147483647 2147483647 2147483647 2147483647 2147483647 false gw|lte level=5 isSuspend=false levelOld=5,mSignalStrength level=5
12-17 21:51:27.453  1795  1795 D WifiProJNI: send_cmd_kernel: cmd=1
12-17 21:51:49.566  2852  2852 W KeyguardUpdateMonitor: ChargingSpeed  Wattage: -1 ST: 5000000 --> 7500000
12-17 21:51:49.912  2852  3556 I NetworkController.MobileSignalController(0): onDataActivity: direction=0
12-17 21:51:49.917  1795  2750 I PowerManager_screenOn: DisplayPowerState Updating screen state: state=ON, backlight=392
12-17 21:51:50.018  2852  2852 I QSContainer: updateQsState:false
12-17 21:51:50.438   835  2385 E libteec : begin
12-17 21:52:11.089  1795  1795 I ActivityManager_broadcast: Enqueueing ordered broadcast[foreground] BroadcastRecord{16272 u-1 android.intent.action.SCREEN_ON}: prev had 0
12-17 21:52:11.139  1795  1795 I ActivityManager_broadcast: Enqueueing ordered broadcast[foreground] BroadcastRecord{2c1d6c3 u-1 android.intent.action.TIME_TICK}: prev had 1
12-17 21:52:11.140   606  2379 E libteec : qsc_send_cmd finish
12-17 21:52:11.417  1795 15988 D StubTelephonyRegistry: uid:10028 pid:16628 PhoneStateListener.LISTEN_CELL_LOCATION:16 events:16
12-17 21:52:11.533  1795  1795 D PowerManagerService: ready=true,policy=3,wakefulness=1,wksummary=0x10,uasummary=0x1,bootcompleted=true,boostinprogress=false,waitmodeenable=false,mode=true,manual=33,auto=-1,adj=0.0userId=0
12-17 21:52:11.606  2852  2852 D DateTimeView: Change to single clock mode!
12-17 21:52:12.848  3858  4126 I amsnl   : csr
12-17 21:52:14.830  3608  3608 E WindowManagerEx: ret: 0
12-17 21:52:14.859  1795  1795 I AlarmManager: set(null) : type=2 triggerAtTime=451571222 win=225000 tElapsed=451571222 maxElapsed=451796222 interval=0 flags=0x8
12-17 21:52:14.989  2852  2852 I BadgedIconHelper: isCloneProcess = false
12-17 21:52:15.199  3626  4889 E PTM.FileNodeInfo: getTempInfo error: null, 0
12-17 21:52:15.423  3608  3608 I InCall  : ProximitySensor - Proximity wake lock already acquired
12-17 21:52:15.455  1795  2671 D WifiStateMachine:  InitialState CMD_SCREEN_STATE_CHANGED  rt=127447303/451271818 1 0
12-17 21:52:15.467  1046  1467 V audio_hw_primary: adev_set_parameters: exit with code(0)
12-17 21:52:16.393   835  2385 D fpc_fingerprint_hal: workerFunction STATE_AUTHENTICATE
12-17 21:52:16.399   835  2385 E libteec : receive data len = 1152
12-17 21:52:16.530  1795 11746 D StubTelephonyRegistry: uid:10028 pid:16628 PhoneStateListener.LISTEN_CELL_LOCATION:16 events:0
12-17 21:52:23.536  1795  1825 D PowerManagerService: userActivityNoUpdateLocked: eventTime=127455384, event=0, flags=0x0, uid=1000
12-17 21:52:23.537  1795  1825 D HW_DISPLAY_EFFECT: hw_get_smart_display_supported: start++
12-17 21:52:23.616  3218  3375 I SendBroadcastPermission: action:com.huawei.android.intent.action.RAC_CHANGED, mPermissionType:0
12-17 21:52:23.659  1795 15987 D HwNetworkStatsService: mActiveIface: rmnet_data0
12-17 21:52:23.661  1795 15987 D PowerManagerService: ready=false,policy=3,wakefulness=1,wksummary=0x11,uasummary=0x1,bootcompleted=true,boostinprogress=false,waitmodeenable=false,mode=true,manual=33,auto=-1,adj=0.0userId=0
12-17 21:52:24.437   835  2385 E libteec : begin
12-17 21:52:24.547  2883  2996 I HwSystemManager: NormalTraffic:updateBytes total limit = -1 warn = -1 used = 1773889467
12-17 21:52:24.657  1795  1825 I PowerManager_screenOn: DisplayPowerController Blocking screen on until initial contents have been drawn.
12-17 21:52:24.709  1795  1795 I Sensor  : turn off notificationLight due to incall or screenon
12-17 21:52:24.710  1795  3121 D PowerManagerService: Acquiring suspend blocker "PowerManagerService.WakeLocks".
12-17 21:52:25.297   836   928 I knuckle_sensor: Got DISABLE response, status = 0, id = 113
12-17 21:52:27.856  3858  4126 I amsnl   : m1: false
12-17 21:52:29.316  1795  1821 I WindowManger_keyguard: Setting mDismissKeyguard true by win Window{e6a6b5e u0 com.android.incallui/com.android.incallui.InCallActivity}
12-17 21:52:29.327  1795  1795 I Sensor  : updateLight --> mIsNotificationExisting: false ledOnMS: 0 ledOffMS :0
12-17 21:52:29.374  1795  3247 D NetdConnector: SND -> {11842 bandwidth gettetherstats}
12-17 21:52:30.529  1795  1825 D AutomaticBrightnessController: ambient lux=5.0,timeStamp =451286891428000
12-17 21:52:36.268  1795  2668 D WifiP2pService: DefaultState{ when=-1ms what=143467 target=com.android.internal.util.StateMachine$SmHandler }
12-17 21:52:36.297  1795  1795 D HwPFWLogger: PFW.HwPFWService:mBroadcastReceiver action = android.intent.action.SCREEN_OFF
12-17 21:52:43.023  3608  3608 I InCall  : CallList - hasAnyLiveCall call = [Call_14, ACTIVE, [Capabilities: CAPABILITY_HOLD CAPABILITY_SUPPORT_HOLD CAPABILITY_MUTE CAPABILITY_CANNOT_DOWNGRADE_VIDEO_TO_AUDIO], children:[], parent:null, conferenceable:[], videoState:Audio Only, mSessionModificationState:0, VideoSettings:(CameraDir:-1)]
12-17 21:52:43.143  1795  1825 D HwAmbientLuxFilterAlgo: t=127474991,BT=127475491,DT=127475991,BT1=127478991,DT1=127482991,Bn=false,Dn=false,lx=[5.0/127474991],mLx=5.0,s=5.0,ss=0.0,AuIntervened=false,mProximityState=false,bLux=15.0,dLux=0.0,bLux1=15.0,dLux1=0.0
12-17 21:52:43.223  3180  4303 I AwareLog: MemoryRecoveryDMEPlugin: interrupt
12-17 21:52:44.959  3608  3608 D InCall  : ProximitySensor - Turning on proximity sensor
12-17 21:52:46.699  1795  1795 E qti_sensors_hal: read from oem info: x_offset=0.160831, y_offset=0.184366, z_offset=0.985027
12-17 21:52:47.747  1795  1809 I qti_sensors_hal: 0x0, 0x0, 0x0, 0x0
12-17 21:52:47.986  2883  2883 I HwSystemManager: AutoCleanReceiveServer:checkToStartCleanService,phone is use state,phone is use,need not start clean service
12-17 21:52:48.203  1795  2736 E hwintelligencewifi: stopScanAp mIsScaning = false
12-17 21:52:48.214  2852  3556 D NetworkController.MobileSignalController(0): mSimSubId:0 onDataActivity: direction=0
12-17 21:52:48.328 31949 31967 I TCP     : tcp.conn{4787} TcpClientThread.connectSocket(TcpClientThread.java:349) connecting max 30000ms to uc.huawei.com:7801
12-17 21:52:55.478  1046 26554 I Huawei_audio_cust: huawei_audio huawei_choose_HandsFree_device_incall_forHWtest: test Type =4
12-17 21:52:55.481   835  2385 E libteec : begin
12-17 21:52:56.571  1795  2332 I qti_sensors_hal: [ACC]processReportInd: X: 7.425595 Y: 6.397864 Z: 1.151458  x_offset:0.160831 y_offset:0.184366 z_offset:0.985027
12-17 21:53:02.262  1795  1825 D PowerManagerService: userActivityNoUpdateLocked: eventTime=127494107, event=0, flags=0x0, uid=1000
12-17 21:53:02.345  1795 15982 D PowerManagerService: ready=false,policy=3,wakefulness=1,wksummary=0x11,uasummary=0x1,bootcompleted=true,boostinprogress=false,waitmodeenable=false,mode=true,manual=33,auto=-1,adj=0.0userId=0
12-17 21:53:02.614  2852  2852 I EventCenter: EventCenter Get :android.com.huawei.bone.NOTIFY_SPORT_DATA
12-17 21:53:05.211  1795  2748 D HwAmbientLuxFilterAlgo: earliestValidTime + POWER_ON_BRIGHTENING_LIGHT_DEBOUNCE
12-17 21:53:05.864  2852  2852 I HwBrightnessController: updateSlider2 seekBarProgress:0
12-17 21:53:06.217  1795 15987 D PowerManagerService: ready=true,policy=0,wakefulness=0,wksummary=0x10,uasummary=0x0,bootcompleted=true,boostinprogress=false,waitmodeenable=false,mode=true,manual=33,auto=-1,adj=0.0userId=0
12-17 21:53:17.724  1795  2736 E hwintelligencewifi: getCurrentCellid type is PHONE_TYPE_GSM
12-17 21:53:17.906  1795  1809 I qti_sensors_hal: batch,376,handle 0, timeout:0 ,period_ns:66667000
12-17 21:53:17.921  1795  1825 D PowerManagerService: ready=true,policy=3,wakefulness=1,wksummary=0x10,uasummary=0x1,bootcompleted=true,boostinprogress=false,waitmodeenable=false,mode=true,manual=33,auto=-1,adj=0.0userId=0
12-17 21:53:18.908  3608  3608 D InCall  : GlowPadAnswerFragment - Show answer UI: false
12-17 21:53:19.153   835  2385 E libteec : begin
12-17 21:53:25.352   633   692 I eSpaceService: LoginThread{6435} LoginThread.doinLoop(LoginC.java:912) Login_By_Step-> Thread is over  true 6435
12-17 21:53:27.842  1795 16498 D HwInputMethodManagerService: ------------startInput--------------
12-17 21:53:27.915   612   612 D SurfaceFlinger: Set power mode=2, type=0 flinger=0x7f9a25b400
12-17 21:53:27.915  3608  3608 I InCall  : InCallActivity - bgCallTwinkingSwitch is truemIsForegroundActivity is true
12-17 21:53:27.936  1795  2708 D HwPFWLogger: PFW.HwPFWAppRestartPolicy:receive action = android.intent.action.SCREEN_ON
12-17 21:53:29.608  3626  4889 E PTM.FileNodeInfo: getTempInfo error: null, 0
12-17 21:53:30.376  2852  2852 D KeyguardViewMediator: handleNotifyScreenTurnedOff
12-17 21:53:30.427   835  2385 E libteec : qsc_decode end
12-17 21:53:30.428  1795  1825 I ActivityManager_activity: completedResumed: ActivityRecord{b46dc67 u0 com.android.incallui/.InCallActivity t310}, launchTrack: outofsleep resumeTopComplete
12-17 21:53:30.734  2852  2852 I PhoneStatusBar: removeNotificationChildren
12-17 21:53:31.683  2852  2852 W HwPhoneLayoutInflater: onCreateView : ClassNotFoundException, In this case we want to let the base class take a crack at it
12-17 21:53:31.854   835   835 I fingerprintd: FingerprintDaemonProxyEx::onTransact, code:1002
12-17 21:53:31.902  1046  1467 V msm8916_platform: platform_set_parameters: exit with code(0)
12-17 21:53:31.968  3180  3578 I ash     : ash->screen off
12-17 21:53:32.321  1795  1825 I PowerManager_screenOn: PowerManagerNotifier onUserActivity: event=0, uid=1000
12-17 21:53:32.322  1795  1825 D HwPowerManagerService: setColorTemperature:128
12-17 21:53:32.322  1795  1795 I SendBroadcastPermission: action:android.intent.action.SCREEN_ON, mPermissionType:0
12-17 21:53:32.381  1795  1795 D HwConnectivityService: CtrlSocket Receiver,disable: false locked: true action: android.intent.action.SCREEN_ON mSmartKeyguardLevel: normal_level mStartPowerSaving: true
12-17 21:53:32.645  1795  1809 E qti_sensors_hal: Final value: x_offset=0.160831, y_offset=0.184366, z_offset=0.985027
12-17 21:53:32.928  2852  2852 I HwBrightnessController: updateSlider2 seekBarProgress:1760
12-17 21:53:33.249  1795  2332 I qti_sensors_hal: [ACC]processReportInd: X: 8.025708 Y: 7.229941 Z: 3.065074  x_offset:0.160831 y_offset:0.184366 z_offset:0.985027
12-17 21:53:33.617  1795  2371 E LightSensor: read Events lux:  7.0
12-17 21:53:35.519  1795  2671 D PowerManagerService: acquire lock=244575063, flags=0x1, tag="WifiSuspend", name=android, ws=null, uid=1000, pid=1795
12-17 21:53:35.551   835  2385 E libteec : begin
12-17 21:53:36.056  1795  1825 D DisplayPowerController: Animating brightness: target=0, rate=0
12-17 21:53:36.083  1795  1825 I PowerManager_screenOn: DisplayPowerController Blocking screen on until initial contents have been drawn.
12-17 21:53:36.111  2852  2867 D KeyguardService: KGSvcCall onScreenTurningOn.
12-17 21:53:36.145  1795  6986 D PowerManagerService: ready=false,policy=3,wakefulness=1,wksummary=0x11,uasummary=0x1,bootcompleted=true,boostinprogress=false,waitmodeenable=false,mode=true,manual=33,auto=-1,adj=0.0userId=0
12-17 21:53:36.375  1795  1825 D PowerManagerService: ready=true,policy=3,wakefulness=1,wksummary=0x10,uasummary=0x1,bootcompleted=true,boostinprogress=false,waitmodeenable=false,mode=true,manual=33,auto=-1,adj=0.0userId=0
12-17 21:53:36.375  2852  2852 W HwLockScreenReporter: report result = falsereport type:162 msg:{picture: Deepwater-07-2.3.001-bigpicture_07_8.jpg, channelId: 07}
12-17 21:53:39.083  1795  2371 E huawei_ProximitySensor_CPP_Test: ProximitySensor: 9 is far event,0 is close event,value = 9.000000
12-17 21:53:39.083  1795  1825 I WindowManger_keyguard: Screen turned off...
12-17 21:53:39.158  2852  2852 W CameraLayout: Cameralayout setVisibility. true false  2
12-17 21:53:39.294  3382  3399 D QcrilMsgTunnelSocket: readRilMessage: Buffer = [B@204bb9f HexData = [010000000404000012000000514f454d484f4f4b1d04080002000000ffff]
12-17 21:53:39.573  2852  2852 I StackScroller: setScrollingEnabled: true
12-17 21:53:39.913  1795 17832 D PowerManagerService: ready=true,policy=0,wakefulness=0,wksummary=0x10,uasummary=0x0,bootcompleted=true,boostinprogress=false,waitmodeenable=false,mode=true,manual=33,auto=-1,adj=0.0userId=0
12-17 21:53:39.920  1795  1795 I AlarmManager: remove(PendingIntent{e603241: PendingIntentRecord{d8b63e6 android broadcastIntent}}) changed bounds; rebatching
12-17 21:53:39.978  1795  1806 D PowerManagerService: ready=true,policy=0,wakefulness=0,wksummary=0x10,uasummary=0x0,bootcompleted=true,boostinprogress=false,waitmodeenable=false,mode=true,manual=33,auto=-1,adj=0.0userId=0
12-17 21:53:40.093  2852  2852 I StackScrollAlgorithm: overlapAmount:763.6, previousNotificationEnd:607.0, newYTranslation:-156.59998, location:2, i:1, getTopPadding:499.0, getLocationOnScreen():-36
12-17 21:53:40.863  3782  2660 V AudioManager: isMusicActive...
12-17 21:54:58.806  1795  2323 E UsbDeviceManager: Error reading charge file
12-17 21:54:58.849  2852  2852 I PhoneStatusBar: onStartedWakingUp
12-17 21:54:58.915  1046  2704 V audio_hw_primary: adev_set_parameters: exit with code(0)
12-17 21:54:59.137  1795  1809 I qti_sensors_hal: batch,376,handle 0, timeout:0 ,period_ns:66667000
12-17 21:54:59.193  2852  2822 W HwLockScreenReporter: report result = falsereport type:122 msg:
12-17 21:54:59.257  2852  2852 I HwSignalClusterView: setMobileDataIndicatorsHuawei subId:0 visible:true strengthIcon:2130839311 typeIcon:2130839153 contentDescription:手机信号满格。 typeContentDescription:GPRS isTypeIconWide:false showActivity:false activityIn:false activityOut:false isRoaming:false
12-17 21:54:59.259  2852  2852 I HwSignalClusterView: setMobileDataIndicatorsHuawei subId:0 visible:true strengthIcon:2130839311 typeIcon:2130839153 contentDescription:手机信号满格。 typeContentDescription:GPRS isTypeIconWide:false showActivity:false activityIn:false activityOut:false isRoaming:false
12-17 21:54:59.385  1795  3238 D HwPowerManagerService: remove pxy wl, pid: 31558, uid: 10029 from pxy process list.
12-17 21:54:59.468  3608  3608 E WindowManagerEx: ret: 0
12-17 21:54:59.708  2883  2883 I HwSystemManager: AntiMalManager:receive Broadcast ACTION_SCREEN_OFF mOnTimeSum:265026084 onTime:374026 isPowerConnected:false
12-17 21:54:59.723   835  2385 E libteec : qsc_decode end
12-17 21:54:59.740  2883  2996 E HwSystemManager: SimCardMethod:/getSimCardInfo: imsi is null
12-17 21:54:59.968  2852  2852 I HwSignalClusterView: getOrInflateState subId:0
12-17 21:55:00.026  5224  5283 I SendBroadcastPermission: action:android.com.huawei.bone.NOTIFY_SPORT_DATA, mPermissionType:0
12-17 21:55:00.242  1795  1795 D HwConnectivityService: pluggedStatus: 0
12-17 21:55:00.360  1795  3957 E IzatSvc_OSObserver: I/LocTech-Value :: Data Item Value: IS_SCREEN_ON: false
12-17 21:56:33.891  2852  2852 I PowerUI : buckets   .....15 .. 10 .. 5level          69 --> 69status         3 --> 3plugType       0 --> 0invalidCharger 0 --> 0bucket         1 --> 1plugged        false --> false
12-17 21:56:33.895  2852  2852 I HwBatteryManager: onBatteryLevelChanged: level=69, pluggedIn=false, charging=false, PercentColor=-1275068417
12-17 21:56:46.430  2852  2852 I TimeManager: chinaDateTime:晚上9:56
12-17 21:56:46.431  2852  2852 I HwDateUtils:  formatChinaDateTime equals.
12-17 21:57:35.163  7741  7758 D TmoMonitor: Cache monitor msg as screen_off
