12-17 20:23:23.460  2852  2852 D HwCustMobileSignalControllerImpl: sub =0,strMccMnc =null,hashMccMnc =[],strPlmn =hw_show_4_5G_for_mcc
12-17 20:23:23.825  1795 16232 D PowerManagerService: release:lock=220527933, flg=0x0, tag="RILJ_ACK_WL", name=com.android.phone", ws=null, uid=1001, pid=3218
12-17 20:23:24.173  3626  3754 I LogDatabase:  radio srcPath = /storage/emulated/0/log/LogService/1/done
12-17 20:23:27.495  1795  2778 D PowerManagerService: acquire lock=220527933, flags=0x1, tag="RILJ_ACK_WL", name=com.android.phone, ws=null, uid=1001, pid=3218
12-17 20:23:27.524  1795 16501 I ActivityManager_broadcast: Enqueueing ordered broadcast[background] BroadcastRecord{911167e u0 android.intent.action.LTE_CA_STATE}: prev had 0
12-17 20:23:27.857  1795  2750 D HW_DISPLAY_EFFECT: presently, hw_update_color_temp_for_rg_led interface not achieved.
12-17 20:23:28.518  1795  2750 D HW_DISPLAY_EFFECT: presently, hw_update_color_temp_for_rg_led interface not achieved.
12-17 20:23:28.542  2852  2852 I ToggleSlider:  mSeekListener onProgressChanged progress:3896 fromUser:false
12-17 20:23:28.718  1795  2750 D HW_DISPLAY_EFFECT: presently, hw_update_color_temp_for_rg_led interface not achieved.
12-17 20:23:29.468  5224  5283 I Step_ExtendStepDataManager: 20002302|compensate 24699623 17
12-17 20:23:29.584  2852  2852 D HwCust  : Create obj success use class android.app.HwCustNotificationImpl
12-17 20:23:29.598  2852  2852 I HwPhoneStatusBar: updateNotificationShade
12-17 20:23:29.951  1795  3253 I SendBroadcastPermission: action:android.intent.action.SIG_STR, mPermissionType:0
12-17 20:23:30.473  1795  2750 D HW_DISPLAY_EFFECT: presently, hw_update_color_temp_for_rg_led interface not achieved.
12-17 20:23:30.602  2852  2852 I HwBrightnessUtils: APS brightness=37.0,ConvertToPercentage=0.32394165
12-17 20:23:30.604  1795  2750 D HW_DISPLAY_EFFECT: presently, hw_update_color_temp_for_rg_led interface not achieved.
12-17 20:23:33.596  1795  1809 I WindowManager: MyOrientationListener: updateRotation.
12-17 20:23:34.550  1795  2380 I PowerManager_screenOn: PowerManagerNotifier onUserActivity: event=2, uid=1000
12-17 20:23:34.611  5224  5283 I Step_HSNH: 20002302|upDateHealthNotification()|136|4.52|6349
12-17 20:23:34.614  1795  3237 I NotificationManager: enqueueNotificationInternal: pkg=com.huawei.health id=10010 notification=Notification(pri=0 contentView=null vibrate=null sound=null defaults=0x0 flags=0x2 color=0x00000000 vis=PRIVATE)
12-17 20:23:34.616  1795  1795 V NotificationService: disableEffects=null canInterrupt=false once update: false
12-17 20:23:35.134  1795  2380 D PowerManagerService: ready=true,policy=3,wakefulness=1,wksummary=0x0,uasummary=0x1,bootcompleted=true,boostinprogress=false,waitmodeenable=false,mode=true,manual=33,auto=-1,adj=0.0userId=0
12-17 20:23:35.145   802   802 E Thermal-daemon: [Thermal_Hw] temperature_filter: get invalid temperature, use old temp
12-17 20:23:35.567  2852  2852 I PhoneStatusBar: removeNotificationChildren
12-17 20:23:36.998  2852  2852 D HwCustMobileSignalControllerImpl: sub =0,strMccMnc =null,hashMccMnc =[],strPlmn =hw_customized_networkType_entry
12-17 20:23:37.009  2852  2852 I HwSignalClusterView: apply hwPhoneState.mSubId:0 anyMobileVisible:false mIsAirplaneMode:false, mobileGroupVisible=true
12-17 20:23:37.999  2852  2852 D HwCustMobileSignalControllerImpl: sub =0,strMccMnc =null,hashMccMnc =[],strPlmn =hw_hspap_show_4g
12-17 20:23:38.179  1795 15988 I ActivityManager_broadcast: collectReceiverComponents, callerApp: ProcessRecord{24cdca7 3218:com.android.phone/1001}, intent:android.intent.action.LTE_CA_STATE, receiver size:1, flags: 10000400
12-17 20:23:39.010  2852  2852 I HwSignalClusterView: setMobileDataIndicatorsHuawei subId:0 visible:true strengthIcon:2130839311 typeIcon:2130839197 contentDescription:手机信号满格。 typeContentDescription:LTE isTypeIconWide:true showActivity:true activityIn:false activityOut:false isRoaming:false
12-17 20:23:41.041  1795  1809 I WindowManager: updateRotationUnchecked(alwaysSendConfiguration=false)
12-17 20:23:42.127  2852  2852 D HwCustMobileSignalControllerImpl: isCurrentBySim()=false
12-17 20:23:42.453  1795  2737 D WifiProJNI: Received kernel message payload: event 0
12-17 20:23:44.496  3858  4126 I amsnl   : csr
12-17 20:23:44.519  2852  2852 D HwCust  : Create obj success use class android.app.HwCustNotificationImpl
12-17 20:23:44.565  3218  3517 I QImsService: ImsSenderRxr : [UNSL]< UNSOL_SSAC_CHANGED org.codeaurora.ims.ImsQmiIF$SsacInfo@dca182f[SUB0]
12-17 20:23:44.677  2852  2852 D NetWorkUtils: is3GCalling is false,mCdmaSlot is -1
12-17 20:23:45.489  2852  2852 I NotificationGroupManager: onEntryAdded:0|com.huawei.health|10010|null|10099, group=0|com.huawei.health|10010|null|10099
12-17 20:23:45.490  2852  2852 D HwCust  : Create obj success use class android.app.HwCustNotificationImpl
12-17 20:23:45.666  2852  3556 I NetworkController.MobileSignalController(0): Change in state from: connected=true,enabled=true,level=5,inetCondition=1,iconGroup=IconGroup(4G),activityIn=false,activityOut=false,rssi=0,lastModified=12-17 08:23:44,isRoaming=false,dataSim=true,networkName=中国移动,networkNameData=中国移动,dataConnected=true,isDefault=true,isEmergency=false,airplaneMode=false,carrierNetworkChangeMode=false,userSetup=true
12-17 20:23:45.675  2852  2852 D NetWorkUtils: is3GCalling is false,mCdmaSlot is -1
12-17 20:23:47.463  5224  5283 I SendBroadcastPermission: action:android.com.huawei.bone.NOTIFY_SPORT_DATA, mPermissionType:0
12-17 20:23:47.516  2852  2852 I HwPhoneStatusBar: updateNotificationShade
12-17 20:23:47.632  1795  3111 I HwActivityManagerService: keyAppBroadcastQueueForIntent intent Intent { act=com.tencent.mm.plugin.report.service.KVCommCrossProcessReceiver flg=0x10 cmp=com.tencent.mm/.plugin.report.service.KVCommCrossProcessReceiver (has extras) } on bgkeyapp queue
12-17 20:23:49.512  2852  2852 I HwNotificationIconAreaController: showNotificationAll
12-17 20:23:49.955  1795  2380 D PowerManagerService: userActivityNoUpdateLocked: eventTime=123714890, event=2, flags=0x0, uid=1000
12-17 20:23:52.340  5224  5283 I Step_DataCache: 20002302|getTodayTotalSteps 6365
12-17 20:23:52.446  5224  5283 I Step_HSNH: 20002302|rebuild notification
12-17 20:23:52.787  2852  2852 D NetWorkUtils: is3GCalling is false,mCdmaSlot is -1
12-17 20:23:53.433  5224  5283 I Step_HSNH: 20002302|upDateHealthNotification()|136|4.52|6367
12-17 20:23:53.983  1795  2381 D libfingersense_wrapper: fingersense_classify_touch() finished
12-17 20:23:54.332  5224  5283 I Step_DataCache: 20002302|getTodayTotalSteps 6368
12-17 20:23:56.309  5224  5224 I Step_LSC: 20002302|compensate received
12-17 20:23:57.072  2852  3556 I HwMobileSignalController: mExtDataOld:ExtData [mMasterNetWorkType=3, mSlaveNetWorkType=0, mMasterNetWorkLevel=5, mSlaveNetWorkLevel=-1, mDataState=2, mDataActivity=0, mDataNetType=13] mExtData:ExtData [mMasterNetWorkType=3, mSlaveNetWorkType=0, mMasterNetWorkLevel=5, mSlaveNetWorkLevel=-1, mDataState=2, mDataActivity=3, mDataNetType=13]
12-17 20:23:57.910  2852  2914 I HwMobileSignalController: subId:0 phoneType:1 networktype:13 targetClass:3 masterLevel:5 slaveLevel:-1
12-17 20:23:59.946  1795  3884 I WindowManager: Destroying surface Surface(name=PopupWindow:5280054) called by com.android.server.wm.WindowStateAnimator.destroySurface:2056 com.android.server.wm.WindowStateAnimator.destroySurfaceLocked:907 com.android.server.wm.WindowState.removeLocked:1527 com.android.server.wm.WindowManagerService.removeWindowInnerLocked:2723 com.android.server.wm.WindowManagerService.removeWindowInnerLocked:2688 com.android.server.wm.WindowManagerService.removeWindowLocked:2677 com.android.server.wm.WindowManagerService.removeWindowLocked:2546 com.android.server.wm.WindowManagerService.removeWindow:2541 
12-17 20:24:00.006  2852  2852 I HwDateUtils:  formatChinaDateTime equals.
12-17 20:24:00.116  2852  2852 D DateTimeView: Change to single clock mode!
12-17 20:24:00.549   633   692 I eSpaceService: Watch Thread{4481} LoginC.doWatch(LoginC.java:1459) Login_By_Step-> watch count =  0
12-17 20:24:01.109  2852  2914 I HwMobileSignalController: subId:0 phoneType:1 networktype:13 targetClass:3 masterLevel:5 slaveLevel:-1
12-17 20:24:01.765  1795  1809 I WindowManager: MyOrientationListener: updateRotation.
12-17 20:24:02.121  2852  2852 I HwSignalClusterView: getOrInflateState subId:0
12-17 20:24:02.474  1795  1795 D WifiProJNI: send_cmd_kernel: cmd=1
12-17 20:24:02.542  1795  1809 I WindowManager: onProposedRotationChanged, rotation=3
12-17 20:24:06.174  3218  3517 I QImsService: ImsSenderRxr : [UNSL]< UNSOL_SSAC_CHANGED org.codeaurora.ims.ImsQmiIF$SsacInfo@d06aa7d[SUB0]
12-17 20:24:06.177  2852  2852 I HwSignalClusterView: getOrInflateState subId:0
12-17 20:24:06.179  2852  2852 I HwSignalClusterView: apply hwPhoneState.mSubId:0 anyMobileVisible:false mIsAirplaneMode:false, mobileGroupVisible=true
12-17 20:24:06.190  2852  2852 D NetWorkUtils: mVSimCurCardType is -1
12-17 20:24:10.264  1795  2665 D NetdConnector: RCV <- {613 IfaceClass idle 0 445986625764047}
12-17 20:24:11.765  2852  3556 D NetworkController.MobileSignalController(0): mSimSubId:0 onDataActivity: direction=4
12-17 20:24:11.848 31949 31967 I PushService: tcp.conn{4787} ServiceC.connectedNotify(ServiceC.java:289) 45.249.213.63
12-17 20:24:13.172  1795  2748 D HwAmbientLuxFilterAlgo: updateAmbientLux: Darkened, mAmbientLightRingBuffer=[6.0 / 72ms, 0.0 / 301ms, 32.0 / 301ms, 22.0 / 301ms, 6.0 / 301ms, 4.0 / 301ms, 4.0 / 301ms, 0.0 / 301ms, 9.0 / 301ms, 5.0 / 301ms, 8.0 / 301ms, 8.0 / 301ms, 5.0 / 301ms, 4.0 / 300ms, 6.0 / 301ms, 6.0 / 301ms, 6.0 / 301ms, 8.0 / 302ms, 6.0 / 300ms, 7.0 / 301ms, 6.0 / 302ms, 5.0 / 300ms, 5.0 / 301ms, 4.0 / 301ms, 3.0 / 301ms, 6.0 / 301ms, 3.0 / 300ms, 5.0 / 300ms, 5.0 / 300ms, 4.0 / 301ms, 3.0 / 301ms, 4.0 / 301ms, 5.0 / 301ms, 4.0 / 300ms, 4.0 / 0ms], mAmbientLux=4.0,s=5.0,ss=8.813926,needBs=false,needDs=false
12-17 20:24:13.791  2852  2852 D HwCustMobileSignalControllerImpl: isCurrentBySim()=false
12-17 20:24:13.793  2852  2852 D HwCustMobileSignalControllerImpl: sub =0,strMccMnc =null,hashMccMnc =[],strPlmn =hw_show_lte
12-17 20:24:14.189  2852  2852 I HwBrightnessUtils:  getSeekBarProgress isAutoMode:true current brightness:27 percentage:0.26507172
12-17 20:24:15.225  1795  2750 D HW_DISPLAY_EFFECT: presently, hw_update_color_temp_for_rg_led interface not achieved.
12-17 20:24:15.296  2852  2852 I HwBrightnessUtils: APS brightness=17.0,ConvertToPercentage=0.19306579
12-17 20:24:15.348  2852  2852 I StatusBarIconView: updateTint: tint=0
12-17 20:24:15.361  2852  2852 I NotificationContentView: transferRemoteInputFocus: 0
12-17 20:24:15.411  2852  2852 I HwBrightnessUtils: APS brightness=16.0,ConvertToPercentage=0.1846686
12-17 20:24:15.631  2852  2852 I ToggleSlider:  mSeekListener onProgressChanged progress:1669 fromUser:false
12-17 20:24:16.089   533  3739 E ANDR-PERF-MPCTL: Invalid profile no. 0, total profiles 0 only
12-17 20:24:16.185  1795  1825 D DisplayPowerController: Finished business...
12-17 20:24:16.843  1795  3253 D PowerManagerService: Acquiring suspend blocker "PowerManagerService.WakeLocks".
12-17 20:24:16.872  2852  2852 D HwCustMobileSignalControllerImpl: isCurrentBySim()=false
12-17 20:24:16.877  2852  2852 D HwCustMobileSignalControllerImpl: isCurrentBySim()=false
12-17 20:24:16.894  2852  2914 I SimCardMethod: isCardAbsent slot:0 slotState:5
12-17 20:24:17.355  2852  2852 I StackScrollAlgorithm: updateDimmedActivatedHideSensitive overlap:false
12-17 20:24:18.183  5224  5224 I Step_LSC: 20002302|onStandStepChanged 67754
12-17 20:24:23.834  1795  1825 D HwGradualBrightnessAlgo: The Dim state
12-17 20:24:26.204  1795  2750 D HW_DISPLAY_EFFECT: presently, hw_update_color_temp_for_rg_led interface not achieved.
12-17 20:24:29.895  1795  3139 I HwActivityManagerService: keyAppBroadcastQueueForIntent intent Intent { act=com.tencent.mm.ui.ACTION_DEACTIVE flg=0x10 (has extras) } on bgkeyapp queue
12-17 20:24:29.927   835   835 E libteec : qsc_decode end
12-17 20:24:29.944  1795  1825 I PowerManager_screenOn: DisplayPowerStatesetColorFadeLevel: level=0.60395575
12-17 20:24:29.945   606  2379 E libteec : send data return = 1152
12-17 20:24:29.989  1795  3121 I SendBroadcastPermission: action:android.intent.action.SIG_STR, mPermissionType:0
12-17 20:24:29.990  1795 11746 D PowerManagerService: ready=false,policy=0,wakefulness=0,wksummary=0x1,uasummary=0x0,bootcompleted=true,boostinprogress=false,waitmodeenable=false,mode=true,manual=33,auto=-1,adj=0.0userId=0
12-17 20:24:30.041  1795  3121 D PowerManagerService: ready=false,policy=0,wakefulness=0,wksummary=0x0,uasummary=0x0,bootcompleted=true,boostinprogress=false,waitmodeenable=false,mode=true,manual=33,auto=-1,adj=0.0userId=0
12-17 20:24:30.115  2852  2852 I BitmapUtils: 	at com.huawei.keyguard.support.magazine.KeyguardWallpaper$2.onMagazinePicLoaded(KeyguardWallpaper.java:315)
12-17 20:24:30.294  1795  1795 I WindowManger_keyguard: Finished going to sleep... (why=3)
12-17 20:24:30.372  1046 26554 V ThreadsEx: HDebug print the key screen_state
12-17 20:24:30.411  1795  3077 D GnssLocationProvider: receive broadcast intent, action: android.intent.action.SCREEN_OFF
12-17 20:24:30.413  1795 20747 D PowerManagerService: Releasing suspend blocker "PowerManagerService.WakeLocks".
12-17 20:24:30.593  3879  3894 I HwLauncher: ProviderCallUtils callBadge isCloned = false
12-17 20:24:30.878   818  1086 E iMonitor: setTracingEnabled:0
12-17 20:24:30.896  1795  1819 I SendBroadcastPermission: action:android.net.conn.DATA_ACTIVITY_CHANGE, mPermissionType:0
12-17 20:24:32.833  1795  2323 E UsbDeviceManager: 	at java.io.FileInputStream.open(Native Method)
12-17 20:24:32.833  1795  2323 E UsbDeviceManager: 	at java.io.FileInputStream.<init>(FileInputStream.java:146)
12-17 20:24:32.885  3382  3399 D QcrilMsgTunnelSocket: Rcvd UNSOL response with 28 bytes data for SUB0
12-17 20:24:32.898  3382  3399 D QcrilMsgTunnelSocket: Rcvd UNSOL response with 28 bytes data for SUB0
12-17 20:24:32.899  1795 11746 D PowerManagerService: ready=true,policy=0,wakefulness=0,wksummary=0x1,uasummary=0x0,bootcompleted=true,boostinprogress=false,waitmodeenable=false,mode=true,manual=33,auto=-1,adj=0.0userId=0
12-17 20:24:33.419  3626  3626 E PTM.FileNodeInfo: getTempInfo error: null, 0
12-17 20:24:33.466  1795 17831 D SmartHeartBeat: setAlarmsPending ...
12-17 20:24:34.859  2852  2852 D KeyguardViewMediator: showLocked
12-17 20:24:34.877  2852  2852 V KeyguardUpdateMonitor: *** unregister callback for null
12-17 20:24:35.101  2852  2852 W StatusBarKeyguardViewManager: updateStates Show KeyguardStatusBar with clcok: false
12-17 20:24:35.102  2852  2852 D KeyguardViewMediator: adjustStatusBarLocked: mShowing=true mOccluded=false isSecure=true --> flags=0x3600000
12-17 20:24:35.161  2852  2852 I SignalClusterView: applyIconTint ignore
12-17 20:24:35.211  2852  2852 E KeyguardUpdateMonitor: isSimPinSecure mSimDatas is null or empty 
12-17 20:24:36.309  2852  2852 D HwCustMobileSignalControllerImpl: sub =0,strMccMnc =null,hashMccMnc =[],strPlmn =hw_show_4g
12-17 20:25:11.785   633 31870 I SDK     : 
12-17 20:25:11.790   633   692 I TCP     : tcp.recv{4488} TcpClientThread.onRecv(TcpClientThread.java:522) tcp connection event TCP_CLOSED
12-17 20:25:11.792   633 31870 I SDK     : 
12-17 20:25:11.793   633 31870 I SDK     : 
12-17 20:25:11.803   633 31870 I SDK     : 
12-17 20:25:11.807  2852  2852 I NotificationGroupManager: onEntryUpdated:0|com.huawei.health|10010|null|10099
12-17 20:25:11.828   633 31870 I SDK     : <2016-12-17 20:25:11> [WARN] SDK: UE-SeC 2016-12-17 20:25:11:828 Level[WARN] magic[3362781472 684]:PubEvt_Close Getting a socket[154] from the Socket-table Failed!
12-17 20:25:11.828   633 31870 I SDK     : <2016-12-17 20:25:11> [WARN] SDK: UE-SeC 2016-12-17 20:25:11:828 Level[WARN] magic[3362781472 684]:PubEvt_Close Getting a socket[157] from the Socket-table Failed!
12-17 20:25:11.831   633 31870 I SDK     : 
12-17 20:25:11.836  2852  2852 W PanelView: set notification panel padding = 1675
12-17 20:25:11.837   633 31870 I SDK     : 
12-17 20:25:11.842   633 31868 I SDK     : <2016-12-17 20:25:11> [NOTICE] SDK: UE-SeC 2016-12-17 20:25:11:842 Level[NOTICE] magic[3365677344 8933]:Set local private port is:[0]
12-17 20:25:12.090   633 31875 I SDK     : <2016-12-17 20:25:12> [NOTICE] SDK: UE-SeC 2016-12-17 20:25:12:90 Level[NOTICE] magic[3359111456 2487]:FSM_OpenFile => [END]
12-17 20:25:12.091   633 31868 I SDK     : <2016-12-17 20:25:12> [NOTICE] SDK: UE-SeC 2016-12-17 20:25:12:91 Level[NOTICE] magic[3365677344 2326]:FSM_OpenFile => [START],Mode[w]
12-17 20:25:12.347  3879  4071 I HwLauncher: NewEspaceMessageContentObserver  getNewEspaceMessageCount: 0
12-17 20:25:12.983  2852  3556 I HwNetworkControllerImpl: onReceive: action = android.intent.action.LTE_CA_STATE
12-17 20:25:12.992  2852  2852 I HwSignalClusterView: getOrInflateState subId:0
12-17 20:25:16.332  1795  3111 I NotificationManager: enqueueNotificationInternal: pkg=com.huawei.health id=10010 notification=Notification(pri=0 contentView=null vibrate=null sound=null defaults=0x0 flags=0x2 color=0x00000000 vis=PRIVATE)
12-17 20:25:16.337  2852  2852 D HwCust  : Create obj success use class android.app.HwCustNotificationImpl
12-17 20:25:16.596  2852  2852 D StatusBar: No peeking: not in use: 0|com.huawei.health|10010|null|10099
12-17 20:25:16.638  5224  5224 I Step_LSC: 20002302|compensate received
12-17 20:25:16.688  1795  1795 E         : Lib:oem_qmi_cmd: Send to server  passed!!
12-17 20:25:17.008  1795  3249 D PowerManagerService: release:lock=33724928, flg=0x0, tag="WakerLock:188385320", name=com.tencent.mm", ws=null, uid=10105, pid=4634
12-17 20:25:17.486  1795  3237 D PowerManagerService: Releasing suspend blocker "PowerManagerService.WakeLocks".
12-17 20:25:21.859  3879  3879 I HwLauncher: Launcher.Folder childCount: 7
12-17 20:25:23.233  3382  3399 D QcrilMsgTunnelSocket: Rcvd UNSOL response with 28 bytes data for SUB0
12-17 20:25:23.257  1795  1795 I MQoS    : onSignal: mSubId=0,currDataSubID=0
12-17 20:25:23.291  3218  3218 D HwCust  : Create obj success use class com.android.settings.deviceinfo.HwCustStatusImpl
12-17 20:25:23.313  2852  2852 I HwSystemIcons: onLayout:left=657, top=0, right=1056, bottom=72, offset=0
12-17 20:25:23.489  2852  2852 I NotificationContentView: transferRemoteInputFocus: 0
12-17 20:25:30.209  3382  3399 I SendBroadcastPermission: action:qualcomm.intent.action.ACTION_RAC_CHANGED, mPermissionType:0
12-17 20:25:52.182  3180  3578 I ash     : Application com.baidu.input_huawei is depended by other app, delay to H!
12-17 20:25:52.516  2852  2852 I HwPhoneStatusBar: updateNotificationShade
12-17 20:25:53.099  2852  2852 I PhoneStatusBar: removeNotificationChildren
12-17 20:25:53.951  1795  2344 I qti_sensors_hal: processInd: STEP COUNTER: steps 67894, running_total 61375 SAM TS: 1732593894 HAL TS:446089888667610 elapsedRealtimeNano:446090315064367
12-17 20:25:53.975  5224  5283 I Step_DataCache: 20002302|getTodayTotalSteps 6519
12-17 20:25:54.095  2852  2852 I PhoneStatusBar: removeNotificationChildren
12-17 20:25:55.045  5224  5283 I Step_LSC: 20002302|REPORT : 6521 136658 4557 0
12-17 20:25:55.104  2852  2852 I TrafficPanelManager: hideTraffic
12-17 20:25:57.490  1795  6988 D PowerManagerService: ready=true,policy=0,wakefulness=0,wksummary=0x1,uasummary=0x0,bootcompleted=true,boostinprogress=false,waitmodeenable=false,mode=true,manual=33,auto=-1,adj=0.0userId=0
12-17 20:25:57.572  3382  3399 I SendBroadcastPermission: action:qualcomm.intent.action.ACTION_RAC_CHANGED, mPermissionType:0
12-17 20:25:59.741  1795  1808 I ActivityManager_broadcast: dispatch ordered broadcast [background] BroadcastRecord{88f6926 u0 android.intent.action.LTE_CA_STATE}, has 1 receivers
12-17 20:25:59.746  2852  2914 I SimCardMethod: isCardAbsent slot:0 slotState:5
12-17 20:25:59.794  1795 16500 D PowerManagerService: ready=true,policy=0,wakefulness=0,wksummary=0x1,uasummary=0x0,bootcompleted=true,boostinprogress=false,waitmodeenable=false,mode=true,manual=33,auto=-1,adj=0.0userId=0
12-17 20:26:03.476  3626  3626 E PTM.FileNodeInfo: getTempInfo error: null, 0
12-17 20:26:03.496  2852  2852 I PowerUI : onReceive intent:act:android.intent.action.BATTERY_CHANGED  flag:1610612752 technology=Li-ion icon-small=17303220 max_charging_voltage=0 health=2 max_charging_current=0 status=3 plugged=0 present=true charge_counter=0 level=77 scale=100 temperature=257 voltage=4075 invalid_charger=0 
12-17 20:26:03.508  1795 16499 I ActivityManager_broadcast: collectReceiverComponents, callerApp: ProcessRecord{24cdca7 3218:com.android.phone/1001}, intent:android.intent.action.LTE_CA_STATE, receiver size:1, flags: 10000400
12-17 20:26:03.567  2852  2852 I SignalClusterView: applyIconTint ignore
12-17 20:26:03.640  1795  2376 I ActivityManager_broadcast: collectReceiverComponents, callerApp: null, intent:com.huawei.espace.pushcheck, receiver size:1, flags: 10000400
12-17 20:26:03.646  3180  3578 I ash     : clear hibernation actions!
12-17 20:26:03.651  2852  2852 I HwDateUtils: begin of formatChinaDateRange chinaDate:晚上8:26
12-17 20:26:03.701  2852  2852 W PanelView: set notification panel padding = 1429
12-17 20:26:03.726   633   692 I eSpaceService: msg.recv{4490} LoginResp.decodeFromAck(LoginResp.java:53) 111110001010001111000000100000000100001000100000011101111111101011001
12-17 20:26:03.764  2852  2852 I StackScrollAlgorithm: updateDimmedActivatedHideSensitive overlap:false
12-17 20:26:04.066   633   692 I TCP     : tcp.recv{4488} TcpClientThread.onReceiverWork(TcpClientThread.java:307) get tcp message 44
12-17 20:26:04.072  2852  2852 W AppHandler: sendMessage 4
12-17 20:26:04.253   633   692 I ECS     : msg.recv{4490} XmlMsg.decodeBuf(XmlMsg.java:237) RECV 736 bytes [12]_00_03_02_07_01_05_87_A8_AC_92_6E_79 cmdCode(CC_ExtendRequest.0x0701)msgType(MT_ACK.2)msgClass(MC_JsonExtend.7)sender(ST_Mobile.0)crypted(true)zipped(false)nobase64(true)length(732)version(3)sno(87A8)
12-17 20:26:05.169  1795  3225 D PowerManagerService: ready=true,policy=0,wakefulness=0,wksummary=0x1,uasummary=0x0,bootcompleted=true,boostinprogress=false,waitmodeenable=false,mode=true,manual=33,auto=-1,adj=0.0userId=0
12-17 20:26:05.224  2852  2852 D HwCustMobileSignalControllerImpl: sub =0,strMccMnc =null,hashMccMnc =[],strPlmn =hw_customized_networkType_entry
12-17 20:26:05.224  2852  2852 D HwCustMobileSignalControllerImpl: sub =0,strMccMnc =null,hashMccMnc =[],strPlmn =hw_show_lte
12-17 20:26:05.375  5224  5283 I Step_ExtendStepDataManager: 20002302|compensate 24699626 9
12-17 20:26:05.732  2852  2852 I HwPhoneStatusBar: updateNotificationShade
12-17 20:26:05.743  2852  2852 I TrafficPanelManager: hideTraffic
12-17 20:26:11.103  2852  2852 D HwCustMobileSignalControllerImpl: isCurrentBySim()=false
12-17 20:26:11.104  2852  2852 I HwSignalClusterView: getOrInflateState subId:0
12-17 20:26:11.233  5224  5283 I Step_LSC: 20002302|MSG_RECORD_DATA_TO_FILE datas.size()=8427
12-17 20:26:42.679  1795  3110 D PowerManagerService: acquire lock=29588815, flags=0x1, tag="WakerLock:73762469", name=com.tencent.mm, ws=null, uid=10105, pid=4492
12-17 20:26:42.679  1795  3110 D PowerManagerService: ready=true,policy=0,wakefulness=0,wksummary=0x1,uasummary=0x0,bootcompleted=true,boostinprogress=false,waitmodeenable=false,mode=true,manual=33,auto=-1,adj=0.0userId=0
12-17 20:26:42.718  1795  3884 I HwActivityManagerService: Split enqueueing broadcast [callerApp]:ProcessRecord{580cfb2 5224:com.huawei.health:DaemonService/u0a99}
12-17 20:26:42.726  1795  1795 V NotificationService: disableEffects=null canInterrupt=false once update: false
12-17 20:26:43.759  3382  3399 D QcrilMsgTunnelSocket: readRilMessage: Buffer = [B@204bb9f HexData = [010000000404000011000000514f454d484f4f4bfa0308000100000000]
12-17 20:26:43.860  1795 16500 D PowerManagerService: ready=true,policy=0,wakefulness=0,wksummary=0x1,uasummary=0x0,bootcompleted=true,boostinprogress=false,waitmodeenable=false,mode=true,manual=33,auto=-1,adj=0.0userId=0
12-17 20:26:47.793  1795  1795 I NotificationManager: enqueueNotificationInternal: n.getKey = 0|com.huawei.health|10010|null|10099
12-17 20:26:47.800  2852  2852 D StatusBar: reusing notification for key: 0|com.huawei.health|10010|null|10099
12-17 20:26:47.811  2852  2852 I PhoneStatusBar: updateNotificationShade
12-17 20:26:47.818  1795  3238 I HwActivityManagerService: Split enqueueing broadcast [callerApp]:ProcessRecord{24cdca7 3218:com.android.phone/1001}
12-17 20:26:47.835  2852  2852 D NetWorkUtils: mVSimCurCardType is -1
12-17 20:27:00.752  5224  5283 I Step_ExtendStepDataManager: 20002302|before compensate: cache step_6605
12-17 20:27:00.894  2852  2852 I TrafficPanelViewContent: onShowStatusChange show:false
12-17 20:27:00.896  2852  2852 I StackScrollAlgorithm: updateDimmedActivatedHideSensitive overlap:false
12-17 20:27:00.974  2852  2852 I StatusBarIconView: updateTint: tint=1
12-17 20:27:01.711  2852  2852 D HwCustMobileSignalControllerImpl: isCurrentBySim()=false
12-17 20:27:01.827  5224  5283 I Step_ExtendStepDataManager: 20002302|before compensate: cache step_6610
12-17 20:27:01.853  2852  2852 I StatusBarIconView: updateTint: tint=0
12-17 20:27:05.605  1795  2323 E UsbDeviceManager: 	at android.os.UEventObserver$UEventThread.run(UEventObserver.java:187)
12-17 20:27:05.620  3382  3399 D QcrilMsgTunnelSocket: Broadcasting intent ACTION_RAC_CHANGED
12-17 20:27:08.702  2852  2852 D StepCounterView: onStepCounterChange stepsNum:6624
12-17 20:27:08.713  2852  2852 D HwCust  : Create obj success use class android.app.HwCustNotificationImpl
12-17 20:27:08.722  2852  2852 I HwPhoneStatusBar: updateNotificationShade
12-17 20:27:08.732  2852  2852 I NotificationContentView: transferRemoteInputFocus: 0
12-17 20:27:09.520  1795  3238 D PowerManagerService: acquire lock=68419859, flags=0x1, tag="RILJ_ACK_WL", name=com.android.phone, ws=null, uid=1001, pid=3218
12-17 20:27:09.566  1795  3139 D PowerManagerService: ready=true,policy=0,wakefulness=0,wksummary=0x1,uasummary=0x0,bootcompleted=true,boostinprogress=false,waitmodeenable=false,mode=true,manual=33,auto=-1,adj=0.0userId=0
12-17 20:27:09.788  1795 11747 D PowerManagerService: release:lock=68419859, flg=0x0, tag="RILJ_ACK_WL", name=com.android.phone", ws=null, uid=1001, pid=3218
12-17 20:27:11.882  1795 11746 D PowerManagerService: ready=true,policy=0,wakefulness=0,wksummary=0x1,uasummary=0x0,bootcompleted=true,boostinprogress=false,waitmodeenable=false,mode=true,manual=33,auto=-1,adj=0.0userId=0
12-17 20:27:11.889  3382  3399 D QcrilMsgTunnelSocket: Rcvd UNSOL response with 28 bytes data for SUB0
12-17 20:27:11.889  2852  2852 D HwCustMobileSignalControllerImpl: sub =0,strMccMnc =null,hashMccMnc =[],strPlmn =hw_show_lte
12-17 20:27:11.892  2852  2852 D NetWorkUtils: mVSimCurCardType is -1
12-17 20:27:11.900  3382  3399 D QcrilMsgTunnelSocket: Broadcasting intent ACTION_RAC_CHANGED
12-17 20:27:13.105  1795 15987 D PowerManagerService: ready=true,policy=0,wakefulness=0,wksummary=0x1,uasummary=0x0,bootcompleted=true,boostinprogress=false,waitmodeenable=false,mode=true,manual=33,auto=-1,adj=0.0userId=0
12-17 20:27:13.263  1795  3247 D PowerManagerService: ready=true,policy=0,wakefulness=0,wksummary=0x1,uasummary=0x0,bootcompleted=true,boostinprogress=false,waitmodeenable=false,mode=true,manual=33,auto=-1,adj=0.0userId=0
12-17 20:27:13.315  5224  5283 I Step_DataCache: 20002302|getTodayTotalSteps 6629
12-17 20:27:17.141  1795  2323 E UsbDeviceManager: 	at com.android.server.usb.UsbDeviceManager$2.onUEvent(UsbDeviceManager.java:328)
12-17 20:27:17.162  1795 16498 D PowerManagerService: ready=true,policy=0,wakefulness=0,wksummary=0x1,uasummary=0x0,bootcompleted=true,boostinprogress=false,waitmodeenable=false,mode=true,manual=33,auto=-1,adj=0.0userId=0
12-17 20:27:17.176  2852  2852 D StatusBar: No peeking: not in use: 0|com.huawei.health|10010|null|10099
12-17 20:27:17.211  3218  3375 I SendBroadcastPermission: action:com.huawei.android.intent.action.RAC_CHANGED, mPermissionType:0
12-17 20:27:17.798  1795 16499 I HwActivityManagerService: Split enqueueing broadcast [callerApp]:ProcessRecord{580cfb2 5224:com.huawei.health:DaemonService/u0a99}
12-17 20:27:42.820  3626  3626 E PTM.FileNodeInfo: getTempInfo error: null, 0
12-17 20:27:42.820  3626  3626 E PTM.FileNodeInfo: getTempInfo error: null, 0
12-17 20:27:42.820  3626  3626 E PTM.FileNodeInfo: getTempInfo error: null, 0
12-17 20:27:42.820  3626  3626 E PTM.FileNodeInfo: getTempInfo error: null, 0
12-17 20:27:42.822  1795  1819 I SendBroadcastPermission: action:android.net.conn.DATA_ACTIVITY_CHANGE, mPermissionType:0
12-17 20:27:42.827  3626  3626 I iMonitor: send: 903001012
12-17 20:27:43.826  1795 15987 D PowerManagerService: ready=true,policy=0,wakefulness=0,wksummary=0x1,uasummary=0x0,bootcompleted=true,boostinprogress=false,waitmodeenable=false,mode=true,manual=33,auto=-1,adj=0.0userId=0
12-17 20:27:43.941  5224  5283 I Step_DataCache: 20002302|getTodayTotalSteps 6687
12-17 20:27:43.952  1795  6988 I HwActivityManagerService: keyAppBroadcastQueueForIntent intent Intent { act=com.tencent.mm.plugin.report.service.KVCommCrossProcessReceiver flg=0x10 cmp=com.tencent.mm/.plugin.report.service.KVCommCrossProcessReceiver (has extras) } on bgkeyapp queue
12-17 20:28:01.988  7194 23709 W PushLog2824: [SocketRead_20:25:52-13279]read -1 from inputstream(android/null:-1)
12-17 20:28:02.003  7194 23709 I PushLog2824: [SocketRead_20:25:52-13279]total connect Time:129352 process quit, so close socket(android/null:-1)
12-17 20:28:02.029   633 31870 I SDK     : 
12-17 20:28:02.030   633 31870 I SDK     : <2016-12-17 20:28:02> [WARN] SDK: UE-SeC 2016-12-17 20:28:2:30 Level[WARN] magic[3362781472 684]:PubEvt_Close Getting a socket[3] from the Socket-table Failed!
12-17 20:28:02.042   633 31870 I SDK     : 
12-17 20:28:02.042   633 31870 I SDK     : <2016-12-17 20:28:02> [WARN] SDK: UE-SeC 2016-12-17 20:28:2:42 Level[WARN] magic[3362781472 684]:PubEvt_Close Getting a socket[60] from the Socket-table Failed!
12-17 20:28:02.042   633 31870 I SDK     : <2016-12-17 20:28:02> [WARN] SDK: UE-SeC 2016-12-17 20:28:2:42 Level[WARN] magic[3362781472 684]:PubEvt_Close Getting a socket[61] from the Socket-table Failed!
12-17 20:28:02.047   633 31870 I SDK     : 
12-17 20:28:02.055   633 31870 I SDK     : 
12-17 20:28:02.059   633 31870 I SDK     : <2016-12-17 20:28:02> [WARN] SDK: UE-SeC 2016-12-17 20:28:2:59 Level[WARN] magic[3362781472 684]:PubEvt_Close Getting a socket[173] from the Socket-table Failed!
12-17 20:28:02.064   633 31870 I SDK     : <2016-12-17 20:28:02> [WARN] SDK: UE-SeC 2016-12-17 20:28:2:64 Level[WARN] magic[3362781472 684]:PubEvt_Close Getting a socket[194] from the Socket-table Failed!
12-17 20:28:02.066   633 31870 I SDK     : 
12-17 20:28:02.069   633 31870 I SDK     : 
12-17 20:28:02.071   633 31870 I SDK     : <2016-12-17 20:28:02> [WARN] SDK: UE-SeC 2016-12-17 20:28:2:71 Level[WARN] magic[3362781472 684]:PubEvt_Close Getting a socket[238] from the Socket-table Failed!
12-17 20:28:02.073   633 31870 I SDK     : 
12-17 20:28:02.074   633 31868 E SDK     : <2016-12-17 20:28:02> [ERR] SDK: UE-SeC 2016-12-17 20:28:2:74 Level[ERR] magic[3365677344 223]:L4VPN notify callback :Status[2], ErrorCode[0]!
12-17 20:28:02.177   633 31868 I SDK     : <2016-12-17 20:28:02> [NOTICE] SDK: UE-SeC 2016-12-17 20:28:2:177 Level[NOTICE] magic[3365677344 2992]:Set mode to can partial write! ret:1
12-17 20:28:02.351  5224  5283 I Step_LSC: 20002302|Alarm uploadStaticsToDB totalSteps=6718
12-17 20:28:02.376  5224  5283 I SendBroadcastPermission: action:android.com.huawei.bone.NOTIFY_SPORT_DATA, mPermissionType:0
12-17 20:28:02.379   633 31868 I SDK     : <2016-12-17 20:28:02> [NOTICE] SDK: UE-SeC 2016-12-17 20:28:2:379 Level[NOTICE] magic[3365677344 5452]:FSM_Tool_ParseFile => [END] apply cycle<-1>
12-17 20:28:02.380   633 31868 I SDK     : 
12-17 20:28:02.380   633 31868 I SDK     : 
12-17 20:28:02.675  5224  5283 I Step_LSC: 20002302|REPORT : 6718 143832 4796 0
12-17 20:28:02.793  2852  2852 D StepCounterView: onStepCounterChange stepsNum:6719
12-17 20:28:02.837  2852  2852 I StackScrollAlgorithm: updateDimmedActivatedHideSensitive overlap:false
12-17 20:28:05.019   633   692 I eSpaceService: LoginThread{6216} SvnWapper.getSSOInfoOk(SvnWapper.java:310) [HWUC SSO] ---> Get sso Login params succeed
12-17 20:28:05.939   633   692 I eSpaceService: msg.recv{4490} 1.onCertFailed(EspaceService.java:862) get TLS cert failed !!!
12-17 20:28:06.007   633   692 I ECS     : Heartbeat timer.timers{6220} SimpleThread.onBirth_i(SimpleThread.java:113) thread begin
12-17 20:28:06.148   633   692 I ECS     : msg.recv{4490} XmlMsg.decodeBuf(XmlMsg.java:237) RECV 112 bytes [12]_00_03_02_08_01_05_87_AF_A0_E8_E4_80 cmdCode(CC_QueryRecentSessions.0x0801)msgType(MT_ACK.2)msgClass(MC_RecentSessions.8)sender(ST_Mobile.0)crypted(true)zipped(false)nobase64(true)length(108)version(3)sno(87AF)
12-17 20:28:06.613  2852  2852 I EventCenter: EventCenter Get :android.com.huawei.bone.NOTIFY_SPORT_DATA
12-17 20:28:07.031  3858  4126 I amsnl   : t:false, fl: false, p: 2147483647000, ce: true, we: false
12-17 20:28:14.148  1795  2323 E UsbDeviceManager: Error reading charge file
12-17 20:28:16.642  1795  2323 E UsbDeviceManager: java.io.FileNotFoundException: sys/class/hw_power/charger/charge_data/water_intrused (No such file or directory)
12-17 20:28:21.276  1795  1795 I MQoS    : rtt=360,tcp_tx_pkts=1485554,tcp_rx_pkts=1771325
12-17 20:28:31.644  1795  2665 D NetdConnector: RCV <- {200 11729 Firewall command succeeded}
12-17 20:28:36.475  2852  2852 D KeyguardUpdateMonitor: handleBatteryUpdate
12-17 20:29:03.956  2852  2852 D HwCustMobileSignalControllerImpl: sub =0,strMccMnc =null,hashMccMnc =[],strPlmn =hw_customized_networkType_entry
12-17 20:29:03.957  2852  2852 D HwCustMobileSignalControllerImpl: isCurrentBySim()=false
12-17 20:29:03.990  1795  2736 D hwintelligencewifi: current cell id is not monitor ..... cellid = 4600046926338
12-17 20:29:06.438   816  1562 W SocketListener: sending broadcast to Pid = 1795, Uid = 1000 
12-17 20:29:06.442  1795  1819 D NetworkManagement: notifyInterfaceClassActivity: client is com.android.server.ConnectivityService$1@e0f099c
12-17 20:29:06.463   633 31870 I SDK     : <2016-12-17 20:29:06> [WARN] SDK: UE-SeC 2016-12-17 20:29:6:463 Level[WARN] magic[3362781472 684]:PubEvt_Close Getting a socket[10] from the Socket-table Failed!
12-17 20:29:06.467   633 31870 I SDK     : 
12-17 20:29:06.483   633 31870 I SDK     : <2016-12-17 20:29:06> [WARN] SDK: UE-SeC 2016-12-17 20:29:6:483 Level[WARN] magic[3362781472 684]:PubEvt_Close Getting a socket[70] from the Socket-table Failed!
12-17 20:29:06.488   633 31870 I SDK     : 
12-17 20:29:06.497   633 31870 I SDK     : 
12-17 20:29:06.500   633 31870 I SDK     : <2016-12-17 20:29:06> [WARN] SDK: UE-SeC 2016-12-17 20:29:6:500 Level[WARN] magic[3362781472 684]:PubEvt_Close Getting a socket[158] from the Socket-table Failed!
12-17 20:29:06.500   633 31870 I SDK     : 
12-17 20:29:06.501   633 31870 I SDK     : 
12-17 20:29:06.504   633 31870 I SDK     : <2016-12-17 20:29:06> [WARN] SDK: UE-SeC 2016-12-17 20:29:6:503 Level[WARN] magic[3362781472 684]:PubEvt_Close Getting a socket[184] from the Socket-table Failed!
12-17 20:29:06.506   633 31870 I SDK     : <2016-12-17 20:29:06> [WARN] SDK: UE-SeC 2016-12-17 20:29:6:506 Level[WARN] magic[3362781472 684]:PubEvt_Close Getting a socket[202] from the Socket-table Failed!
12-17 20:29:06.507   633 31870 I SDK     : 
12-17 20:29:06.509   633 31870 I SDK     : 
12-17 20:29:06.516   633 31868 I SDK     : 
12-17 20:29:06.619   633 31868 E SDK     : <2016-12-17 20:29:06> [ERR] SDK: UE-SeC 2016-12-17 20:29:6:619 Level[ERR] magic[3365677344 2890]:listing available engine types
12-17 20:29:06.771   633 31868 I SDK     : <2016-12-17 20:29:06> [NOTICE] SDK: UE-SeC 2016-12-17 20:29:6:770 Level[NOTICE] magic[3365677344 1070]:Tunnel is online!
12-17 20:29:09.321  1795  2323 E UsbDeviceManager: 	at android.os.UEventObserver$UEventThread.run(UEventObserver.java:187)
12-17 20:29:09.342  3382  3399 I SendBroadcastPermission: action:qualcomm.intent.action.ACTION_RAC_CHANGED, mPermissionType:0
12-17 20:29:09.365  1795 20747 I ActivityManager_broadcast: collectReceiverComponents, callerApp: ProcessRecord{24cdca7 3218:com.android.phone/1001}, intent:android.intent.action.LTE_CA_STATE, receiver size:1, flags: 10000400
12-17 20:29:09.365  1795 20747 I HwActivityManagerService: Split enqueueing broadcast [callerApp]:ProcessRecord{24cdca7 3218:com.android.phone/1001}
12-17 20:29:09.399  3218  3375 I SendBroadcastPermission: action:com.huawei.android.intent.action.RAC_CHANGED, mPermissionType:0
12-17 20:29:09.535  5224  5224 I Step_LSC: 20002302|onStandStepChanged 68213
12-17 20:29:09.536  5224  5224 I Step_LSC: 20002302|compensate received
12-17 20:29:09.591  3782 23570 V AudioManager: isMusicActive...
12-17 20:29:14.338  1795  1795 D WifiService: ACTION_BATTERY_CHANGED pluggedType: 0
12-17 20:29:14.341  1795  2323 E UsbDeviceManager: 	at android.os.UEventObserver$UEventThread.sendEvent(UEventObserver.java:210)
12-17 20:29:14.341  3626  3626 E PTM.FileNodeInfo: getTempInfo error: null, 0
12-17 20:29:14.341  3626  3626 E PTM.FileNodeInfo: getTempInfo error: null, 0
12-17 20:29:14.342  3626  3626 E PTM.FileNodeInfo: getTempInfo error: null, 0
12-17 20:29:30.931  1795  2323 E UsbDeviceManager: 	at java.io.FileInputStream.<init>(FileInputStream.java:146)
12-17 20:29:30.947  1795  1807 D DeviceIdleController: Moved to LIGHT_STATE_IDLE.
12-17 20:29:30.992  2852  2852 D KeyguardUpdateMonitor: handleTimeUpdate
12-17 20:29:31.093  2852  2852 I StackScrollAlgorithm: updateDimmedActivatedHideSensitive overlap:false
12-17 20:29:31.104   633 31870 I SDK     : 
12-17 20:29:31.124   633 31870 I SDK     : 
12-17 20:30:07.474  1795  2323 E UsbDeviceManager: 	at android.os.UEventObserver$UEventThread.sendEvent(UEventObserver.java:210)
12-17 20:30:07.479  3858  4126 I amsnl   : t:false, fl: false, p: 2147483647000, ce: true, we: false
12-17 20:30:07.511   633 31870 I SDK     : <2016-12-17 20:30:07> [WARN] SDK: UE-SeC 2016-12-17 20:30:7:511 Level[WARN] magic[3362781472 684]:PubEvt_Close Getting a socket[115] from the Socket-table Failed!
12-17 20:30:07.530   633 31870 I SDK     : <2016-12-17 20:30:07> [WARN] SDK: UE-SeC 2016-12-17 20:30:7:529 Level[WARN] magic[3362781472 684]:PubEvt_Close Getting a socket[154] from the Socket-table Failed!
12-17 20:30:07.540   633 31870 I SDK     : 
12-17 20:30:07.545   633 31870 I SDK     : <2016-12-17 20:30:07> [WARN] SDK: UE-SeC 2016-12-17 20:30:7:545 Level[WARN] magic[3362781472 684]:PubEvt_Close Getting a socket[217] from the Socket-table Failed!
12-17 20:30:07.546   633 31870 I SDK     : 
12-17 20:30:08.300  1795  1819 D NetdConnector: RCV unsolicited event from native daemon, event = 613 IfaceClass active 0 446344613226184 10105
12-17 20:30:08.301  1795  1819 D NetworkManagement: notifyInterfaceClassActivity: client is com.android.server.net.NetworkPolicyManagerService$13@4df0feb
12-17 20:30:19.539  1795  2323 E UsbDeviceManager: 	at android.os.FileUtils.readTextFile(FileUtils.java:267)
12-17 20:30:19.568   633   692 I TCP     : Thread-1585{6226} TcpClientThread.connect(TcpClientThread.java:52) will connect to 45.249.213.63:7801
12-17 20:30:52.118  1795  2323 E UsbDeviceManager: 	at java.io.FileInputStream.open(Native Method)
12-17 20:30:52.620  5224  5224 I Step_LSC: 20002302|onStandStepChanged 68331
12-17 20:30:52.785  2852  2852 D DateTimeView: Change to single clock mode!
12-17 20:30:52.801  5224  5283 I Step_HSNH: 20002302|rebuild notification
12-17 20:30:52.805  2852  2852 I StackScrollAlgorithm: updateDimmedActivatedHideSensitive overlap:false
12-17 20:30:52.813  2852  2852 I StatusBarIconView: updateTint: tint=0
12-17 20:30:52.834  2852  2852 I StackScrollAlgorithm: updateDimmedActivatedHideSensitive overlap:false
12-17 20:30:53.072  7194 24036 I PushLog2824: [SocketRead_20:30:52-13302]broadcast(),and mReceivers  4(android/null:-1)
12-17 20:30:53.503  2852  2852 D StepCounterView: onStepCounterChange stepsNum:6957
12-17 20:30:54.204  1795  1795 I MQoS    : rtt=360,tcp_tx_pkts=1485554,tcp_rx_pkts=1771325
12-17 20:30:54.486  5224  5283 I Step_HSNH: 20002302|upDateHealthNotification()|149|4.97|6958
12-17 20:30:55.495  2852  2852 I NotificationGroupManager: onEntryAdded:0|com.huawei.health|10010|null|10099, group=0|com.huawei.health|10010|null|10099
12-17 20:30:56.467  1795  1795 I NotificationManager: enqueueNotificationInternal: n.getKey = 0|com.huawei.health|10010|null|10099
12-17 20:30:56.504  2852  2852 I NotificationContentView: transferRemoteInputFocus: 0
12-17 20:30:58.819  1795  3111 W ActivityManager: getRunningAppProcesses: caller 10102 does not hold REAL_GET_TASKS; limiting output
12-17 20:30:58.820  1795 11745 I NotificationManager: cancelNotificationWithTag pid 2852,uid = 10033,tag = low_battery,pkg =com.android.systemui,id =2132017204
12-17 20:30:59.116  1795  2323 E UsbDeviceManager: 	at com.android.server.usb.UsbDeviceManager$2.onUEvent(UsbDeviceManager.java:328)
12-17 20:31:00.332  1795  3249 D FingerprintService:  Remaining Num Attempts = 5
12-17 20:31:00.334  1795  1805 W huawei_ProximitySensor_CPP_Test: ProximitySensor, enable, 249: mEnabled=0
12-17 20:31:00.367  1795 11746 D WindowManager: mKeyguardDelegate.ShowListener.onDrawn.
12-17 20:31:00.368  1795  1809 I PowerManager_screenOn: finishKeyguardDrawn -> waitForAllWindowsDrawn
12-17 20:31:00.502  3218  3218 E HW-JPEG-DEC: [HME_JPEG_DEC_Delete](3298): HME_JPEG_DEC_Delete: decoder_ctx=null
12-17 20:31:00.592   835  2385 E libteec : begin
12-17 20:31:00.594  2852  2852 D TimeKeeper: getTimeTickInfo:[mMillisUntilFinished:0, mHour:0, mMinute:0, mSecond:0]
12-17 20:31:00.595  2852  2852 I KeyguardUpdateMonitor: SystemUI may crashed at earlier time. 123814292
12-17 20:31:00.607  2852  2852 I StackScroller: setScrollingEnabled: true
12-17 20:31:00.610  2852  2852 I Tile.AirplaneModeTile: refreshState=airplane, BooleanState[,icon=ResourceIcon[resId=0x7f0201af],label=飞行模式,labelTint=0,textChangedDelay=83,contentDescription=飞行模式,dualLabelContentDescription=null,minimalContentDescription=null,minimalAccessibilityClassName=android.widget.Switch,expandedAccessibilityClassName=android.widget.Switch,autoMirrorDrawable=false,disabledByPolicy=false,enforcedAdmin=null,value=false]
12-17 20:31:00.677  4492  4492 W CfgFilePolicy: CFG_DIRS length : 9
12-17 20:31:00.694  1795  6985 I HwActivityManagerService: Split enqueueing broadcast [callerApp]:ProcessRecord{506ad58 2852:com.android.systemui/u0a33}
12-17 20:31:00.723  2852  2852 I HwLockScreenPanel: loadMagazine
12-17 20:31:00.728  2852  2852 I PanelBar: collapsePanel:false
12-17 20:31:00.756  1795  1795 D WifiService: onReceive, action:android.intent.action.USER_PRESENT
12-17 20:31:00.763   633 24085 I SDK     : 
12-17 20:31:00.765   633 24085 E SDK     : <2016-12-17 20:31:00> [ERR] SDK: UE-SeC 2016-12-17 20:31:0:765 Level[ERR] magic[2474563872 1189]:FSM_Tool_TreatFolderKeyInfoNew =>GetKeyInfo  error[-1000]
12-17 20:31:00.766   633 24085 E SDK     : <2016-12-17 20:31:00> [ERR] SDK: UE-SeC 2016-12-17 20:31:0:766 Level[ERR] magic[2474563872 10969]:FSM_Tool_LibcAccess ==> call access err path:</mnt/sdcard/sandbox/AnyOfficeSDK/sdk/cffb628ad277b3e98d6e9ae9dceca2a7_AnyOfficeSDKMDMResult>, errno:<2>
12-17 20:31:00.783  1795  1795 I Sensor  : updateLight --> mIsNotificationExisting: false ledOnMS: 0 ledOffMS :0
12-17 20:31:00.795  1795  1795 D WifiService: onReceive, action:android.intent.action.SCREEN_ON
12-17 20:31:00.795  1795  2670 D WifiController: ApStaDisabledState what=155650
12-17 20:31:00.811  2852  2852 I ToggleSlider:  mSeekListener onProgressChanged progress:0 fromUser:false
12-17 20:31:00.812  2852  2852 I StackScrollAlgorithm: updateClipping isOverlap:true
12-17 20:31:00.834  4492  4492 D CubicBezierInterpolator: CubicBezierInterpolator  mControlPoint1x = 0.23, mControlPoint1y = 0.06, mControlPoint2x = 0.09, mControlPoint2y = 0.97
12-17 20:31:00.917  1795  1795 V NotificationService: disableEffects=null canInterrupt=false once update: false
12-17 20:31:00.928  2852  2852 I PhoneStatusBar: updateNotificationShade
12-17 20:31:00.935  1795 16501 D StubTelephonyRegistry: uid:10028 pid:16628 PhoneStateListener.LISTEN_CELL_LOCATION:16 events:16
12-17 20:31:00.981   835  2385 E libteec : receive data len = 128
12-17 20:31:01.313   606  2379 E libteec : qsc_send_cmd finish
12-17 20:31:01.456  1795  1807 E NetdConnector: NDC Command {11731 firewall disable_chain dozable} took too long (1068ms)
12-17 20:31:01.479  1795 11745 I SendBroadcastPermission: action:com.android.server.action.NETWORK_STATS_UPDATED, mPermissionType:0
12-17 20:31:01.581 32607 32622 D AndroidCommon: [SdcardManager.isMounted]Path:/storage/emulated/0
12-17 20:31:01.597  1795  3139 D PowerManagerService: acquire lock=68419859, flags=0x1, tag="RILJ_ACK_WL", name=com.android.phone, ws=null, uid=1001, pid=3218
12-17 20:31:01.597  1795  3139 D PowerManagerService: ready=true,policy=3,wakefulness=1,wksummary=0x1,uasummary=0x1,bootcompleted=true,boostinprogress=false,waitmodeenable=false,mode=true,manual=33,auto=-1,adj=0.0userId=0
12-17 20:31:01.612  2852  2852 D HwCustMobileSignalControllerImpl: isCurrentBySim()=false
12-17 20:31:01.796 24093 24093 D AndroidCommon: [SdcardManager.isMounted]Mounted:/storage/emulated/0:true
12-17 20:31:01.820  2852  3556 D NetworkController.MobileSignalController(0): mSimSubId:0 onDataActivity: direction=0
12-17 20:31:01.822  2852  2852 D HwCustMobileSignalControllerImpl: sub =0,strMccMnc =null,hashMccMnc =[],strPlmn =hw_show_lte
12-17 20:31:02.047  1795  2748 D HwAmbientLuxFilterAlgo: earliestValidTime + POWER_ON_BRIGHTENING_LIGHT_DEBOUNCE
12-17 20:31:02.660 31949 31967 I TCP     : tcp.conn{4787} TcpSocket.connect_i(TcpSocket.java:94) cancelled connecting uc.huawei.com/45.249.213.63
12-17 20:31:02.822  2852  2914 I SimCardMethod: isCardAbsent slot:0 slotState:5
12-17 20:31:02.825  2852  2852 I HwMobileSignalController: notifyListenerHuawei::origin typeIcon:2130839195 icons.mName:4G isSuspend:false, showDataIcon=true, dataConnected=true, isRoaming=false
12-17 20:31:04.195   633 31870 I SDK     : 
12-17 20:31:04.204   633 31870 I SDK     : 
12-17 20:31:04.211   633 31870 I SDK     : 
12-17 20:31:04.212  1795  2737 D WifiProJNI: Received kernel message payload: event 0
12-17 20:31:04.248   633 31870 I SDK     : 
12-17 20:31:04.250   633 31870 I SDK     : <2016-12-17 20:31:04> [WARN] SDK: UE-SeC 2016-12-17 20:31:4:250 Level[WARN] magic[3362781472 684]:PubEvt_Close Getting a socket[101] from the Socket-table Failed!
12-17 20:31:04.266   633 31870 I SDK     : <2016-12-17 20:31:04> [WARN] SDK: UE-SeC 2016-12-17 20:31:4:265 Level[WARN] magic[3362781472 684]:PubEvt_Close Getting a socket[169] from the Socket-table Failed!
12-17 20:31:04.272   633 31870 I SDK     : <2016-12-17 20:31:04> [WARN] SDK: UE-SeC 2016-12-17 20:31:4:271 Level[WARN] magic[3362781472 684]:PubEvt_Close Getting a socket[212] from the Socket-table Failed!
12-17 20:31:04.273   633 31870 I SDK     : <2016-12-17 20:31:04> [WARN] SDK: UE-SeC 2016-12-17 20:31:4:273 Level[WARN] magic[3362781472 684]:PubEvt_Close Getting a socket[222] from the Socket-table Failed!
12-17 20:31:04.274   633 31870 I SDK     : 
12-17 20:31:04.741  3879  4071 I HwLauncher: BadgeContentObserver  getBadgeNumber: 0 mComponentName :ComponentInfo{com.tencent.mm/com.tencent.mm.ui.LauncherUI}
12-17 20:31:05.344   633 24123 E SDK     : 
12-17 20:31:05.345   633 24123 E SDK     : 
12-17 20:31:05.348   633 24123 E SDK     : <2016-12-17 20:31:05> [ERR] SDK: UE-SeC 2016-12-17 20:31:5:348 Level[ERR] magic[2475632928 1818]:get =>FSM_Tool_CreateFileHandle error [-1000]
12-17 20:31:05.351   633 24123 E SDK     : <2016-12-17 20:31:05> [ERR] SDK: UE-SeC 2016-12-17 20:31:5:351 Level[ERR] magic[2475632928 1764]:failed to read group with error code 1
12-17 20:31:05.353   633 24123 I SDK     : <2016-12-17 20:31:05> [NOTICE] SDK: UE-SeC 2016-12-17 20:31:5:353 Level[NOTICE] magic[2475632928 542]:L4VPN Create Tunnel!
12-17 20:31:05.990   633 31869 I SDK     : <2016-12-17 20:31:05> [NOTICE] SDK: UE-SeC 2016-12-17 20:31:5:990 Level[NOTICE] magic[3367250208 2487]:FSM_OpenFile => [END]
12-17 20:31:05.992   633 24132 I SDK     : <2016-12-17 20:31:05> [NOTICE] SDK: UE-SeC 2016-12-17 20:31:5:991 Level[NOTICE] magic[2472474912 247]:Send udp detect packet ok when login,id:[1];count:[3]!
12-17 20:31:05.995   633 31875 I SDK     : 
12-17 20:31:06.018   633 31868 I SDK     : <2016-12-17 20:31:06> [NOTICE] SDK: UE-SeC 2016-12-17 20:31:6:18 Level[NOTICE] magic[3365677344 7476]:Currently process detect response packet when login,detect id is [1],ack id is [1]!
12-17 20:31:06.030   633 31868 I SDK     : 
12-17 20:31:06.768  2852  2852 D HwCustMobileSignalControllerImpl: sub =0,strMccMnc =null,hashMccMnc =[],strPlmn =hw_show_4g
12-17 20:31:10.873  2852  2852 D HwCustMobileSignalControllerImpl: sub =0,strMccMnc =null,hashMccMnc =[],strPlmn =hw_show_4g
12-17 20:31:11.883  2852  2852 D HwCustMobileSignalControllerImpl: sub =0,strMccMnc =null,hashMccMnc =[],strPlmn =hw_customized_networkType_entry
12-17 20:31:14.223  1795  2737 I QosMonitor: postEventFromNative: msg=100,arg1=0,arg2=9
12-17 20:31:14.519  1795  2377 I RMS.MemoryFragReader: invoke the getZoneMemoryInfoArrayFromBuddyinfo method
12-17 20:31:16.821  2852  3556 I NetworkController.MobileSignalController(0): onDataActivity: direction=0
12-17 20:31:21.461  4492  4492 I 2DSDR   : APS: 2DSDR: AbsListView.FlingRunnable.run(), SDR ratio = 1.0, layer height = 1920, scroll view height = 1440
12-17 20:31:21.552   633   692 I eSpaceService: Watch Thread{4481} WatchThread.onLoop(WatchThread.java:98) watch thread onLoop...--》 iWatched.doWatch() 
12-17 20:31:27.577 16628 24175 I TotemWeather: TaskController:add this task to mTaskList:77666
12-17 20:31:27.716  3879  3879 I TotemWeather: WidgetDataManager:colorType : 3
