12-17 20:11:46.161  1795  3111 I ActivityManager_broadcast: Enqueueing ordered broadcast[bgkeyapp] BroadcastRecord{cf68b29 u0 null}: prev had 0
12-17 20:11:46.373   633   692 I eSpaceService: pool-3-thread-1{4478} BaseBroadcast.sendBroadcast(BaseBroadcast.java:131) no receiver for action#local_voicemessage_updatestatus
12-17 20:11:46.373   633   692 I eSpaceApp: main{1} MultipleGroupAdapter.setDataSource(MultipleGroupAdapter.java:146) [groupmemlist] --> setDataSource
12-17 20:11:46.433   633 31870 I SDK     : <2016-12-17 20:11:46> [WARN] SDK: UE-SeC 2016-12-17 20:11:46:433 Level[WARN] magic[3362781472 684]:PubEvt_Close Getting a socket[2] from the Socket-table Failed!
12-17 20:11:46.445   633   692 I ECS     : msg.recv{4490} XmlMsg.decodeBuf(XmlMsg.java:237) RECV 736 bytes [12]_00_03_02_07_01_05_87_6B_09_D2_14_07 cmdCode(CC_ExtendRequest.0x0701)msgType(MT_ACK.2)msgClass(MC_JsonExtend.7)sender(ST_Mobile.0)crypted(true)zipped(false)nobase64(true)length(732)version(3)sno(876B)
12-17 20:11:46.461   633 31870 I SDK     : 
12-17 20:11:46.462   633 31870 I SDK     : <2016-12-17 20:11:46> [WARN] SDK: UE-SeC 2016-12-17 20:11:46:462 Level[WARN] magic[3362781472 684]:PubEvt_Close Getting a socket[172] from the Socket-table Failed!
12-17 20:11:46.467   633 31870 I SDK     : 
12-17 20:11:46.475   633 31868 I SDK     : 
12-17 20:11:46.514   633 22248 V imssdk_CloudRecord: =============================  CloudRecordGetCfgInfoRspNotify  ===================================
12-17 20:11:46.515  3218  3536 E SharedPreferencesImpl: Couldn't create directory for SharedPreferences file /data/user_de/0/com.android.settings/shared_prefs/caStatePreferences.xml
12-17 20:11:46.579   633 31868 I SDK     : 
12-17 20:11:46.718   633 31870 I SDK     : <2016-12-17 20:11:46> [WARN] SDK: UE-SeC 2016-12-17 20:11:46:718 Level[WARN] magic[3362781472 684]:PubEvt_Close Getting a socket[38] from the Socket-table Failed!
12-17 20:11:46.724   633 31870 I SDK     : <2016-12-17 20:11:46> [WARN] SDK: UE-SeC 2016-12-17 20:11:46:724 Level[WARN] magic[3362781472 684]:PubEvt_Close Getting a socket[79] from the Socket-table Failed!
12-17 20:11:46.725   633 31870 I SDK     : <2016-12-17 20:11:46> [WARN] SDK: UE-SeC 2016-12-17 20:11:46:725 Level[WARN] magic[3362781472 684]:PubEvt_Close Getting a socket[88] from the Socket-table Failed!
12-17 20:11:46.728   633 31870 I SDK     : <2016-12-17 20:11:46> [WARN] SDK: UE-SeC 2016-12-17 20:11:46:727 Level[WARN] magic[3362781472 684]:PubEvt_Close Getting a socket[110] from the Socket-table Failed!
12-17 20:11:46.746   633 31870 I SDK     : 
12-17 20:11:46.767 22206 22206 I OUC_COTA: [main-1]RoamingParaCheckNewVersionHandler-- New version not available(/SilentDownloadService.java:104)
12-17 20:11:46.833  2852  2852 D StatusBar: reusing notification for key: 0|com.huawei.health|10010|null|10099
12-17 20:11:47.948   633 31869 I SDK     : <2016-12-17 20:11:47> [NOTICE] SDK: UE-SeC 2016-12-17 20:11:47:948 Level[NOTICE] magic[3367250208 8910]:Set local private IP is:[10.6.111.33]
12-17 20:11:48.568   633 31869 I SDK     : <2016-12-17 20:11:48> [NOTICE] SDK: UE-SeC 2016-12-17 20:11:48:568 Level[NOTICE] magic[3367250208 2487]:FSM_OpenFile => [END]
12-17 20:11:48.608   633 31868 I SDK     : <2016-12-17 20:11:48> [NOTICE] SDK: UE-SeC 2016-12-17 20:11:48:608 Level[NOTICE] magic[3365677344 2549]:Send switch tunnel msg ok,mode is [3],now mode is[3]!
12-17 20:11:49.134  1795  2668 D WifiP2pService: P2pDisabledState{ when=-6ms what=143366 arg1=63 target=com.android.internal.util.StateMachine$SmHandler }
12-17 20:11:49.736  5224  5283 I Step_ExtendStepDataManager: 20002302|before compensate: cache step_5656
12-17 20:11:49.852  1795  2380 D PowerManagerService: ready=true,policy=3,wakefulness=1,wksummary=0x1,uasummary=0x1,bootcompleted=true,boostinprogress=false,waitmodeenable=false,mode=true,manual=33,auto=-1,adj=0.0userId=0
12-17 20:11:49.959  1795 16500 I NotificationManager: cancelNotificationWithTag pid 4492,uid = 10105,tag = null,pkg =com.tencent.mm,id =4097
12-17 20:11:50.427   625   718 E libnav  : CablComputeBacklightLevel(): UpdateType = DifferentSceneUpdate
12-17 20:11:51.325   633   692 I ECS     : Heartbeat timer.timers{6158} XmlMsg.encodeBuf(XmlMsg.java:215) SEND 112 bytes [16]_00_00_00_6C_00_03_01_03_12_05_87_6D_09_D2_14_07 cmdCode(CC_Heartbeat.0x0312)msgType(MT_ARG.1)msgClass(MC_InstanceMessage.3)sender(ST_Mobile.0)crypted(true)zipped(false)nobase64(true)length(108)version(3)sno(876D)
12-17 20:11:53.528  2852  2925 I EventCenter: ContentChange for slot: 1
12-17 20:11:53.914  2852  2852 D HwCustMobileSignalControllerImpl: sub =0,strMccMnc =null,hashMccMnc =[],strPlmn =hw_hspap_show_4g
12-17 20:11:54.676  2852  2852 I HwBrightnessController: updateSlider1 seekBarProgress:2586
12-17 20:11:54.679  5224  5224 I Step_LSC: 20002302|compensate received
12-17 20:11:54.703  1795  2750 D HW_DISPLAY_EFFECT: presently, hw_update_color_temp_for_rg_led interface not achieved.
12-17 20:11:55.497  1795  2750 D HW_DISPLAY_EFFECT: presently, hw_update_color_temp_for_rg_led interface not achieved.
12-17 20:11:55.881  2852  2852 I ToggleSlider:  mSeekListener onProgressChanged progress:1574 fromUser:false
12-17 20:11:55.968  1795  3225 D huawei_antiTheft: huawei_antiTheft_manager_uninit succeed
12-17 20:11:56.548 16628 22353 I TotemWeather: TaskController:add this task to mTaskList:null
12-17 20:11:56.742  2852  2852 I HwBrightnessController: updateSlider1 seekBarProgress:1574
12-17 20:11:56.871  1795  2750 D HW_DISPLAY_EFFECT: presently, hw_update_color_temp_for_rg_led interface not achieved.
12-17 20:11:56.957  2852  2925 I EventCenter: ContentChange for slot: 1
12-17 20:11:57.510  1795 15988 I HwActivityManagerService: Split enqueueing broadcast [callerApp]:ProcessRecord{fddc75d 16628:com.huawei.android.totemweather/u0a28}
12-17 20:11:57.524  2852  2852 I HwBrightnessUtils: APS brightness=27.0,ConvertToPercentage=0.26507172
12-17 20:11:57.768  1795 11746 I HwActivityManagerService: Split enqueueing broadcast [callerApp]:ProcessRecord{580cfb2 5224:com.huawei.health:DaemonService/u0a99}
12-17 20:11:58.790  2852  2852 D StatusBar: No peeking: unimportant notification: 0|com.huawei.health|10010|null|10099
12-17 20:11:59.788  2852  2852 D StatusBar: No peeking: unimportant notification: 0|com.huawei.health|10010|null|10099
12-17 20:12:01.762  2852  2852 D StatusBar: updateNotification(StatusBarNotification(pkg=com.huawei.health user=UserHandle{0} id=10010 tag=null key=0|com.huawei.health|10010|null|10099: Notification(pri=0 contentView=null vibrate=null sound=null defaults=0x0 flags=0x62 color=0x00000000 vis=PRIVATE)))
12-17 20:12:03.519  2852  2852 D NetWorkUtils: mVSimCurCardType is -1
12-17 20:12:03.532  2852  2852 D NetWorkUtils: mVSimCurCardType is -1
12-17 20:12:03.545  2852  2852 I HwSignalClusterView: setMobileDataIndicatorsHuawei subId:0 visible:true strengthIcon:2130839311 typeIcon:2130839195 contentDescription:手机信号满格。 typeContentDescription:4G isTypeIconWide:true showActivity:true activityIn:false activityOut:false isRoaming:false
12-17 20:12:03.545  2852  2852 I HwSignalClusterView: getOrInflateState subId:0
12-17 20:12:03.752  2852  2852 I StatusBar: onNotificationPosted: StatusBarNotification(pkg=com.huawei.health user=UserHandle{0} id=10010 tag=null key=0|com.huawei.health|10010|null|10099: Notification(pri=0 contentView=null vibrate=null sound=null defaults=0x0 flags=0x62 color=0x00000000 vis=PRIVATE)) important=2, post=1481976723741, when=1481531589202, vis=0, userid=0
12-17 20:12:03.783  2852  2852 I StackScrollAlgorithm: updateDimmedActivatedHideSensitive overlap:false
12-17 20:12:05.710  5224  5283 I SendBroadcastPermission: action:android.com.huawei.bone.NOTIFY_SPORT_DATA, mPermissionType:0
12-17 20:12:06.184  1795  2748 D HwAmbientLuxFilterAlgo: t=123438442,BT=123439442,DT=123442442,BT1=123442442,DT1=123446442,Bn=false,Dn=false,lx=[30.0/123436938, 30.0/123437238, 32.0/123437539, 31.0/123437840, 32.0/123438141, 32.0/123438442],mLx=16.0,s=5.0,ss=1.4388299,AuIntervened=false,mProximityState=false,bLux=155.0,dLux=3.0,bLux1=155.0,dLux1=3.0
12-17 20:12:07.713  1795 16499 I NotificationManager: enqueueNotificationInternal: pkg=com.huawei.health id=10010 notification=Notification(pri=0 contentView=null vibrate=null sound=null defaults=0x0 flags=0x2 color=0x00000000 vis=PRIVATE)
12-17 20:12:08.394  2852  2852 D NetWorkUtils: is3GCalling is false,mCdmaSlot is -1
12-17 20:12:10.105  2852  2852 D NetWorkUtils: is3GCalling is false,mCdmaSlot is -1
12-17 20:12:10.341  2852  2852 W HwPhoneLayoutInflater: onCreateView : ClassNotFoundException, In this case we want to let the base class take a crack at it
12-17 20:12:10.386  2852  2852 W HwPhoneLayoutInflater: onCreateView : ClassNotFoundException, In this case we want to let the base class take a crack at it
12-17 20:12:10.711   633 31867 I SDK     : <2016-12-17 20:12:10> [NOTICE] SDK: UE-SeC 2016-12-17 20:12:10:711 Level[NOTICE] magic[3368294688 1013]:s(0, 0),r(0, 0)in 20s;vsock(139571B, 11061B, 0, 0), sock(874, 924, 0, 0), times(36, 0, 200, 61), delay(0, 0)ms, m(0, 6144)KB, p:39350, s:39350, t(151, 1, 33128B, 52253B), u(0, 0, 181564B, 49384B), c(2265, 2392, 0, 0), e(68787, 1685)/(1368, 1685), k:73, d(610, 698), de(0), s(online, 2, 1), SSL(0), UDP(0), r_d(0), s_d(0), c_d(0), dur(1423 m), vs(0, 0, 0), sysFM(0 KB), ls(1835, 1835),bypass[0]:[0]
12-17 20:12:13.563  5224  5283 I Step_DataCache: 20002302|getTodayTotalSteps 5696
12-17 20:12:13.687  2852  2852 I PhoneStatusBar: removeNotificationChildren
12-17 20:12:14.671  2852  2852 I StatusBarIconView: updateTint: tint=0
12-17 20:12:15.548  5224  5224 I Step_LSC: 20002302|standStepCounter report 100 steps,write fe
12-17 20:12:16.385  2852  2852 I PanelBar: collapsePanel2
12-17 20:12:16.545  5224  5283 I Step_DataCache: 20002302|getTodayTotalSteps 5701
12-17 20:12:17.181  1795 11747 D HwInputMethodManagerService: ------------startInput--------------
12-17 20:12:17.432   802   802 E Thermal-daemon: Report temperature: [charger_ic] temp :26  report_threshold:1
12-17 20:12:17.641  5224  5283 I SendBroadcastPermission: action:android.com.huawei.bone.NOTIFY_SPORT_DATA, mPermissionType:0
12-17 20:12:18.354  3879  4071 W CfgFilePolicy: No config file found for:/themes/diff/icons
12-17 20:12:18.372  3879  4071 I HwLauncher: Launcher.IconCache, cacheLocked  Utilities.createIconBitmap entry.title = 微信 ComponentName:ComponentInfo{com.tencent.mm/com.tencent.mm.ui.LauncherUI} user:UserHandle{0}
12-17 20:12:21.533  1795  2748 D HwNormalizedAutomaticBrightnessController: need to update brightness: mAmbientLux=1.0
12-17 20:12:22.098  1795  1795 I MQoS    : received cell-signal:5
12-17 20:12:23.335  2852  2852 I ToggleSlider:  mSeekListener onProgressChanged progress:1669 fromUser:false
12-17 20:12:24.338  1795  2750 D HW_DISPLAY_EFFECT: presently, hw_update_color_temp_for_rg_led interface not achieved.
12-17 20:12:25.180  1795  2377 I AwareLog: AwareMem_EventTracker: [POLLING_TIMEOUT_123457439] is abandoned for memory 856004
12-17 20:12:25.601  2852  2852 I StatusBar: onNotificationPosted: StatusBarNotification(pkg=com.huawei.health user=UserHandle{0} id=10010 tag=null key=0|com.huawei.health|10010|null|10099: Notification(pri=0 contentView=null vibrate=null sound=null defaults=0x0 flags=0x62 color=0x00000000 vis=PRIVATE)) important=2, post=1481976745598, when=1481531589202, vis=0, userid=0
12-17 20:12:26.627  2852  2852 I NotificationContentView: transferRemoteInputFocus: 0
12-17 20:12:27.444  1795 16498 V InputMethodManagerService: Client requesting input be hidden, pid=4492
12-17 20:12:29.098  2852  2852 I ToggleSlider:  mSeekListener onProgressChanged progress:1256 fromUser:false
12-17 20:12:31.410  2852  2852 I HwSignalClusterView: getOrInflateState subId:0
12-17 20:12:31.414  2852  2852 I HwSignalClusterView: getOrInflateState subId:0
12-17 20:12:32.371  2852  2925 I EventCenter: ContentChange for slot: 1
12-17 20:12:32.616  1795  2750 D HW_DISPLAY_EFFECT: presently, hw_update_color_temp_for_rg_led interface not achieved.
12-17 20:12:32.915  2852  2852 I HwBrightnessController: onChange selfChange:false uri.toString():content://settings/system/screen_auto_brightness mIsObserveAutoBrightnessChange:true
12-17 20:12:32.965  2852  2925 I EventCenter: ContentChange for slot: 1
12-17 20:12:33.299  1795  2750 D HW_DISPLAY_EFFECT: presently, hw_update_color_temp_for_rg_led interface not achieved.
12-17 20:12:34.539  1795  6985 I HwActivityManagerService: Split enqueueing broadcast [callerApp]:ProcessRecord{580cfb2 5224:com.huawei.health:DaemonService/u0a99}
12-17 20:12:34.554  2852  2852 D StatusBar: No peeking: unimportant notification: 0|com.huawei.health|10010|null|10099
12-17 20:12:39.414  5224  5283 I Step_DataCache: 20002302|getTodayTotalSteps 5739
12-17 20:12:41.401  3180  3578 I ash     : Application com.huawei.espacev2 is im app and connected ok, delay to H!
12-17 20:12:41.408  5224  5283 I Step_ExtendStepDataManager: 20002302|after compensate: cache step_5744
12-17 20:12:41.931  1795  1806 V InputMethodManagerService: Client requesting input be hidden, pid=4492
12-17 20:12:42.492  5224  5283 I Step_LSC: 20002302|REPORT : 5745 121498 4051 0
12-17 20:12:42.693  1795  3121 D PowerManagerService: ready=true,policy=3,wakefulness=1,wksummary=0x1,uasummary=0x1,bootcompleted=true,boostinprogress=false,waitmodeenable=false,mode=true,manual=33,auto=-1,adj=0.0userId=0
12-17 20:12:44.224  1795  3253 V InputMethodManagerService: Client requesting input be hidden, pid=4492
12-17 20:12:45.189  1795 11746 D PowerManagerService: Releasing suspend blocker "PowerManagerService.WakeLocks".
12-17 20:12:45.386  5224  5283 I Step_DataCache: 20002302|getTodayTotalSteps 5749
12-17 20:12:45.792  1795 16500 V InputMethodManagerService: Client requesting input be hidden, pid=4492
12-17 20:12:48.383  5224  5283 I Step_DataCache: 20002302|getTodayTotalSteps 5754
12-17 20:12:53.473  2852  2852 I NotificationGroupManager: onEntryAdded:0|com.huawei.health|10010|null|10099, group=0|com.huawei.health|10010|null|10099
12-17 20:12:53.497  2852  2852 I StackScrollAlgorithm: updateClipping isOverlap:false
12-17 20:12:55.319  5224  5224 I Step_LSC: 20002302|onStandStepChanged 67141
12-17 20:12:56.313  5224  5224 I Step_LSC: 20002302|onStandStepChanged 67143
12-17 20:12:59.410  2852  2852 D StepCounterView: onStepCounterChange stepsNum:5773
12-17 20:13:02.409  1795  1795 I NotificationManager: enqueueNotificationInternal: n.getKey = 0|com.huawei.health|10010|null|10099
12-17 20:13:03.210  1795  2750 D HW_DISPLAY_EFFECT: presently, hw_update_color_temp_for_rg_led interface not achieved.
12-17 20:13:04.388  1795 11745 V InputMethodManagerService: Client requesting input be hidden, pid=4492
12-17 20:13:05.768  2852  2852 I ToggleSlider:  mSeekListener onProgressChanged progress:1760 fromUser:false
12-17 20:13:07.138  3382  3399 D QcrilMsgTunnelSocket: Response ID 525306 is not served in this process.
12-17 20:13:07.161  2852  2852 I HwSignalClusterView: getOrInflateState subId:0
12-17 20:13:07.184  2852  2852 I HwSignalClusterView: setMobileDataIndicatorsHuawei subId:0 visible:true strengthIcon:2130839311 typeIcon:2130839195 contentDescription:手机信号满格。 typeContentDescription:4G isTypeIconWide:true showActivity:true activityIn:false activityOut:false isRoaming:false
12-17 20:13:07.784  2852  2852 I HwBrightnessUtils:  getSeekBarProgress isAutoMode:true current brightness:18 percentage:0.20118043
12-17 20:13:08.032  2852  2852 I ToggleSlider:  mSeekListener onProgressChanged progress:2453 fromUser:false
12-17 20:13:08.344  1795  2750 D HW_DISPLAY_EFFECT: presently, hw_update_color_temp_for_rg_led interface not achieved.
12-17 20:13:08.498  2852  2852 I ToggleSlider:  mSeekListener onProgressChanged progress:3129 fromUser:false
12-17 20:13:09.270  5224  5283 I Step_ExtendStepDataManager: 20002302|before compensate: cache step_5789
12-17 20:13:10.387  1795  1819 I EventHub: EventHub monitor: no key events in the past 223s, 
12-17 20:13:11.374  2852  2852 I StatusBar: onNotificationPosted: StatusBarNotification(pkg=com.huawei.health user=UserHandle{0} id=10010 tag=null key=0|com.huawei.health|10010|null|10099: Notification(pri=0 contentView=null vibrate=null sound=null defaults=0x0 flags=0x62 color=0x00000000 vis=PRIVATE)) important=2, post=1481976791364, when=1481531589202, vis=0, userid=0
12-17 20:13:12.234  5224  5224 I Step_LSC: 20002302|compensate received
12-17 20:13:12.569  2852  2852 I PhoneStatusBar: suspendAutohide
12-17 20:13:14.234  5224  5283 I Step_DataCache: 20002302|getTodayTotalSteps 5798
12-17 20:13:14.339  5224  5283 I Step_HSNH: 20002302|rebuild notification
12-17 20:13:14.925  1795  2380 I TransactionProcessor: HwDPMS received transaction_isHwFrameworkAdminAllowed, the ret: false
12-17 20:13:14.925  4492  4492 D KeyEvent: obtain, mHwFlags=3
12-17 20:13:15.089  2852  2852 D TintTextView: #B3FFFFFF com.android.systemui.tint.TintTextView{8a4a4ce V.ED..... ......ID 0,0-0,0 #7f14032f app:id/hw_notification_number}
12-17 20:13:15.113  3879  3879 E HW-JPEG-DEC: [HME_JPEG_DEC_Delete](3298): HME_JPEG_DEC_Delete: decoder_ctx=null
12-17 20:13:15.256  1795  3884 D PowerManagerService: Releasing suspend blocker "PowerManagerService.WakeLocks".
12-17 20:13:15.285  2852  3556 D NetworkController.MobileSignalController(0): mSimSubId:0 onDataActivity: direction=4
12-17 20:13:16.350  2852  2852 I HwNotificationIconAreaController: showNotificationAll
12-17 20:13:16.506  2852  2852 D HwCustMobileSignalControllerImpl: isCurrentBySim()=false
12-17 20:13:16.512  2852  2852 D NetWorkUtils: mVSimCurCardType is -1
12-17 20:13:17.079  1795  1825 I PowerManagerService: Sleeping (uid 1000)...
12-17 20:13:17.191   606  2379 E libteec : qsc_send_cmd finish
12-17 20:13:17.559  1795  2668 D WifiP2pService: P2pDisabledState{ when=0 what=143467 target=com.android.internal.util.StateMachine$SmHandler }
12-17 20:13:17.685  2852  2852 I PhoneStatusBar: updateNotificationShade
12-17 20:13:17.833  2852  2852 I StackScrollAlgorithm: updateDimmedActivatedHideSensitive overlap:false
12-17 20:13:17.873  3626  3770 I LSC_903001010: process buffer and get message
12-17 20:13:22.475  2852  2852 I StackScrollAlgorithm: updateClipping isOverlap:false
12-17 20:13:22.503  2852  2852 D HwCustMobileSignalControllerImpl: sub =0,strMccMnc =null,hashMccMnc =[],strPlmn =hw_mcc_mnc
12-17 20:13:22.507  2852  2852 D NetWorkUtils: is3GCalling is false,mCdmaSlot is -1
12-17 20:13:31.691  1795  1795 V NotificationService: disableEffects=null canInterrupt=false once update: false
12-17 20:13:36.615  2852  2852 I StackScrollAlgorithm: updateClipping isOverlap:false
12-17 20:14:31.741  7194 22170 E PushLog2824: com.huawei.android.pushagent.datatype.PushException:  read normal Exit
12-17 20:14:31.767   633 31870 I SDK     : <2016-12-17 20:14:31> [WARN] SDK: UE-SeC 2016-12-17 20:14:31:767 Level[WARN] magic[3362781472 684]:PubEvt_Close Getting a socket[25] from the Socket-table Failed!
12-17 20:14:31.783   633 31870 I SDK     : 
12-17 20:14:32.106  5224  5283 I Step_DataCache: 20002302|getTodayTotalSteps 5943
12-17 20:14:32.372  5224  5283 I Step_ExtendStepDataManager: 20002302|before compensate: cache step_5944
12-17 20:14:32.482  2852  2852 D StatusBar: updateNotification(StatusBarNotification(pkg=com.huawei.health user=UserHandle{0} id=10010 tag=null key=0|com.huawei.health|10010|null|10099: Notification(pri=0 contentView=null vibrate=null sound=null defaults=0x0 flags=0x62 color=0x00000000 vis=PRIVATE)))
12-17 20:14:34.448  2852  2852 D StatusBar: reusing notification for key: 0|com.huawei.health|10010|null|10099
12-17 20:14:35.431  1795  1795 V NotificationService: disableEffects=null canInterrupt=false once update: false
12-17 20:14:35.914   633   692 I ECS     : msg.recv{4490} XmlMsg.encodeBuf(XmlMsg.java:215) SEND 288 bytes [16]_00_00_01_1C_00_03_01_07_01_05_87_74_4D_69_10_D4 cmdCode(CC_ExtendRequest.0x0701)msgType(MT_ARG.1)msgClass(MC_JsonExtend.7)sender(ST_Mobile.0)crypted(true)zipped(false)nobase64(true)length(284)version(3)sno(8774)
12-17 20:14:35.917  1795  2376 I AlarmManager: sending alarm Alarm{f3ead4c type 0 when 1481976871750 android},repeatInterval = 0,listenerTag =null
12-17 20:14:36.448  2852  2852 I NotificationContentView: transferRemoteInputFocus: 0
12-17 20:14:36.497  1795 16501 I AlarmManager: remove(PendingIntent{27a2613: PendingIntentRecord{3c38496 android broadcastIntent}}) changed bounds; rebatching
12-17 20:14:38.428  2852  2852 I HwNotificationIconAreaController: showNotificationAll
12-17 20:14:41.197  5224  5224 I Step_LSC: 20002302|compensate received
12-17 20:14:41.509  1795  2376 I AlarmManager: Alarm triggering (type 0 or 2): [Alarm{e32249 type 0 when 1481976876671 android}]
12-17 20:15:42.723  7194  7208 I SendBroadcastPermission: action:com.huawei.android.push.intent.SOCKET_INFO, mPermissionType:0
12-17 20:15:42.774   633 31870 I SDK     : 
12-17 20:15:42.792   633 31870 I SDK     : 
12-17 20:15:43.235  2852  2852 I NotificationGroupManager: onEntryAdded:0|com.huawei.health|10010|null|10099, group=0|com.huawei.health|10010|null|10099
12-17 20:15:45.973   633   692 I TCP     : tcp.recv{4488} TcpClientThread.onReceiverWork(TcpClientThread.java:307) get tcp message 1718
12-17 20:15:46.816  1795  2376 W AlarmManager: mIsScreenOn is: false, WAKEUP alarm trigger action = com.huawei.action.CONNECT_PUSHSRV package name is: android
12-17 20:15:46.820  3180  3578 I ash     : com.baidu.input_huawei goes to hibernation overtime: 40896
12-17 20:15:46.869   633   692 I eSpaceApp: main{1} MultipleGroupAdapter.setDataSource(MultipleGroupAdapter.java:146) [groupmemlist] --> setDataSource
12-17 20:15:46.871  3180  3578 D PgedBinderAdapter: frz ok, pid: [31558, 17357]
12-17 20:15:47.097  2852  2852 D StatusBar: updateNotification(StatusBarNotification(pkg=com.huawei.health user=UserHandle{0} id=10010 tag=null key=0|com.huawei.health|10010|null|10099: Notification(pri=0 contentView=null vibrate=null sound=null defaults=0x0 flags=0x62 color=0x00000000 vis=PRIVATE)))
12-17 20:15:47.184  7194 22797 I PushLog2824: [SocketRead_20:15:46-13228]broadcast(),and mReceivers  4(android/null:-1)
12-17 20:15:51.903  5224  5283 I Step_ExtendStepDataManager: 20002302|after compensate: cache step_6074
12-17 20:15:58.158  3218  3218 E QtiImsExtUtils: getConfigForPhoneId phoneId is invalid
12-17 20:16:52.626   633 31870 I SDK     : <2016-12-17 20:16:52> [WARN] SDK: UE-SeC 2016-12-17 20:16:52:626 Level[WARN] magic[3362781472 684]:PubEvt_Close Getting a socket[10] from the Socket-table Failed!
12-17 20:16:52.634   633 31870 I SDK     : <2016-12-17 20:16:52> [WARN] SDK: UE-SeC 2016-12-17 20:16:52:634 Level[WARN] magic[3362781472 684]:PubEvt_Close Getting a socket[26] from the Socket-table Failed!
12-17 20:16:52.642   633 31870 I SDK     : 
12-17 20:16:52.644   633 31870 I SDK     : 
12-17 20:16:52.645   633 31870 I SDK     : <2016-12-17 20:16:52> [WARN] SDK: UE-SeC 2016-12-17 20:16:52:645 Level[WARN] magic[3362781472 684]:PubEvt_Close Getting a socket[84] from the Socket-table Failed!
12-17 20:16:52.924   633 31868 I SDK     : 
12-17 20:16:52.924   633 31868 I SDK     : 
12-17 20:16:52.925   633 31875 I SDK     : 
12-17 20:16:53.214  1795  1795 I NotificationManager: enqueueNotificationInternal: n.getKey = 0|com.huawei.health|10010|null|10099
12-17 20:17:57.859   633 31870 I SDK     : <2016-12-17 20:17:57> [WARN] SDK: UE-SeC 2016-12-17 20:17:57:859 Level[WARN] magic[3362781472 684]:PubEvt_Close Getting a socket[5] from the Socket-table Failed!
12-17 20:17:57.920   633 31870 I SDK     : 
12-17 20:17:57.929   633 31870 I SDK     : 
12-17 20:17:57.932   633 31870 I SDK     : <2016-12-17 20:17:57> [WARN] SDK: UE-SeC 2016-12-17 20:17:57:932 Level[WARN] magic[3362781472 684]:PubEvt_Close Getting a socket[159] from the Socket-table Failed!
12-17 20:17:57.942   633 31870 I SDK     : 
12-17 20:17:57.944   633 31868 I SDK     : 
12-17 20:17:58.149   633 31868 I SDK     : 
12-17 20:18:52.518  1795 11745 D HwPowerManagerService: isDisplayFeatureSupported feature:1
12-17 20:18:52.782   835  2385 D fpc_fingerprint_hal: do_identify: result:2 score:43 index:0 updated_template_size:0 coverage:62 quality:67
12-17 20:18:52.793  2852  2852 W StatusBarWindowManager: Apply window without WALLPAPER
12-17 20:18:52.796  2852  2852 D KeyguardViewMediator: handleHide
12-17 20:18:52.802  2852  2852 W StatusBarWindowManager: Apply window Height MATCH_PARENT
12-17 20:18:52.837  5224  5283 I Step_HSNH: 20002302|rebuild notification
12-17 20:18:52.909  1795  1808 V HwBroadcastQueue: trim and enqueue background Parallel:(4) Ordered:(0)(BroadcastRecord{f76cfe1 u0 android.intent.action.USER_PRESENT})
12-17 20:18:52.921  2852  2852 I HwPhoneStatusBar: updateNotificationShade
12-17 20:18:53.012  2852  2852 I PhoneStatusBar: removeNotificationChildren
12-17 20:18:53.013  2852  2852 W DisabledFeatureUtils: Dis-Feature : 0
12-17 20:18:53.028  2852  2852 D HwCustMobileSignalControllerImpl: isCurrentBySim()=false
12-17 20:18:53.030  1795  1795 D HwConnectivityService: CtrlSocket restoreScrOnStatus reset
12-17 20:18:53.055  1795  2708 D HwPFWLogger: PFW.HwPFWService:handle PFW_MSG_SYSTEM
12-17 20:18:53.058  1795  2670 D WifiController: ApStaDisabledState what=155650
12-17 20:18:53.084  1795  2665 D NetdConnector: RCV <- {200 11719 Tethering stats list completed}
12-17 20:18:53.274   606  2379 E libteec : receive data len = 128
12-17 20:18:53.413  2852  2852 I HwDateUtils: formatChinaDateTime, change to China normalTime:晚上8:18
12-17 20:18:53.517 22921 22939 E SQLiteDatabase: 	at com.baidu.location.e.a.<init>(Unknown)
12-17 20:18:53.602  1795 11745 I ActivityManager: cleanUpApplicationRecordLocked, reset pid: 22921, euid: 0
12-17 20:18:53.947  1795  2748 D HwAmbientLuxFilterAlgo: earliestValidTime + POWER_ON_DARKENING_LIGHT_DEBOUNCE
12-17 20:18:54.136  2852  2852 D HwCustMobileSignalControllerImpl: isCurrentBySim()=false
12-17 20:18:54.455   835  2385 E libteec : begin
12-17 20:18:54.528   606  2379 E libteec : receive data len = 192
12-17 20:18:54.560   835  2385 E libteec : begin
12-17 20:18:54.597   835  2385 E libteec : begin
12-17 20:18:54.615   606  2379 E libteec : receive data len = 192
12-17 20:18:54.718   835  2385 E libteec : receive data len = 192
12-17 20:18:54.814   835  2385 E libteec : begin
12-17 20:18:54.838   835  2385 E libteec : qsc_decode end
12-17 20:18:54.874   835  2385 E libteec : begin
12-17 20:18:55.044   606  2379 E libteec : QSEECom_send_cmd return!
12-17 20:18:58.697  2852  2852 D HwCust  : Create obj success use class android.app.HwCustNotificationImpl
12-17 20:18:59.953  2852  2852 I StatusBarWindowManager: apply skiped :0
12-17 20:19:04.233  2852  2852 I StackScrollAlgorithm: state.clipTopAmount:501, i:1
12-17 20:19:04.244  2852  2852 I QSContainer: updateQsState:false
12-17 20:19:04.247  1795  2778 I ActivityManager_activity: startActivityMayWait, callerApp: null, intent: Intent { flg=0x24000000 cmp=com.tencent.mm/.ui.LauncherUI (has extras) }
12-17 20:19:04.613  3858  4126 I amsnl   : c: true, w: false, t: false, l: false
12-17 20:19:04.950  3218  3218 I QImsService: ImsServiceSubHandler : Message received: what = 27
12-17 20:19:05.177  1795 15982 W ActivityManager: getRunningAppProcesses: caller 10105 does not hold REAL_GET_TASKS; limiting output
12-17 20:19:05.803  1795  3253 W ActivityManager: getRunningAppProcesses: caller 10102 does not hold REAL_GET_TASKS; limiting output
12-17 20:19:06.729  1795 17831 D PowerManagerService: ready=true,policy=3,wakefulness=1,wksummary=0x1,uasummary=0x1,bootcompleted=true,boostinprogress=false,waitmodeenable=false,mode=true,manual=33,auto=-1,adj=0.0userId=0
12-17 20:19:06.798  2852  2852 D HwCustMobileSignalControllerImpl: isCurrentBySim()=false
12-17 20:19:07.564  2852  2852 D HwCustMobileSignalControllerImpl: isCurrentBySim()=false
12-17 20:19:07.857   633   692 I Hw_Fluent: RecentLogic{4456} RecentLogic.addConversationEntity(RecentLogic.java:906) add chat recent!
12-17 20:19:08.446  3879  4071 E HW-JPEG-DEC: [HME_JPEG_DEC_Delete](3298): HME_JPEG_DEC_Delete: decoder_ctx=null
12-17 20:19:10.597  2852  2852 D HwCustMobileSignalControllerImpl: isCurrentBySim()=false
12-17 20:19:14.594  2852  2852 I HwSignalClusterView: setMobileDataIndicatorsHuawei subId:0 visible:true strengthIcon:2130839311 typeIcon:2130839197 contentDescription:手机信号满格。 typeContentDescription:LTE isTypeIconWide:true showActivity:true activityIn:false activityOut:false isRoaming:false
12-17 20:19:16.637  2852  2852 D HwCustMobileSignalControllerImpl: isCurrentBySim()=false
12-17 20:19:17.729  1795  2748 D HwAmbientLuxFilterAlgo: earliestValidTime + POWER_ON_DARKENING_LIGHT_DEBOUNCE
12-17 20:19:18.632  3218 13114 I PhoneInterfaceManager: shouldBlockLocation  ret:false
12-17 20:19:21.041  1795  2748 D HwAmbientLuxFilterAlgo: earliestValidTime + POWER_ON_DARKENING_LIGHT_DEBOUNCE
12-17 20:19:22.618  1795  1795 I MQoS    : received cell-signal:5
12-17 20:19:22.772   633   692 I eSpaceService: Watch Thread{4481} WatchThread.onLoop(WatchThread.java:94) watch thread onLoop... 
12-17 20:19:26.546  5224  5283 I Step_LSC: 20002302|calculateCaloriesWithCache datas.size=8420
12-17 20:19:26.563  5224  5283 I SendBroadcastPermission: action:android.com.huawei.bone.NOTIFY_SPORT_DATA, mPermissionType:0
12-17 20:19:31.943  2852  3556 D NetworkController.MobileSignalController(0): mSimSubId:0 onDataActivity: direction=0
12-17 20:19:31.943  2852  3556 I HwMobileSignalController: mExtDataOld:ExtData [mMasterNetWorkType=3, mSlaveNetWorkType=0, mMasterNetWorkLevel=4, mSlaveNetWorkLevel=-1, mDataState=2, mDataActivity=4, mDataNetType=13] mExtData:ExtData [mMasterNetWorkType=3, mSlaveNetWorkType=0, mMasterNetWorkLevel=4, mSlaveNetWorkLevel=-1, mDataState=2, mDataActivity=0, mDataNetType=13]
12-17 20:19:32.382  5224  5283 I Step_ExtendStepDataManager: 20002302|after compensate: cache step_6250
12-17 20:19:34.210  1795  1825 D PowerManagerService: ready=false,policy=0,wakefulness=0,wksummary=0x0,uasummary=0x0,bootcompleted=true,boostinprogress=false,waitmodeenable=false,mode=true,manual=33,auto=-1,adj=0.0userId=0
12-17 20:19:34.287   835   835 I fingerprintd: fingerprintd
12-17 20:19:34.331   606  2379 E libteec : qsc_send_cmd finish
12-17 20:19:34.436  1795  1825 I qti_sensors_hal: activate: 295 activate sensors is 2000000000000
12-17 20:19:34.708  2852  2852 D KGWallpaper_Magazine: getNextIndex: 0; from 10 to 10; size: 44
12-17 20:19:39.565  2852  2852 W HwLockScreenPanel: refreshBatteryInfo: null
12-17 20:19:39.778  5224  5224 I Step_LSC: 20002302|onStandStepChanged 67628
12-17 20:19:41.482  2852  2852 I HwBackDropView: restore param to 0
12-17 20:19:41.538  2852  2852 V KeyguardUpdateMonitor: FingerStat Visible: true; Interactive: false; Switching: false; Bouncer:false; GoingToSleep: false Occluded: false; dreaming: false; Authenticated: false
12-17 20:19:41.642  2852  2852 I HwSignalClusterView: getOrInflateState subId:0
12-17 20:19:55.685  1795  1819 D NetdConnector: RCV unsolicited event from native daemon, event = 613 IfaceClass idle 0 445732041468110
12-17 20:20:00.672  3879  4071 I HwLauncher: Launcher.IconCache, cacheLocked  Utilities.createIconBitmap entry.title = 微信 ComponentName:ComponentInfo{com.tencent.mm/com.tencent.mm.ui.LauncherUI} user:UserHandle{0}
12-17 20:20:10.955  1795  2323 E UsbDeviceManager: 	at android.os.UEventObserver$UEventThread.run(UEventObserver.java:187)
12-17 20:20:10.956  1795  2323 E UsbDeviceManager: 	at android.os.UEventObserver$UEventThread.sendEvent(UEventObserver.java:210)
12-17 20:20:11.130  1795  3884 I PGManagerService: proxyBroadcast:[com.huawei.espacev2] proxy:true
12-17 20:20:11.146  3180  3578 I ash     : add listener com.huawei.espacev2 net packet OK !,uid:10102
12-17 20:20:28.105  3180  3578 I ash     : 1795 binder call 2852
12-17 20:20:47.434  2852  2852 I EventCenter: EventCenter Get :android.intent.action.TIME_TICK
12-17 20:20:47.473  1795  1819 D NetworkManagement: notifyInterfaceClassActivity: client is com.android.server.net.NetworkStatsService$6@5d6efc
12-17 20:20:47.922  3782 23057 V AudioManager: isMusicActive...
12-17 20:20:48.092  4492  4492 V AudioManager: getRingerMode...
12-17 20:21:44.370  1795  1819 D NetdConnector: RCV unsolicited event from native daemon, event = 613 IfaceClass idle 0 445802957722666
12-17 20:21:47.514  1795  2665 D NetdConnector: RCV <- {613 IfaceClass active 0 445843833743635 1000}
12-17 20:21:48.484  2852  2852 I StatusBarIconView: updateTint: tint=0
12-17 20:22:10.038  1795  3121 D PowerManagerService: ready=false,policy=3,wakefulness=1,wksummary=0x1,uasummary=0x1,bootcompleted=true,boostinprogress=false,waitmodeenable=true,mode=true,manual=33,auto=-1,adj=0.0userId=0
12-17 20:22:10.142  1795  3253 D FpDataCollector: case 001, wait for unlock screen on report
12-17 20:22:10.154   606  2379 E libteec : QSEECom_send_cmd return!
12-17 20:22:10.154   835  2385 E libteec : receive data len = 128
12-17 20:22:10.161   606  2379 E libteec : QSEECom_send_cmd return!
12-17 20:22:10.270  2852  2852 I QSContainer: updateQsState:false
12-17 20:22:10.331  2852  2852 I TrafficPanelManager: showTraffic
12-17 20:22:10.361  4492  4492 I SendBroadcastPermission: action:com.tencent.mm.ui.ACTION_ACTIVE, mPermissionType:0
12-17 20:22:10.411  2852  2852 I HwSignalClusterView: getOrInflateState subId:0
12-17 20:22:10.411  2852  2852 I HwSignalClusterView: getOrInflateState subId:0
12-17 20:22:10.416   835  2385 E libteec : begin
12-17 20:22:10.419  2852  2852 D NetworkController.MobileSignalController(0): mSimSubId:0 onDataActivity: direction=4
12-17 20:22:10.456  3180  3578 D PgedBinderAdapter: unfrz ok, pid: [31949, 633]
12-17 20:22:10.464   633 31870 I SDK     : 
12-17 20:22:10.467   633 31870 I SDK     : <2016-12-17 20:22:10> [WARN] SDK: UE-SeC 2016-12-17 20:22:10:467 Level[WARN] magic[3362781472 684]:PubEvt_Close Getting a socket[19] from the Socket-table Failed!
12-17 20:22:10.487   633 31870 I SDK     : <2016-12-17 20:22:10> [WARN] SDK: UE-SeC 2016-12-17 20:22:10:487 Level[WARN] magic[3362781472 684]:PubEvt_Close Getting a socket[57] from the Socket-table Failed!
12-17 20:22:10.544   606  2379 E libteec : qsc_send_cmd finish
12-17 20:22:10.565   633 31870 I SDK     : 
12-17 20:22:10.702  2852  2852 D NetWorkUtils: is3GCalling is false,mCdmaSlot is -1
12-17 20:22:10.787   633 31868 I SDK     : 
12-17 20:22:10.931   633 23218 I SDK     : <2016-12-17 20:22:10> [NOTICE] SDK: UE-SeC 2016-12-17 20:22:10:931 Level[NOTICE] magic[2484013344 2421]:FileSec: have right to open file due to cur app sec level = 0 is higher than file app(&5ߢ[@ñ?z]) sec level = 0.
12-17 20:22:10.931   633 23218 E SDK     : <2016-12-17 20:22:10> [ERR] SDK: UE-SeC 2016-12-17 20:22:10:931 Level[ERR] magic[2484013344 3436]:KeySpace : getkey w00290667_fullName not null
12-17 20:22:11.773   633   692 I Hw_Fluent: RecentLogic{4456} RecentLogic.addConversationEntity(RecentLogic.java:906) add chat recent!
12-17 20:22:12.968  2852  2914 I HwMobileSignalController: subId:0 phoneType:1 networktype:13 targetClass:3 masterLevel:5 slaveLevel:-1
12-17 20:22:21.004  1795  2380 D PowerManagerService: ready=true,policy=3,wakefulness=1,wksummary=0x0,uasummary=0x1,bootcompleted=true,boostinprogress=false,waitmodeenable=false,mode=true,manual=33,auto=-1,adj=0.0userId=0
12-17 20:22:23.852  1795  2380 D PowerManagerService: userActivityNoUpdateLocked: eventTime=123628786, event=2, flags=0x0, uid=1000
12-17 20:22:25.724  3218  3218 I SendBroadcastPermission: action:org.codeaurora.VOIP_VOPS_SSAC_STATUS, mPermissionType:0
12-17 20:22:30.685  2852  2852 I HwBrightnessController: updateSlider2 seekBarProgress:4346
12-17 20:22:30.781  2852  2852 I HwBrightnessController: onChange selfChange:false uri.toString():content://settings/system/screen_auto_brightness mIsObserveAutoBrightnessChange:true
12-17 20:22:30.981  2852  2852 I ToggleSlider:  mSeekListener onProgressChanged progress:4919 fromUser:false
12-17 20:22:31.095  2852  2925 I EventCenter: ContentChange for slot: 1
12-17 20:22:32.405  3218  3218 I QImsService: ImsServiceSubHandler : Message received: what = 27
12-17 20:22:32.696  4690  4690 E HW-JPEG-DEC: [HME_JPEG_DEC_Delete](3298): HME_JPEG_DEC_Delete: decoder_ctx=null
12-17 20:22:33.700  2852  3556 I NetworkController.MobileSignalController(0): need to force refresh view
12-17 20:22:33.910  2852  2852 I StackScrollAlgorithm: updateDimmedActivatedHideSensitive overlap:false
12-17 20:22:37.649  1795  1795 I MQoS    : received cell-signal:5
12-17 20:22:39.085  3879  4071 I HwLauncher: Workspace updateCustomizeShortcuts view invalidate ShortcutInfo(title=eSpace)
12-17 20:22:39.152  4492  4492 V AudioManager: isBluetoothScoOn...
12-17 20:22:40.497  3858  4126 I amsnl   : csr
12-17 20:22:42.660  1795 15982 I ActivityManager_broadcast: Enqueueing ordered broadcast[bgkeyapp] BroadcastRecord{7b92e1c u0 com.tencent.mm.plugin.report.service.KVCommCrossProcessReceiver}: prev had 0
12-17 20:22:44.557  3382  3382 I SendBroadcastPermission: action:com.qualcomm.intent.action.ACTION_UNSOL_RESPONSE_OEM_HOOK_RAW, mPermissionType:0
12-17 20:22:44.616  2852  2852 D HwCustMobileSignalControllerImpl: sub =0,strMccMnc =null,hashMccMnc =[],strPlmn =hw_mcc_mnc
12-17 20:22:44.867  5224  5283 I Step_ExtendStepDataManager: 20002302|compensate 24699622 8
12-17 20:22:48.593  1795  1819 D NetworkManagement: notifyInterfaceClassActivity: client is com.android.server.connectivity.Tethering@ff4a50f
12-17 20:22:54.511  2852  2925 I EventCenter: ContentChange for slot: 1
12-17 20:22:54.823  1795  2750 D HW_DISPLAY_EFFECT: presently, hw_update_color_temp_for_rg_led interface not achieved.
12-17 20:22:59.781  2852  2852 D StatusBar: reusing notification for key: 0|com.huawei.health|10010|null|10099
12-17 20:23:00.014  2852  2852 I TimeManager: chinaDateTime:晚上8:23
12-17 20:23:00.790  2852  2852 D HwCust  : Create obj success use class android.app.HwCustNotificationImpl
12-17 20:23:00.807  2852  2852 I NotificationContentView: transferRemoteInputFocus: 0
12-17 20:23:05.577  3858  4126 I amsnl   : c: true, w: false, t: false, l: false
12-17 20:23:06.293  1795 16232 I AlarmManager: remove(PendingIntent{20ca399: PendingIntentRecord{7b913f0 com.android.phone broadcastIntent}}) changed bounds; rebatching
12-17 20:23:06.303  2852  2852 D HwCustMobileSignalControllerImpl: sub =0,strMccMnc =null,hashMccMnc =[],strPlmn =hw_show_lte
12-17 20:23:06.338  2852  2852 I HwSignalClusterView: setMobileDataIndicatorsHuawei subId:0 visible:true strengthIcon:2130839311 typeIcon:2130839195 contentDescription:手机信号满格。 typeContentDescription:4G isTypeIconWide:true showActivity:true activityIn:false activityOut:false isRoaming:false
12-17 20:23:06.348  2852  2852 I HwSystemIcons: onLayout:left=662, top=0, right=1056, bottom=72, offset=0
12-17 20:23:07.126  1795  2381 D libfingersense_wrapper: fingersense_classify_touch() finished
12-17 20:23:07.507  2852  2852 D HwCustMobileSignalControllerImpl: sub =0,strMccMnc =null,hashMccMnc =[],strPlmn =hw_mcc_mnc
12-17 20:23:08.775  2852  2852 D HwCustMobileSignalControllerImpl: sub =0,strMccMnc =null,hashMccMnc =[],strPlmn =hw_show_4g
12-17 20:23:11.569  2852  3556 I NetworkController.MobileSignalController(0): onSignalStrengthsChanged signalStrength=SignalStrength: -1 0 -1 255 -1 255 -1 255 255 31 -70 -7 210 2147483647 2147483647 false gw|lte level=5 isSuspend=false levelOld=5,mSignalStrength level=5
12-17 20:23:13.118  4690  4690 I HwPointEventFilter: do not support AFT because of no config
12-17 20:23:13.915  1795  1809 I InputManager_fingersense: Multiple rapid taps detecting, aborting Knuckle Gestures.
12-17 20:23:14.685  5224  5283 I Step_DataCache: 20002302|getTodayTotalSteps 6337
12-17 20:23:14.710  2852  2852 I PhoneStatusBar: removeNotificationChildren
12-17 20:23:15.522  1795  3111 D PowerManagerService: ready=true,policy=3,wakefulness=1,wksummary=0x1,uasummary=0x1,bootcompleted=true,boostinprogress=false,waitmodeenable=false,mode=true,manual=33,auto=-1,adj=0.0userId=0
12-17 20:23:15.697  1795  1809 I WindowManager: onProposedRotationChanged, rotation=0
12-17 20:23:20.661  2852  2852 D HwCust  : Create obj success use class android.app.HwCustNotificationImpl
12-17 20:23:22.047  3168 23392 D HwRepairHelper: getRcvData()  has been success
12-17 20:23:24.153  3626  3754 D LogItem : /log/chr/done/ not exist
12-17 20:23:27.486  3218  3218 D QC_RIL_OEM_HOOK: Received Broadcast Intent ACTION_UNSOL_RESPONSE_OEM_HOOK_RAW
12-17 20:23:27.492  1795  3884 D PowerManagerService: ready=true,policy=3,wakefulness=1,wksummary=0x1,uasummary=0x1,bootcompleted=true,boostinprogress=false,waitmodeenable=false,mode=true,manual=33,auto=-1,adj=0.0userId=0
12-17 20:23:28.260  4690  4690 V InputMethodService: showSoftInput()
12-17 20:23:29.334  2852  2852 I HwBrightnessController: onChange selfChange:false uri.toString():content://settings/system/screen_auto_brightness mIsObserveAutoBrightnessChange:true
12-17 20:23:29.950  1795 16498 D PowerManagerService: Releasing suspend blocker "PowerManagerService.WakeLocks".
12-17 20:23:29.950  1795  1795 I MQoS    : received cell-signal:1
12-17 20:23:30.441  2852  2925 I EventCenter: ContentChange for slot: 1
12-17 20:23:34.621  2852  2852 D StatusBar: applyInPlace=true shouldPeek=false alertAgain=true
12-17 20:23:36.424  5224  5283 I Step_ExtendStepDataManager: 20002302|before compensate: cache step_6350
12-17 20:23:36.897  3218  3517 I QImsService: ImsSenderRxr : Response data: [12, 13, -1, -1, -1, -1, 16, 3, 24, -37, 1, 32, 0, 13, -1, 0, 0, 0, 21, -1, -1, 0, 0, 29, -1, 0, 0, 0, 37, -1, -1, 0, 0, 45, -1, 0, 0, 0, 53, -1, -1, 0, 0, 61, -1, 0, 0, 0, 69, -1, -1, 0, 0][SUB0]
12-17 20:23:36.996  1795  1819 I SendBroadcastPermission: action:android.net.conn.DATA_ACTIVITY_CHANGE, mPermissionType:0
12-17 20:23:37.001  2852  2852 D HwCustMobileSignalControllerImpl: isCurrentBySim()=false
12-17 20:23:38.198  3218  3536 E SharedPreferencesImpl: Couldn't create directory for SharedPreferences file /data/user_de/0/com.android.settings/shared_prefs/caStatePreferences.xml
12-17 20:23:38.706  3879  4071 I HwLauncher: BadgeContentObserver newBadgeNumber:0,oldBadgeNumber:0 mComponentName : ComponentInfo{com.tencent.mm/com.tencent.mm.ui.LauncherUI}
12-17 20:23:43.768  3858  4126 I amsnl   : csr
12-17 20:23:44.679  2852  2852 I HwSignalClusterView: getOrInflateState subId:0
12-17 20:23:47.363  5224  5283 I Step_DataCache: 20002302|getTodayTotalSteps 6358
12-17 20:23:48.492  5224  5283 I Step_HSNH: 20002302|rebuild notification
12-17 20:23:49.515  2852  2852 I NotificationContentView: transferRemoteInputFocus: 0
12-17 20:23:53.339  5224  5283 I Step_DataCache: 20002302|getTodayTotalSteps 6366
12-17 20:23:56.080  2852  2852 D HwCustMobileSignalControllerImpl: sub =0,strMccMnc =null,hashMccMnc =[],strPlmn =hw_show_4_5G_for_mcc
12-17 20:24:00.004  2852  2852 I HwDateUtils: formatChinaDateTime, change to China normalTime:晚上8:24
12-17 20:24:01.103  3858  4126 I amsnl   : t:false, fl: false, p: 2147483647000, ce: true, we: false
12-17 20:24:05.175   802   802 E Thermal-daemon: [Thermal_Hw] temperature_filter: get invalid temperature, use old temp
12-17 20:24:07.104  2852  3556 I NetworkController.MobileSignalController(0): onSignalStrengthsChanged signalStrength=SignalStrength: -1 0 -1 255 -1 255 -1 255 255 31 -64 -7 270 2147483647 2147483647 false gw|lte level=5 isSuspend=false levelOld=5,mSignalStrength level=5
12-17 20:24:09.986  3858  4126 I amsnl   : c: true, w: false, t: false, l: false
12-17 20:24:13.104  3858  4126 I amsnl   : t:false, fl: false, p: 2147483647000, ce: true, we: false
12-17 20:24:13.778  2852  3556 I NetworkController.MobileSignalController(0): onDataActivity: direction=0
12-17 20:24:13.802  1795  2750 D HW_DISPLAY_EFFECT: presently, hw_update_color_temp_for_rg_led interface not achieved.
12-17 20:24:13.854  2852  2852 I HwBrightnessUtils:  getSeekBarProgress isAutoMode:true current brightness:30 percentage:0.28375545
12-17 20:24:14.189  2852  2852 I HwBrightnessController: updateSlider1 seekBarProgress:2651
12-17 20:24:14.856  1795  1809 I WindowManager: MyOrientationListener: updateRotation.
12-17 20:24:15.862  2852  2852 I ToggleSlider:  mSeekListener onProgressChanged progress:1474 fromUser:false
12-17 20:24:16.851  3218  3517 I QImsService: ImsSenderRxr :  Tag -1 3 219 0[SUB0]
12-17 20:24:16.887  3168  3168 I CHR_ChrDataServiceTracker: handleLteCaStatusChange
12-17 20:24:18.221  1795  1809 I WindowManager: onProposedRotationChanged, rotation=3
12-17 20:24:18.315  2852  2852 D HwCust  : Create obj success use class android.app.HwCustNotificationImpl
12-17 20:24:19.764  3626  3626 E PTM.FileNodeInfo: getTempInfo error: null, 0
12-17 20:24:29.937  4690  4690 V InputMethodService: showSoftInput()
12-17 20:24:30.008  1795  1825 I PowerManager_screenOn: DisplayPowerStatesetColorFadeLevel: level=0.03906846
12-17 20:24:30.053  1795  1825 W HwScreenOnProximityLock: releaseLock: return because sensor listener is held = false
12-17 20:24:30.292  1795  1825 D DisplayPowerController: Display ready!
12-17 20:24:30.294  1795  1825 I PowerManager_screenOn: PowerManagerNotifier onWakefulnessChangeFinished mInteractiveChanging=true, mInteractive=false
12-17 20:24:30.305  1795  2377 I AwareLog: AwareMem_DMEServer: stop
12-17 20:24:30.346  2852  2925 W ExifData: The tag is null error!
12-17 20:24:30.372  1046 26554 V ThreadsEx: HDebug print the key screen_state
12-17 20:24:32.834  2852  2852 I PowerUI : onReceive intent:act:android.intent.action.BATTERY_CHANGED  flag:1610612752 technology=Li-ion icon-small=17303220 max_charging_voltage=0 health=2 max_charging_current=0 status=3 plugged=0 present=true charge_counter=0 level=77 scale=100 temperature=265 voltage=4054 invalid_charger=0 
12-17 20:24:33.419  1795  1795 I NotificationManager: cancelNotification,index:-1
12-17 20:24:35.078  2852  2852 I StackScroller: setScrollingEnabled: false
12-17 20:24:35.121  1795  1806 I WindowManger_windowChange: oldFocusWindow: Window{4e22340 u0 com.tencent.mm/com.tencent.mm.ui.LauncherUI}, currentFocusWindow: Window{e050fd4 u0 StatusBar}, currentFocusApp: AppWindowToken{b6efcd1 token=Token{a978b5b ActivityRecord{5f12a6a u0 com.tencent.mm/.ui.LauncherUI t383}}}
12-17 20:24:35.123  1795  1806 I WindowManager: Application requested orientation 5, got rotation 0 which has compatible metrics
12-17 20:24:36.250  1795  2323 E UsbDeviceManager: 	at java.io.FileInputStream.<init>(FileInputStream.java:146)
12-17 20:25:11.771 31949 31967 I TCP     : tcp.recv{4790} TcpClientThread.onRecv(TcpClientThread.java:522) tcp connection event TCP_CLOSED
12-17 20:25:11.794  5224  5283 I Step_HSNH: 20002302|upDateHealthNotification()|137|4.56|6383
12-17 20:25:11.835   633 31870 I SDK     : <2016-12-17 20:25:11> [WARN] SDK: UE-SeC 2016-12-17 20:25:11:835 Level[WARN] magic[3362781472 684]:PubEvt_Close Getting a socket[215] from the Socket-table Failed!
12-17 20:25:11.950   633 31868 I SDK     : 
12-17 20:25:12.091   633 31875 I SDK     : <2016-12-17 20:25:12> [NOTICE] SDK: UE-SeC 2016-12-17 20:25:12:91 Level[NOTICE] magic[3359111456 2421]:FileSec: have right to open file due to cur app sec level = 0 is higher than file app(&5ߢ[@ñ?z]) sec level = 0.
12-17 20:25:12.410  3879  4071 I HwLauncher: Launcher.IconCache, cacheLocked  Utilities.createIconBitmap entry.title = eSpace ComponentName:ComponentInfo{com.huawei.espacev2/com.huawei.espace.module.start.ui.StartActivity} user:UserHandle{0}
12-17 20:25:12.905  1795  3247 D PowerManagerService: Acquiring suspend blocker "PowerManagerService.WakeLocks".
12-17 20:25:12.973  1795  3238 D PowerManagerService: ready=true,policy=0,wakefulness=0,wksummary=0x1,uasummary=0x0,bootcompleted=true,boostinprogress=false,waitmodeenable=false,mode=true,manual=33,auto=-1,adj=0.0userId=0
12-17 20:25:12.995  2852  2852 I HwSignalClusterView: getOrInflateState subId:0
12-17 20:25:16.688  1795  1795 E         : Lib:oem_qmi_cmd: Send to server  passed!!
12-17 20:25:21.814  3879  4071 E HW-JPEG-DEC: [HME_JPEG_DEC_Delete](3298): HME_JPEG_DEC_Delete: decoder_ctx=null
12-17 20:25:22.084   802   802 E Thermal-daemon: [ap] temp_new :25  temp_old :26
12-17 20:25:22.122  2852  2852 I TrafficPanelViewContent: onShowStatusChange show:false
12-17 20:25:22.442  3180  3578 I ash     : Freeze com.huawei.espacev2 OK !
12-17 20:25:23.469  2852  2852 D HwCust  : Create obj success use class android.app.HwCustNotificationImpl
12-17 20:25:30.152  1795  6988 D PowerManagerService: acquire lock=215443990, flags=0x1, tag="RILJ_ACK_WL", name=com.android.phone, ws=null, uid=1001, pid=3218
12-17 20:25:30.209  2852  2852 D HwCustMobileSignalControllerImpl: isCurrentBySim()=false
12-17 20:25:52.179  1795  1795 I AlarmManager: scheduleTimeTickEvent triggerAtTime = 446096364
12-17 20:25:52.194  1795  1819 D NetworkManagement: notifyInterfaceClassActivity: client is android.net.ip.IpManager$2@4c99c84
12-17 20:25:52.230  2852  2852 I StackScrollAlgorithm: updateDimmedActivatedHideSensitive overlap:false
12-17 20:25:52.285  7194 23709 I PushLog2824: [SocketRead_20:25:52-13279]create socket without proxy(android/null:-1)
12-17 20:25:52.298  5224  5283 I Step_ExtendStepDataManager: 20002302|after compensate: cache step_6477
12-17 20:25:52.509  2852  2852 I StatusBarIconView: updateTint: tint=0
12-17 20:25:53.839  3382  3399 I SendBroadcastPermission: action:qualcomm.intent.action.ACTION_RAC_CHANGED, mPermissionType:0
12-17 20:25:53.976  5224  5283 I Step_ExtendStepDataManager: 20002302|after compensate: cache step_6519
12-17 20:25:54.103  2852  2852 I NotificationContentView: transferRemoteInputFocus: 0
12-17 20:25:57.040  2852  2852 D StatusBar: updateNotification(StatusBarNotification(pkg=com.huawei.health user=UserHandle{0} id=10010 tag=null key=0|com.huawei.health|10010|null|10099: Notification(pri=0 contentView=null vibrate=null sound=null defaults=0x0 flags=0x62 color=0x00000000 vis=PRIVATE)))
12-17 20:25:59.700  2852  2852 I PhoneStatusBar: removeNotificationChildren
12-17 20:25:59.705  2852  2852 I StackScrollAlgorithm: updateClipping isOverlap:false
