12-17 21:30:19.160   633 31870 I SDK     : <2016-12-17 21:30:19> [WARN] SDK: UE-SeC 2016-12-17 21:30:19:160 Level[WARN] magic[3362781472 684]:PubEvt_Close Getting a socket[96] from the Socket-table Failed!
12-17 21:30:20.604  5224  5283 I Step_HSNH: 20002302|rebuild notification
12-17 21:30:20.621  2852  2852 D StatusBar: No peeking: not in use: 0|com.huawei.health|10010|null|10099
12-17 21:30:30.597  2852  2852 D HwCustMobileSignalControllerImpl: sub =0,strMccMnc =null,hashMccMnc =[],strPlmn =hw_show_4_5G_for_mcc
12-17 21:31:26.175   633 31870 I SDK     : 
12-17 21:31:26.188   633 31870 I SDK     : <2016-12-17 21:31:26> [WARN] SDK: UE-SeC 2016-12-17 21:31:26:188 Level[WARN] magic[3362781472 684]:PubEvt_Close Getting a socket[228] from the Socket-table Failed!
12-17 21:31:26.188   633 31870 I SDK     : 
12-17 21:31:26.190   633 31870 I SDK     : 
12-17 21:31:27.353  1795  2323 D HwBatteryService: onUEvent fcpStatus = 0,scpStatus =0,ovpStatus=0
12-17 21:31:27.561  5224  5224 I Step_LSC: 20002302|compensate received
12-17 21:31:29.109  1795 11745 D PowerManagerService: ready=true,policy=0,wakefulness=0,wksummary=0x1,uasummary=0x0,bootcompleted=true,boostinprogress=false,waitmodeenable=false,mode=true,manual=33,auto=-1,adj=0.0userId=0
12-17 21:31:29.219  5224  5283 I Step_FlushableStepDataCache: 20002302|upLoadOneMinuteDataToEngine time=24699690 step=159 altitude=0 motion=20002
12-17 21:32:12.076  1795  2323 D HwBatteryService: onUEvent fcpStatus = 0,scpStatus =0,ovpStatus=0
12-17 21:32:14.610  3218  3218 D HwCust  : Create obj success use class com.android.settings.deviceinfo.HwCustStatusImpl
12-17 21:32:14.641  1795  1795 D HwCHRWifiCellID: onServiceStateChanged, state is 0 1 voice home data home 中国移动 中国移动 46000 中国移动 中国移动 46000  GSM Unknown CSS not supported -1 -1 RoamInd=-1 DefRoamInd=-1 EmergOnly=false IsDataRoamingFromRegistration=false
12-17 21:32:14.654  2852  2914 I HwMobileSignalController: mExtDataOld:ExtData [mMasterNetWorkType=3, mSlaveNetWorkType=0, mMasterNetWorkLevel=5, mSlaveNetWorkLevel=-1, mDataState=2, mDataActivity=4, mDataNetType=13] mExtData:ExtData [mMasterNetWorkType=1, mSlaveNetWorkType=0, mMasterNetWorkLevel=5, mSlaveNetWorkLevel=-1, mDataState=0, mDataActivity=4, mDataNetType=0]
12-17 21:32:14.724  1795  1795 D HwMultiNlpPolicy: receive broadcast intent, action: android.net.conn.CONNECTIVITY_CHANGE
12-17 21:32:14.796  1795  2709 I ActivityManager_service: retrieveServiceLocked, callerApp: ProcessRecord{34bf34f 0:system/1000}, flags: 10000400
12-17 21:32:14.805  1795  1795 D PowerManagerService: release:lock=92318587, flg=0x0, tag="LocationService", name=com.qualcomm.location", ws=null, uid=1000, pid=1795
12-17 21:32:15.849  1046  1467 D voice_extn: update_call_states is_call_active:0 in_call:0, mode:0
12-17 21:32:15.964 32019 32019 D BetaClub_LogUpload: [UploadReceiver.onReceive] preNetStatus=-100
12-17 21:32:16.011 30946 30946 D UploadReceiver: netType-1
12-17 21:32:16.067 30932 30932 E AppLogApi/FeedbackUtils: packageInstalled true!
12-17 21:32:17.080  2852  2852 I HwSignalClusterView: apply hwPhoneState.mSubId:0 anyMobileVisible:false mIsAirplaneMode:false, mobileGroupVisible=true
12-17 21:32:17.137   633 31870 I SDK     : <2016-12-17 21:32:17> [WARN] SDK: UE-SeC 2016-12-17 21:32:17:137 Level[WARN] magic[3362781472 684]:PubEvt_Close Getting a socket[1] from the Socket-table Failed!
12-17 21:32:17.151  3218  3218 D Telephony: TelephonyConnectionService: Removing connection from IMS conference controller: [TelephonyConnection objId:95244059 telecomCallID:TC@13 type:gsm state:RINGING capabilities:[Capabilities: CAPABILITY_SUPPORT_HOLD CAPABILITY_MUTE CAPABILITY_CANNOT_DOWNGRADE_VIDEO_TO_AUDIO CAPABILITY_SPEED_UP_MT_AUDIO] properties:[Properties:] address:xxxxxxxxxxxxxxx originalConnection: callId: TC@13 incoming: true state: INCOMING post dial state: NOT_STARTED partOfConf:N]
12-17 21:32:17.176  1795 11745 I ActivityManager_service: bindServiceLocked, r: ServiceRecord{7c458f1 u0 euid: 0 com.huawei.betaclub/.receiver.RouteService}, euid: 0
12-17 21:32:17.264   633 31870 I SDK     : 
12-17 21:32:17.287   633 31870 I SDK     : <2016-12-17 21:32:17> [WARN] SDK: UE-SeC 2016-12-17 21:32:17:287 Level[WARN] magic[3362781472 684]:PubEvt_Close Getting a socket[199] from the Socket-table Failed!
12-17 21:32:17.290   633 31870 I SDK     : 
12-17 21:32:17.305   633 31870 I SDK     : <2016-12-17 21:32:17> [WARN] SDK: UE-SeC 2016-12-17 21:32:17:305 Level[WARN] magic[3362781472 684]:PubEvt_Close Getting a socket[237] from the Socket-table Failed!
12-17 21:32:17.309   633 31870 I SDK     : <2016-12-17 21:32:17> [WARN] SDK: UE-SeC 2016-12-17 21:32:17:309 Level[WARN] magic[3362781472 684]:PubEvt_Close Getting a socket[241] from the Socket-table Failed!
12-17 21:32:17.349  3626  3753 I LogCollectService: msg = 103 received
12-17 21:32:17.371  2852  2852 W HwLockScreenPanel: Handle message: 4
12-17 21:32:22.214  1046  1046 I Huawei_audio_cust: huawei_audio huawei_choose_Handset_device_incall_forHWtest: test Type =4
12-17 21:32:22.249  1795  1795 I Telecom : CarSwappingInCallServiceConnection: already connected: CSW.hCCC->ICF.pFTO@E3A_3
12-17 21:32:22.266  1795 32082 I ToneGenerator: Create New Track: 0x7f5aa2d980
12-17 21:32:22.448  3608  3608 D HwCust  : Create obj success use class android.app.HwCustNotificationImpl
12-17 21:32:22.603  1795 16498 V HwWindowManagerService: setFocusedApp update app ops, mTaskChanged set to:false
12-17 21:32:22.848  2852  2867 W HwLockScreenReporter: report result = falsereport type:122 msg:
12-17 21:32:22.997  5224  5283 I Step_HSNH: 20002302|upDateHealthNotification()|168|5.6|7872
12-17 21:32:23.227  2852  2852 I HwPhoneStatusBar: updateNotificationShade
12-17 21:32:23.255  3626  3626 E PTM.FileNodeInfo: getTempInfo error: null, 0
12-17 21:32:23.280  3466  3466 I Contacts: DialpadFragment mBroadcastReceiver action:android.intent.action.SCREEN_ON
12-17 21:32:23.334  1795 16499 D PowerManagerService: ready=true,policy=3,wakefulness=1,wksummary=0x2b,uasummary=0x1,bootcompleted=true,boostinprogress=false,waitmodeenable=false,mode=true,manual=33,auto=-1,adj=0.0userId=0
12-17 21:32:23.537  1795  1819 I EventHub: monitor check touch devices
12-17 21:32:23.998  1795  3247 I HwActivityManagerService: Split enqueueing broadcast [callerApp]:ProcessRecord{580cfb2 5224:com.huawei.health:DaemonService/u0a99}
12-17 21:32:24.359  1046 26554 I APM_AudioPolicyManager: getNewOutputDevice() selected device 0
12-17 21:32:26.014  2852  2852 I StackScrollAlgorithm: updateDimmedActivatedHideSensitive overlap:true
12-17 21:32:26.369  1795  2670 D WifiController: battery changed pluggedType: 0
12-17 21:32:26.373  2852  2852 V KeyguardUpdateMonitor: RefreshBatteryInfo isBatteryLow: 70
12-17 21:32:26.379  3626  3626 E PTM.FileNodeInfo: getTempInfo error: null, 0
12-17 21:32:26.702  3608  3608 I GlowPadView: *** UP ***
12-17 21:32:26.891  5224  5283 I Step_ExtendStepDataManager: 20002302|after compensate: cache step_7881
12-17 21:32:26.895  5224  5283 I Step_DataCache: 20002302|getTodayTotalSteps 7881
12-17 21:32:30.308 30820 30820 W System.err: 	at com.huawei.systemmanager.rainbow.comm.request.AbsServerRequest.doRequest(AbsServerRequest.java:38)
12-17 21:32:31.187  1795  1821 I WindowManger_keyguard: Setting mHideLockScreen to true by win Window{e6a6b5e u0 com.android.incallui/com.android.incallui.InCallActivity}
12-17 21:32:33.980  2852  2852 I StatusBarIconView: updateTint: tint=0
12-17 21:32:35.869  5224  5224 I Step_LSC: 20002302|compensate received
12-17 21:32:35.886  5224  5283 I Step_ExtendStepDataManager: 20002302|before compensate: cache step_7906
12-17 21:32:36.274  3626  3754 I System.out: [logcat, -b, main, -b, system, -v, threadtime, -t, 4096]
12-17 21:32:36.866  5224  5283 I Step_DataCache: 20002302|getTodayTotalSteps 7909
12-17 21:32:36.887  5224  5283 I Step_DataCache: 20002302|getTodayTotalSteps 7911
12-17 21:32:37.361   533  3739 E ANDR-PERF-MPCTL: Invalid profile no. 0, total profiles 0 only
12-17 21:32:37.997  5224  5283 I Step_LSC: 20002302|REPORT : 7914 168030 5603 0
12-17 21:32:39.471  1795 15988 I WindowManger_windowChange: oldFocusWindow: Window{3c202d7 u0 com.android.incallui/com.android.incallui.InCallActivity EXITING}, currentFocusWindow: Window{e6a6b5e u0 com.android.incallui/com.android.incallui.InCallActivity}, currentFocusApp: AppWindowToken{844a0b2 token=Token{2fd6a14 ActivityRecord{b46dc67 u0 com.android.incallui/.InCallActivity t310}}}
12-17 21:32:39.674  1046 26554 V audio_hw_primary: adev_set_parameters: exit with code(0)
12-17 21:32:39.824  3608  3608 I InCall  : VideoCallPresenter - onStateChange oldStateNO_CALLS newState=NO_CALLS isVideoMode=false
12-17 21:32:39.832  3608  3608 D InCall  : GlowPadAnswerFragment - Show answer UI: false
12-17 21:32:39.898  1795  1805 I ActivityManager_service: retrieveServiceLocked, callerApp: ProcessRecord{c5c29c4 3879:com.huawei.android.launcher/u0a61}, flags: 10000400
12-17 21:32:39.918  2852  2852 I EventCenter: EventCenter Get :com.huawei.android.action.WEATHER_CHANGE
12-17 21:32:39.948  1795  3110 I HwActivityManagerService: Split enqueueing broadcast [callerApp]:ProcessRecord{fddc75d 16628:com.huawei.android.totemweather/u0a28}
12-17 21:32:40.002  2852  2852 I RecentsTaskLoadPlan: to show tasks size is 20
12-17 21:32:40.099  2852  2852 W HwKeyguardPolicy: KGSvcCall updateKeyguardState 1->1; false false
12-17 21:32:40.173  2852  2852 I TrafficPanelViewContent: onShowStatusChange show:false
12-17 21:32:40.216  3168  3168 I CHR_ChrDataServiceTracker: handleDataStateChanged: reason = 2GVoiceCallEnded, apnName = cmnet, sub = 0, callEndReason = 0
12-17 21:32:40.781  1795  1795 D HwCHRWifiCellID: 0 1 voice home data home 中国移动 中国移动 46000 中国移动 中国移动 46000  LTE Unknown CSS not supported -1 -1 RoamInd=-1 DefRoamInd=-1 EmergOnly=false IsDataRoamingFromRegistration=false
12-17 21:32:40.787  7741  7741 V DownloadManager: roaming ------> false
12-17 21:32:40.839  5224  5224 I Step_LSC: 20002302|onStandStepChanged 69296
12-17 21:32:40.912  3218  3439 W PhoneInterfaceManager: shouldBlockLocation running ...
12-17 21:32:40.976  1795  2685 D HwPFWLogger: AutoStartupDataMgr:isUnderControll third party not in whitelist: com.sina.weibo
12-17 21:32:41.176  2852  2852 D TimeKeeper: getTimeTickInfo:[mMillisUntilFinished:0, mHour:0, mMinute:0, mSecond:0]
12-17 21:32:41.567   633 31868 I SDK     : <2016-12-17 21:32:41> [NOTICE] SDK: UE-SeC 2016-12-17 21:32:41:567 Level[NOTICE] magic[3365677344 1210]:waiting for useful network..........
12-17 21:32:41.952  2852  2852 D StepCounterView: onStepCounterChange stepsNum:7925
12-17 21:32:41.974  2852  2852 V AudioManager: querySoundEffectsEnabled...
12-17 21:32:42.881 32294 32294 I HwOUC   : [main-1]isInstallingStatus is false(/HwOucUtility.java:3211)
12-17 21:32:43.139  2883  2895 I HwSystemManager: HsmNumberMarkerManager:getNumberMarkInfoLocal Failed
12-17 21:32:43.731 32294 32313 I OUC_COTA: {"status":"1"}(/HttpCommunicator.java:312)
12-17 21:32:43.828  5224  5283 I Step_DataCache: 20002302|getTodayTotalSteps 7928
12-17 21:32:43.932  1795 11746 I NotificationManager: enqueueNotificationInternal: pkg=com.huawei.health id=10010 notification=Notification(pri=0 contentView=null vibrate=null sound=null defaults=0x0 flags=0x2 color=0x00000000 vis=PRIVATE)
12-17 21:32:45.611   633   692 I TCP     : msg.recv{4490} TcpClientThread.onRecv(TcpClientThread.java:515) TCP Msg 92TCP_OK
12-17 21:32:45.942   633 31870 I SDK     : <2016-12-17 21:32:45> [WARN] SDK: UE-SeC 2016-12-17 21:32:45:942 Level[WARN] magic[3362781472 684]:PubEvt_Close Getting a socket[92] from the Socket-table Failed!
12-17 21:32:45.948   633 31870 I SDK     : <2016-12-17 21:32:45> [WARN] SDK: UE-SeC 2016-12-17 21:32:45:948 Level[WARN] magic[3362781472 684]:PubEvt_Close Getting a socket[107] from the Socket-table Failed!
12-17 21:32:45.952   633 31870 I SDK     : 
12-17 21:32:45.954   633 31870 I SDK     : 
12-17 21:32:45.957   633 31870 I SDK     : <2016-12-17 21:32:45> [WARN] SDK: UE-SeC 2016-12-17 21:32:45:957 Level[WARN] magic[3362781472 684]:PubEvt_Close Getting a socket[188] from the Socket-table Failed!
12-17 21:32:45.964   633 31868 E SDK     : 
12-17 21:32:45.964   633 31868 I SDK     : <2016-12-17 21:32:45> [NOTICE] SDK: UE-SeC 2016-12-17 21:32:45:964 Level[NOTICE] magic[3365677344 8910]:Set local private IP is:[0.0.0.0]
12-17 21:32:46.070   633 31868 I SDK     : 
12-17 21:32:46.119  1795  6985 D HwActivityManagerService: handleANRFilterFIFO,uid = 10103cmd = 1
12-17 21:32:46.222   633 31875 I SDK     : 
12-17 21:32:47.907  5224  5283 I Step_HSNH: 20002302|rebuild notification
12-17 21:32:47.911  1795  1795 I NotificationManager: enqueueNotificationInternal: n.getKey = 0|com.huawei.health|10010|null|10099
12-17 21:32:49.901  1795  3111 I NotificationManager: enqueueNotificationInternal: pkg=com.huawei.health id=10010 notification=Notification(pri=0 contentView=null vibrate=null sound=null defaults=0x0 flags=0x2 color=0x00000000 vis=PRIVATE)
12-17 21:32:51.574  2883 32376 I HwSystemManager: ContactsObserverHelper:applyContactsUpdate: Ends
12-17 21:32:51.657  1795  2737 W WifiProJNI: poll before: g_monitor_fd =310
12-17 21:32:51.927   606 32377 E libteec : start to shutdown app
12-17 21:32:52.364  1795  2381 D libfingersense_wrapper: fingersense_touch_up() finished
12-17 21:32:52.958  1795  1795 D TrustManagerService: Removing dead TrustListener.
12-17 21:32:54.290  2852  2914 I HwMobileSignalController: subId:0 phoneType:1 networktype:13 targetClass:3 masterLevel:5 slaveLevel:-1
12-17 21:32:55.768  1795  3121 I ActivityManager_broadcast: Enqueueing ordered broadcast[background] BroadcastRecord{9c2c4f5 u0 com.huawei.android.action.WEATHER_CHANGE}: prev had 0
12-17 21:32:55.864  3879  4201 I TotemWeather: WidgetDataManager:my location is 77666
12-17 21:32:55.880  5224  5283 I Step_DataCache: 20002302|getTodayTotalSteps 7961
12-17 21:32:55.891  2852  2852 I StatusBar: onNotificationPosted: StatusBarNotification(pkg=com.huawei.health user=UserHandle{0} id=10010 tag=null key=0|com.huawei.health|10010|null|10099: Notification(pri=0 contentView=null vibrate=null sound=null defaults=0x0 flags=0x62 color=0x00000000 vis=PRIVATE)) important=2, post=1481981575887, when=1481531589202, vis=0, userid=0
12-17 21:32:56.033  3180 32196 I DownloadState: @@@@@@@@@@@@ uid :10028 download :true
12-17 21:32:56.768  5224  5283 I Step_DataCache: 20002302|getTodayTotalSteps 7962
12-17 21:32:56.965  2852  2852 D HwKeyguardAbsKeyInputView: !!! onInputChecked-10  false
12-17 21:32:57.878  2852  2852 W PanelView: set notification panel padding = 1675
12-17 21:33:02.843  2852  2852 D StatusBar: reusing notification for key: 0|com.huawei.health|10010|null|10099
12-17 21:33:03.839  2852  2852 I NotificationGroupManager: onEntryAdded:0|com.huawei.health|10010|null|10099, group=0|com.huawei.health|10010|null|10099
12-17 21:33:05.501  2852  2852 V AudioManager: querySoundEffectsEnabled...
12-17 21:33:08.822  2852  2852 W AppHandler: sendMessage 4
12-17 21:33:09.799  1795  2778 I HwActivityManagerService: Split enqueueing broadcast [callerApp]:ProcessRecord{580cfb2 5224:com.huawei.health:DaemonService/u0a99}
12-17 21:33:14.671  5224  5224 I Step_LSC: 20002302|compensate received
12-17 21:33:15.807  2852  2852 I HwSignalClusterView: apply hwPhoneState.mSubId:0 anyMobileVisible:false mIsAirplaneMode:false, mobileGroupVisible=true
12-17 21:33:18.659  5224  5283 I Step_ExtendStepDataManager: 20002302|after compensate: cache step_8004
12-17 21:33:18.780  2852  2852 I StackScrollAlgorithm: overlapAmount:323.0, previousNotificationEnd:0.0, newYTranslation:-323.0, location:4, i:0, getTopPadding:837.0, getLocationOnScreen():-499
12-17 21:33:19.761  2852  2852 D StatusBar: updateNotification(StatusBarNotification(pkg=com.huawei.health user=UserHandle{0} id=10010 tag=null key=0|com.huawei.health|10010|null|10099: Notification(pri=0 contentView=null vibrate=null sound=null defaults=0x0 flags=0x62 color=0x00000000 vis=PRIVATE)))
12-17 21:33:22.362  1795  3237 I PGManagerService: proxyWakeLockByPidUid, pid: 28289, uid: 10020, proxy: true
12-17 21:33:22.362  3180  3578 I ash     : Proxy wakelock uid = 10020 pid = 28289
12-17 21:33:22.634  5224  5224 I Step_LSC: 20002302|compensate received
12-17 21:33:25.746  2852  2852 I HwNotificationIconAreaController: showNotificationAll
12-17 21:33:27.725  5224  5283 I Step_ExtendStepDataManager: 20002302|compensate 24699693 52
12-17 21:33:28.741  2852  2852 D HwCustMobileSignalControllerImpl: isCurrentBySim()=false
12-17 21:33:31.719  2852  2852 I TrafficPanelManager: hideTraffic
12-17 21:33:32.703  2852  2852 D StatusBar: updateNotification(StatusBarNotification(pkg=com.huawei.health user=UserHandle{0} id=10010 tag=null key=0|com.huawei.health|10010|null|10099: Notification(pri=0 contentView=null vibrate=null sound=null defaults=0x0 flags=0x62 color=0x00000000 vis=PRIVATE)))
12-17 21:33:33.700  2852  2852 I NotificationGroupManager: onEntryAdded:0|com.huawei.health|10010|null|10099, group=0|com.huawei.health|10010|null|10099
12-17 21:33:41.107 30820 30820 E HsmJoinRequest: getHttpsResponsesString exception!
12-17 21:33:41.111 30820 30820 D HsmJoinRequest: doPostRequest openConnection already!
12-17 21:33:42.668  2852  2852 I HwNotificationIconAreaController: showNotificationAll
12-17 21:33:43.019  3858  4126 I amsnl   : t:false, fl: false, p: 2147483647000, ce: true, we: false
12-17 21:33:44.643  1795  1795 V NotificationService: disableEffects=null canInterrupt=false once update: false
12-17 21:33:44.648  2852  2852 D StatusBar: No peeking: not in use: 0|com.huawei.health|10010|null|10099
12-17 21:33:45.635  5224  5283 I Step_HSNH: 20002302|upDateHealthNotification()|171|5.69|8053
12-17 21:33:45.661  2852  2852 I StackScrollAlgorithm: updateClipping isOverlap:true
12-17 21:33:46.726  1795  1795 I MQoS    : onSignal: mSubId=0,currDataSubID=0
12-17 21:33:48.645  2852  2852 I PhoneStatusBar: removeNotificationChildren
12-17 21:33:48.646  2852  2852 I HwNotificationIconAreaController: showNotificationAll
12-17 21:33:51.620  2852  2852 I StatusBar: onNotificationPosted: StatusBarNotification(pkg=com.huawei.health user=UserHandle{0} id=10010 tag=null key=0|com.huawei.health|10010|null|10099: Notification(pri=0 contentView=null vibrate=null sound=null defaults=0x0 flags=0x62 color=0x00000000 vis=PRIVATE)) important=2, post=1481981631615, when=1481531589202, vis=0, userid=0
12-17 21:33:52.347  2852  2852 D HwKeyguardAbsKeyInputView: !!! onInputChecked-10  true
12-17 21:33:52.614  2852  2852 I NotificationGroupManager: onEntryUpdated:0|com.huawei.health|10010|null|10099
12-17 21:33:54.496  5224  5283 I Step_DataCache: 20002302|getTodayTotalSteps 8069
12-17 21:33:56.348  1795  3249 D PowerManagerService: ready=true,policy=3,wakefulness=1,wksummary=0x0,uasummary=0x1,bootcompleted=true,boostinprogress=false,waitmodeenable=false,mode=true,manual=33,auto=-1,adj=0.0userId=0
12-17 21:33:56.599  2852  2852 D StatusBar: applyInPlace=true shouldPeek=false alertAgain=true
12-17 21:33:57.595  2852  2852 I NotificationGroupManager: onEntryAdded:0|com.huawei.health|10010|null|10099, group=0|com.huawei.health|10010|null|10099
12-17 21:33:58.576  5224  5283 I Step_LSC: 20002302|REPORT : 8077 170664 5691 0
12-17 21:34:00.042  5224  5224 I Step_LSC: 20002302|logicalDealBroadcastEvent : Intent { act=android.intent.action.TIME_TICK flg=0x50000014 (has extras) }
12-17 21:34:07.565  2852  2852 W HwLockScreenPanel: Handle message: 4
12-17 21:34:16.401  5224  5224 I Step_LSC: 20002302|compensate received
12-17 21:34:16.509  1795  1795 I NotificationManager: enqueueNotificationInternal: n.getKey = 0|com.huawei.health|10010|null|10099
12-17 21:34:17.405  5224  5283 I Step_ExtendStepDataManager: 20002302|before compensate: cache step_8109
12-17 21:34:19.189  1795  6985 D PowerManagerService: ready=true,policy=3,wakefulness=1,wksummary=0x1,uasummary=0x1,bootcompleted=true,boostinprogress=false,waitmodeenable=false,mode=true,manual=33,auto=-1,adj=0.0userId=0
12-17 21:34:20.520  2852  2852 W PanelView: set notification panel padding = 1675
12-17 21:34:21.508  2852  2852 I StackScrollAlgorithm: overlapAmount:323.0, previousNotificationEnd:0.0, newYTranslation:-323.0, location:4, i:0, getTopPadding:837.0, getLocationOnScreen():-499
12-17 21:34:23.380  5224  5283 I Step_ExtendStepDataManager: 20002302|compensate 24699694 45
12-17 21:34:25.472  2852  2852 D HwCust  : Create obj success use class android.app.HwCustNotificationImpl
12-17 21:34:25.473  2852  2852 D StatusBar: No peeking: not in use: 0|com.huawei.health|10010|null|10099
12-17 21:34:29.177   633 31870 I SDK     : <2016-12-17 21:34:29> [WARN] SDK: UE-SeC 2016-12-17 21:34:29:177 Level[WARN] magic[3362781472 684]:PubEvt_Close Getting a socket[9] from the Socket-table Failed!
12-17 21:34:29.193   633 31870 I SDK     : 
12-17 21:34:29.196   633 31870 I SDK     : <2016-12-17 21:34:29> [WARN] SDK: UE-SeC 2016-12-17 21:34:29:196 Level[WARN] magic[3362781472 684]:PubEvt_Close Getting a socket[93] from the Socket-table Failed!
12-17 21:34:29.458  2852  2852 I StatusBarIconView: updateTint: tint=0
12-17 21:34:29.506   633 31868 I SDK     : 
12-17 21:34:31.460  2852  2852 I NotificationGroupManager: onEntryAdded:0|com.huawei.health|10010|null|10099, group=0|com.huawei.health|10010|null|10099
12-17 21:34:31.745  1795  1795 I WifiProJNI: ######### CMD_QUERY_PKTS ########
12-17 21:34:33.066   816 32564 D DnsProxyListener: GetAddrInfoHandler addr: uc.huawei.com {307, 917811, 10102} 45.249.213.63
12-17 21:34:35.319  5224  5283 I Step_DataCache: 20002302|getTodayTotalSteps 8143
12-17 21:34:35.420  1795 15982 I HwActivityManagerService: Split enqueueing broadcast [callerApp]:ProcessRecord{580cfb2 5224:com.huawei.health:DaemonService/u0a99}
12-17 21:34:35.444  1795 16501 D ApplicationPackageManager: queryIntentActivitiesAsUser size results:1, for package:com.huawei.espacev2
12-17 21:34:38.212  2852  2852 D HwCustMobileSignalControllerImpl: sub =0,strMccMnc =null,hashMccMnc =[],strPlmn =hw_show_4_5G_for_mcc
12-17 21:34:38.286  1795  1825 I PowerManager_screenOn: DisplayPowerStatesetColorFadeLevel: level=0.5936906
12-17 21:34:38.423  2852  2852 D HwCust  : Create obj success use class android.app.HwCustNotificationImpl
12-17 21:34:38.644  2852  2852 I HwPhoneStatusBarTransitions: setBackgroundAlpha:alpha=0.0
12-17 21:34:38.647  1795  1795 D HwKeyguardManagerImpl: isLockScreenDisabled HwKeyguardManagerImpl result = false
12-17 21:35:42.162   633 31870 I SDK     : 
12-17 21:35:42.189   633 31870 I SDK     : <2016-12-17 21:35:42> [WARN] SDK: UE-SeC 2016-12-17 21:35:42:189 Level[WARN] magic[3362781472 684]:PubEvt_Close Getting a socket[84] from the Socket-table Failed!
12-17 21:35:42.197   633 31870 I SDK     : <2016-12-17 21:35:42> [WARN] SDK: UE-SeC 2016-12-17 21:35:42:197 Level[WARN] magic[3362781472 684]:PubEvt_Close Getting a socket[137] from the Socket-table Failed!
12-17 21:35:42.198   633 31870 I SDK     : <2016-12-17 21:35:42> [WARN] SDK: UE-SeC 2016-12-17 21:35:42:198 Level[WARN] magic[3362781472 684]:PubEvt_Close Getting a socket[151] from the Socket-table Failed!
12-17 21:35:42.199   633 31870 I SDK     : 
12-17 21:35:42.204   633 31870 I SDK     : <2016-12-17 21:35:42> [WARN] SDK: UE-SeC 2016-12-17 21:35:42:204 Level[WARN] magic[3362781472 684]:PubEvt_Close Getting a socket[196] from the Socket-table Failed!
12-17 21:35:42.224   633 31870 I SDK     : 
12-17 21:35:42.342   633 31868 I SDK     : 
12-17 21:35:42.482   633 31868 E SDK     : 
12-17 21:35:43.314  3218  3218 D QC_RIL_OEM_HOOK: Received Broadcast Intent ACTION_UNSOL_RESPONSE_OEM_HOOK_RAW
12-17 21:35:47.202  2852  2852 I SignalClusterView: applyIconTint ignore
12-17 21:35:47.214  1795  3121 D PowerManagerService: ready=true,policy=0,wakefulness=0,wksummary=0x1,uasummary=0x0,bootcompleted=true,boostinprogress=false,waitmodeenable=false,mode=true,manual=33,auto=-1,adj=0.0userId=0
12-17 21:35:47.264  2852  2852 W HwLockScreenPanel: Handle message: 4
12-17 21:36:43.578  1795  2323 E UsbDeviceManager: java.io.FileNotFoundException: sys/class/hw_power/charger/charge_data/water_intrused (No such file or directory)
12-17 21:36:43.591   633 31870 I SDK     : <2016-12-17 21:36:43> [WARN] SDK: UE-SeC 2016-12-17 21:36:43:591 Level[WARN] magic[3362781472 684]:PubEvt_Close Getting a socket[3] from the Socket-table Failed!
12-17 21:36:43.597  1795  1819 D NetworkManagement: notifyInterfaceClassActivity: client is com.android.server.connectivity.Vpn$2@e40aefb
12-17 21:36:43.601  2852  2852 I NotificationGroupManager: onEntryAdded:0|com.huawei.health|10010|null|10099, group=0|com.huawei.health|10010|null|10099
12-17 21:36:43.930  5224  5283 I Step_FlushableStepDataCache: 20002302|writeDataToDB size 8496
12-17 21:36:43.939  5224  5283 I SendBroadcastPermission: action:android.com.huawei.bone.NOTIFY_SPORT_DATA, mPermissionType:0
12-17 21:36:43.958  2852  2852 I HwPhoneStatusBar: updateNotificationShade
12-17 21:36:43.963   633 32634 I SDK     : <2016-12-17 21:36:43> [NOTICE] SDK: UE-SeC 2016-12-17 21:36:43:963 Level[NOTICE] magic[2423580960 2421]:FileSec: have right to open file due to cur app sec level = 0 is higher than file app(&5ߢ[@ñ?z]) sec level = 0.
12-17 21:36:43.969   633 32634 E SDK     : <2016-12-17 21:36:43> [ERR] SDK: UE-SeC 2016-12-17 21:36:43:969 Level[ERR] magic[2423580960 3436]:KeySpace : getkey w00290667_fullName not null
12-17 21:36:43.975   633 32634 I SDK     : <2016-12-17 21:36:43> [NOTICE] SDK: UE-SeC 2016-12-17 21:36:43:975 Level[NOTICE] magic[2423580960 2487]:FSM_OpenFile => [END]
12-17 21:36:44.287   633 32634 E SDK     : svnConnect to 10.3.42.38,80
12-17 21:36:44.749  3382  3399 D QcrilMsgTunnelSocket: Response ID 525306 is not served in this process.
12-17 21:36:44.793  2852  2852 D HwCust  : Create obj success use class android.app.HwCustNotificationImpl
12-17 21:37:45.234  5224  5283 I Step_LSC: 20002302|calculateAltitudeWithCache totalAltitude=0
12-17 21:37:45.276  2852  2852 I StatusBarIconView: updateTint: tint=0
12-17 21:37:45.276  2852  2852 I NotificationGroupManager: onEntryAdded:0|com.huawei.health|10010|null|10099, group=0|com.huawei.health|10010|null|10099
12-17 21:37:45.911 25103 25103 I SendBroadcastPermission: action:null, mPermissionType:0
12-17 21:37:46.739  2852  2852 I StatusBar: onNotificationPosted: StatusBarNotification(pkg=com.huawei.health user=UserHandle{0} id=10010 tag=null key=0|com.huawei.health|10010|null|10099: Notification(pri=0 contentView=null vibrate=null sound=null defaults=0x0 flags=0x62 color=0x00000000 vis=PRIVATE)) important=2, post=1481981866732, when=1481531589202, vis=0, userid=0
12-17 21:37:46.744  2852  2852 D HwCust  : Create obj success use class android.app.HwCustNotificationImpl
12-17 21:37:47.070   633 31870 I SDK     : 
12-17 21:37:47.073   633 31870 I SDK     : 
12-17 21:37:47.502   633 32686 I SDK     : 
12-17 21:37:47.729  2852  2852 I PhoneStatusBar: updateNotificationShade
12-17 21:38:47.815   633 31870 I SDK     : <2016-12-17 21:38:47> [WARN] SDK: UE-SeC 2016-12-17 21:38:47:815 Level[WARN] magic[3362781472 684]:PubEvt_Close Getting a socket[80] from the Socket-table Failed!
12-17 21:38:47.821   633 31870 I SDK     : 
12-17 21:38:47.822   633 31870 I SDK     : 
12-17 21:38:47.837   633 31870 I SDK     : <2016-12-17 21:38:47> [WARN] SDK: UE-SeC 2016-12-17 21:38:47:836 Level[WARN] magic[3362781472 684]:PubEvt_Close Getting a socket[198] from the Socket-table Failed!
12-17 21:38:47.852   633 31870 I SDK     : 
12-17 21:38:48.133   633 31875 I SDK     : 
12-17 21:38:48.877  5224  5283 I Step_HSNH: 20002302|rebuild notification
12-17 21:38:49.033  3218  4159 W PhoneInterfaceManager: shouldBlockLocation running ...
12-17 21:38:49.789  2852  2852 W PanelView: set notification panel padding = 1675
12-17 21:38:50.099  7741  7758 D TmoMonitor: Cache monitor msg as screen_off
12-17 21:39:52.455   633 31870 I SDK     : 
12-17 21:39:52.497   633 32742 I SDK     : <2016-12-17 21:39:52> [NOTICE] SDK: UE-SeC 2016-12-17 21:39:52:497 Level[NOTICE] magic[2423580960 830]:End to proc tunnel status change: result=0
12-17 21:39:52.820   633 31868 I SDK     : <2016-12-17 21:39:52> [NOTICE] SDK: UE-SeC 2016-12-17 21:39:52:820 Level[NOTICE] magic[3365677344 2326]:FSM_OpenFile => [START],Mode[w]
12-17 21:39:53.705  3382  3399 I SendBroadcastPermission: action:qualcomm.intent.action.ACTION_RAC_CHANGED, mPermissionType:0
12-17 21:39:53.754  7741  7758 D TmoMonitor: Cache monitor msg as screen_off
12-17 21:39:53.790  1795  1808 I ActivityManager_broadcast: dispatch ordered broadcast [background] BroadcastRecord{e5ddd51 u0 android.intent.action.LTE_CA_STATE}, has 1 receivers
12-17 21:40:03.964  1795  3238 D PowerManagerService: ready=true,policy=0,wakefulness=0,wksummary=0x1,uasummary=0x0,bootcompleted=true,boostinprogress=false,waitmodeenable=false,mode=true,manual=33,auto=-1,adj=0.0userId=0
12-17 21:40:03.973  1795  6986 D PowerManagerService: ready=true,policy=0,wakefulness=0,wksummary=0x1,uasummary=0x0,bootcompleted=true,boostinprogress=false,waitmodeenable=false,mode=true,manual=33,auto=-1,adj=0.0userId=0
12-17 21:40:04.161  5224  5283 I Step_ExtendStepDataManager: 20002302|after compensate: cache step_8730
12-17 21:40:05.068   816   454 D DnsProxyListener: GetAddrInfoHandler addr: app-inter.huawei.com {307, 917811, 10102} 45.249.212.91
12-17 21:40:05.141  2852  2852 I HwNotificationIconAreaController: showNotificationAll
12-17 21:40:05.245  5224  5224 I Step_LSC: 20002302|compensate received
12-17 21:40:05.253  5224  5283 I Step_ExtendStepDataManager: 20002302|before compensate: cache step_8733
12-17 21:40:05.353  5224  5283 I Step_HSNH: 20002302|upDateHealthNotification()|187|6.23|8734
12-17 21:40:05.371  2852  2852 D HwCust  : Create obj success use class android.app.HwCustNotificationImpl
12-17 21:40:06.003  3382  3382 I SendBroadcastPermission: action:com.qualcomm.intent.action.ACTION_UNSOL_RESPONSE_OEM_HOOK_RAW, mPermissionType:0
12-17 21:40:06.092  2852  2852 D HwCustMobileSignalControllerImpl: isCurrentBySim()=false
12-17 21:40:06.092  2852  2852 D HwCustMobileSignalControllerImpl: sub =0,strMccMnc =null,hashMccMnc =[],strPlmn =hw_show_4_5G_for_mcc
12-17 21:40:06.102  1795 16232 D PowerManagerService: ready=true,policy=0,wakefulness=0,wksummary=0x1,uasummary=0x0,bootcompleted=true,boostinprogress=false,waitmodeenable=false,mode=true,manual=33,auto=-1,adj=0.0userId=0
12-17 21:40:07.348  2852  2852 D HwCustMobileSignalControllerImpl: sub =0,strMccMnc =null,hashMccMnc =[],strPlmn =hw_customized_networkType_entry
12-17 21:40:11.325  2852  2852 I StatusBarIconView: updateTint: tint=0
12-17 21:40:11.357  2852  2852 I HwSignalClusterView: setMobileDataIndicatorsHuawei subId:0 visible:true strengthIcon:2130839311 typeIcon:2130839195 contentDescription:手机信号满格。 typeContentDescription:4G isTypeIconWide:true showActivity:true activityIn:false activityOut:false isRoaming:false
12-17 21:40:11.421  3218  3218 E HW-JPEG-DEC: [HME_JPEG_DEC_Delete](3298): HME_JPEG_DEC_Delete: decoder_ctx=null
12-17 21:40:12.508  1795 15987 D PowerManagerService: ready=true,policy=0,wakefulness=0,wksummary=0x1,uasummary=0x0,bootcompleted=true,boostinprogress=false,waitmodeenable=false,mode=true,manual=33,auto=-1,adj=0.0userId=0
12-17 21:40:12.546  2852  2852 I HwSignalClusterView: setMobileDataIndicatorsHuawei subId:0 visible:true strengthIcon:2130839311 typeIcon:2130839197 contentDescription:手机信号满格。 typeContentDescription:LTE isTypeIconWide:true showActivity:true activityIn:false activityOut:false isRoaming:false
12-17 21:40:16.316  5224  5283 I Step_HSNH: 20002302|upDateHealthNotification()|187|6.23|8747
12-17 21:40:16.335  1795  3247 D PowerManagerService: acquire lock=102284811, flags=0x1, tag="RILJ_ACK_WL", name=com.android.phone, ws=null, uid=1001, pid=3218
12-17 21:41:09.874   633 31870 I SDK     : 
12-17 21:41:09.918   633 31870 I SDK     : <2016-12-17 21:41:09> [WARN] SDK: UE-SeC 2016-12-17 21:41:9:918 Level[WARN] magic[3362781472 684]:PubEvt_Close Getting a socket[59] from the Socket-table Failed!
12-17 21:41:09.922   633 31870 I SDK     : <2016-12-17 21:41:09> [WARN] SDK: UE-SeC 2016-12-17 21:41:9:922 Level[WARN] magic[3362781472 684]:PubEvt_Close Getting a socket[80] from the Socket-table Failed!
12-17 21:41:10.065   633 31868 I SDK     : <2016-12-17 21:41:10> [NOTICE] SDK: UE-SeC 2016-12-17 21:41:10:65 Level[NOTICE] magic[3365677344 2814]:Handshake start,SSL timeout is 20s
12-17 21:41:10.182   633 31868 I SDK     : <2016-12-17 21:41:10> [NOTICE] SDK: UE-SeC 2016-12-17 21:41:10:182 Level[NOTICE] magic[3365677344 2801]:Send resume tunnel request msg ok!
12-17 21:41:10.290   633 31870 I SDK     : <2016-12-17 21:41:10> [WARN] SDK: UE-SeC 2016-12-17 21:41:10:290 Level[WARN] magic[3362781472 684]:PubEvt_Close Getting a socket[104] from the Socket-table Failed!
12-17 21:41:10.291   633 31870 I SDK     : 
12-17 21:41:10.299   633 31870 I SDK     : 
12-17 21:41:10.594   633 31870 I SDK     : 
12-17 21:41:10.629   633 31868 I SDK     : 
12-17 21:41:29.516   633   583 I SDK     : 
12-17 21:41:29.530  1795  1819 D NetworkManagement: notifyInterfaceClassActivity: client is com.android.server.net.NetworkPolicyManagerService$13@4df0feb
12-17 21:41:29.858  5224  5283 I Step_FlushableStepDataCache: 20002302|upLoadOneMinuteDataToEngine time=24699698 step=123 altitude=0 motion=20002
12-17 21:41:29.966  2852  2852 I StatusBar: onNotificationPosted: StatusBarNotification(pkg=com.huawei.health user=UserHandle{0} id=10010 tag=null key=0|com.huawei.health|10010|null|10099: Notification(pri=0 contentView=null vibrate=null sound=null defaults=0x0 flags=0x62 color=0x00000000 vis=PRIVATE)) important=2, post=1481982089961, when=1481531589202, vis=0, userid=0
12-17 21:41:30.960   633   615 I SDK     : <2016-12-17 21:41:30> [NOTICE] SDK: UE-SeC 2016-12-17 21:41:30:960 Level[NOTICE] magic[2413013280 166]:Detect id is [1] when login ,this time!
12-17 21:41:31.025   633 31868 I SDK     : <2016-12-17 21:41:31> [NOTICE] SDK: UE-SeC 2016-12-17 21:41:31:25 Level[NOTICE] magic[3365677344 7509]:Currently udp detect response ok,detect id is [1],ack id is [1]!
12-17 21:41:31.287   633   692 I eSpaceService: LoginThread{6393} LoginC.doLoginByStep(LoginC.java:203) Login_By_Step-> at SVNConnect
12-17 21:41:32.690  2852  2852 D StepCounterView: onStepCounterChange stepsNum:8889
12-17 21:42:02.622 31532   676 I PlaceRecognitionService: work start startId : 1
12-17 21:42:34.339   816  1562 W SocketListener: sending broadcast to Pid = 1795, Uid = 1000 
12-17 21:42:34.343   633 31870 I SDK     : <2016-12-17 21:42:34> [WARN] SDK: UE-SeC 2016-12-17 21:42:34:343 Level[WARN] magic[3362781472 684]:PubEvt_Close Getting a socket[5] from the Socket-table Failed!
12-17 21:42:34.344   633 31870 I SDK     : <2016-12-17 21:42:34> [WARN] SDK: UE-SeC 2016-12-17 21:42:34:344 Level[WARN] magic[3362781472 684]:PubEvt_Close Getting a socket[11] from the Socket-table Failed!
12-17 21:42:34.344   633 31870 I SDK     : 
12-17 21:42:34.346   633 31870 I SDK     : <2016-12-17 21:42:34> [WARN] SDK: UE-SeC 2016-12-17 21:42:34:345 Level[WARN] magic[3362781472 684]:PubEvt_Close Getting a socket[20] from the Socket-table Failed!
12-17 21:42:34.369   633 31870 I SDK     : <2016-12-17 21:42:34> [WARN] SDK: UE-SeC 2016-12-17 21:42:34:369 Level[WARN] magic[3362781472 684]:PubEvt_Close Getting a socket[62] from the Socket-table Failed!
12-17 21:42:34.374   633 31870 I SDK     : <2016-12-17 21:42:34> [WARN] SDK: UE-SeC 2016-12-17 21:42:34:374 Level[WARN] magic[3362781472 684]:PubEvt_Close Getting a socket[96] from the Socket-table Failed!
12-17 21:42:34.380   633 31870 I SDK     : <2016-12-17 21:42:34> [WARN] SDK: UE-SeC 2016-12-17 21:42:34:380 Level[WARN] magic[3362781472 684]:PubEvt_Close Getting a socket[140] from the Socket-table Failed!
12-17 21:42:34.380   633 31870 I SDK     : 
12-17 21:42:34.393   633 31870 I SDK     : 
12-17 21:42:34.394   633 31870 I SDK     : 
12-17 21:42:34.398   633 31868 E SDK     : <2016-12-17 21:42:34> [ERR] SDK: UE-SeC 2016-12-17 21:42:34:398 Level[ERR] magic[3365677344 223]:L4VPN notify callback :Status[2], ErrorCode[0]!
12-17 21:42:34.679  2852  2852 D StatusBar: reusing notification for key: 0|com.huawei.health|10010|null|10099
12-17 21:42:35.658  5224  5283 I Step_ExtendStepDataManager: 20002302|before compensate: cache step_9002
12-17 21:42:36.820  2852  2852 I TrafficPanelManager: hideTraffic
12-17 21:42:55.395  1795  2323 E UsbDeviceManager: 	at java.io.FileInputStream.open(Native Method)
12-17 21:43:12.606  1795  2323 E UsbDeviceManager: java.io.FileNotFoundException: sys/class/hw_power/charger/charge_data/water_intrused (No such file or directory)
12-17 21:43:31.984  1795  1819 D NetworkManagement: notifyInterfaceClassActivity: client is com.android.server.ethernet.EthernetNetworkFactory$InterfaceObserver@fccfd35
12-17 21:43:32.084  1795  1819 D NetworkManagement: notifyInterfaceClassActivity: client is android.net.INetworkManagementEventObserver$Stub$Proxy@c0acf8b
12-17 21:44:40.280  1795  2376 I AlarmManager: sending alarm Alarm{50d7ca4 type 2 when 450815126 com.huawei.indexsearch.observer},repeatInterval = 0,listenerTag =null
12-17 21:44:40.285  2852  2852 I HwDateUtils:  formatChinaDateTime equals.
12-17 21:44:42.146  2852  2852 D HwCust  : Create obj success use class android.app.HwCustNotificationImpl
12-17 21:45:33.488  2852  2852 D StatusBar: applyInPlace=true shouldPeek=false alertAgain=true
12-17 21:47:07.359  1795  2323 E UsbDeviceManager: java.io.FileNotFoundException: sys/class/hw_power/charger/charge_data/water_intrused (No such file or directory)
12-17 21:47:07.814  2852  2852 I HwNotificationIconAreaController: showNotificationAll
12-17 21:47:08.100  1795  3884 I NotificationManager: enqueueNotificationInternal: pkg=com.huawei.health id=10010 notification=Notification(pri=0 contentView=null vibrate=null sound=null defaults=0x0 flags=0x2 color=0x00000000 vis=PRIVATE)
12-17 21:47:12.355  3858  4126 I amsnl   : c: true, w: false, t: false, l: false
12-17 21:47:12.872  2852  2852 D HwCustMobileSignalControllerImpl: isCurrentBySim()=false
12-17 21:47:15.022  1795  2323 E UsbDeviceManager: 	at com.android.server.usb.UsbDeviceManager$2.onUEvent(UsbDeviceManager.java:328)
12-17 21:47:15.025  3218  3218 E QtiImsExtUtils: isCarrierConfigEnabled bundle is null
12-17 21:47:17.848  3218  3218 I QImsService: ImsServiceSub : StatusForAccessTech networkMode = -1 registered = 2 status = 0 restrictCause = 0
12-17 21:47:17.955  1795  2685 D HwPFWLogger: AutoStartupDataMgr:retrieveStartupSettings type 0 of com.netease.newsreader.activity is 0
12-17 21:47:17.956  1795  2685 D HwPFWLogger: AutoStartupDataMgr:retrieveStartupSettings type 0 of com.ss.android.article.news is 0
12-17 21:47:18.059  1795  1808 V HwBroadcastQueue: trim and enqueue background Parallel:(2) Ordered:(0)(BroadcastRecord{c2dfe63 u-1 android.net.conn.CONNECTIVITY_CHANGE})
12-17 21:47:18.127  7741  7741 W Mms_TXM_SVC: ConnectivityBroadcastReceiver.onReceive() action: android.net.conn.CONNECTIVITY_CHANGE
12-17 21:47:18.970  1795 16232 D PowerManagerService: acquire lock=102284811, flags=0x1, tag="RILJ_ACK_WL", name=com.android.phone, ws=null, uid=1001, pid=3218
12-17 21:47:19.178  1795  1795 D CountryDetector: isValidCountryIso: CN
12-17 21:47:20.909  1795  1795 I NotificationManager: enqueueNotificationInternal: n.getKey = 0|com.huawei.health|10010|null|10099
12-17 21:47:21.802  5224  5283 I Step_ExtendStepDataManager: 20002302|after compensate: cache step_9764
12-17 21:47:21.925  2852  2852 D StatusBar: applyInPlace=true shouldPeek=false alertAgain=true
12-17 21:47:22.843  5224  5283 I SendBroadcastPermission: action:android.com.huawei.bone.NOTIFY_SPORT_DATA, mPermissionType:0
12-17 21:47:24.399  1795  1795 D MotionDetectionManager: startMotionAppsRecoAsUser motionApps: 301
12-17 21:47:24.436  1795  1795 D RelayBroadcast: getCurProcessName pid: 1795
12-17 21:47:24.605  1795  2332 I qti_sensors_hal: [ACC]processReportInd: X: -5.122989 Y: -9.226099 Z: -2.550195  x_offset:0.160831 y_offset:0.184366 z_offset:0.985027
12-17 21:47:24.740  3608  3608 D InCall  : InCallActivity - showCurrentOperatorInfo
12-17 21:47:24.783  3608  3608 D InCall  : CallCardPresenter - onStateChange() INCOMING
12-17 21:47:24.787  3608  3608 I InCall  : CallCardFragment - activeCall = nullbackagroundCall = null
12-17 21:47:24.899 31532 31532 D HwIntelligent3_IntelligentReceiver: onReceive ,intent:Intent { act=com.android.systemui.statusbar.visible.change flg=0x10 cmp=com.huawei.intelligent/.main.receiver.IntelligentReceiver (has extras) }
12-17 21:47:24.899  1795 16499 D StatusBarManagerService: manageDisableList userId=0 what=0x3010000 pkg=com.android.systemui
12-17 21:47:24.935  2852  2852 W DisabledFeatureUtils: Dis-Feature : 0
12-17 21:47:25.006  1795  2778 D PowerManagerService: acquire lock=178730506, flags=0x1, tag="RILJ_ACK_WL", name=com.android.phone, ws=null, uid=1001, pid=3218
12-17 21:47:25.079  1795 16501 D ActivityManager: Skipping, home stack task: TaskRecord{37babfb #297 A=com.huawei.android.launcher U=0 StackId=0 sz=1}
12-17 21:47:25.080  1795 16501 D ActivityManager: Skipping, withExcluded: false, tr.intent:Intent { flg=0x10804000 cmp=com.android.systemui/.recents.RecentsActivity bnds=[48,1199][1032,2447] }
12-17 21:47:25.353  3466  3466 I Contacts: DialpadFragment mBroadcastReceiver action:android.intent.action.SCREEN_ON
12-17 21:47:25.361  2852  2852 I NotificationGroupManager: onEntryAdded:0|com.huawei.health|10010|null|10099, group=0|com.huawei.health|10010|null|10099
12-17 21:47:25.386  1795  3238 I AlarmManager: set(PendingIntent{f474498: PendingIntentRecord{7f86237 com.huawei.espacev2 broadcastIntent}}) : type=0 triggerAtTime=1481982745385 win=0 tElapsed=451281748 maxElapsed=451281748 interval=300000 flags=0x1
12-17 21:47:28.702  1795  1809 I WindowManager: updateRotationUnchecked(alwaysSendConfiguration=false)
12-17 21:47:29.087  5224  5283 I SendBroadcastPermission: action:android.com.huawei.bone.NOTIFY_SPORT_DATA, mPermissionType:0
12-17 21:47:30.070  1795  1809 I WindowManager: Application requested orientation 1, got rotation 0 which has compatible metrics
12-17 21:47:30.113  2852  2852 I PhoneStatusBar: removeNotificationChildren
12-17 21:47:31.995  1795  1809 I WindowManager: rotationForOrientationLw(orient=1, last=0); user=0 
12-17 21:47:33.119  2852  2852 I NotificationContentView: transferRemoteInputFocus: 0
12-17 21:47:34.769  1795  3249 D PowerManagerService: acquire lock=178730506, flags=0x1, tag="RILJ_ACK_WL", name=com.android.phone, ws=null, uid=1001, pid=3218
12-17 21:47:38.103  2852  2852 I StackScrollAlgorithm: updateDimmedActivatedHideSensitive overlap:true
12-17 21:47:40.874  1795 16498 D SmartHeartBeat: setAlarmsPending ...
12-17 21:47:41.902  3180  3578 I PGManagerAdapter: Force release wakelock, pid = 4492 uid = 10105
12-17 21:47:45.859  1795  1809 I WindowManager: onProposedRotationChanged, rotation=3
12-17 21:47:45.946  5224  5224 I Step_LSC: 20002302|onStandStepChanged 71183
12-17 21:47:46.404  1795  1809 I WindowManger_keyguard: Setting mHideLockScreen to true by win Window{e6a6b5e u0 com.android.incallui/com.android.incallui.InCallActivity}
12-17 21:47:46.858  1795  1809 I WindowManager: updateRotationUnchecked(alwaysSendConfiguration=false)
12-17 21:47:48.103  3168  3168 I CHR_ChrMessage: get modem info done not report faultId = 1
12-17 21:47:48.104  3168  3330 I SendBroadcastPermission: action:com.android.huawei.broadcast.HwRepairHelper, mPermissionType:0
12-17 21:47:49.246  3180  3578 I ash     : doze package: huawei.w3, visible: false
12-17 21:47:53.045  1795  1795 V NotificationService: disableEffects=null canInterrupt=false once update: false
12-17 21:47:53.225  3626  3753 I SizeStateMachine: Sdcard free size is 16382173184 B. InitialState is 0
12-17 21:47:55.054  2852  2852 I NotificationContentView: transferRemoteInputFocus: 0
12-17 21:47:56.026  1795  3253 I HwActivityManagerService: Split enqueueing broadcast [callerApp]:ProcessRecord{580cfb2 5224:com.huawei.health:DaemonService/u0a99}
12-17 21:47:56.552  1795  1809 I WindowManger_keyguard: Setting mHideLockScreen to true by win Window{e6a6b5e u0 com.android.incallui/com.android.incallui.InCallActivity}
12-17 21:47:57.073  5224  5283 I SendBroadcastPermission: action:android.com.huawei.bone.NOTIFY_SPORT_DATA, mPermissionType:0
12-17 21:47:57.925  5224  5283 I Step_ExtendStepDataManager: 20002302|compensate 24699707 224
12-17 21:47:57.932  5224  5283 I Step_DataCache: 20002302|getTodayTotalSteps 9831
12-17 21:47:59.060  1795  1809 I WindowManager: rotationForOrientationLw(orient=1, last=0); user=0 
12-17 21:47:59.646   633   692 I ECS     : Thread-1744{6405} TcpClient.clearAll(TcpClient.java:240) ==================== TCP CLIENT CLEAR ALL ====================
12-17 21:47:59.860  3466 31828 I Contacts: W3ApiManager w3 business error
12-17 21:48:01.012  2852  2852 I EventCenter: EventCenter Get :android.com.huawei.bone.NOTIFY_SPORT_DATA
12-17 21:48:03.007  2852  2852 I EventCenter: EventCenter Get :android.com.huawei.bone.NOTIFY_SPORT_DATA
12-17 21:48:08.209  3858  4126 I amsnl   : t:false, fl: false, p: 2147483647000, ce: true, we: false
12-17 21:48:08.971  1795  1819 I InputDispatcher: frozenCheckLocked mDispatchFrozen=0 mNextUnblockedEvent=0
12-17 21:48:12.898  5224  5283 I Step_DataCache: 20002302|getTodayTotalSteps 9857
12-17 21:48:13.996  1795  2748 D lux trace:: [4.0/127342184, 1.0/127342893, 4.0/127343247, 3.0/127344311, 4.0/127344665, 1.0/127345027, 3.0/127345381, 2.0/127347509]
12-17 21:48:18.984  2852  2852 D HwCust  : Create obj success use class android.app.HwCustNotificationImpl
12-17 21:48:19.794  3382  3399 D QcrilMsgTunnelSocket: To broadcast an Intent via the notifier to external apps
12-17 21:48:19.809  1046  2704 V ThreadsEx: HDebug print the key vsid
12-17 21:48:19.857  1795  1795 I NotificationManager: updateLightsLocked,mInCall =false,mScreenOn = true,ledNotification == null?true
12-17 21:48:19.869  1795 11747 I WindowManger_keyguard: Setting mHideLockScreen to true by win Window{e6a6b5e u0 com.android.incallui/com.android.incallui.InCallActivity}
12-17 21:48:19.879  1795  3238 D Telecom : DtmfLocalTonePlayer: Posting delete.: CSW.sD@E7Y
12-17 21:48:19.919  3180  3578 I PGServer: report state:6 event type:2 pid:0 uid:10105 pkg:com.tencent.mm to pid: 1795
12-17 21:48:19.923  1795 16499 D PowerManagerService: ready=false,policy=0,wakefulness=0,wksummary=0x1,uasummary=0x0,bootcompleted=true,boostinprogress=false,waitmodeenable=false,mode=true,manual=33,auto=-1,adj=0.0userId=0
12-17 21:48:19.946  1795  3238 I Telecom : CallsManager: setActiveSubscription changed : CSW.sD@E7Y
12-17 21:48:20.005  3608  3608 E InCall  : StatusBarNotifier - incalui onStateChange oldState=INCALLnewStateNO_CALLS
12-17 21:48:20.058  2852  2852 I StackScrollAlgorithm: updateClipping isOverlap:false
12-17 21:48:20.085  3608  3608 I InCall  : VideoCallPresenter - onStateChange primaryChanged=false
12-17 21:48:20.087  2852  2852 W StatusBarWindowManager: Apply window Height 72
12-17 21:48:20.122 16628 16649 D ConnectivityManager: getMobileDataEnabled()+ subId=0
12-17 21:48:20.169  1795  1825 D FpDataCollector: case xxx, not a fingerprint unlock 
12-17 21:48:20.279  2852  1421 E HW-JPEG-DEC: [HME_JPEG_DEC_Delete](3298): HME_JPEG_DEC_Delete: decoder_ctx=null
12-17 21:48:20.320  2852  2852 D TimeKeeper: getTimeTickInfo:[mMillisUntilFinished:0, mHour:0, mMinute:0, mSecond:0]
12-17 21:48:20.335  2852  2852 D TintManager: statusBarIconTint=#B3000000,navigationBarIconTint=#00000000
12-17 21:48:20.545  1795  1795 D MotionDetectionManager: stopMotionAppsRecoAsUser motionApps: 101
12-17 21:48:20.557  1795  3139 D ActivityManager: getRecentTasks: topActivity=ComponentInfo{com.tencent.mm/com.tencent.mm.ui.LauncherUI}
12-17 21:48:20.574  2852  2925 D KGWallpaper_Magazine: getNextIndex: -1; from 16 to 15; size: 44
12-17 21:48:20.821  2852  2852 D NetWorkUtils: mVSimCurCardType is -1
12-17 21:48:20.877  3218  3236 D PhoneInterfaceManager: [PhoneIntfMgr] getDataEnabled: subId=0 retVal=true
12-17 21:48:20.887  3168  3309 I CHR_HWASDiv: getAntPosition antWorkState is -1
12-17 21:48:20.946  1795  1795 D Tethering: Tethering got CONNECTIVITY_ACTION
12-17 21:48:21.109  2883  2996 I HwSystemManager: ExtraTrafficSetting:result is empty
12-17 21:48:21.119  1795  2736 E hwintelligencewifi: DisabledState cellid = 46000176128782
12-17 21:48:21.238  2852  3556 D NetworkController.MobileSignalController(0): mSimSubId:0 onDataActivity: direction=0
12-17 21:48:21.434 32294  1521 I HwOUC   : [Thread-4-5831]isApplicationInForeground  false.(hwouc/HwOucUtility.java:4332)
12-17 21:48:21.444  2852  2852 I StackScrollAlgorithm: updateClipping isOverlap:false
12-17 21:48:21.449  1795 16498 E HsmCoreServiceImpl: onTransact in code is: 102
12-17 21:48:21.851  5224  5283 I Step_DataCache: 20002302|getTodayTotalSteps 9870
12-17 21:48:21.881   633   692 I Hw_Fluent: RecentLogic{4456} RecentLogic.addConversationEntity(RecentLogic.java:906) add chat recent!
12-17 21:48:22.709  1534  1552 E         : OEMINFO_TPCOLOR_TYPE FAIL!
12-17 21:48:22.948  5224  5283 I Step_HSNH: 20002302|upDateHealthNotification()|211|7.02|9873
12-17 21:48:23.284  2883  7070 I HwSystemManager: HsmNumberMarkerManager:getNumberMarkInfoLocal Failed
12-17 21:48:24.146  1795 11745 D PowerManagerService: acquire lock=241665585, flags=0x1, tag="WakerLock:188385320", name=com.tencent.mm, ws=null, uid=10105, pid=25103
12-17 21:48:24.417  1795  1807 I AwareLog: AppHiber_Task:  Zram Space may be full, frozenInhandleMsg Return
12-17 21:48:24.518  2883  2895 I HwSystemManager: HoldService:checkBeforeShowDialogWithPid, current value:1, type:33554432, pkg:huawei.w3
12-17 21:48:24.520  1632  1632 W ContextImpl: Failed to ensure /data/user/0/com.mobike.mobikeapp/shared_prefs: mkdir failed: EACCES (Permission denied)
12-17 21:48:24.602 25067  1584 I ret     : 		<img src="/uniportal/images/header_logo.png" alt="Logo" border="0" />
12-17 21:48:24.947  3168  3307 I iMonitor: send: 904001000
12-17 21:48:24.966  3626  3753 I LogCollectService: msg = 103 received
